Compiling lib/main.dart for the Web...                          
Warning: In index.html:63: Flutter's service worker is deprecated and will be removed in a future Flutter release. See https://github.com/flutter/flutter/issues/156910 for more details.
Warning: In index.html:73: "FlutterLoader.loadEntrypoint" is deprecated. Use "FlutterLoader.load" instead. See https://docs.flutter.dev/platform-integration/web/initialization for more details.
Wasm dry run findings:
Found incompatibilities with WebAssembly.

package:vercy_motos/providers/user_provider.dart 6:1 - dart:html unsupported (0)
package:flutter_secure_storage_web/flutter_secure_storage_web.dart 5:1 - dart:html unsupported (0)
package:flutter_secure_storage_web/flutter_secure_storage_web.dart 6:1 - dart:js_util unsupported (15)
package:mobile_scanner/mobile_scanner_web_plugin.dart 2:1 - dart:html unsupported (0)
package:share_plus/src/share_plus_web.dart 1:1 - dart:html unsupported (0)
package:flutter_secure_storage_web/src/subtle.dart 21:1 - dart:html unsupported (0)
package:flutter_secure_storage_web/src/subtle.dart 22:1 - dart:js_util unsupported (15)
package:flutter_secure_storage_web/src/subtle.dart 26:1 - package:js/js.dart unsupported (14)
package:mobile_scanner/src/web/base.dart 1:1 - dart:html unsupported (0)
package:mobile_scanner/src/web/base.dart 4:1 - package:js/js.dart unsupported (14)
package:mobile_scanner/src/web/base.dart 5:1 - package:js/js_util.dart unsupported (15)
package:mobile_scanner/src/web/jsqr.dart 5:1 - dart:html unsupported (0)
package:mobile_scanner/src/web/jsqr.dart 8:1 - package:js/js.dart unsupported (14)
package:mobile_scanner/src/web/zxing.dart 2:1 - dart:html unsupported (0)
package:mobile_scanner/src/web/zxing.dart 6:1 - package:js/js.dart unsupported (14)
package:mobile_scanner/src/web/media.dart 7:1 - package:js/js.dart unsupported (14)
file:///home/sergiovelasquez/.pub-cache/hosted/pub.dev/image-4.3.0/lib/src/exif/ifd_directory.dart 174:26 - avoid_double_and_int_checks lint violation: Explicit check for double or int. (13)
file:///home/sergiovelasquez/.pub-cache/hosted/pub.dev/image-4.3.0/lib/src/exif/ifd_directory.dart 183:26 - avoid_double_and_int_checks lint violation: Explicit check for double or int. (13)

Consider addressing these issues to enable wasm builds. See docs for more info: https://docs.flutter.dev/platform-integration/web/wasm

Use --no-wasm-dry-run to disable these warnings.
Target dart2js failed: ProcessException: Process exited abnormally with exit code 1:
lib/screens/facturacion/facturacion_screen.dart:6:84:
Error: Unexpected token ':'.
import 'lib/screens/facturacion/facturacion_screen.dart/{facturacion/producto.dart':;
                                                                                   ^
lib/screens/compras/facturas_compras_screen.dart:5:85:
Error: Unexpected token ':'.
import 'lib/screens/compras/facturas_compras_screen.dart/{facturacion/producto.dart':;
                                                                                    ^
lib/screens/reportes/clientes_list_screen.dart:869:23:
Error: Expected an identifier, but got ''Por favor espera, esto puede tardar unos segundos''.
                      'Por favor espera, esto puede tardar unos segundos',
                      ^^^^^^^^^^^^^^^^^^^^^^^^^^^^^^^^^^^^^^^^^^^^^^^^^^^
lib/screens/reportes/clientes_list_screen.dart:870:28:
Error: Non-optional parameters can't have a default value.
                      style: TextStyle(fontSize: 12, color: AppTheme.textSecondary),
                           ^
lib/screens/reportes/clientes_list_screen.dart:871:22:
Error: Expected '{' before this.
                    ),
                     ^
lib/screens/reportes/clientes_list_screen.dart:871:22:
Error: Expected a class member, but got ','.
                    ),
                     ^
lib/screens/reportes/clientes_list_screen.dart:872:19:
Error: Expected a class member, but got ']'.
                  ],
                  ^
lib/screens/reportes/clientes_list_screen.dart:872:20:
Error: Expected a class member, but got ','.
                  ],
                   ^
lib/screens/reportes/clientes_list_screen.dart:873:17:
Error: Expected a class member, but got ')'.
                ),
                ^
lib/screens/reportes/clientes_list_screen.dart:873:18:
Error: Expected a class member, but got ','.
                ),
                 ^
lib/screens/reportes/clientes_list_screen.dart:874:15:
Error: Expected a class member, but got ')'.
              ),
              ^
lib/screens/reportes/clientes_list_screen.dart:874:16:
Error: Expected a class member, but got ','.
              ),
               ^
lib/screens/reportes/clientes_list_screen.dart:875:13:
Error: Expected a class member, but got ')'.
            ),
            ^
lib/screens/reportes/clientes_list_screen.dart:875:14:
Error: Expected a class member, but got ','.
            ),
             ^
lib/screens/reportes/clientes_list_screen.dart:876:11:
Error: Expected a class member, but got ')'.
          ),
          ^
lib/screens/reportes/clientes_list_screen.dart:876:12:
Error: Expected a class member, but got ','.
          ),
           ^
lib/screens/reportes/clientes_list_screen.dart:877:9:
Error: Expected a class member, but got ')'.
        ),
        ^
lib/screens/reportes/clientes_list_screen.dart:877:10:
Error: Expected a class member, but got ','.
        ),
         ^
lib/screens/reportes/clientes_list_screen.dart:878:7:
Error: Expected a class member, but got ')'.
      );
      ^
lib/screens/reportes/clientes_list_screen.dart:878:8:
Error: Expected a class member, but got ';'.
      );
       ^
lib/screens/reportes/clientes_list_screen.dart:880:3:
Error: Expected a declaration, but got '}'.
  }
  ^
lib/screens/reportes/clientes_list_screen.dart:1065:1:
Error: Expected a declaration, but got '}'.
}
^
lib/screens/compras/cotizacion_form_screen.dart:6:84:
Error: Unexpected token ':'.
import 'lib/screens/compras/cotizacion_form_screen.dart/{facturacion/producto.dart':;
                                                                                   ^
lib/screens/reportes/categorias_screen.dart:6:80:
Error: Unexpected token ':'.
import 'lib/screens/reportes/categorias_screen.dart/{facturacion/producto.dart':;
                                                                               ^
lib/screens/reportes/reportes_screen.dart:7:78:
Error: Unexpected token ':'.
import 'lib/screens/reportes/reportes_screen.dart/{facturacion/producto.dart':;
                                                                             ^
lib/screens/reportes/informes_productos_screen.dart:4:88:
Error: Unexpected token ':'.
import 'lib/screens/reportes/informes_productos_screen.dart/{facturacion/producto.dart':;
                                                                                       ^
lib/screens/facturacion/pedidos_screen_fusion.dart:4:87:
Error: Unexpected token ':'.
import 'lib/screens/facturacion/pedidos_screen_fusion.dart/{facturacion/producto.dart':;
                                                                                      ^
lib/screens/inventario/traslados_screen.dart:8:81:
Error: Unexpected token ':'.
import 'lib/screens/inventario/traslados_screen.dart/{facturacion/producto.dart':;
                                                                                ^
lib/screens/facturacion/asesor_pedidos_screen.dart:8:87:
Error: Unexpected token ':'.
import 'lib/screens/facturacion/asesor_pedidos_screen.dart/{facturacion/producto.dart':;
                                                                                      ^
lib/screens/facturacion/productos_list_screen.dart:11:87:
Error: Unexpected token ':'.
import 'lib/screens/facturacion/productos_list_screen.dart/{facturacion/producto.dart':;
                                                                                      ^
lib/screens/facturacion/productos_screen.dart:20:82:
Error: Unexpected token ':'.
import 'lib/screens/facturacion/productos_screen.dart/{facturacion/producto.dart':;
                                                                                 ^
lib/providers/datos_cache_provider.dart:3:76:
Error: Unexpected token ':'.
import 'lib/providers/datos_cache_provider.dart/{facturacion/producto.dart':;
                                                                           ^
lib/config/api_config.dart:4:8:
Error: Error when reading 'lib/services/network_discovery_service.dart': Error reading 'lib/services/network_discovery_service.dart'  (No such file or directory)
import '../services/network_discovery_service.dart';
       ^
lib/screens/auth/login_screen.dart:5:8:
Error: Error when reading 'lib/screens/auth/services/auth_service.dart': Error reading 'lib/screens/auth/services/auth_service.dart'  (No such file or directory)
import 'services/auth_service.dart';
       ^
lib/screens/auth/login_screen.dart:6:8:
Error: Error when reading 'lib/screens/auth/providers/user_provider.dart': Error reading 'lib/screens/auth/providers/user_provider.dart'  (No such file or directory)
import 'providers/user_provider.dart';
       ^
lib/screens/auth/login_screen.dart:7:8:
Error: Error when reading 'lib/screens/auth/providers/datos_cache_provider.dart': Error reading 'lib/screens/auth/providers/datos_cache_provider.dart'  (No such file or directory)
import 'providers/datos_cache_provider.dart';
       ^
lib/screens/auth/login_screen.dart:8:8:
Error: Error when reading 'lib/screens/auth/theme/app_theme.dart': Error reading 'lib/screens/auth/theme/app_theme.dart'  (No such file or directory)
import 'theme/app_theme.dart';
       ^
lib/screens/auth/login_screen.dart:9:8:
Error: Error when reading 'lib/screens/auth/services/producto_service.dart': Error reading 'lib/screens/auth/services/producto_service.dart'  (No such file or directory)
import 'services/producto_service.dart';
       ^
lib/screens/auth/login_screen.dart:10:8:
Error: Error when reading 'lib/screens/auth/services/pedido_service.dart': Error reading 'lib/screens/auth/services/pedido_service.dart'  (No such file or directory)
import 'services/pedido_service.dart';
       ^
lib/screens/reportes/dashboard_screen_v2.dart:5:8:
Error: Error when reading 'lib/screens/reportes/theme/app_theme.dart': Error reading 'lib/screens/reportes/theme/app_theme.dart'  (No such file or directory)
import 'theme/app_theme.dart';
       ^
lib/screens/reportes/clientes_list_screen.dart:8:8:
Error: Error when reading 'lib/screens/reportes/theme/app_theme.dart': Error reading 'lib/screens/reportes/theme/app_theme.dart'  (No such file or directory)
import 'theme/app_theme.dart';
       ^
lib/screens/reportes/cliente_form_screen.dart:5:8:
Error: Error when reading 'lib/screens/reportes/theme/app_theme.dart': Error reading 'lib/screens/reportes/theme/app_theme.dart'  (No such file or directory)
import 'theme/app_theme.dart';
       ^
lib/screens/reportes/categorias_screen.dart:10:8:
Error: Error when reading 'lib/screens/reportes/theme/app_theme.dart': Error reading 'lib/screens/reportes/theme/app_theme.dart'  (No such file or directory)
import 'theme/app_theme.dart';
       ^
lib/screens/reportes/informes_productos_screen.dart:8:8:
Error: Error when reading 'lib/screens/reportes/theme/app_theme.dart': Error reading 'lib/screens/reportes/theme/app_theme.dart'  (No such file or directory)
import 'theme/app_theme.dart';
       ^
lib/screens/reportes/dashboard_screen_v2.dart:6:8:
Error: Error when reading 'lib/screens/reportes/productos_screen.dart': Error reading 'lib/screens/reportes/productos_screen.dart'  (No such file or directory)
import 'productos_screen.dart';
       ^
lib/screens/reportes/dashboard_screen_v2.dart:7:8:
Error: Error when reading 'lib/screens/reportes/pedidos_screen_fusion.dart': Error reading 'lib/screens/reportes/pedidos_screen_fusion.dart'  (No such file or directory)
import 'pedidos_screen_fusion.dart';
       ^
lib/screens/reportes/dashboard_screen_v2.dart:8:8:
Error: Error when reading 'lib/screens/reportes/cuadre_caja_screen.dart': Error reading 'lib/screens/reportes/cuadre_caja_screen.dart'  (No such file or directory)
import 'cuadre_caja_screen.dart';
       ^
lib/screens/reportes/dashboard_screen_v2.dart:9:8:
Error: Error when reading 'lib/screens/reportes/facturas_compras_screen.dart': Error reading 'lib/screens/reportes/facturas_compras_screen.dart'  (No such file or directory)
import 'facturas_compras_screen.dart';
       ^
lib/screens/reportes/dashboard_screen_v2.dart:10:8:
Error: Error when reading 'lib/screens/reportes/proveedores_screen.dart': Error reading 'lib/screens/reportes/proveedores_screen.dart'  (No such file or directory)
import 'proveedores_screen.dart';
       ^
lib/screens/reportes/dashboard_screen_v2.dart:11:8:
Error: Error when reading 'lib/screens/reportes/historial_inventario_screen.dart': Error reading 'lib/screens/reportes/historial_inventario_screen.dart'  (No such file or directory)
import 'historial_inventario_screen.dart';
       ^
lib/screens/reportes/dashboard_screen_v2.dart:12:8:
Error: Error when reading 'lib/screens/reportes/configuracion_screen.dart': Error reading 'lib/screens/reportes/configuracion_screen.dart'  (No such file or directory)
import 'configuracion_screen.dart';
       ^
lib/screens/reportes/dashboard_screen_v2.dart:13:8:
Error: Error when reading 'lib/screens/reportes/negocio_info_screen.dart': Error reading 'lib/screens/reportes/negocio_info_screen.dart'  (No such file or directory)
import 'negocio_info_screen.dart';
       ^
lib/screens/reportes/dashboard_screen_v2.dart:14:8:
Error: Error when reading 'lib/screens/reportes/gastos_screen.dart': Error reading 'lib/screens/reportes/gastos_screen.dart'  (No such file or directory)
import 'gastos_screen.dart';
       ^
lib/screens/reportes/dashboard_screen_v2.dart:15:8:
Error: Error when reading 'lib/screens/reportes/ingresos_caja_screen.dart': Error reading 'lib/screens/reportes/ingresos_caja_screen.dart'  (No such file or directory)
import 'ingresos_caja_screen.dart';
       ^
lib/screens/reportes/dashboard_screen_v2.dart:16:8:
Error: Error when reading 'lib/screens/reportes/tipos_gasto_screen.dart': Error reading 'lib/screens/reportes/tipos_gasto_screen.dart'  (No such file or directory)
import 'tipos_gasto_screen.dart';
       ^
lib/screens/reportes/dashboard_screen_v2.dart:17:8:
Error: Error when reading 'lib/screens/reportes/services/reportes_service.dart': Error reading 'lib/screens/reportes/services/reportes_service.dart'  (No such file or directory)
import 'services/reportes_service.dart';
       ^
lib/screens/reportes/reportes_screen.dart:3:8:
Error: Error when reading 'lib/screens/reportes/services/reportes_service.dart': Error reading 'lib/screens/reportes/services/reportes_service.dart'  (No such file or directory)
import 'services/reportes_service.dart';
       ^
lib/screens/reportes/informes_productos_screen.dart:7:8:
Error: Error when reading 'lib/screens/reportes/services/reportes_service.dart': Error reading 'lib/screens/reportes/services/reportes_service.dart'  (No such file or directory)
import 'services/reportes_service.dart';
       ^
lib/screens/reportes/dashboard_screen_v2.dart:18:8:
Error: Error when reading 'lib/screens/reportes/services/pedido_service.dart': Error reading 'lib/screens/reportes/services/pedido_service.dart'  (No such file or directory)
import 'services/pedido_service.dart';
       ^
lib/screens/reportes/dashboard_screen_v2.dart:19:8:
Error: Error when reading 'lib/screens/reportes/models/dashboard_data.dart': Error reading 'lib/screens/reportes/models/dashboard_data.dart'  (No such file or directory)
import 'models/dashboard_data.dart';
       ^
lib/screens/reportes/dashboard_screen_v2.dart:20:8:
Error: Error when reading 'lib/screens/reportes/providers/user_provider.dart': Error reading 'lib/screens/reportes/providers/user_provider.dart'  (No such file or directory)
import 'providers/user_provider.dart';
       ^
lib/screens/reportes/dashboard_screen_v2.dart:21:8:
Error: Error when reading 'lib/screens/reportes/widgets/admin/admin_key_detector.dart': Error reading 'lib/screens/reportes/widgets/admin/admin_key_detector.dart'  (No such file or directory)
import 'widgets/admin/admin_key_detector.dart';
       ^
lib/screens/reportes/dashboard_screen_v2.dart:22:8:
Error: Error when reading 'lib/screens/reportes/widgets/shared/vercy_sidebar_layout.dart': Error reading 'lib/screens/reportes/widgets/shared/vercy_sidebar_layout.dart'  (No such file or directory)
import 'widgets/shared/vercy_sidebar_layout.dart';
       ^
lib/screens/reportes/clientes_list_screen.dart:9:8:
Error: Error when reading 'lib/screens/reportes/widgets/shared/vercy_sidebar_layout.dart': Error reading 'lib/screens/reportes/widgets/shared/vercy_sidebar_layout.dart'  (No such file or directory)
import 'widgets/shared/vercy_sidebar_layout.dart';
       ^
lib/screens/reportes/dashboard_screen_v2.dart:23:8:
Error: Error when reading 'lib/screens/reportes/utils/facturacion/payment_calculator.dart': Error reading 'lib/screens/reportes/utils/facturacion/payment_calculator.dart'  (No such file or directory)
import 'utils/facturacion/payment_calculator.dart';
       ^
lib/screens/facturacion/facturacion_screen.dart:4:8:
Error: Error when reading 'lib/screens/facturacion/models/pedido.dart': Error reading 'lib/screens/facturacion/models/pedido.dart'  (No such file or directory)
import 'models/pedido.dart';
       ^
lib/screens/facturacion/facturas_list_screen.dart:7:8:
Error: Error when reading 'lib/screens/facturacion/models/pedido.dart': Error reading 'lib/screens/facturacion/models/pedido.dart'  (No such file or directory)
import 'models/pedido.dart';
       ^
lib/screens/facturacion/pedidos_screen_fusion.dart:3:8:
Error: Error when reading 'lib/screens/facturacion/models/pedido.dart': Error reading 'lib/screens/facturacion/models/pedido.dart'  (No such file or directory)
import 'models/pedido.dart';
       ^
lib/screens/facturacion/eliminar_pedidos_screen.dart:2:8:
Error: Error when reading 'lib/screens/facturacion/models/pedido.dart': Error reading 'lib/screens/facturacion/models/pedido.dart'  (No such file or directory)
import 'models/pedido.dart';
       ^
lib/screens/facturacion/facturacion_screen.dart:5:8:
Error: Error when reading 'lib/screens/facturacion/models/item_pedido.dart': Error reading 'lib/screens/facturacion/models/item_pedido.dart'  (No such file or directory)
import 'models/item_pedido.dart';
       ^
lib/screens/facturacion/asesor_pedidos_screen.dart:7:8:
Error: Error when reading 'lib/screens/facturacion/models/item_pedido.dart': Error reading 'lib/screens/facturacion/models/item_pedido.dart'  (No such file or directory)
import 'models/item_pedido.dart';
       ^
lib/screens/facturacion/facturacion_screen.dart:6:8:
Error: Error when reading 'lib/screens/facturacion/lib/screens/facturacion/facturacion_screen.dart/%7Bfacturacion/producto.dart': Error reading 'lib/screens/facturacion/lib/screens/facturacion/facturacion_screen.dart/%7Bfacturacion/producto.dart'  (No such file or directory)
import 'lib/screens/facturacion/facturacion_screen.dart/{facturacion/producto.dart':;
       ^
lib/screens/facturacion/facturacion_screen.dart:7:8:
Error: Error when reading 'lib/screens/facturacion/models/pedido_asesor.dart': Error reading 'lib/screens/facturacion/models/pedido_asesor.dart'  (No such file or directory)
import 'models/pedido_asesor.dart';
       ^
lib/screens/facturacion/asesor_pedidos_screen.dart:6:8:
Error: Error when reading 'lib/screens/facturacion/models/pedido_asesor.dart': Error reading 'lib/screens/facturacion/models/pedido_asesor.dart'  (No such file or directory)
import 'models/pedido_asesor.dart';
       ^
lib/screens/facturacion/facturacion_screen.dart:8:8:
Error: Error when reading 'lib/screens/facturacion/models/movimiento_inventario.dart': Error reading 'lib/screens/facturacion/models/movimiento_inventario.dart'  (No such file or directory)
import 'models/movimiento_inventario.dart';
       ^
lib/screens/facturacion/pedidos_screen_fusion.dart:7:8:
Error: Error when reading 'lib/screens/facturacion/models/movimiento_inventario.dart': Error reading 'lib/screens/facturacion/models/movimiento_inventario.dart'  (No such file or directory)
import 'models/movimiento_inventario.dart';
       ^
lib/screens/facturacion/facturacion_screen.dart:9:8:
Error: Error when reading 'lib/screens/facturacion/services/pedido_service.dart': Error reading 'lib/screens/facturacion/services/pedido_service.dart'  (No such file or directory)
import 'services/pedido_service.dart';
       ^
lib/screens/facturacion/facturas_list_screen.dart:11:8:
Error: Error when reading 'lib/screens/facturacion/services/pedido_service.dart': Error reading 'lib/screens/facturacion/services/pedido_service.dart'  (No such file or directory)
import 'services/pedido_service.dart';
       ^
lib/screens/facturacion/pedidos_screen_fusion.dart:8:8:
Error: Error when reading 'lib/screens/facturacion/services/pedido_service.dart': Error reading 'lib/screens/facturacion/services/pedido_service.dart'  (No such file or directory)
import 'services/pedido_service.dart';
       ^
lib/screens/facturacion/eliminar_pedidos_screen.dart:3:8:
Error: Error when reading 'lib/screens/facturacion/services/pedido_service.dart': Error reading 'lib/screens/facturacion/services/pedido_service.dart'  (No such file or directory)
import 'services/pedido_service.dart';
       ^
lib/screens/facturacion/facturacion_screen.dart:10:8:
Error: Error when reading 'lib/screens/facturacion/services/producto_service.dart': Error reading 'lib/screens/facturacion/services/producto_service.dart'  (No such file or directory)
import 'services/producto_service.dart';
       ^
lib/screens/facturacion/asesor_pedidos_screen.dart:12:8:
Error: Error when reading 'lib/screens/facturacion/services/producto_service.dart': Error reading 'lib/screens/facturacion/services/producto_service.dart'  (No such file or directory)
import 'services/producto_service.dart';
       ^
lib/screens/facturacion/productos_list_screen.dart:13:8:
Error: Error when reading 'lib/screens/facturacion/services/producto_service.dart': Error reading 'lib/screens/facturacion/services/producto_service.dart'  (No such file or directory)
import 'services/producto_service.dart';
       ^
lib/screens/facturacion/productos_screen.dart:26:8:
Error: Error when reading 'lib/screens/facturacion/services/producto_service.dart': Error reading 'lib/screens/facturacion/services/producto_service.dart'  (No such file or directory)
import 'services/producto_service.dart';
       ^
lib/screens/facturacion/facturacion_screen.dart:11:8:
Error: Error when reading 'lib/screens/facturacion/services/pedido_asesor_service.dart': Error reading 'lib/screens/facturacion/services/pedido_asesor_service.dart'  (No such file or directory)
import 'services/pedido_asesor_service.dart';
       ^
lib/screens/facturacion/asesor_pedidos_screen.dart:11:8:
Error: Error when reading 'lib/screens/facturacion/services/pedido_asesor_service.dart': Error reading 'lib/screens/facturacion/services/pedido_asesor_service.dart'  (No such file or directory)
import 'services/pedido_asesor_service.dart';
       ^
lib/screens/facturacion/facturacion_screen.dart:12:8:
Error: Error when reading 'lib/screens/facturacion/services/pdf_service.dart': Error reading 'lib/screens/facturacion/services/pdf_service.dart'  (No such file or directory)
import 'services/pdf_service.dart';
       ^
lib/screens/facturacion/facturas_list_screen.dart:12:8:
Error: Error when reading 'lib/screens/facturacion/services/pdf_service.dart': Error reading 'lib/screens/facturacion/services/pdf_service.dart'  (No such file or directory)
import 'services/pdf_service.dart';
       ^
lib/screens/facturacion/facturacion_screen.dart:13:8:
Error: Error when reading 'lib/screens/facturacion/services/negocio_info_service.dart': Error reading 'lib/screens/facturacion/services/negocio_info_service.dart'  (No such file or directory)
import 'services/negocio_info_service.dart';
       ^
lib/screens/facturacion/facturas_list_screen.dart:13:8:
Error: Error when reading 'lib/screens/facturacion/services/negocio_info_service.dart': Error reading 'lib/screens/facturacion/services/negocio_info_service.dart'  (No such file or directory)
import 'services/negocio_info_service.dart';
       ^
lib/screens/facturacion/facturacion_screen.dart:14:8:
Error: Error when reading 'lib/screens/facturacion/services/impresion_service.dart': Error reading 'lib/screens/facturacion/services/impresion_service.dart'  (No such file or directory)
import 'services/impresion_service.dart';
       ^
lib/screens/facturacion/facturacion_screen.dart:15:8:
Error: Error when reading 'lib/screens/facturacion/services/inventario_service.dart': Error reading 'lib/screens/facturacion/services/inventario_service.dart'  (No such file or directory)
import 'services/inventario_service.dart';
       ^
lib/screens/facturacion/pedidos_screen_fusion.dart:10:8:
Error: Error when reading 'lib/screens/facturacion/services/inventario_service.dart': Error reading 'lib/screens/facturacion/services/inventario_service.dart'  (No such file or directory)
import 'services/inventario_service.dart';
       ^
lib/screens/facturacion/facturacion_screen.dart:16:8:
Error: Error when reading 'lib/screens/facturacion/services/cliente_service.dart': Error reading 'lib/screens/facturacion/services/cliente_service.dart'  (No such file or directory)
import 'services/cliente_service.dart';
       ^
lib/screens/facturacion/facturas_list_screen.dart:9:8:
Error: Error when reading 'lib/screens/facturacion/services/cliente_service.dart': Error reading 'lib/screens/facturacion/services/cliente_service.dart'  (No such file or directory)
import 'services/cliente_service.dart';
       ^
lib/screens/facturacion/asesor_pedidos_screen.dart:13:8:
Error: Error when reading 'lib/screens/facturacion/services/cliente_service.dart': Error reading 'lib/screens/facturacion/services/cliente_service.dart'  (No such file or directory)
import 'services/cliente_service.dart';
       ^
lib/screens/facturacion/facturacion_screen.dart:17:8:
Error: Error when reading 'lib/screens/facturacion/models/cliente.dart': Error reading 'lib/screens/facturacion/models/cliente.dart'  (No such file or directory)
import 'models/cliente.dart';
       ^
lib/screens/facturacion/facturas_list_screen.dart:5:8:
Error: Error when reading 'lib/screens/facturacion/models/cliente.dart': Error reading 'lib/screens/facturacion/models/cliente.dart'  (No such file or directory)
import 'models/cliente.dart';
       ^
lib/screens/facturacion/asesor_pedidos_screen.dart:10:8:
Error: Error when reading 'lib/screens/facturacion/models/cliente.dart': Error reading 'lib/screens/facturacion/models/cliente.dart'  (No such file or directory)
import 'models/cliente.dart';
       ^
lib/screens/facturacion/facturacion_screen.dart:18:8:
Error: Error when reading 'lib/screens/facturacion/models/negocio_info.dart': Error reading 'lib/screens/facturacion/models/negocio_info.dart'  (No such file or directory)
import 'models/negocio_info.dart';
       ^
lib/screens/facturacion/facturas_list_screen.dart:8:8:
Error: Error when reading 'lib/screens/facturacion/models/negocio_info.dart': Error reading 'lib/screens/facturacion/models/negocio_info.dart'  (No such file or directory)
import 'models/negocio_info.dart';
       ^
lib/screens/facturacion/facturacion_screen.dart:19:8:
Error: Error when reading 'lib/screens/facturacion/theme/app_theme.dart': Error reading 'lib/screens/facturacion/theme/app_theme.dart'  (No such file or directory)
import 'theme/app_theme.dart';
       ^
lib/screens/facturacion/facturas_list_screen.dart:14:8:
Error: Error when reading 'lib/screens/facturacion/theme/app_theme.dart': Error reading 'lib/screens/facturacion/theme/app_theme.dart'  (No such file or directory)
import 'theme/app_theme.dart';
       ^
lib/screens/facturacion/pedidos_screen_fusion.dart:14:8:
Error: Error when reading 'lib/screens/facturacion/theme/app_theme.dart': Error reading 'lib/screens/facturacion/theme/app_theme.dart'  (No such file or directory)
import 'theme/app_theme.dart';
       ^
lib/screens/facturacion/asesor_pedidos_screen.dart:16:8:
Error: Error when reading 'lib/screens/facturacion/theme/app_theme.dart': Error reading 'lib/screens/facturacion/theme/app_theme.dart'  (No such file or directory)
import 'theme/app_theme.dart';
       ^
lib/screens/facturacion/productos_list_screen.dart:15:8:
Error: Error when reading 'lib/screens/facturacion/theme/app_theme.dart': Error reading 'lib/screens/facturacion/theme/app_theme.dart'  (No such file or directory)
import 'theme/app_theme.dart';
       ^
lib/screens/facturacion/productos_screen.dart:19:8:
Error: Error when reading 'lib/screens/facturacion/theme/app_theme.dart': Error reading 'lib/screens/facturacion/theme/app_theme.dart'  (No such file or directory)
import 'theme/app_theme.dart';
       ^
lib/screens/facturacion/eliminar_pedidos_screen.dart:4:8:
Error: Error when reading 'lib/screens/facturacion/theme/app_theme.dart': Error reading 'lib/screens/facturacion/theme/app_theme.dart'  (No such file or directory)
import 'theme/app_theme.dart';
       ^
lib/screens/facturacion/facturacion_screen.dart:20:8:
Error: Error when reading 'lib/screens/facturacion/providers/user_provider.dart': Error reading 'lib/screens/facturacion/providers/user_provider.dart'  (No such file or directory)
import 'providers/user_provider.dart';
       ^
lib/screens/facturacion/pedidos_screen_fusion.dart:12:8:
Error: Error when reading 'lib/screens/facturacion/providers/user_provider.dart': Error reading 'lib/screens/facturacion/providers/user_provider.dart'  (No such file or directory)
import 'providers/user_provider.dart';
       ^
lib/screens/facturacion/asesor_pedidos_screen.dart:14:8:
Error: Error when reading 'lib/screens/facturacion/providers/user_provider.dart': Error reading 'lib/screens/facturacion/providers/user_provider.dart'  (No such file or directory)
import 'providers/user_provider.dart';
       ^
lib/screens/facturacion/facturacion_screen.dart:21:8:
Error: Error when reading 'lib/screens/facturacion/providers/datos_cache_provider.dart': Error reading 'lib/screens/facturacion/providers/datos_cache_provider.dart'  (No such file or directory)
import 'providers/datos_cache_provider.dart';
       ^
lib/screens/facturacion/asesor_pedidos_screen.dart:15:8:
Error: Error when reading 'lib/screens/facturacion/providers/datos_cache_provider.dart': Error reading 'lib/screens/facturacion/providers/datos_cache_provider.dart'  (No such file or directory)
import 'providers/datos_cache_provider.dart';
       ^
lib/screens/facturacion/productos_list_screen.dart:14:8:
Error: Error when reading 'lib/screens/facturacion/providers/datos_cache_provider.dart': Error reading 'lib/screens/facturacion/providers/datos_cache_provider.dart'  (No such file or directory)
import 'providers/datos_cache_provider.dart';
       ^
lib/screens/facturacion/productos_screen.dart:24:8:
Error: Error when reading 'lib/screens/facturacion/providers/datos_cache_provider.dart': Error reading 'lib/screens/facturacion/providers/datos_cache_provider.dart'  (No such file or directory)
import 'providers/datos_cache_provider.dart';
       ^
lib/screens/facturacion/facturacion_screen.dart:22:8:
Error: Error when reading 'lib/screens/facturacion/providers/facturacion_draft_provider.dart': Error reading 'lib/screens/facturacion/providers/facturacion_draft_provider.dart'  (No such file or directory)
import 'providers/facturacion_draft_provider.dart';
       ^
lib/screens/facturacion/facturacion_screen.dart:23:8:
Error: Error when reading 'lib/screens/facturacion/widgets/shared/vercy_sidebar_layout.dart': Error reading 'lib/screens/facturacion/widgets/shared/vercy_sidebar_layout.dart'  (No such file or directory)
import 'widgets/shared/vercy_sidebar_layout.dart';
       ^
lib/screens/facturacion/facturas_list_screen.dart:15:8:
Error: Error when reading 'lib/screens/facturacion/widgets/shared/vercy_sidebar_layout.dart': Error reading 'lib/screens/facturacion/widgets/shared/vercy_sidebar_layout.dart'  (No such file or directory)
import 'widgets/shared/vercy_sidebar_layout.dart';
       ^
lib/screens/facturacion/productos_list_screen.dart:16:8:
Error: Error when reading 'lib/screens/facturacion/widgets/shared/vercy_sidebar_layout.dart': Error reading 'lib/screens/facturacion/widgets/shared/vercy_sidebar_layout.dart'  (No such file or directory)
import 'widgets/shared/vercy_sidebar_layout.dart';
       ^
lib/screens/facturacion/eliminar_pedidos_screen.dart:5:8:
Error: Error when reading 'lib/screens/facturacion/widgets/shared/vercy_sidebar_layout.dart': Error reading 'lib/screens/facturacion/widgets/shared/vercy_sidebar_layout.dart'  (No such file or directory)
import 'widgets/shared/vercy_sidebar_layout.dart';
       ^
lib/screens/facturacion/fe_documentos_screen.dart:5:8:
Error: Error when reading 'lib/screens/facturacion/widgets/shared/vercy_sidebar_layout.dart': Error reading 'lib/screens/facturacion/widgets/shared/vercy_sidebar_layout.dart'  (No such file or directory)
import 'widgets/shared/vercy_sidebar_layout.dart';
       ^
lib/screens/facturacion/documentos_pendientes_screen.dart:4:8:
Error: Error when reading 'lib/screens/facturacion/widgets/shared/vercy_sidebar_layout.dart': Error reading 'lib/screens/facturacion/widgets/shared/vercy_sidebar_layout.dart'  (No such file or directory)
import 'widgets/shared/vercy_sidebar_layout.dart';
       ^
lib/screens/facturacion/facturacion_screen.dart:24:8:
Error: Error when reading 'lib/screens/facturacion/dialogs/dialogo_pago.dart': Error reading 'lib/screens/facturacion/dialogs/dialogo_pago.dart'  (No such file or directory)
import 'dialogs/dialogo_pago.dart';
       ^
lib/screens/facturacion/facturacion_screen.dart:25:8:
Error: Error when reading 'lib/screens/facturacion/utils/facturacion/busqueda_productos_utils.dart': Error reading 'lib/screens/facturacion/utils/facturacion/busqueda_productos_utils.dart'  (No such file or directory)
import 'utils/facturacion/busqueda_productos_utils.dart';
       ^
lib/screens/facturacion/asesor_pedidos_screen.dart:17:8:
Error: Error when reading 'lib/screens/facturacion/utils/facturacion/busqueda_productos_utils.dart': Error reading 'lib/screens/facturacion/utils/facturacion/busqueda_productos_utils.dart'  (No such file or directory)
import 'utils/facturacion/busqueda_productos_utils.dart';
       ^
lib/screens/facturacion/facturacion_screen.dart:26:8:
Error: Error when reading 'lib/screens/facturacion/utils/shared/logger.dart': Error reading 'lib/screens/facturacion/utils/shared/logger.dart'  (No such file or directory)
import 'utils/shared/logger.dart';
       ^
lib/screens/facturacion/facturas_list_screen.dart:18:8:
Error: Error when reading 'lib/screens/facturacion/utils/shared/logger.dart': Error reading 'lib/screens/facturacion/utils/shared/logger.dart'  (No such file or directory)
import 'utils/shared/logger.dart';
       ^
lib/screens/facturacion/asesor_pedidos_screen.dart:18:8:
Error: Error when reading 'lib/screens/facturacion/utils/shared/logger.dart': Error reading 'lib/screens/facturacion/utils/shared/logger.dart'  (No such file or directory)
import 'utils/shared/logger.dart';
       ^
lib/screens/facturacion/productos_list_screen.dart:19:8:
Error: Error when reading 'lib/screens/facturacion/utils/shared/logger.dart': Error reading 'lib/screens/facturacion/utils/shared/logger.dart'  (No such file or directory)
import 'utils/shared/logger.dart';
       ^
lib/screens/facturacion/productos_screen.dart:29:8:
Error: Error when reading 'lib/screens/facturacion/utils/shared/logger.dart': Error reading 'lib/screens/facturacion/utils/shared/logger.dart'  (No such file or directory)
import 'utils/shared/logger.dart';
       ^
lib/screens/facturacion/documentos_pendientes_screen.dart:11:8:
Error: Error when reading 'lib/screens/facturacion/utils/shared/logger.dart': Error reading 'lib/screens/facturacion/utils/shared/logger.dart'  (No such file or directory)
import 'utils/shared/logger.dart';
       ^
lib/screens/facturacion/facturas_list_screen.dart:6:8:
Error: Error when reading 'lib/screens/facturacion/models/factura.dart': Error reading 'lib/screens/facturacion/models/factura.dart'  (No such file or directory)
import 'models/factura.dart';
       ^
lib/screens/facturacion/facturas_list_screen.dart:10:8:
Error: Error when reading 'lib/screens/facturacion/services/factura_service.dart': Error reading 'lib/screens/facturacion/services/factura_service.dart'  (No such file or directory)
import 'services/factura_service.dart';
       ^
lib/screens/facturacion/facturas_list_screen.dart:16:8:
Error: Error when reading 'lib/screens/facturacion/widgets/facturizacion/facturacion_electronica_menu.dart': Error reading 'lib/screens/facturacion/widgets/facturizacion/facturacion_electronica_menu.dart'  (No such file or directory)
import 'widgets/facturizacion/facturacion_electronica_menu.dart';
       ^
lib/screens/facturacion/facturas_list_screen.dart:19:8:
Error: Error when reading 'lib/screens/facturacion/utils/facturacion/pagination_mixin.dart': Error reading 'lib/screens/facturacion/utils/facturacion/pagination_mixin.dart'  (No such file or directory)
import 'utils/facturacion/pagination_mixin.dart';
       ^
lib/screens/facturacion/productos_list_screen.dart:20:8:
Error: Error when reading 'lib/screens/facturacion/utils/facturacion/pagination_mixin.dart': Error reading 'lib/screens/facturacion/utils/facturacion/pagination_mixin.dart'  (No such file or directory)
import 'utils/facturacion/pagination_mixin.dart';
       ^
lib/screens/compras/facturas_compras_screen.dart:3:8:
Error: Error when reading 'lib/screens/compras/models/factura_compra.dart': Error reading 'lib/screens/compras/models/factura_compra.dart'  (No such file or directory)
import 'models/factura_compra.dart';
       ^
lib/screens/compras/compras_list_screen.dart:2:8:
Error: Error when reading 'lib/screens/compras/models/factura_compra.dart': Error reading 'lib/screens/compras/models/factura_compra.dart'  (No such file or directory)
import 'models/factura_compra.dart';
       ^
lib/screens/compras/facturas_compras_screen.dart:4:8:
Error: Error when reading 'lib/screens/compras/models/proveedor.dart': Error reading 'lib/screens/compras/models/proveedor.dart'  (No such file or directory)
import 'models/proveedor.dart';
       ^
lib/screens/compras/proveedores_list_screen.dart:4:8:
Error: Error when reading 'lib/screens/compras/models/proveedor.dart': Error reading 'lib/screens/compras/models/proveedor.dart'  (No such file or directory)
import 'models/proveedor.dart';
       ^
lib/screens/compras/compras_list_screen.dart:3:8:
Error: Error when reading 'lib/screens/compras/models/proveedor.dart': Error reading 'lib/screens/compras/models/proveedor.dart'  (No such file or directory)
import 'models/proveedor.dart';
       ^
lib/screens/compras/facturas_compras_screen.dart:5:8:
Error: Error when reading 'lib/screens/compras/lib/screens/compras/facturas_compras_screen.dart/%7Bfacturacion/producto.dart': Error reading 'lib/screens/compras/lib/screens/compras/facturas_compras_screen.dart/%7Bfacturacion/producto.dart'  (No such file or directory)
import 'lib/screens/compras/facturas_compras_screen.dart/{facturacion/producto.dart':;
       ^
lib/screens/compras/facturas_compras_screen.dart:6:8:
Error: Error when reading 'lib/screens/compras/models/movimiento_inventario.dart': Error reading 'lib/screens/compras/models/movimiento_inventario.dart'  (No such file or directory)
import 'models/movimiento_inventario.dart';
       ^
lib/screens/compras/facturas_compras_screen.dart:7:8:
Error: Error when reading 'lib/screens/compras/services/factura_compra_service.dart': Error reading 'lib/screens/compras/services/factura_compra_service.dart'  (No such file or directory)
import 'services/factura_compra_service.dart';
       ^
lib/screens/compras/compras_list_screen.dart:4:8:
Error: Error when reading 'lib/screens/compras/services/factura_compra_service.dart': Error reading 'lib/screens/compras/services/factura_compra_service.dart'  (No such file or directory)
import 'services/factura_compra_service.dart';
       ^
lib/screens/compras/facturas_compras_screen.dart:8:8:
Error: Error when reading 'lib/screens/compras/services/proveedor_service.dart': Error reading 'lib/screens/compras/services/proveedor_service.dart'  (No such file or directory)
import 'services/proveedor_service.dart';
       ^
lib/screens/compras/proveedores_list_screen.dart:5:8:
Error: Error when reading 'lib/screens/compras/services/proveedor_service.dart': Error reading 'lib/screens/compras/services/proveedor_service.dart'  (No such file or directory)
import 'services/proveedor_service.dart';
       ^
lib/screens/compras/compras_list_screen.dart:5:8:
Error: Error when reading 'lib/screens/compras/services/proveedor_service.dart': Error reading 'lib/screens/compras/services/proveedor_service.dart'  (No such file or directory)
import 'services/proveedor_service.dart';
       ^
lib/screens/compras/facturas_compras_screen.dart:9:8:
Error: Error when reading 'lib/screens/compras/services/producto_service.dart': Error reading 'lib/screens/compras/services/producto_service.dart'  (No such file or directory)
import 'services/producto_service.dart';
       ^
lib/screens/compras/cotizacion_form_screen.dart:9:8:
Error: Error when reading 'lib/screens/compras/services/producto_service.dart': Error reading 'lib/screens/compras/services/producto_service.dart'  (No such file or directory)
import 'services/producto_service.dart';
       ^
lib/screens/compras/facturas_compras_screen.dart:10:8:
Error: Error when reading 'lib/screens/compras/services/inventario_service.dart': Error reading 'lib/screens/compras/services/inventario_service.dart'  (No such file or directory)
import 'services/inventario_service.dart';
       ^
lib/screens/compras/facturas_compras_screen.dart:11:8:
Error: Error when reading 'lib/screens/compras/providers/datos_cache_provider.dart': Error reading 'lib/screens/compras/providers/datos_cache_provider.dart'  (No such file or directory)
import 'providers/datos_cache_provider.dart';
       ^
lib/screens/compras/cotizacion_form_screen.dart:10:8:
Error: Error when reading 'lib/screens/compras/providers/datos_cache_provider.dart': Error reading 'lib/screens/compras/providers/datos_cache_provider.dart'  (No such file or directory)
import 'providers/datos_cache_provider.dart';
       ^
lib/screens/compras/facturas_compras_screen.dart:12:8:
Error: Error when reading 'lib/screens/compras/theme/app_theme.dart': Error reading 'lib/screens/compras/theme/app_theme.dart'  (No such file or directory)
import 'theme/app_theme.dart';
       ^
lib/screens/compras/cotizaciones_list_screen.dart:8:8:
Error: Error when reading 'lib/screens/compras/theme/app_theme.dart': Error reading 'lib/screens/compras/theme/app_theme.dart'  (No such file or directory)
import 'theme/app_theme.dart';
       ^
lib/screens/compras/cotizacion_form_screen.dart:11:8:
Error: Error when reading 'lib/screens/compras/theme/app_theme.dart': Error reading 'lib/screens/compras/theme/app_theme.dart'  (No such file or directory)
import 'theme/app_theme.dart';
       ^
lib/screens/compras/proveedores_list_screen.dart:6:8:
Error: Error when reading 'lib/screens/compras/theme/app_theme.dart': Error reading 'lib/screens/compras/theme/app_theme.dart'  (No such file or directory)
import 'theme/app_theme.dart';
       ^
lib/screens/compras/compras_list_screen.dart:6:8:
Error: Error when reading 'lib/screens/compras/theme/app_theme.dart': Error reading 'lib/screens/compras/theme/app_theme.dart'  (No such file or directory)
import 'theme/app_theme.dart';
       ^
lib/screens/compras/facturas_compras_screen.dart:13:8:
Error: Error when reading 'lib/screens/compras/utils/facturacion/busqueda_productos_utils.dart': Error reading 'lib/screens/compras/utils/facturacion/busqueda_productos_utils.dart'  (No such file or directory)
import 'utils/facturacion/busqueda_productos_utils.dart';
       ^
lib/screens/compras/cotizacion_form_screen.dart:12:8:
Error: Error when reading 'lib/screens/compras/utils/facturacion/busqueda_productos_utils.dart': Error reading 'lib/screens/compras/utils/facturacion/busqueda_productos_utils.dart'  (No such file or directory)
import 'utils/facturacion/busqueda_productos_utils.dart';
       ^
lib/screens/compras/facturas_compras_screen.dart:14:8:
Error: Error when reading 'lib/screens/compras/utils/shared/logger.dart': Error reading 'lib/screens/compras/utils/shared/logger.dart'  (No such file or directory)
import 'utils/shared/logger.dart';
       ^
lib/screens/compras/cotizaciones_list_screen.dart:10:8:
Error: Error when reading 'lib/screens/compras/utils/shared/logger.dart': Error reading 'lib/screens/compras/utils/shared/logger.dart'  (No such file or directory)
import 'utils/shared/logger.dart';
       ^
lib/screens/reportes/clientes_list_screen.dart:6:8:
Error: Error when reading 'lib/screens/reportes/models/cliente.dart': Error reading 'lib/screens/reportes/models/cliente.dart'  (No such file or directory)
import 'models/cliente.dart';
       ^
lib/screens/reportes/cliente_form_screen.dart:2:8:
Error: Error when reading 'lib/screens/reportes/models/cliente.dart': Error reading 'lib/screens/reportes/models/cliente.dart'  (No such file or directory)
import 'models/cliente.dart';
       ^
lib/screens/reportes/reportes_screen.dart:6:8:
Error: Error when reading 'lib/screens/reportes/models/cliente.dart': Error reading 'lib/screens/reportes/models/cliente.dart'  (No such file or directory)
import 'models/cliente.dart';
       ^
lib/screens/reportes/informes_productos_screen.dart:3:8:
Error: Error when reading 'lib/screens/reportes/models/cliente.dart': Error reading 'lib/screens/reportes/models/cliente.dart'  (No such file or directory)
import 'models/cliente.dart';
       ^
lib/screens/reportes/clientes_list_screen.dart:7:8:
Error: Error when reading 'lib/screens/reportes/services/cliente_service.dart': Error reading 'lib/screens/reportes/services/cliente_service.dart'  (No such file or directory)
import 'services/cliente_service.dart';
       ^
lib/screens/reportes/cliente_form_screen.dart:3:8:
Error: Error when reading 'lib/screens/reportes/services/cliente_service.dart': Error reading 'lib/screens/reportes/services/cliente_service.dart'  (No such file or directory)
import 'services/cliente_service.dart';
       ^
lib/screens/reportes/reportes_screen.dart:4:8:
Error: Error when reading 'lib/screens/reportes/services/cliente_service.dart': Error reading 'lib/screens/reportes/services/cliente_service.dart'  (No such file or directory)
import 'services/cliente_service.dart';
       ^
lib/screens/reportes/informes_productos_screen.dart:5:8:
Error: Error when reading 'lib/screens/reportes/services/cliente_service.dart': Error reading 'lib/screens/reportes/services/cliente_service.dart'  (No such file or directory)
import 'services/cliente_service.dart';
       ^
lib/screens/reportes/clientes_list_screen.dart:10:8:
Error: Error when reading 'lib/screens/reportes/utils/facturacion/pagination_mixin.dart': Error reading 'lib/screens/reportes/utils/facturacion/pagination_mixin.dart'  (No such file or directory)
import 'utils/facturacion/pagination_mixin.dart';
       ^
lib/screens/reportes/categorias_screen.dart:9:8:
Error: Error when reading 'lib/screens/reportes/utils/facturacion/pagination_mixin.dart': Error reading 'lib/screens/reportes/utils/facturacion/pagination_mixin.dart'  (No such file or directory)
import 'utils/facturacion/pagination_mixin.dart';
       ^
lib/screens/reportes/clientes_list_screen.dart:11:8:
Error: Error when reading 'lib/screens/reportes/dialogs/dialogo_confirmacion.dart': Error reading 'lib/screens/reportes/dialogs/dialogo_confirmacion.dart'  (No such file or directory)
import 'dialogs/dialogo_confirmacion.dart';
       ^
lib/screens/reportes/alertas_screen.dart:6:8:
Error: Error when reading 'lib/screens/reportes/dialogs/dialogo_confirmacion.dart': Error reading 'lib/screens/reportes/dialogs/dialogo_confirmacion.dart'  (No such file or directory)
import 'dialogs/dialogo_confirmacion.dart';
       ^
lib/screens/reportes/cliente_form_screen.dart:4:8:
Error: Error when reading 'lib/screens/reportes/services/colombia_location_service.dart': Error reading 'lib/screens/reportes/services/colombia_location_service.dart'  (No such file or directory)
import 'services/colombia_location_service.dart';
       ^
lib/screens/compras/cotizaciones_list_screen.dart:2:8:
Error: Error when reading 'lib/screens/compras/models/cotizacion.dart': Error reading 'lib/screens/compras/models/cotizacion.dart'  (No such file or directory)
import 'models/cotizacion.dart';
       ^
lib/screens/compras/cotizacion_form_screen.dart:3:8:
Error: Error when reading 'lib/screens/compras/models/cotizacion.dart': Error reading 'lib/screens/compras/models/cotizacion.dart'  (No such file or directory)
import 'models/cotizacion.dart';
       ^
lib/screens/compras/cotizaciones_list_screen.dart:3:8:
Error: Error when reading 'lib/screens/compras/models/cliente.dart': Error reading 'lib/screens/compras/models/cliente.dart'  (No such file or directory)
import 'models/cliente.dart';
       ^
lib/screens/compras/cotizacion_form_screen.dart:5:8:
Error: Error when reading 'lib/screens/compras/models/cliente.dart': Error reading 'lib/screens/compras/models/cliente.dart'  (No such file or directory)
import 'models/cliente.dart';
       ^
lib/screens/compras/cotizaciones_list_screen.dart:4:8:
Error: Error when reading 'lib/screens/compras/models/factura.dart': Error reading 'lib/screens/compras/models/factura.dart'  (No such file or directory)
import 'models/factura.dart';
       ^
lib/screens/compras/cotizaciones_list_screen.dart:5:8:
Error: Error when reading 'lib/screens/compras/services/cotizacion_service.dart': Error reading 'lib/screens/compras/services/cotizacion_service.dart'  (No such file or directory)
import 'services/cotizacion_service.dart';
       ^
lib/screens/compras/cotizacion_form_screen.dart:7:8:
Error: Error when reading 'lib/screens/compras/services/cotizacion_service.dart': Error reading 'lib/screens/compras/services/cotizacion_service.dart'  (No such file or directory)
import 'services/cotizacion_service.dart';
       ^
lib/screens/compras/cotizaciones_list_screen.dart:6:8:
Error: Error when reading 'lib/screens/compras/services/cliente_service.dart': Error reading 'lib/screens/compras/services/cliente_service.dart'  (No such file or directory)
import 'services/cliente_service.dart';
       ^
lib/screens/compras/cotizacion_form_screen.dart:8:8:
Error: Error when reading 'lib/screens/compras/services/cliente_service.dart': Error reading 'lib/screens/compras/services/cliente_service.dart'  (No such file or directory)
import 'services/cliente_service.dart';
       ^
lib/screens/compras/cotizaciones_list_screen.dart:7:8:
Error: Error when reading 'lib/screens/compras/services/pdf_service.dart': Error reading 'lib/screens/compras/services/pdf_service.dart'  (No such file or directory)
import 'services/pdf_service.dart';
       ^
lib/screens/compras/cotizaciones_list_screen.dart:9:8:
Error: Error when reading 'lib/screens/compras/widgets/shared/vercy_sidebar_layout.dart': Error reading 'lib/screens/compras/widgets/shared/vercy_sidebar_layout.dart'  (No such file or directory)
import 'widgets/shared/vercy_sidebar_layout.dart';
       ^
lib/screens/compras/proveedores_list_screen.dart:7:8:
Error: Error when reading 'lib/screens/compras/widgets/shared/vercy_sidebar_layout.dart': Error reading 'lib/screens/compras/widgets/shared/vercy_sidebar_layout.dart'  (No such file or directory)
import 'widgets/shared/vercy_sidebar_layout.dart';
       ^
lib/screens/compras/compras_list_screen.dart:7:8:
Error: Error when reading 'lib/screens/compras/widgets/shared/vercy_sidebar_layout.dart': Error reading 'lib/screens/compras/widgets/shared/vercy_sidebar_layout.dart'  (No such file or directory)
import 'widgets/shared/vercy_sidebar_layout.dart';
       ^
lib/screens/compras/cotizaciones_list_screen.dart:11:8:
Error: Error when reading 'lib/screens/compras/utils/facturacion/pagination_mixin.dart': Error reading 'lib/screens/compras/utils/facturacion/pagination_mixin.dart'  (No such file or directory)
import 'utils/facturacion/pagination_mixin.dart';
       ^
lib/screens/compras/proveedores_list_screen.dart:8:8:
Error: Error when reading 'lib/screens/compras/utils/facturacion/pagination_mixin.dart': Error reading 'lib/screens/compras/utils/facturacion/pagination_mixin.dart'  (No such file or directory)
import 'utils/facturacion/pagination_mixin.dart';
       ^
lib/screens/compras/compras_list_screen.dart:9:8:
Error: Error when reading 'lib/screens/compras/utils/facturacion/pagination_mixin.dart': Error reading 'lib/screens/compras/utils/facturacion/pagination_mixin.dart'  (No such file or directory)
import 'utils/facturacion/pagination_mixin.dart';
       ^
lib/screens/compras/cotizaciones_list_screen.dart:12:8:
Error: Error when reading 'lib/screens/compras/services/factura_service.dart': Error reading 'lib/screens/compras/services/factura_service.dart'  (No such file or directory)
import 'services/factura_service.dart';
       ^
lib/screens/compras/cotizaciones_list_screen.dart:13:8:
Error: Error when reading 'lib/screens/compras/models/item_pedido.dart': Error reading 'lib/screens/compras/models/item_pedido.dart'  (No such file or directory)
import 'models/item_pedido.dart';
       ^
lib/screens/compras/cotizacion_form_screen.dart:4:8:
Error: Error when reading 'lib/screens/compras/models/item_cotizacion.dart': Error reading 'lib/screens/compras/models/item_cotizacion.dart'  (No such file or directory)
import 'models/item_cotizacion.dart';
       ^
lib/screens/compras/cotizacion_form_screen.dart:6:8:
Error: Error when reading 'lib/screens/compras/lib/screens/compras/cotizacion_form_screen.dart/%7Bfacturacion/producto.dart': Error reading 'lib/screens/compras/lib/screens/compras/cotizacion_form_screen.dart/%7Bfacturacion/producto.dart'  (No such file or directory)
import 'lib/screens/compras/cotizacion_form_screen.dart/{facturacion/producto.dart':;
       ^
lib/screens/reportes/categorias_screen.dart:5:8:
Error: Error when reading 'lib/screens/reportes/models/categoria.dart': Error reading 'lib/screens/reportes/models/categoria.dart'  (No such file or directory)
import 'models/categoria.dart';
       ^
lib/screens/reportes/categorias_screen.dart:6:8:
Error: Error when reading 'lib/screens/reportes/lib/screens/reportes/categorias_screen.dart/%7Bfacturacion/producto.dart': Error reading 'lib/screens/reportes/lib/screens/reportes/categorias_screen.dart/%7Bfacturacion/producto.dart'  (No such file or directory)
import 'lib/screens/reportes/categorias_screen.dart/{facturacion/producto.dart':;
       ^
lib/screens/reportes/categorias_screen.dart:7:8:
Error: Error when reading 'lib/screens/reportes/services/producto_service.dart': Error reading 'lib/screens/reportes/services/producto_service.dart'  (No such file or directory)
import 'services/producto_service.dart';
       ^
lib/screens/reportes/reportes_screen.dart:5:8:
Error: Error when reading 'lib/screens/reportes/services/producto_service.dart': Error reading 'lib/screens/reportes/services/producto_service.dart'  (No such file or directory)
import 'services/producto_service.dart';
       ^
lib/screens/reportes/informes_productos_screen.dart:6:8:
Error: Error when reading 'lib/screens/reportes/services/producto_service.dart': Error reading 'lib/screens/reportes/services/producto_service.dart'  (No such file or directory)
import 'services/producto_service.dart';
       ^
lib/screens/reportes/categorias_screen.dart:8:8:
Error: Error when reading 'lib/screens/reportes/widgets/inventario/imagen_categoria_widget.dart': Error reading 'lib/screens/reportes/widgets/inventario/imagen_categoria_widget.dart'  (No such file or directory)
import 'widgets/inventario/imagen_categoria_widget.dart';
       ^
lib/screens/caja/cuadre_caja_screen.dart:3:8:
Error: Error when reading 'lib/screens/caja/providers/user_provider.dart': Error reading 'lib/screens/caja/providers/user_provider.dart'  (No such file or directory)
import 'providers/user_provider.dart';
       ^
lib/screens/caja/abrir_caja_screen.dart:3:8:
Error: Error when reading 'lib/screens/caja/providers/user_provider.dart': Error reading 'lib/screens/caja/providers/user_provider.dart'  (No such file or directory)
import 'providers/user_provider.dart';
       ^
lib/screens/caja/cerrar_caja_screen.dart:3:8:
Error: Error when reading 'lib/screens/caja/providers/user_provider.dart': Error reading 'lib/screens/caja/providers/user_provider.dart'  (No such file or directory)
import 'providers/user_provider.dart';
       ^
lib/screens/caja/cuadre_caja_screen.dart:4:8:
Error: Error when reading 'lib/screens/caja/models/cuadre_caja.dart': Error reading 'lib/screens/caja/models/cuadre_caja.dart'  (No such file or directory)
import 'models/cuadre_caja.dart';
       ^
lib/screens/caja/abrir_caja_screen.dart:4:8:
Error: Error when reading 'lib/screens/caja/models/cuadre_caja.dart': Error reading 'lib/screens/caja/models/cuadre_caja.dart'  (No such file or directory)
import 'models/cuadre_caja.dart';
       ^
lib/screens/caja/cerrar_caja_screen.dart:4:8:
Error: Error when reading 'lib/screens/caja/models/cuadre_caja.dart': Error reading 'lib/screens/caja/models/cuadre_caja.dart'  (No such file or directory)
import 'models/cuadre_caja.dart';
       ^
lib/screens/caja/cuadre_caja_screen.dart:6:8:
Error: Error when reading 'lib/screens/caja/services/cuadre_caja_service.dart': Error reading 'lib/screens/caja/services/cuadre_caja_service.dart'  (No such file or directory)
import 'services/cuadre_caja_service.dart';
       ^
lib/screens/caja/abrir_caja_screen.dart:5:8:
Error: Error when reading 'lib/screens/caja/services/cuadre_caja_service.dart': Error reading 'lib/screens/caja/services/cuadre_caja_service.dart'  (No such file or directory)
import 'services/cuadre_caja_service.dart';
       ^
lib/screens/caja/cerrar_caja_screen.dart:5:8:
Error: Error when reading 'lib/screens/caja/services/cuadre_caja_service.dart': Error reading 'lib/screens/caja/services/cuadre_caja_service.dart'  (No such file or directory)
import 'services/cuadre_caja_service.dart';
       ^
lib/screens/caja/cuadre_caja_screen.dart:7:8:
Error: Error when reading 'lib/screens/caja/services/resumen_cierre_service.dart': Error reading 'lib/screens/caja/services/resumen_cierre_service.dart'  (No such file or directory)
import 'services/resumen_cierre_service.dart';
       ^
lib/screens/caja/cuadre_caja_screen.dart:11:8:
Error: Error when reading 'lib/screens/caja/utils/shared/format_utils.dart': Error reading 'lib/screens/caja/utils/shared/format_utils.dart'  (No such file or directory)
import 'utils/shared/format_utils.dart';
       ^
lib/screens/caja/cerrar_caja_screen.dart:9:8:
Error: Error when reading 'lib/screens/caja/utils/shared/format_utils.dart': Error reading 'lib/screens/caja/utils/shared/format_utils.dart'  (No such file or directory)
import 'utils/shared/format_utils.dart';
       ^
lib/screens/caja/resumen_cierre_detallado_screen.dart:5:8:
Error: Error when reading 'lib/screens/caja/utils/shared/format_utils.dart': Error reading 'lib/screens/caja/utils/shared/format_utils.dart'  (No such file or directory)
import 'utils/shared/format_utils.dart';
       ^
lib/screens/caja/contador_efectivo_screen.dart:5:8:
Error: Error when reading 'lib/screens/caja/utils/shared/format_utils.dart': Error reading 'lib/screens/caja/utils/shared/format_utils.dart'  (No such file or directory)
import 'utils/shared/format_utils.dart';
       ^
lib/screens/caja/contador_efectivo_screen.dart:8:8:
Error: Error when reading 'lib/screens/caja/providers/user_provider.dart': Error reading 'lib/screens/caja/providers/user_provider.dart'  (No such file or directory)
import 'providers/user_provider.dart';
       ^
lib/screens/caja/cuadre_caja_screen.dart:15:8:
Error: Error when reading 'lib/screens/caja/theme/app_theme.dart': Error reading 'lib/screens/caja/theme/app_theme.dart'  (No such file or directory)
import 'theme/app_theme.dart';
       ^
lib/screens/caja/abrir_caja_screen.dart:6:8:
Error: Error when reading 'lib/screens/caja/theme/app_theme.dart': Error reading 'lib/screens/caja/theme/app_theme.dart'  (No such file or directory)
import 'theme/app_theme.dart';
       ^
lib/screens/caja/cerrar_caja_screen.dart:10:8:
Error: Error when reading 'lib/screens/caja/theme/app_theme.dart': Error reading 'lib/screens/caja/theme/app_theme.dart'  (No such file or directory)
import 'theme/app_theme.dart';
       ^
lib/screens/caja/ingresos_caja_screen.dart:2:8:
Error: Error when reading 'lib/screens/caja/theme/app_theme.dart': Error reading 'lib/screens/caja/theme/app_theme.dart'  (No such file or directory)
import 'theme/app_theme.dart';
       ^
lib/screens/caja/resumen_cierre_detallado_screen.dart:7:8:
Error: Error when reading 'lib/screens/caja/theme/app_theme.dart': Error reading 'lib/screens/caja/theme/app_theme.dart'  (No such file or directory)
import 'theme/app_theme.dart';
       ^
lib/screens/caja/contador_efectivo_screen.dart:4:8:
Error: Error when reading 'lib/screens/caja/theme/app_theme.dart': Error reading 'lib/screens/caja/theme/app_theme.dart'  (No such file or directory)
import 'theme/app_theme.dart';
       ^
lib/screens/caja/abrir_caja_screen.dart:7:8:
Error: Error when reading 'lib/screens/caja/widgets/caja/caja_ya_abierta_widget.dart': Error reading 'lib/screens/caja/widgets/caja/caja_ya_abierta_widget.dart'  (No such file or directory)
import 'widgets/caja/caja_ya_abierta_widget.dart';
       ^
lib/screens/caja/abrir_caja_screen.dart:8:8:
Error: Error when reading 'lib/screens/caja/widgets/caja/formulario_abrir_caja_widget.dart': Error reading 'lib/screens/caja/widgets/caja/formulario_abrir_caja_widget.dart'  (No such file or directory)
import 'widgets/caja/formulario_abrir_caja_widget.dart';
       ^
lib/screens/caja/cerrar_caja_screen.dart:6:8:
Error: Error when reading 'lib/screens/caja/services/pedido_service.dart': Error reading 'lib/screens/caja/services/pedido_service.dart'  (No such file or directory)
import 'services/pedido_service.dart';
       ^
lib/screens/caja/cerrar_caja_screen.dart:7:8:
Error: Error when reading 'lib/screens/caja/services/resumen_cierre_completo_service.dart': Error reading 'lib/screens/caja/services/resumen_cierre_completo_service.dart'  (No such file or directory)
import 'services/resumen_cierre_completo_service.dart';
       ^
lib/screens/caja/resumen_cierre_detallado_screen.dart:3:8:
Error: Error when reading 'lib/screens/caja/services/resumen_cierre_completo_service.dart': Error reading 'lib/screens/caja/services/resumen_cierre_completo_service.dart'  (No such file or directory)
import 'services/resumen_cierre_completo_service.dart';
       ^
lib/screens/caja/cerrar_caja_screen.dart:8:8:
Error: Error when reading 'lib/screens/caja/models/resumen_cierre_completo.dart': Error reading 'lib/screens/caja/models/resumen_cierre_completo.dart'  (No such file or directory)
import 'models/resumen_cierre_completo.dart';
       ^
lib/screens/caja/resumen_cierre_detallado_screen.dart:2:8:
Error: Error when reading 'lib/screens/caja/models/resumen_cierre_completo.dart': Error reading 'lib/screens/caja/models/resumen_cierre_completo.dart'  (No such file or directory)
import 'models/resumen_cierre_completo.dart';
       ^
lib/screens/caja/cerrar_caja_screen.dart:11:8:
Error: Error when reading 'lib/screens/caja/utils/shared/logger.dart': Error reading 'lib/screens/caja/utils/shared/logger.dart'  (No such file or directory)
import 'utils/shared/logger.dart';
       ^
lib/screens/caja/resumen_cierre_detallado_screen.dart:8:8:
Error: Error when reading 'lib/screens/caja/utils/shared/logger.dart': Error reading 'lib/screens/caja/utils/shared/logger.dart'  (No such file or directory)
import 'utils/shared/logger.dart';
       ^
lib/screens/reportes/reportes_screen.dart:7:8:
Error: Error when reading 'lib/screens/reportes/lib/screens/reportes/reportes_screen.dart/%7Bfacturacion/producto.dart': Error reading 'lib/screens/reportes/lib/screens/reportes/reportes_screen.dart/%7Bfacturacion/producto.dart'  (No such file or directory)
import 'lib/screens/reportes/reportes_screen.dart/{facturacion/producto.dart':;
       ^
lib/screens/reportes/informes_productos_screen.dart:4:8:
Error: Error when reading 'lib/screens/reportes/lib/screens/reportes/informes_productos_screen.dart/%7Bfacturacion/producto.dart': Error reading 'lib/screens/reportes/lib/screens/reportes/informes_productos_screen.dart/%7Bfacturacion/producto.dart'  (No such file or directory)
import 'lib/screens/reportes/informes_productos_screen.dart/{facturacion/producto.dart':;
       ^
lib/screens/reportes/informes_productos_screen.dart:9:8:
Error: Error when reading 'lib/screens/reportes/services/cuadre_caja_service.dart': Error reading 'lib/screens/reportes/services/cuadre_caja_service.dart'  (No such file or directory)
import 'services/cuadre_caja_service.dart';
       ^
lib/screens/reportes/informes_productos_screen.dart:10:8:
Error: Error when reading 'lib/screens/reportes/services/pdf_service.dart': Error reading 'lib/screens/reportes/services/pdf_service.dart'  (No such file or directory)
import 'services/pdf_service.dart';
       ^
lib/screens/reportes/informes_productos_screen.dart:11:8:
Error: Error when reading 'lib/screens/reportes/facturas_list_screen.dart': Error reading 'lib/screens/reportes/facturas_list_screen.dart'  (No such file or directory)
import 'facturas_list_screen.dart';
       ^
lib/screens/facturacion/pedidos_screen_fusion.dart:4:8:
Error: Error when reading 'lib/screens/facturacion/lib/screens/facturacion/pedidos_screen_fusion.dart/%7Bfacturacion/producto.dart': Error reading 'lib/screens/facturacion/lib/screens/facturacion/pedidos_screen_fusion.dart/%7Bfacturacion/producto.dart'  (No such file or directory)
import 'lib/screens/facturacion/pedidos_screen_fusion.dart/{facturacion/producto.dart':;
       ^
lib/screens/facturacion/pedidos_screen_fusion.dart:5:8:
Error: Error when reading 'lib/screens/facturacion/models/cuadre_caja.dart': Error reading 'lib/screens/facturacion/models/cuadre_caja.dart'  (No such file or directory)
import 'models/cuadre_caja.dart';
       ^
lib/screens/facturacion/pedidos_screen_fusion.dart:6:8:
Error: Error when reading 'lib/screens/facturacion/models/inventario.dart': Error reading 'lib/screens/facturacion/models/inventario.dart'  (No such file or directory)
import 'models/inventario.dart';
       ^
lib/screens/facturacion/pedidos_screen_fusion.dart:9:8:
Error: Error when reading 'lib/screens/facturacion/services/cuadre_caja_service.dart': Error reading 'lib/screens/facturacion/services/cuadre_caja_service.dart'  (No such file or directory)
import 'services/cuadre_caja_service.dart';
       ^
lib/screens/facturacion/pedidos_screen_fusion.dart:11:8:
Error: Error when reading 'lib/screens/facturacion/services/notification_service.dart': Error reading 'lib/screens/facturacion/services/notification_service.dart'  (No such file or directory)
import 'services/notification_service.dart';
       ^
lib/screens/facturacion/pedidos_screen_fusion.dart:13:8:
Error: Error when reading 'lib/screens/facturacion/utils/shared/format_utils.dart': Error reading 'lib/screens/facturacion/utils/shared/format_utils.dart'  (No such file or directory)
import 'utils/shared/format_utils.dart';
       ^
lib/screens/facturacion/productos_list_screen.dart:17:8:
Error: Error when reading 'lib/screens/facturacion/utils/shared/format_utils.dart': Error reading 'lib/screens/facturacion/utils/shared/format_utils.dart'  (No such file or directory)
import 'utils/shared/format_utils.dart';
       ^
lib/screens/facturacion/productos_screen.dart:28:8:
Error: Error when reading 'lib/screens/facturacion/utils/shared/format_utils.dart': Error reading 'lib/screens/facturacion/utils/shared/format_utils.dart'  (No such file or directory)
import 'utils/shared/format_utils.dart';
       ^
lib/screens/gastos/gastos_screen.dart:3:8:
Error: Error when reading 'lib/screens/gastos/providers/user_provider.dart': Error reading 'lib/screens/gastos/providers/user_provider.dart'  (No such file or directory)
import 'providers/user_provider.dart';
       ^
lib/screens/gastos/gastos_screen.dart:4:8:
Error: Error when reading 'lib/screens/gastos/models/gasto.dart': Error reading 'lib/screens/gastos/models/gasto.dart'  (No such file or directory)
import 'models/gasto.dart';
       ^
lib/screens/gastos/gastos_list_screen.dart:2:8:
Error: Error when reading 'lib/screens/gastos/models/gasto.dart': Error reading 'lib/screens/gastos/models/gasto.dart'  (No such file or directory)
import 'models/gasto.dart';
       ^
lib/screens/gastos/gastos_screen.dart:5:8:
Error: Error when reading 'lib/screens/gastos/models/tipo_gasto.dart': Error reading 'lib/screens/gastos/models/tipo_gasto.dart'  (No such file or directory)
import 'models/tipo_gasto.dart';
       ^
lib/screens/gastos/tipos_gasto_screen.dart:2:8:
Error: Error when reading 'lib/screens/gastos/models/tipo_gasto.dart': Error reading 'lib/screens/gastos/models/tipo_gasto.dart'  (No such file or directory)
import 'models/tipo_gasto.dart';
       ^
lib/screens/gastos/gastos_screen.dart:6:8:
Error: Error when reading 'lib/screens/gastos/models/cuadre_caja.dart': Error reading 'lib/screens/gastos/models/cuadre_caja.dart'  (No such file or directory)
import 'models/cuadre_caja.dart';
       ^
lib/screens/gastos/gastos_screen.dart:7:8:
Error: Error when reading 'lib/screens/gastos/models/proveedor.dart': Error reading 'lib/screens/gastos/models/proveedor.dart'  (No such file or directory)
import 'models/proveedor.dart';
       ^
lib/screens/gastos/gastos_screen.dart:8:8:
Error: Error when reading 'lib/screens/gastos/services/gasto_service.dart': Error reading 'lib/screens/gastos/services/gasto_service.dart'  (No such file or directory)
import 'services/gasto_service.dart';
       ^
lib/screens/gastos/tipos_gasto_screen.dart:3:8:
Error: Error when reading 'lib/screens/gastos/services/gasto_service.dart': Error reading 'lib/screens/gastos/services/gasto_service.dart'  (No such file or directory)
import 'services/gasto_service.dart';
       ^
lib/screens/gastos/gastos_list_screen.dart:3:8:
Error: Error when reading 'lib/screens/gastos/services/gasto_service.dart': Error reading 'lib/screens/gastos/services/gasto_service.dart'  (No such file or directory)
import 'services/gasto_service.dart';
       ^
lib/screens/gastos/gastos_screen.dart:9:8:
Error: Error when reading 'lib/screens/gastos/services/cuadre_caja_service.dart': Error reading 'lib/screens/gastos/services/cuadre_caja_service.dart'  (No such file or directory)
import 'services/cuadre_caja_service.dart';
       ^
lib/screens/gastos/gastos_screen.dart:10:8:
Error: Error when reading 'lib/screens/gastos/services/proveedor_service.dart': Error reading 'lib/screens/gastos/services/proveedor_service.dart'  (No such file or directory)
import 'services/proveedor_service.dart';
       ^
lib/screens/gastos/gastos_screen.dart:11:8:
Error: Error when reading 'lib/screens/gastos/theme/app_theme.dart': Error reading 'lib/screens/gastos/theme/app_theme.dart'  (No such file or directory)
import 'theme/app_theme.dart';
       ^
lib/screens/gastos/tipos_gasto_screen.dart:4:8:
Error: Error when reading 'lib/screens/gastos/theme/app_theme.dart': Error reading 'lib/screens/gastos/theme/app_theme.dart'  (No such file or directory)
import 'theme/app_theme.dart';
       ^
lib/screens/gastos/gastos_list_screen.dart:4:8:
Error: Error when reading 'lib/screens/gastos/theme/app_theme.dart': Error reading 'lib/screens/gastos/theme/app_theme.dart'  (No such file or directory)
import 'theme/app_theme.dart';
       ^
lib/screens/caja/ingresos_caja_screen.dart:3:8:
Error: Error when reading 'lib/screens/caja/models/ingreso_caja.dart': Error reading 'lib/screens/caja/models/ingreso_caja.dart'  (No such file or directory)
import 'models/ingreso_caja.dart';
       ^
lib/screens/caja/ingresos_caja_screen.dart:4:8:
Error: Error when reading 'lib/screens/caja/services/ingreso_caja_service.dart': Error reading 'lib/screens/caja/services/ingreso_caja_service.dart'  (No such file or directory)
import 'services/ingreso_caja_service.dart';
       ^
lib/screens/inventario/traslados_screen.dart:7:8:
Error: Error when reading 'lib/screens/inventario/models/traslado.dart': Error reading 'lib/screens/inventario/models/traslado.dart'  (No such file or directory)
import 'models/traslado.dart';
       ^
lib/screens/inventario/traslados_screen.dart:8:8:
Error: Error when reading 'lib/screens/inventario/lib/screens/inventario/traslados_screen.dart/%7Bfacturacion/producto.dart': Error reading 'lib/screens/inventario/lib/screens/inventario/traslados_screen.dart/%7Bfacturacion/producto.dart'  (No such file or directory)
import 'lib/screens/inventario/traslados_screen.dart/{facturacion/producto.dart':;
       ^
lib/screens/inventario/traslados_screen.dart:9:8:
Error: Error when reading 'lib/screens/inventario/models/bodega.dart': Error reading 'lib/screens/inventario/models/bodega.dart'  (No such file or directory)
import 'models/bodega.dart';
       ^
lib/screens/inventario/bodegas_screen.dart:2:8:
Error: Error when reading 'lib/screens/inventario/models/bodega.dart': Error reading 'lib/screens/inventario/models/bodega.dart'  (No such file or directory)
import 'models/bodega.dart';
       ^
lib/screens/inventario/traslados_screen.dart:10:8:
Error: Error when reading 'lib/screens/inventario/services/traslado_service.dart': Error reading 'lib/screens/inventario/services/traslado_service.dart'  (No such file or directory)
import 'services/traslado_service.dart';
       ^
lib/screens/inventario/traslados_screen.dart:11:8:
Error: Error when reading 'lib/screens/inventario/services/producto_service.dart': Error reading 'lib/screens/inventario/services/producto_service.dart'  (No such file or directory)
import 'services/producto_service.dart';
       ^
lib/screens/inventario/traslados_screen.dart:12:8:
Error: Error when reading 'lib/screens/inventario/services/bodega_service.dart': Error reading 'lib/screens/inventario/services/bodega_service.dart'  (No such file or directory)
import 'services/bodega_service.dart';
       ^
lib/screens/inventario/bodegas_screen.dart:3:8:
Error: Error when reading 'lib/screens/inventario/services/bodega_service.dart': Error reading 'lib/screens/inventario/services/bodega_service.dart'  (No such file or directory)
import 'services/bodega_service.dart';
       ^
lib/screens/inventario/traslados_screen.dart:13:8:
Error: Error when reading 'lib/screens/inventario/providers/user_provider.dart': Error reading 'lib/screens/inventario/providers/user_provider.dart'  (No such file or directory)
import 'providers/user_provider.dart';
       ^
lib/screens/inventario/traslados_screen.dart:14:8:
Error: Error when reading 'lib/screens/inventario/theme/app_theme.dart': Error reading 'lib/screens/inventario/theme/app_theme.dart'  (No such file or directory)
import 'theme/app_theme.dart';
       ^
lib/screens/inventario/bodegas_screen.dart:4:8:
Error: Error when reading 'lib/screens/inventario/theme/app_theme.dart': Error reading 'lib/screens/inventario/theme/app_theme.dart'  (No such file or directory)
import 'theme/app_theme.dart';
       ^
lib/screens/inventario/traslados_screen.dart:15:8:
Error: Error when reading 'lib/screens/inventario/config/api_config.dart': Error reading 'lib/screens/inventario/config/api_config.dart'  (No such file or directory)
import 'config/api_config.dart';
       ^
lib/screens/inventario/bodegas_screen.dart:5:8:
Error: Error when reading 'lib/screens/inventario/widgets/shared/vercy_sidebar_layout.dart': Error reading 'lib/screens/inventario/widgets/shared/vercy_sidebar_layout.dart'  (No such file or directory)
import 'widgets/shared/vercy_sidebar_layout.dart';
       ^
lib/screens/facturacion/asesor_pedidos_screen.dart:8:8:
Error: Error when reading 'lib/screens/facturacion/lib/screens/facturacion/asesor_pedidos_screen.dart/%7Bfacturacion/producto.dart': Error reading 'lib/screens/facturacion/lib/screens/facturacion/asesor_pedidos_screen.dart/%7Bfacturacion/producto.dart'  (No such file or directory)
import 'lib/screens/facturacion/asesor_pedidos_screen.dart/{facturacion/producto.dart':;
       ^
lib/screens/facturacion/asesor_pedidos_screen.dart:9:8:
Error: Error when reading 'lib/screens/facturacion/models/categoria.dart': Error reading 'lib/screens/facturacion/models/categoria.dart'  (No such file or directory)
import 'models/categoria.dart';
       ^
lib/screens/facturacion/productos_list_screen.dart:12:8:
Error: Error when reading 'lib/screens/facturacion/models/categoria.dart': Error reading 'lib/screens/facturacion/models/categoria.dart'  (No such file or directory)
import 'models/categoria.dart';
       ^
lib/screens/facturacion/productos_screen.dart:21:8:
Error: Error when reading 'lib/screens/facturacion/models/categoria.dart': Error reading 'lib/screens/facturacion/models/categoria.dart'  (No such file or directory)
import 'models/categoria.dart';
       ^
lib/screens/admin/admin_pedidos_asesor_screen.dart:2:8:
Error: Error when reading 'lib/screens/admin/models/pedido_asesor.dart': Error reading 'lib/screens/admin/models/pedido_asesor.dart'  (No such file or directory)
import 'models/pedido_asesor.dart';
       ^
lib/screens/admin/admin_pedidos_asesor_screen.dart:3:8:
Error: Error when reading 'lib/screens/admin/services/pedido_asesor_service.dart': Error reading 'lib/screens/admin/services/pedido_asesor_service.dart'  (No such file or directory)
import 'services/pedido_asesor_service.dart';
       ^
lib/screens/admin/admin_pedidos_asesor_screen.dart:4:8:
Error: Error when reading 'lib/screens/admin/theme/app_theme.dart': Error reading 'lib/screens/admin/theme/app_theme.dart'  (No such file or directory)
import 'theme/app_theme.dart';
       ^
lib/screens/admin/autorizaciones_screen.dart:3:8:
Error: Error when reading 'lib/screens/admin/theme/app_theme.dart': Error reading 'lib/screens/admin/theme/app_theme.dart'  (No such file or directory)
import 'theme/app_theme.dart';
       ^
lib/screens/admin/negocio_info_screen.dart:7:8:
Error: Error when reading 'lib/screens/admin/theme/app_theme.dart': Error reading 'lib/screens/admin/theme/app_theme.dart'  (No such file or directory)
import 'theme/app_theme.dart';
       ^
lib/screens/admin/admin_pedidos_asesor_screen.dart:5:8:
Error: Error when reading 'lib/screens/admin/facturacion_screen.dart': Error reading 'lib/screens/admin/facturacion_screen.dart'  (No such file or directory)
import 'facturacion_screen.dart';
       ^
lib/screens/compras/proveedores_list_screen.dart:9:8:
Error: Error when reading 'lib/screens/compras/dialogs/dialogo_confirmacion.dart': Error reading 'lib/screens/compras/dialogs/dialogo_confirmacion.dart'  (No such file or directory)
import 'dialogs/dialogo_confirmacion.dart';
       ^
lib/screens/compras/compras_list_screen.dart:8:8:
Error: Error when reading 'lib/screens/compras/utils/shared/format_utils.dart': Error reading 'lib/screens/compras/utils/shared/format_utils.dart'  (No such file or directory)
import 'utils/shared/format_utils.dart';
       ^
lib/screens/gastos/gastos_list_screen.dart:5:8:
Error: Error when reading 'lib/screens/gastos/widgets/shared/vercy_sidebar_layout.dart': Error reading 'lib/screens/gastos/widgets/shared/vercy_sidebar_layout.dart'  (No such file or directory)
import 'widgets/shared/vercy_sidebar_layout.dart';
       ^
lib/screens/gastos/gastos_programados_screen.dart:6:8:
Error: Error when reading 'lib/screens/gastos/widgets/shared/vercy_sidebar_layout.dart': Error reading 'lib/screens/gastos/widgets/shared/vercy_sidebar_layout.dart'  (No such file or directory)
import 'widgets/shared/vercy_sidebar_layout.dart';
       ^
lib/screens/gastos/gastos_list_screen.dart:6:8:
Error: Error when reading 'lib/screens/gastos/utils/shared/format_utils.dart': Error reading 'lib/screens/gastos/utils/shared/format_utils.dart'  (No such file or directory)
import 'utils/shared/format_utils.dart';
       ^
lib/screens/gastos/gastos_list_screen.dart:7:8:
Error: Error when reading 'lib/screens/gastos/utils/facturacion/pagination_mixin.dart': Error reading 'lib/screens/gastos/utils/facturacion/pagination_mixin.dart'  (No such file or directory)
import 'utils/facturacion/pagination_mixin.dart';
       ^
lib/screens/facturacion/productos_list_screen.dart:11:8:
Error: Error when reading 'lib/screens/facturacion/lib/screens/facturacion/productos_list_screen.dart/%7Bfacturacion/producto.dart': Error reading 'lib/screens/facturacion/lib/screens/facturacion/productos_list_screen.dart/%7Bfacturacion/producto.dart'  (No such file or directory)
import 'lib/screens/facturacion/productos_list_screen.dart/{facturacion/producto.dart':;
       ^
lib/screens/facturacion/productos_list_screen.dart:18:8:
Error: Error when reading 'lib/screens/facturacion/utils/shared/file_download_helper.dart': Error reading 'lib/screens/facturacion/utils/shared/file_download_helper.dart'  (No such file or directory)
import 'utils/shared/file_download_helper.dart';
       ^
lib/screens/facturacion/productos_screen.dart:1:8:
Error: Error when reading 'lib/screens/facturacion/widgets/inventario/imagen_producto_widget.dart': Error reading 'lib/screens/facturacion/widgets/inventario/imagen_producto_widget.dart'  (No such file or directory)
import 'widgets/inventario/imagen_producto_widget.dart';
       ^
lib/screens/facturacion/productos_screen.dart:2:8:
Error: Error when reading 'lib/screens/facturacion/widgets/inventario/lazy_product_image_widget.dart': Error reading 'lib/screens/facturacion/widgets/inventario/lazy_product_image_widget.dart'  (No such file or directory)
import 'widgets/inventario/lazy_product_image_widget.dart';
       ^
lib/screens/facturacion/productos_screen.dart:3:8:
Error: Error when reading 'lib/screens/facturacion/widgets/shared/optimized_loading_widget.dart': Error reading 'lib/screens/facturacion/widgets/shared/optimized_loading_widget.dart'  (No such file or directory)
import 'widgets/shared/optimized_loading_widget.dart';
       ^
lib/screens/facturacion/productos_screen.dart:4:8:
Error: Error when reading 'lib/screens/facturacion/config/performance_config.dart': Error reading 'lib/screens/facturacion/config/performance_config.dart'  (No such file or directory)
import 'config/performance_config.dart';
       ^
lib/screens/facturacion/productos_screen.dart:20:8:
Error: Error when reading 'lib/screens/facturacion/lib/screens/facturacion/productos_screen.dart/%7Bfacturacion/producto.dart': Error reading 'lib/screens/facturacion/lib/screens/facturacion/productos_screen.dart/%7Bfacturacion/producto.dart'  (No such file or directory)
import 'lib/screens/facturacion/productos_screen.dart/{facturacion/producto.dart':;
       ^
lib/screens/facturacion/productos_screen.dart:22:8:
Error: Error when reading 'lib/screens/facturacion/models/ingrediente.dart': Error reading 'lib/screens/facturacion/models/ingrediente.dart'  (No such file or directory)
import 'models/ingrediente.dart';
       ^
lib/screens/facturacion/productos_screen.dart:25:8:
Error: Error when reading 'lib/screens/facturacion/services/image_service.dart': Error reading 'lib/screens/facturacion/services/image_service.dart'  (No such file or directory)
import 'services/image_service.dart';
       ^
lib/screens/facturacion/productos_screen.dart:27:8:
Error: Error when reading 'lib/screens/facturacion/services/image_loader_service.dart': Error reading 'lib/screens/facturacion/services/image_loader_service.dart'  (No such file or directory)
import 'services/image_loader_service.dart';
       ^
lib/screens/cartera/cartera_screen.dart:2:8:
Error: Error when reading 'lib/screens/cartera/models/resumen_cartera.dart': Error reading 'lib/screens/cartera/models/resumen_cartera.dart'  (No such file or directory)
import 'models/resumen_cartera.dart';
       ^
lib/screens/cartera/cartera_screen.dart:3:8:
Error: Error when reading 'lib/screens/cartera/models/cuenta_por_cobrar.dart': Error reading 'lib/screens/cartera/models/cuenta_por_cobrar.dart'  (No such file or directory)
import 'models/cuenta_por_cobrar.dart';
       ^
lib/screens/cartera/cuentas_por_cobrar_screen.dart:3:8:
Error: Error when reading 'lib/screens/cartera/models/cuenta_por_cobrar.dart': Error reading 'lib/screens/cartera/models/cuenta_por_cobrar.dart'  (No such file or directory)
import 'models/cuenta_por_cobrar.dart';
       ^
lib/screens/cartera/cartera_screen.dart:4:8:
Error: Error when reading 'lib/screens/cartera/models/cuenta_por_pagar.dart': Error reading 'lib/screens/cartera/models/cuenta_por_pagar.dart'  (No such file or directory)
import 'models/cuenta_por_pagar.dart';
       ^
lib/screens/cartera/cuentas_por_pagar_screen.dart:3:8:
Error: Error when reading 'lib/screens/cartera/models/cuenta_por_pagar.dart': Error reading 'lib/screens/cartera/models/cuenta_por_pagar.dart'  (No such file or directory)
import 'models/cuenta_por_pagar.dart';
       ^
lib/screens/cartera/cartera_screen.dart:5:8:
Error: Error when reading 'lib/screens/cartera/models/gasto_programado.dart': Error reading 'lib/screens/cartera/models/gasto_programado.dart'  (No such file or directory)
import 'models/gasto_programado.dart';
       ^
lib/screens/cartera/cartera_screen.dart:6:8:
Error: Error when reading 'lib/screens/cartera/services/cartera_service.dart': Error reading 'lib/screens/cartera/services/cartera_service.dart'  (No such file or directory)
import 'services/cartera_service.dart';
       ^
lib/screens/cartera/cuentas_por_cobrar_screen.dart:6:8:
Error: Error when reading 'lib/screens/cartera/services/cartera_service.dart': Error reading 'lib/screens/cartera/services/cartera_service.dart'  (No such file or directory)
import 'services/cartera_service.dart';
       ^
lib/screens/cartera/cuentas_por_pagar_screen.dart:5:8:
Error: Error when reading 'lib/screens/cartera/services/cartera_service.dart': Error reading 'lib/screens/cartera/services/cartera_service.dart'  (No such file or directory)
import 'services/cartera_service.dart';
       ^
lib/screens/cartera/cartera_screen.dart:7:8:
Error: Error when reading 'lib/screens/cartera/theme/app_theme.dart': Error reading 'lib/screens/cartera/theme/app_theme.dart'  (No such file or directory)
import 'theme/app_theme.dart';
       ^
lib/screens/cartera/cuentas_por_cobrar_screen.dart:8:8:
Error: Error when reading 'lib/screens/cartera/theme/app_theme.dart': Error reading 'lib/screens/cartera/theme/app_theme.dart'  (No such file or directory)
import 'theme/app_theme.dart';
       ^
lib/screens/cartera/cuentas_por_pagar_screen.dart:7:8:
Error: Error when reading 'lib/screens/cartera/theme/app_theme.dart': Error reading 'lib/screens/cartera/theme/app_theme.dart'  (No such file or directory)
import 'theme/app_theme.dart';
       ^
lib/screens/cartera/cartera_screen.dart:8:8:
Error: Error when reading 'lib/screens/cartera/utils/shared/currency_utils.dart': Error reading 'lib/screens/cartera/utils/shared/currency_utils.dart'  (No such file or directory)
import 'utils/shared/currency_utils.dart';
       ^
lib/screens/cartera/cuentas_por_cobrar_screen.dart:9:8:
Error: Error when reading 'lib/screens/cartera/utils/shared/currency_utils.dart': Error reading 'lib/screens/cartera/utils/shared/currency_utils.dart'  (No such file or directory)
import 'utils/shared/currency_utils.dart';
       ^
lib/screens/cartera/cuentas_por_pagar_screen.dart:8:8:
Error: Error when reading 'lib/screens/cartera/utils/shared/currency_utils.dart': Error reading 'lib/screens/cartera/utils/shared/currency_utils.dart'  (No such file or directory)
import 'utils/shared/currency_utils.dart';
       ^
lib/screens/cartera/cartera_screen.dart:9:8:
Error: Error when reading 'lib/screens/cartera/widgets/shared/vercy_sidebar_layout.dart': Error reading 'lib/screens/cartera/widgets/shared/vercy_sidebar_layout.dart'  (No such file or directory)
import 'widgets/shared/vercy_sidebar_layout.dart';
       ^
lib/screens/cartera/cuentas_por_cobrar_screen.dart:10:8:
Error: Error when reading 'lib/screens/cartera/widgets/shared/vercy_sidebar_layout.dart': Error reading 'lib/screens/cartera/widgets/shared/vercy_sidebar_layout.dart'  (No such file or directory)
import 'widgets/shared/vercy_sidebar_layout.dart';
       ^
lib/screens/cartera/cuentas_por_pagar_screen.dart:9:8:
Error: Error when reading 'lib/screens/cartera/widgets/shared/vercy_sidebar_layout.dart': Error reading 'lib/screens/cartera/widgets/shared/vercy_sidebar_layout.dart'  (No such file or directory)
import 'widgets/shared/vercy_sidebar_layout.dart';
       ^
lib/screens/cartera/cartera_screen.dart:12:8:
Error: Error when reading 'lib/screens/cartera/gastos_programados_screen.dart': Error reading 'lib/screens/cartera/gastos_programados_screen.dart'  (No such file or directory)
import 'gastos_programados_screen.dart';
       ^
lib/screens/cartera/cartera_screen.dart:13:8:
Error: Error when reading 'lib/screens/cartera/alertas_screen.dart': Error reading 'lib/screens/cartera/alertas_screen.dart'  (No such file or directory)
import 'alertas_screen.dart';
       ^
lib/screens/cartera/cuentas_por_cobrar_screen.dart:4:8:
Error: Error when reading 'lib/screens/cartera/models/pedido.dart': Error reading 'lib/screens/cartera/models/pedido.dart'  (No such file or directory)
import 'models/pedido.dart';
       ^
lib/screens/cartera/cuentas_por_cobrar_screen.dart:5:8:
Error: Error when reading 'lib/screens/cartera/models/api_response.dart': Error reading 'lib/screens/cartera/models/api_response.dart'  (No such file or directory)
import 'models/api_response.dart';
       ^
lib/screens/cartera/cuentas_por_cobrar_screen.dart:7:8:
Error: Error when reading 'lib/screens/cartera/services/pedido_service.dart': Error reading 'lib/screens/cartera/services/pedido_service.dart'  (No such file or directory)
import 'services/pedido_service.dart';
       ^
lib/screens/cartera/cuentas_por_pagar_screen.dart:4:8:
Error: Error when reading 'lib/screens/cartera/models/proveedor.dart': Error reading 'lib/screens/cartera/models/proveedor.dart'  (No such file or directory)
import 'models/proveedor.dart';
       ^
lib/screens/cartera/cuentas_por_pagar_screen.dart:6:8:
Error: Error when reading 'lib/screens/cartera/services/proveedor_service.dart': Error reading 'lib/screens/cartera/services/proveedor_service.dart'  (No such file or directory)
import 'services/proveedor_service.dart';
       ^
lib/screens/cartera/cuentas_por_pagar_screen.dart:10:8:
Error: Error when reading 'lib/screens/cartera/utils/shared/logger.dart': Error reading 'lib/screens/cartera/utils/shared/logger.dart'  (No such file or directory)
import 'utils/shared/logger.dart';
       ^
lib/screens/gastos/gastos_programados_screen.dart:3:8:
Error: Error when reading 'lib/screens/gastos/models/gasto_programado.dart': Error reading 'lib/screens/gastos/models/gasto_programado.dart'  (No such file or directory)
import 'models/gasto_programado.dart';
       ^
lib/screens/gastos/gastos_programados_screen.dart:4:8:
Error: Error when reading 'lib/screens/gastos/services/cartera_service.dart': Error reading 'lib/screens/gastos/services/cartera_service.dart'  (No such file or directory)
import 'services/cartera_service.dart';
       ^
lib/screens/gastos/gastos_programados_screen.dart:5:8:
Error: Error when reading 'lib/screens/gastos/utils/shared/currency_utils.dart': Error reading 'lib/screens/gastos/utils/shared/currency_utils.dart'  (No such file or directory)
import 'utils/shared/currency_utils.dart';
       ^
lib/screens/reportes/alertas_screen.dart:2:8:
Error: Error when reading 'lib/screens/reportes/models/alerta_notificacion.dart': Error reading 'lib/screens/reportes/models/alerta_notificacion.dart'  (No such file or directory)
import 'models/alerta_notificacion.dart';
       ^
lib/screens/reportes/alertas_screen.dart:3:8:
Error: Error when reading 'lib/screens/reportes/models/estado_microservicio.dart': Error reading 'lib/screens/reportes/models/estado_microservicio.dart'  (No such file or directory)
import 'models/estado_microservicio.dart';
       ^
lib/screens/reportes/alertas_screen.dart:4:8:
Error: Error when reading 'lib/screens/reportes/services/alertas_service.dart': Error reading 'lib/screens/reportes/services/alertas_service.dart'  (No such file or directory)
import 'services/alertas_service.dart';
       ^
lib/screens/reportes/alertas_screen.dart:5:8:
Error: Error when reading 'lib/screens/reportes/services/cartera_service.dart': Error reading 'lib/screens/reportes/services/cartera_service.dart'  (No such file or directory)
import 'services/cartera_service.dart';
       ^
lib/screens/admin/autorizaciones_screen.dart:2:8:
Error: Error when reading 'lib/screens/admin/services/user_management_service.dart': Error reading 'lib/screens/admin/services/user_management_service.dart'  (No such file or directory)
import 'services/user_management_service.dart';
       ^
lib/screens/admin/autorizaciones_screen.dart:4:8:
Error: Error when reading 'lib/screens/admin/widgets/shared/vercy_sidebar_layout.dart': Error reading 'lib/screens/admin/widgets/shared/vercy_sidebar_layout.dart'  (No such file or directory)
import 'widgets/shared/vercy_sidebar_layout.dart';
       ^
lib/screens/admin/negocio_info_screen.dart:5:8:
Error: Error when reading 'lib/screens/admin/models/negocio_info.dart': Error reading 'lib/screens/admin/models/negocio_info.dart'  (No such file or directory)
import 'models/negocio_info.dart';
       ^
lib/screens/admin/negocio_info_screen.dart:6:8:
Error: Error when reading 'lib/screens/admin/services/negocio_info_service.dart': Error reading 'lib/screens/admin/services/negocio_info_service.dart'  (No such file or directory)
import 'services/negocio_info_service.dart';
       ^
lib/screens/facturacion/fe_documentos_screen.dart:7:8:
Error: Error when reading 'lib/services/matias_service.dart': Error reading 'lib/services/matias_service.dart'  (No such file or directory)
import '../../services/matias_service.dart';
       ^
lib/screens/facturacion/documentos_pendientes_screen.dart:6:8:
Error: Error when reading 'lib/services/matias_service.dart': Error reading 'lib/services/matias_service.dart'  (No such file or directory)
import '../../services/matias_service.dart';
       ^
lib/screens/facturacion/fe_documentos_screen.dart:8:8:
Error: Error when reading 'lib/services/factura_service.dart': Error reading 'lib/services/factura_service.dart'  (No such file or directory)
import '../../services/factura_service.dart';
       ^
lib/screens/facturacion/fe_documentos_screen.dart:9:8:
Error: Error when reading 'lib/models/factura.dart': Error reading 'lib/models/factura.dart'  (No such file or directory)
import '../../models/factura.dart';
       ^
lib/widgets/facturizacion/documento_soporte_dialog.dart:3:79:
Error: Unexpected token ';'.
import '../../services/matias/matias_service.dart' show MatiasDocumentoResult;;
                                                                              ^
lib/widgets/facturizacion/nota_credito_debito_dialog.dart:3:79:
Error: Unexpected token ';'.
import '../../services/matias/matias_service.dart' show MatiasDocumentoResult;;
                                                                              ^
lib/screens/facturacion/documentos_pendientes_screen.dart:5:8:
Error: Error when reading 'lib/services/documento_service.dart': Error reading 'lib/services/documento_service.dart'  (No such file or directory)
import '../../services/documento_service.dart';
       ^
lib/screens/facturacion/documentos_pendientes_screen.dart:7:8:
Error: Error when reading 'lib/services/matias_webhook_service.dart': Error reading 'lib/services/matias_webhook_service.dart'  (No such file or directory)
import '../../services/matias_webhook_service.dart';
       ^
lib/screens/facturacion/documentos_pendientes_screen.dart:8:8:
Error: Error when reading 'lib/models/matias_webhook_event.dart': Error reading 'lib/models/matias_webhook_event.dart'  (No such file or directory)
import '../../models/matias_webhook_event.dart';
       ^
lib/providers/user_provider.dart:9:8:
Error: Error when reading 'lib/providers/utils/shared/jwt_utils.dart': Error reading 'lib/providers/utils/shared/jwt_utils.dart'  (No such file or directory)
import 'utils/shared/jwt_utils.dart';
       ^
lib/providers/datos_cache_provider.dart:3:8:
Error: Error when reading 'lib/providers/lib/providers/datos_cache_provider.dart/%7Bfacturacion/producto.dart': Error reading 'lib/providers/lib/providers/datos_cache_provider.dart/%7Bfacturacion/producto.dart'  (No such file or directory)
import 'lib/providers/datos_cache_provider.dart/{facturacion/producto.dart':;
       ^
lib/providers/datos_cache_provider.dart:4:8:
Error: Error when reading 'lib/models/categoria.dart': Error reading 'lib/models/categoria.dart'  (No such file or directory)
import '../models/categoria.dart';
       ^
lib/providers/datos_cache_provider.dart:6:8:
Error: Error when reading 'lib/providers/facturacion/producto_service.dart': Error reading 'lib/providers/facturacion/producto_service.dart'  (No such file or directory)
import 'facturacion/producto_service.dart';
       ^
lib/providers/datos_cache_provider.dart:7:8:
Error: Error when reading 'lib/providers/utils/shared/logger.dart': Error reading 'lib/providers/utils/shared/logger.dart'  (No such file or directory)
import 'utils/shared/logger.dart';
       ^
lib/providers/facturacion_draft_provider.dart:5:8:
Error: Error when reading 'lib/providers/utils/shared/logger.dart': Error reading 'lib/providers/utils/shared/logger.dart'  (No such file or directory)
import 'utils/shared/logger.dart';
       ^
lib/providers/facturacion_draft_provider.dart:3:8:
Error: Error when reading 'lib/models/item_pedido.dart': Error reading 'lib/models/item_pedido.dart'  (No such file or directory)
import '../models/item_pedido.dart';
       ^
lib/providers/facturacion_draft_provider.dart:4:8:
Error: Error when reading 'lib/models/cliente.dart': Error reading 'lib/models/cliente.dart'  (No such file or directory)
import '../models/cliente.dart';
       ^
lib/screens/caja/resumen_cierre_detallado_screen.dart:4:8:
Error: Error when reading 'lib/screens/caja/services/pdf_export_service.dart': Error reading 'lib/screens/caja/services/pdf_export_service.dart'  (No such file or directory)
import 'services/pdf_export_service.dart';
       ^
lib/screens/caja/resumen_cierre_detallado_screen.dart:6:8:
Error: Error when reading 'lib/screens/caja/utils/facturacion/payment_calculator.dart': Error reading 'lib/screens/caja/utils/facturacion/payment_calculator.dart'  (No such file or directory)
import 'utils/facturacion/payment_calculator.dart';
       ^
lib/screens/caja/contador_efectivo_screen.dart:3:8:
Error: Error when reading 'lib/screens/caja/models/denominacion_efectivo.dart': Error reading 'lib/screens/caja/models/denominacion_efectivo.dart'  (No such file or directory)
import 'models/denominacion_efectivo.dart';
       ^
lib/screens/caja/contador_efectivo_screen.dart:6:8:
Error: Error when reading 'lib/screens/caja/services/excel_export_service.dart': Error reading 'lib/screens/caja/services/excel_export_service.dart'  (No such file or directory)
import 'services/excel_export_service.dart';
       ^
lib/services/matias/matias_service.dart:4:8:
Error: Error when reading 'lib/services/config/endpoints_config.dart': Error reading 'lib/services/config/endpoints_config.dart'  (No such file or directory)
import '../config/endpoints_config.dart';
       ^
lib/services/matias/matias_service.dart:5:8:
Error: Error when reading 'lib/services/matias/utils/shared/logger.dart': Error reading 'lib/services/matias/utils/shared/logger.dart'  (No such file or directory)
import 'utils/shared/logger.dart';
       ^
lib/services/reportes/negocio_info_service.dart:4:8:
Error: Error when reading 'lib/services/config/api_config.dart': Error reading 'lib/services/config/api_config.dart'  (No such file or directory)
import '../config/api_config.dart';
       ^
lib/services/reportes/negocio_info_service.dart:5:8:
Error: Error when reading 'lib/services/models/negocio_info.dart': Error reading 'lib/services/models/negocio_info.dart'  (No such file or directory)
import '../models/negocio_info.dart';
       ^
lib/services/reportes/negocio_info_service.dart:6:8:
Error: Error when reading 'lib/services/reportes/image_service.dart': Error reading 'lib/services/reportes/image_service.dart'  (No such file or directory)
import 'image_service.dart';
       ^
lib/models/facturacion/factura.dart:4:8:
Error: Error when reading 'lib/models/facturacion/user.dart': Error reading 'lib/models/facturacion/user.dart'  (No such file or directory)
import 'user.dart';
       ^
lib/config/api_config.dart:23:9:
Error: Type 'NetworkDiscoveryService' not found.
  final NetworkDiscoveryService _networkDiscovery = NetworkDiscoveryService();
        ^^^^^^^^^^^^^^^^^^^^^^^
lib/screens/auth/login_screen.dart:31:9:
Error: Type 'AuthService' not found.
  final AuthService authService = AuthService();
        ^^^^^^^^^^^
lib/screens/auth/login_screen.dart:58:9:
Error: Type 'ProductoService' not found.
  final ProductoService _productoService = ProductoService();
        ^^^^^^^^^^^^^^^
lib/screens/auth/login_screen.dart:59:9:
Error: Type 'PedidoService' not found.
  final PedidoService _pedidoService = PedidoService();
        ^^^^^^^^^^^^^
lib/screens/reportes/dashboard_screen_v2.dart:50:9:
Error: Type 'ReportesService' not found.
  final ReportesService _reportesService = ReportesService();
        ^^^^^^^^^^^^^^^
lib/screens/reportes/dashboard_screen_v2.dart:51:9:
Error: Type 'PedidoService' not found.
  final PedidoService _pedidoService = PedidoService();
        ^^^^^^^^^^^^^
lib/screens/reportes/dashboard_screen_v2.dart:54:3:
Error: Type 'DashboardData' not found.
  DashboardData? _dashboardData;
  ^^^^^^^^^^^^^
lib/screens/reportes/dashboard_screen_v2.dart:1220:31:
Error: Type 'UserProvider' not found.
  List<Widget> _buildNavItems(UserProvider userProvider) {
                              ^^^^^^^^^^^^
lib/screens/facturacion/facturacion_screen.dart:29:9:
Error: Type 'PedidoAsesor' not found.
  final PedidoAsesor? pedidoAsesor;
        ^^^^^^^^^^^^
lib/screens/facturacion/facturacion_screen.dart:38:9:
Error: Type 'PedidoService' not found.
  final PedidoService _pedidoService = PedidoService();
        ^^^^^^^^^^^^^
lib/screens/facturacion/facturacion_screen.dart:39:9:
Error: Type 'ProductoService' not found.
  final ProductoService _productoService = ProductoService();
        ^^^^^^^^^^^^^^^
lib/screens/facturacion/facturacion_screen.dart:40:9:
Error: Type 'PedidoAsesorService' not found.
  final PedidoAsesorService _pedidoAsesorService = PedidoAsesorService();
        ^^^^^^^^^^^^^^^^^^^
lib/screens/facturacion/facturacion_screen.dart:41:9:
Error: Type 'PDFService' not found.
  final PDFService _pdfService = PDFService();
        ^^^^^^^^^^
lib/screens/facturacion/facturacion_screen.dart:42:9:
Error: Type 'NegocioInfoService' not found.
  final NegocioInfoService _negocioInfoService = NegocioInfoService();
        ^^^^^^^^^^^^^^^^^^
lib/screens/facturacion/facturacion_screen.dart:43:9:
Error: Type 'ImpresionService' not found.
  final ImpresionService _impresionService = ImpresionService();
        ^^^^^^^^^^^^^^^^
lib/screens/facturacion/facturacion_screen.dart:44:9:
Error: Type 'InventarioService' not found.
  final InventarioService _inventarioService = InventarioService();
        ^^^^^^^^^^^^^^^^^
lib/screens/facturacion/facturacion_screen.dart:45:9:
Error: Type 'ClienteService' not found.
  final ClienteService _clienteService = ClienteService();
        ^^^^^^^^^^^^^^
lib/screens/facturacion/facturacion_screen.dart:142:3:
Error: Type 'Cliente' not found.
  Cliente? _clienteSeleccionado;
  ^^^^^^^
lib/screens/facturacion/facturacion_screen.dart:143:3:
Error: Type 'Producto' not found.
  Producto? _productoSeleccionado;
  ^^^^^^^^
lib/screens/facturacion/facturacion_screen.dart:145:8:
Error: Type 'ItemPedido' not found.
  List<ItemPedido> _items = [];
       ^^^^^^^^^^
lib/screens/facturacion/facturacion_screen.dart:146:8:
Error: Type 'Producto' not found.
  List<Producto> _productosDisponibles = [];
       ^^^^^^^^
lib/screens/facturacion/facturacion_screen.dart:147:8:
Error: Type 'Cliente' not found.
  List<Cliente> _clientesDisponibles = [];
       ^^^^^^^
lib/screens/facturacion/facturacion_screen.dart:3943:24:
Error: Type 'Pedido' not found.
  void _cargarBorrador(Pedido pedido) {
                       ^^^^^^
lib/screens/facturacion/facturacion_screen.dart:4781:5:
Error: Type 'Pedido' not found.
    Pedido pedido, {
    ^^^^^^
lib/screens/facturacion/facturacion_screen.dart:4782:10:
Error: Type 'ItemPedido' not found.
    List<ItemPedido>? itemsOriginales,
         ^^^^^^^^^^
lib/screens/facturacion/facturacion_screen.dart:4884:5:
Error: Type 'Pedido' not found.
    Pedido pedido, {
    ^^^^^^
lib/screens/facturacion/facturacion_screen.dart:4885:10:
Error: Type 'ItemPedido' not found.
    List<ItemPedido>? itemsOriginales,
         ^^^^^^^^^^
lib/screens/facturacion/facturacion_screen.dart:4986:5:
Error: Type 'Pedido' not found.
    Pedido pedido,
    ^^^^^^
lib/screens/facturacion/facturacion_screen.dart:5189:5:
Error: Type 'Pedido' not found.
    Pedido pedido,
    ^^^^^^
lib/screens/facturacion/facturacion_screen.dart:5271:5:
Error: Type 'Pedido' not found.
    Pedido pedido,
    ^^^^^^
lib/screens/facturacion/facturacion_screen.dart:5350:5:
Error: Type 'Pedido' not found.
    Pedido pedido,
    ^^^^^^
lib/screens/facturacion/facturacion_screen.dart:5355:5:
Error: Type 'NegocioInfo' not found.
    NegocioInfo? negocioInfo, {
    ^^^^^^^^^^^
lib/screens/facturacion/facturacion_screen.dart:5356:5:
Error: Type 'Cliente' not found.
    Cliente? clienteData,
    ^^^^^^^
lib/screens/facturacion/facturacion_screen.dart:5367:10:
Error: Type 'ItemPedido' not found.
    List<ItemPedido>?
         ^^^^^^^^^^
lib/screens/facturacion/facturas_list_screen.dart:29:71:
Error: Type 'PaginacionMixin' not found.
class _FacturasListScreenState extends State<FacturasListScreen> with PaginacionMixin<FacturasListScreen> {
                                                                      ^^^^^^^^^^^^^^^
lib/screens/facturacion/facturas_list_screen.dart:30:9:
Error: Type 'FacturaService' not found.
  final FacturaService _facturaService = FacturaService();
        ^^^^^^^^^^^^^^
lib/screens/facturacion/facturas_list_screen.dart:31:9:
Error: Type 'PedidoService' not found.
  final PedidoService _pedidoService = PedidoService();
        ^^^^^^^^^^^^^
lib/screens/facturacion/facturas_list_screen.dart:32:9:
Error: Type 'PDFService' not found.
  final PDFService _pdfService = PDFService();
        ^^^^^^^^^^
lib/screens/facturacion/facturas_list_screen.dart:33:9:
Error: Type 'NegocioInfoService' not found.
  final NegocioInfoService _negocioInfoService = NegocioInfoService();
        ^^^^^^^^^^^^^^^^^^
lib/screens/facturacion/facturas_list_screen.dart:34:9:
Error: Type 'ClienteService' not found.
  final ClienteService _clienteService = ClienteService();
        ^^^^^^^^^^^^^^
lib/screens/facturacion/facturas_list_screen.dart:40:8:
Error: Type 'Factura' not found.
  List<Factura> _facturas = [];
       ^^^^^^^
lib/screens/facturacion/facturas_list_screen.dart:41:8:
Error: Type 'Pedido' not found.
  List<Pedido> _pedidosPagados = [];
       ^^^^^^
lib/screens/facturacion/facturas_list_screen.dart:907:10:
Error: Type 'Cliente' not found.
  Future<Cliente?> _buscarClienteCompleto(
         ^^^^^^^
lib/screens/compras/facturas_compras_screen.dart:26:9:
Error: Type 'FacturaCompraService' not found.
  final FacturaCompraService _facturaCompraService = FacturaCompraService();
        ^^^^^^^^^^^^^^^^^^^^
lib/screens/compras/facturas_compras_screen.dart:29:8:
Error: Type 'FacturaCompra' not found.
  List<FacturaCompra> _facturas = [];
       ^^^^^^^^^^^^^
lib/screens/compras/facturas_compras_screen.dart:30:8:
Error: Type 'FacturaCompra' not found.
  List<FacturaCompra> _facturasFiltradas = [];
       ^^^^^^^^^^^^^
lib/screens/compras/facturas_compras_screen.dart:52:27:
Error: Type 'FacturaCompra' not found.
  bool _estaFacturaPagada(FacturaCompra factura) {
                          ^^^^^^^^^^^^^
lib/screens/compras/facturas_compras_screen.dart:57:31:
Error: Type 'FacturaCompra' not found.
  String _obtenerEstadoVisual(FacturaCompra factura) {
                              ^^^^^^^^^^^^^
lib/screens/compras/facturas_compras_screen.dart:584:31:
Error: Type 'FacturaCompra' not found.
  void _mostrarDetalleFactura(FacturaCompra factura) {
                              ^^^^^^^^^^^^^
lib/screens/compras/facturas_compras_screen.dart:594:23:
Error: Type 'FacturaCompra' not found.
  void _editarFactura(FacturaCompra factura) {
                      ^^^^^^^^^^^^^
lib/screens/compras/facturas_compras_screen.dart:611:42:
Error: Type 'FacturaCompra' not found.
  Future<void> _confirmarEliminarFactura(FacturaCompra factura) async {
                                         ^^^^^^^^^^^^^
lib/screens/compras/facturas_compras_screen.dart:742:9:
Error: Type 'FacturaCompra' not found.
  final FacturaCompra? facturaParaEditar;
        ^^^^^^^^^^^^^
lib/screens/compras/facturas_compras_screen.dart:754:9:
Error: Type 'FacturaCompraService' not found.
  final FacturaCompraService _facturaCompraService = FacturaCompraService();
        ^^^^^^^^^^^^^^^^^^^^
lib/screens/compras/facturas_compras_screen.dart:755:9:
Error: Type 'ProveedorService' not found.
  final ProveedorService _proveedorService = ProveedorService();
        ^^^^^^^^^^^^^^^^
lib/screens/compras/facturas_compras_screen.dart:756:9:
Error: Type 'ProductoService' not found.
  final ProductoService _productoService = ProductoService();
        ^^^^^^^^^^^^^^^
lib/screens/compras/facturas_compras_screen.dart:757:9:
Error: Type 'InventarioService' not found.
  final InventarioService _inventarioService = InventarioService();
        ^^^^^^^^^^^^^^^^^
lib/screens/compras/facturas_compras_screen.dart:788:3:
Error: Type 'Producto' not found.
  Producto? _productoSeleccionado;
  ^^^^^^^^
lib/screens/compras/facturas_compras_screen.dart:793:14:
Error: Type 'ItemFacturaCompra' not found.
  final List<ItemFacturaCompra> _items = [];
             ^^^^^^^^^^^^^^^^^
lib/screens/compras/facturas_compras_screen.dart:794:8:
Error: Type 'Proveedor' not found.
  List<Proveedor> _proveedores = [];
       ^^^^^^^^^
lib/screens/compras/facturas_compras_screen.dart:795:8:
Error: Type 'Producto' not found.
  List<Producto> _productos = [];
       ^^^^^^^^
lib/screens/compras/facturas_compras_screen.dart:796:3:
Error: Type 'Proveedor' not found.
  Proveedor? _proveedorSeleccionado;
  ^^^^^^^^^
lib/screens/compras/facturas_compras_screen.dart:4745:5:
Error: Type 'FacturaCompra' not found.
    FacturaCompra factura, {
    ^^^^^^^^^^^^^
lib/screens/compras/facturas_compras_screen.dart:4746:10:
Error: Type 'ItemFacturaCompra' not found.
    List<ItemFacturaCompra>? itemsOriginales,
         ^^^^^^^^^^^^^^^^^
lib/screens/compras/facturas_compras_screen.dart:4940:42:
Error: Type 'FacturaCompra' not found.
  Future<void> _actualizarCostoProductos(FacturaCompra factura) async {
                                         ^^^^^^^^^^^^^
lib/screens/compras/facturas_compras_screen.dart:4989:9:
Error: Type 'FacturaCompra' not found.
  final FacturaCompra factura;
        ^^^^^^^^^^^^^
lib/screens/compras/facturas_compras_screen.dart:4994:27:
Error: Type 'FacturaCompra' not found.
  bool _estaFacturaPagada(FacturaCompra factura) {
                          ^^^^^^^^^^^^^
lib/screens/compras/facturas_compras_screen.dart:5277:14:
Error: Type 'Producto' not found.
  final List<Producto> productos;
             ^^^^^^^^
lib/screens/compras/facturas_compras_screen.dart:5278:18:
Error: Type 'ItemFacturaCompra' not found.
  final Function(ItemFacturaCompra) onItemAgregado;
                 ^^^^^^^^^^^^^^^^^
lib/screens/compras/facturas_compras_screen.dart:5291:3:
Error: Type 'Producto' not found.
  Producto? _productoSeleccionado;
  ^^^^^^^^
lib/screens/compras/facturas_compras_screen.dart:5312:8:
Error: Type 'Producto' not found.
  List<Producto> get _productosFiltrados {
       ^^^^^^^^
lib/screens/reportes/clientes_list_screen.dart:18:71:
Error: Type 'PaginacionMixin' not found.
class _ClientesListScreenState extends State<ClientesListScreen> with PaginacionMixin<ClientesListScreen> {
                                                                      ^^^^^^^^^^^^^^^
lib/screens/reportes/clientes_list_screen.dart:19:9:
Error: Type 'ClienteService' not found.
  final ClienteService _clienteService = ClienteService();
        ^^^^^^^^^^^^^^
lib/screens/reportes/clientes_list_screen.dart:22:8:
Error: Type 'Cliente' not found.
  List<Cliente> _clientes = [];
       ^^^^^^^
lib/screens/reportes/clientes_list_screen.dart:23:8:
Error: Type 'Cliente' not found.
  List<Cliente> _clientesFiltrados = [];
       ^^^^^^^
lib/screens/reportes/clientes_list_screen.dart:327:28:
Error: Type 'Cliente' not found.
  Widget _buildClienteItem(Cliente cliente) {
                           ^^^^^^^
lib/screens/reportes/clientes_list_screen.dart:485:28:
Error: Type 'Cliente' not found.
  void _navegarAFormulario(Cliente? cliente) async {
                           ^^^^^^^
lib/screens/reportes/clientes_list_screen.dart:497:20:
Error: Type 'Cliente' not found.
  void _verDetalle(Cliente cliente) {
                   ^^^^^^^
lib/screens/reportes/clientes_list_screen.dart:501:30:
Error: Type 'Cliente' not found.
  Future<void> _toggleEstado(Cliente cliente) async {
                             ^^^^^^^
lib/screens/reportes/clientes_list_screen.dart:563:35:
Error: Type 'Cliente' not found.
  Future<void> _confirmarEliminar(Cliente cliente) async {
                                  ^^^^^^^
lib/screens/reportes/cliente_form_screen.dart:8:9:
Error: Type 'Cliente' not found.
  final Cliente? cliente;
        ^^^^^^^
lib/screens/reportes/cliente_form_screen.dart:17:9:
Error: Type 'ClienteService' not found.
  final ClienteService _clienteService = ClienteService();
        ^^^^^^^^^^^^^^
lib/screens/reportes/cliente_form_screen.dart:18:9:
Error: Type 'ColombiaLocationService' not found.
  final ColombiaLocationService _locationService = ColombiaLocationService();
        ^^^^^^^^^^^^^^^^^^^^^^^
lib/screens/reportes/cliente_form_screen.dart:22:8:
Error: Type 'Departamento' not found.
  List<Departamento> _departamentos = [];
       ^^^^^^^^^^^^
lib/screens/reportes/cliente_form_screen.dart:23:8:
Error: Type 'Municipio' not found.
  List<Municipio> _municipios = [];
       ^^^^^^^^^
lib/screens/reportes/cliente_form_screen.dart:24:3:
Error: Type 'Departamento' not found.
  Departamento? _selectedDepartamento;
  ^^^^^^^^^^^^
lib/screens/reportes/cliente_form_screen.dart:25:3:
Error: Type 'Municipio' not found.
  Municipio? _selectedMunicipio;
  ^^^^^^^^^
lib/screens/compras/cotizaciones_list_screen.dart:21:10:
Error: Type 'PaginacionMixin' not found.
    with PaginacionMixin<CotizacionesListScreen> {
         ^^^^^^^^^^^^^^^
lib/screens/compras/cotizaciones_list_screen.dart:22:9:
Error: Type 'CotizacionService' not found.
  final CotizacionService _cotizacionService = CotizacionService();
        ^^^^^^^^^^^^^^^^^
lib/screens/compras/cotizaciones_list_screen.dart:23:9:
Error: Type 'FacturaService' not found.
  final FacturaService _facturaService = FacturaService();
        ^^^^^^^^^^^^^^
lib/screens/compras/cotizaciones_list_screen.dart:24:9:
Error: Type 'ClienteService' not found.
  final ClienteService _clienteService = ClienteService();
        ^^^^^^^^^^^^^^
lib/screens/compras/cotizaciones_list_screen.dart:25:9:
Error: Type 'PDFService' not found.
  final PDFService _pdfService = PDFService();
        ^^^^^^^^^^
lib/screens/compras/cotizaciones_list_screen.dart:28:8:
Error: Type 'Cotizacion' not found.
  List<Cotizacion> _cotizaciones = [];
       ^^^^^^^^^^
lib/screens/compras/cotizaciones_list_screen.dart:29:8:
Error: Type 'Cotizacion' not found.
  List<Cotizacion> _cotizacionesFiltradas = [];
       ^^^^^^^^^^
lib/screens/compras/cotizaciones_list_screen.dart:338:31:
Error: Type 'Cotizacion' not found.
  Widget _buildCotizacionItem(Cotizacion cotizacion) {
                              ^^^^^^^^^^
lib/screens/compras/cotizaciones_list_screen.dart:445:25:
Error: Type 'Cotizacion' not found.
  Widget _buildAcciones(Cotizacion cotizacion) {
                        ^^^^^^^^^^
lib/screens/compras/cotizaciones_list_screen.dart:538:28:
Error: Type 'Cotizacion' not found.
  void _navegarAFormulario(Cotizacion? cotizacion) async {
                           ^^^^^^^^^^
lib/screens/compras/cotizaciones_list_screen.dart:550:35:
Error: Type 'Cotizacion' not found.
  Future<void> _aceptarCotizacion(Cotizacion cotizacion) async {
                                  ^^^^^^^^^^
lib/screens/compras/cotizaciones_list_screen.dart:567:36:
Error: Type 'Cotizacion' not found.
  Future<void> _rechazarCotizacion(Cotizacion cotizacion) async {
                                   ^^^^^^^^^^
lib/screens/compras/cotizaciones_list_screen.dart:584:35:
Error: Type 'Cotizacion' not found.
  Future<void> _convertirAFactura(Cotizacion cotizacion) async {
                                  ^^^^^^^^^^
lib/screens/compras/cotizaciones_list_screen.dart:679:24:
Error: Type 'Cotizacion' not found.
  Future<void> _verPDF(Cotizacion cotizacion) async {
                       ^^^^^^^^^^
lib/screens/compras/cotizaciones_list_screen.dart:846:35:
Error: Type 'Cotizacion' not found.
  Future<void> _confirmarEliminar(Cotizacion cotizacion) async {
                                  ^^^^^^^^^^
lib/screens/compras/cotizacion_form_screen.dart:15:9:
Error: Type 'Cotizacion' not found.
  final Cotizacion? cotizacion;
        ^^^^^^^^^^
lib/screens/compras/cotizacion_form_screen.dart:24:9:
Error: Type 'CotizacionService' not found.
  final CotizacionService _cotizacionService = CotizacionService();
        ^^^^^^^^^^^^^^^^^
lib/screens/compras/cotizacion_form_screen.dart:25:9:
Error: Type 'ClienteService' not found.
  final ClienteService _clienteService = ClienteService();
        ^^^^^^^^^^^^^^
lib/screens/compras/cotizacion_form_screen.dart:26:9:
Error: Type 'ProductoService' not found.
  final ProductoService _productoService = ProductoService();
        ^^^^^^^^^^^^^^^
lib/screens/compras/cotizacion_form_screen.dart:43:8:
Error: Type 'ItemCotizacion' not found.
  List<ItemCotizacion> _items = [];
       ^^^^^^^^^^^^^^
lib/screens/compras/cotizacion_form_screen.dart:44:8:
Error: Type 'Producto' not found.
  List<Producto> _productosDisponibles = [];
       ^^^^^^^^
lib/screens/compras/cotizacion_form_screen.dart:45:8:
Error: Type 'Cliente' not found.
  List<Cliente> _clientesDisponibles = [];
       ^^^^^^^
lib/screens/compras/cotizacion_form_screen.dart:46:3:
Error: Type 'Cliente' not found.
  Cliente? _clienteSeleccionado;
  ^^^^^^^
lib/screens/reportes/categorias_screen.dart:20:10:
Error: Type 'PaginacionMixin' not found.
    with PaginacionMixin<CategoriasScreen> {
         ^^^^^^^^^^^^^^^
lib/screens/reportes/categorias_screen.dart:21:9:
Error: Type 'ProductoService' not found.
  final ProductoService _productoService = ProductoService();
        ^^^^^^^^^^^^^^^
lib/screens/reportes/categorias_screen.dart:22:8:
Error: Type 'Categoria' not found.
  List<Categoria> _categorias = [];
       ^^^^^^^^^
lib/screens/reportes/categorias_screen.dart:23:8:
Error: Type 'Producto' not found.
  List<Producto> _productos = [];
       ^^^^^^^^
lib/screens/reportes/categorias_screen.dart:138:30:
Error: Type 'Categoria' not found.
  Widget _buildCategoriaItem(Categoria categoria) {
                             ^^^^^^^^^
lib/screens/reportes/categorias_screen.dart:191:38:
Error: Type 'Categoria' not found.
  void _showDeleteConfirmationDialog(Categoria categoria) {
                                     ^^^^^^^^^
lib/screens/reportes/categorias_screen.dart:241:30:
Error: Type 'Categoria' not found.
  void _showCategoriaDialog({Categoria? categoria}) {
                             ^^^^^^^^^
lib/screens/caja/cuadre_caja_screen.dart:35:9:
Error: Type 'ResumenCierreService' not found.
  final ResumenCierreService _resumenCierreService = ResumenCierreService();
        ^^^^^^^^^^^^^^^^^^^^
lib/screens/caja/cuadre_caja_screen.dart:67:8:
Error: Type 'CuadreCaja' not found.
  List<CuadreCaja> _cuadresCaja = [];
       ^^^^^^^^^^
lib/screens/caja/cuadre_caja_screen.dart:69:3:
Error: Type 'CuadreCaja' not found.
  CuadreCaja? _cuadreActual;
  ^^^^^^^^^^
lib/screens/caja/cuadre_caja_screen.dart:72:9:
Error: Type 'CuadreCajaService' not found.
  final CuadreCajaService _cuadreCajaService = CuadreCajaService();
        ^^^^^^^^^^^^^^^^^
lib/screens/caja/cuadre_caja_screen.dart:474:33:
Error: Type 'CuadreCaja' not found.
  void _mostrarResumenDetallado(CuadreCaja cuadre) {
                                ^^^^^^^^^^
lib/screens/caja/abrir_caja_screen.dart:24:9:
Error: Type 'CuadreCajaService' not found.
  final CuadreCajaService _cuadreCajaService = CuadreCajaService();
        ^^^^^^^^^^^^^^^^^
lib/screens/caja/abrir_caja_screen.dart:30:3:
Error: Type 'CuadreCaja' not found.
  CuadreCaja? _cajaActual;
  ^^^^^^^^^^
lib/screens/caja/cerrar_caja_screen.dart:24:3:
Error: Type 'ResumenCierreCompleto' not found.
  ResumenCierreCompleto? _resumenCompletoData;
  ^^^^^^^^^^^^^^^^^^^^^
lib/screens/caja/cerrar_caja_screen.dart:25:9:
Error: Type 'ResumenCierreCompletoService' not found.
  final ResumenCierreCompletoService _resumenService =
        ^^^^^^^^^^^^^^^^^^^^^^^^^^^^
lib/screens/caja/cerrar_caja_screen.dart:35:9:
Error: Type 'CuadreCajaService' not found.
  final CuadreCajaService _cuadreCajaService = CuadreCajaService();
        ^^^^^^^^^^^^^^^^^
lib/screens/caja/cerrar_caja_screen.dart:40:3:
Error: Type 'CuadreCaja' not found.
  CuadreCaja? _cajaActual;
  ^^^^^^^^^^
lib/screens/caja/cerrar_caja_screen.dart:55:9:
Error: Type 'PedidoService' not found.
  final PedidoService _pedidoService = PedidoService();
        ^^^^^^^^^^^^^
lib/screens/reportes/reportes_screen.dart:40:9:
Error: Type 'ReportesService' not found.
  final ReportesService _reportesService = ReportesService();
        ^^^^^^^^^^^^^^^
lib/screens/reportes/reportes_screen.dart:41:9:
Error: Type 'ClienteService' not found.
  final ClienteService _clienteService = ClienteService();
        ^^^^^^^^^^^^^^
lib/screens/reportes/reportes_screen.dart:42:9:
Error: Type 'ProductoService' not found.
  final ProductoService _productoService = ProductoService();
        ^^^^^^^^^^^^^^^
lib/screens/reportes/reportes_screen.dart:45:8:
Error: Type 'Cliente' not found.
  List<Cliente> _clientes = [];
       ^^^^^^^
lib/screens/reportes/reportes_screen.dart:46:8:
Error: Type 'Producto' not found.
  List<Producto> _productos = [];
       ^^^^^^^^
lib/screens/reportes/informes_productos_screen.dart:22:9:
Error: Type 'ReportesService' not found.
  final ReportesService _reportesService = ReportesService();
        ^^^^^^^^^^^^^^^
lib/screens/reportes/informes_productos_screen.dart:23:9:
Error: Type 'ProductoService' not found.
  final ProductoService _productoService = ProductoService();
        ^^^^^^^^^^^^^^^
lib/screens/reportes/informes_productos_screen.dart:24:9:
Error: Type 'ClienteService' not found.
  final ClienteService _clienteService = ClienteService();
        ^^^^^^^^^^^^^^
lib/screens/reportes/informes_productos_screen.dart:26:9:
Error: Type 'PDFService' not found.
  final PDFService _pdfService = PDFService();
        ^^^^^^^^^^
lib/screens/reportes/informes_productos_screen.dart:40:8:
Error: Type 'Cliente' not found.
  List<Cliente> _clientes = [];
       ^^^^^^^
lib/screens/reportes/informes_productos_screen.dart:41:8:
Error: Type 'Producto' not found.
  List<Producto> _productos = [];
       ^^^^^^^^
lib/screens/facturacion/pedidos_screen_fusion.dart:110:9:
Error: Type 'PedidoService' not found.
  final PedidoService _pedidoService = PedidoService();
        ^^^^^^^^^^^^^
lib/screens/facturacion/pedidos_screen_fusion.dart:111:9:
Error: Type 'CuadreCajaService' not found.
  final CuadreCajaService _cuadreCajaService = CuadreCajaService();
        ^^^^^^^^^^^^^^^^^
lib/screens/facturacion/pedidos_screen_fusion.dart:112:9:
Error: Type 'InventarioService' not found.
  final InventarioService _inventarioService = InventarioService();
        ^^^^^^^^^^^^^^^^^
lib/screens/facturacion/pedidos_screen_fusion.dart:113:8:
Error: Type 'Pedido' not found.
  List<Pedido> _pedidos = [];
       ^^^^^^
lib/screens/facturacion/pedidos_screen_fusion.dart:114:8:
Error: Type 'Pedido' not found.
  List<Pedido> _pedidosFiltrados = [];
       ^^^^^^
lib/screens/facturacion/pedidos_screen_fusion.dart:115:8:
Error: Type 'Pedido' not found.
  List<Pedido> _pedidosPorPeriodoCaja =
       ^^^^^^
lib/screens/facturacion/pedidos_screen_fusion.dart:119:3:
Error: Type 'CuadreCaja' not found.
  CuadreCaja? _cajaActiva;
  ^^^^^^^^^^
lib/screens/facturacion/pedidos_screen_fusion.dart:122:3:
Error: Type 'TipoPedido' not found.
  TipoPedido? _tipoFiltro;
  ^^^^^^^^^^
lib/screens/facturacion/pedidos_screen_fusion.dart:123:3:
Error: Type 'EstadoPedido' not found.
  EstadoPedido? _estadoFiltro;
  ^^^^^^^^^^^^
lib/screens/facturacion/pedidos_screen_fusion.dart:126:14:
Error: Type 'EstadoPedido' not found.
  final List<EstadoPedido> _estados = [
             ^^^^^^^^^^^^
lib/screens/facturacion/pedidos_screen_fusion.dart:35:28:
Error: Type 'Pedido' not found.
  double _getTotalCorrecto(Pedido pedido) {
                           ^^^^^^
lib/screens/facturacion/pedidos_screen_fusion.dart:46:35:
Error: Type 'Pedido' not found.
  String _getTotalConPropinaTexto(Pedido pedido) {
                                  ^^^^^^
lib/screens/facturacion/pedidos_screen_fusion.dart:60:21:
Error: Type 'Pedido' not found.
  bool _esPagoMixto(Pedido pedido) {
                    ^^^^^^
lib/screens/facturacion/pedidos_screen_fusion.dart:65:45:
Error: Type 'Pedido' not found.
  Map<String, double> _obtenerDesglosePagos(Pedido pedido) {
                                            ^^^^^^
lib/screens/facturacion/pedidos_screen_fusion.dart:84:33:
Error: Type 'Pedido' not found.
  String _generarTextoPagoMixto(Pedido pedido) {
                                ^^^^^^
lib/screens/facturacion/pedidos_screen_fusion.dart:241:45:
Error: Type 'Pedido' not found.
  Future<void> _reversarInventarioDelPedido(Pedido pedido) async {
                                            ^^^^^^
lib/screens/facturacion/pedidos_screen_fusion.dart:320:25:
Error: Type 'EstadoPedido' not found.
  Color _getEstadoColor(EstadoPedido estado) {
                        ^^^^^^^^^^^^
lib/screens/facturacion/pedidos_screen_fusion.dart:333:26:
Error: Type 'EstadoPedido' not found.
  String _getEstadoTexto(EstadoPedido estado) {
                         ^^^^^^^^^^^^
lib/screens/facturacion/pedidos_screen_fusion.dart:346:23:
Error: Type 'TipoPedido' not found.
  Color _getTipoColor(TipoPedido tipo) {
                      ^^^^^^^^^^
lib/screens/facturacion/pedidos_screen_fusion.dart:363:24:
Error: Type 'TipoPedido' not found.
  String _getTipoTexto(TipoPedido tipo) {
                       ^^^^^^^^^^
lib/screens/facturacion/pedidos_screen_fusion.dart:499:32:
Error: Type 'Pedido' not found.
  Future<void> _cancelarPedido(Pedido pedido) async {
                               ^^^^^^
lib/screens/facturacion/pedidos_screen_fusion.dart:1570:27:
Error: Type 'Pedido' not found.
  Widget _buildPedidoCard(Pedido pedido) {
                          ^^^^^^
lib/screens/gastos/gastos_screen.dart:29:9:
Error: Type 'GastoService' not found.
  final GastoService _gastoService = GastoService();
        ^^^^^^^^^^^^
lib/screens/gastos/gastos_screen.dart:30:9:
Error: Type 'CuadreCajaService' not found.
  final CuadreCajaService _cuadreCajaService = CuadreCajaService();
        ^^^^^^^^^^^^^^^^^
lib/screens/gastos/gastos_screen.dart:31:9:
Error: Type 'ProveedorService' not found.
  final ProveedorService _proveedorService = ProveedorService();
        ^^^^^^^^^^^^^^^^
lib/screens/gastos/gastos_screen.dart:43:8:
Error: Type 'Gasto' not found.
  List<Gasto> _gastos = [];
       ^^^^^
lib/screens/gastos/gastos_screen.dart:44:8:
Error: Type 'TipoGasto' not found.
  List<TipoGasto> _tiposGasto = [];
       ^^^^^^^^^
lib/screens/gastos/gastos_screen.dart:45:8:
Error: Type 'CuadreCaja' not found.
  List<CuadreCaja> _cuadresDisponibles = [];
       ^^^^^^^^^^
lib/screens/gastos/gastos_screen.dart:46:8:
Error: Type 'Proveedor' not found.
  List<Proveedor> _proveedores = [];
       ^^^^^^^^^
lib/screens/gastos/gastos_screen.dart:61:3:
Error: Type 'Gasto' not found.
  Gasto? _gastoEditando;
  ^^^^^
lib/screens/gastos/gastos_screen.dart:195:8:
Error: Type 'Gasto' not found.
  List<Gasto> get _gastosFiltrados {
       ^^^^^
lib/screens/gastos/gastos_screen.dart:240:25:
Error: Type 'Gasto' not found.
  void _showFormDialog({Gasto? gasto}) {
                        ^^^^^
lib/screens/gastos/gastos_screen.dart:464:29:
Error: Type 'Gasto' not found.
  Future<void> _deleteGasto(Gasto gasto) async {
                            ^^^^^
lib/screens/gastos/tipos_gasto_screen.dart:21:9:
Error: Type 'GastoService' not found.
  final GastoService _gastoService = GastoService();
        ^^^^^^^^^^^^
lib/screens/gastos/tipos_gasto_screen.dart:28:8:
Error: Type 'TipoGasto' not found.
  List<TipoGasto> _tiposGasto = [];
       ^^^^^^^^^
lib/screens/gastos/tipos_gasto_screen.dart:31:3:
Error: Type 'TipoGasto' not found.
  TipoGasto? _tipoEditando;
  ^^^^^^^^^
lib/screens/gastos/tipos_gasto_screen.dart:107:25:
Error: Type 'TipoGasto' not found.
  void _showFormDialog({TipoGasto? tipo}) {
                        ^^^^^^^^^
lib/screens/gastos/tipos_gasto_screen.dart:189:33:
Error: Type 'TipoGasto' not found.
  Future<void> _deleteTipoGasto(TipoGasto tipo) async {
                                ^^^^^^^^^
lib/screens/gastos/tipos_gasto_screen.dart:274:30:
Error: Type 'TipoGasto' not found.
  Future<void> _toggleActivo(TipoGasto tipo) async {
                             ^^^^^^^^^
lib/screens/caja/ingresos_caja_screen.dart:14:9:
Error: Type 'IngresoCajaService' not found.
  final IngresoCajaService _service = IngresoCajaService();
        ^^^^^^^^^^^^^^^^^^
lib/screens/caja/ingresos_caja_screen.dart:15:8:
Error: Type 'IngresoCaja' not found.
  List<IngresoCaja> _ingresos = [];
       ^^^^^^^^^^^
lib/screens/caja/ingresos_caja_screen.dart:16:8:
Error: Type 'IngresoCaja' not found.
  List<IngresoCaja> _ingresosFiltrados = [];
       ^^^^^^^^^^^
lib/screens/inventario/traslados_screen.dart:25:9:
Error: Type 'TrasladoService' not found.
  final TrasladoService _trasladoService = TrasladoService();
        ^^^^^^^^^^^^^^^
lib/screens/inventario/traslados_screen.dart:26:9:
Error: Type 'ProductoService' not found.
  final ProductoService _productoService = ProductoService();
        ^^^^^^^^^^^^^^^
lib/screens/inventario/traslados_screen.dart:27:9:
Error: Type 'BodegaService' not found.
  final BodegaService _bodegaService = BodegaService();
        ^^^^^^^^^^^^^
lib/screens/inventario/traslados_screen.dart:30:8:
Error: Type 'Traslado' not found.
  List<Traslado> _traslados = [];
       ^^^^^^^^
lib/screens/inventario/traslados_screen.dart:31:8:
Error: Type 'Traslado' not found.
  List<Traslado> _trasladosFiltrados = [];
       ^^^^^^^^
lib/screens/inventario/traslados_screen.dart:32:8:
Error: Type 'Producto' not found.
  List<Producto> _productos = [];
       ^^^^^^^^
lib/screens/inventario/traslados_screen.dart:33:8:
Error: Type 'Bodega' not found.
  List<Bodega> _bodegas = [];
       ^^^^^^
lib/screens/inventario/traslados_screen.dart:548:29:
Error: Type 'Traslado' not found.
  Widget _buildFilaTraslado(Traslado traslado) {
                            ^^^^^^^^
lib/screens/inventario/traslados_screen.dart:626:34:
Error: Type 'Traslado' not found.
  Widget _buildAccionesCompactas(Traslado traslado) {
                                 ^^^^^^^^
lib/screens/inventario/traslados_screen.dart:716:25:
Error: Type 'Traslado' not found.
  Widget _buildAcciones(Traslado traslado) {
                        ^^^^^^^^
lib/screens/inventario/traslados_screen.dart:823:32:
Error: Type 'Traslado' not found.
  void _mostrarDialogoProcesar(Traslado traslado) {
                               ^^^^^^^^
lib/screens/inventario/traslados_screen.dart:958:33:
Error: Type 'Traslado' not found.
  Future<void> _aceptarTraslado(Traslado traslado, String aprobador) async {
                                ^^^^^^^^
lib/screens/inventario/traslados_screen.dart:1042:21:
Error: Type 'Traslado' not found.
  void _verDetalles(Traslado traslado) {
                    ^^^^^^^^
lib/screens/inventario/traslados_screen.dart:1245:14:
Error: Type 'Producto' not found.
  final List<Producto> productos;
             ^^^^^^^^
lib/screens/inventario/traslados_screen.dart:1263:9:
Error: Type 'TrasladoService' not found.
  final TrasladoService _trasladoService = TrasladoService();
        ^^^^^^^^^^^^^^^
lib/screens/inventario/traslados_screen.dart:1264:9:
Error: Type 'BodegaService' not found.
  final BodegaService _bodegaService = BodegaService();
        ^^^^^^^^^^^^^
lib/screens/inventario/traslados_screen.dart:1274:3:
Error: Type 'Producto' not found.
  Producto? _productoSeleccionado;
  ^^^^^^^^
lib/screens/inventario/traslados_screen.dart:1281:8:
Error: Type 'Bodega' not found.
  List<Bodega> _bodegas = [];
       ^^^^^^
lib/screens/inventario/bodegas_screen.dart:16:9:
Error: Type 'BodegaService' not found.
  final BodegaService _bodegaService = BodegaService();
        ^^^^^^^^^^^^^
lib/screens/inventario/bodegas_screen.dart:19:8:
Error: Type 'Bodega' not found.
  List<Bodega> _bodegas = [];
       ^^^^^^
lib/screens/inventario/bodegas_screen.dart:20:8:
Error: Type 'Bodega' not found.
  List<Bodega> _bodegasFiltradas = [];
       ^^^^^^
lib/screens/inventario/bodegas_screen.dart:87:39:
Error: Type 'Bodega' not found.
  Future<void> _mostrarDialogoBodega({Bodega? bodega}) async {
                                      ^^^^^^
lib/screens/inventario/bodegas_screen.dart:455:35:
Error: Type 'Bodega' not found.
  Future<void> _confirmarEliminar(Bodega bodega) async {
                                  ^^^^^^
lib/screens/inventario/bodegas_screen.dart:765:27:
Error: Type 'Bodega' not found.
  Widget _buildBodegaCard(Bodega bodega) {
                          ^^^^^^
lib/screens/facturacion/asesor_pedidos_screen.dart:28:9:
Error: Type 'PedidoAsesorService' not found.
  final PedidoAsesorService _pedidoService = PedidoAsesorService();
        ^^^^^^^^^^^^^^^^^^^
lib/screens/facturacion/asesor_pedidos_screen.dart:29:9:
Error: Type 'ProductoService' not found.
  final ProductoService _productoService = ProductoService();
        ^^^^^^^^^^^^^^^
lib/screens/facturacion/asesor_pedidos_screen.dart:30:9:
Error: Type 'ClienteService' not found.
  final ClienteService _clienteService = ClienteService();
        ^^^^^^^^^^^^^^
lib/screens/facturacion/asesor_pedidos_screen.dart:44:8:
Error: Type 'ItemPedido' not found.
  List<ItemPedido> _carrito = [];
       ^^^^^^^^^^
lib/screens/facturacion/asesor_pedidos_screen.dart:45:8:
Error: Type 'Producto' not found.
  List<Producto> _productos = [];
       ^^^^^^^^
lib/screens/facturacion/asesor_pedidos_screen.dart:46:8:
Error: Type 'Producto' not found.
  List<Producto> _productosFiltrados = [];
       ^^^^^^^^
lib/screens/facturacion/asesor_pedidos_screen.dart:47:8:
Error: Type 'Categoria' not found.
  List<Categoria> _categorias = [];
       ^^^^^^^^^
lib/screens/facturacion/asesor_pedidos_screen.dart:48:8:
Error: Type 'Cliente' not found.
  List<Cliente> _clientes = [];
       ^^^^^^^
lib/screens/facturacion/asesor_pedidos_screen.dart:50:3:
Error: Type 'Producto' not found.
  Producto? _productoSeleccionado;
  ^^^^^^^^
lib/screens/facturacion/asesor_pedidos_screen.dart:51:3:
Error: Type 'Cliente' not found.
  Cliente? _clienteSeleccionado;
  ^^^^^^^
lib/screens/facturacion/asesor_pedidos_screen.dart:154:29:
Error: Type 'Producto' not found.
  void _seleccionarProducto(Producto producto) {
                            ^^^^^^^^
lib/screens/facturacion/asesor_pedidos_screen.dart:161:26:
Error: Type 'Producto' not found.
  void _agregarAlCarrito(Producto producto) async {
                         ^^^^^^^^
lib/screens/facturacion/asesor_pedidos_screen.dart:728:29:
Error: Type 'Producto' not found.
  Widget _buildProductoCard(Producto producto) {
                            ^^^^^^^^
lib/screens/facturacion/asesor_pedidos_screen.dart:1362:28:
Error: Type 'ItemPedido' not found.
  Widget _buildCarritoItem(ItemPedido item, int index) {
                           ^^^^^^^^^^
lib/screens/facturacion/asesor_pedidos_screen.dart:1540:5:
Error: Type 'Producto' not found.
    Producto producto,
    ^^^^^^^^
lib/screens/facturacion/asesor_pedidos_screen.dart:1729:44:
Error: Type 'UserProvider' not found.
  void _cerrarSesion(BuildContext context, UserProvider userProvider) {
                                           ^^^^^^^^^^^^
lib/screens/facturacion/asesor_pedidos_screen.dart:2425:5:
Error: Type 'ItemPedido' not found.
    ItemPedido item,
    ^^^^^^^^^^
lib/screens/admin/admin_pedidos_asesor_screen.dart:16:9:
Error: Type 'PedidoAsesorService' not found.
  final PedidoAsesorService _pedidoService = PedidoAsesorService();
        ^^^^^^^^^^^^^^^^^^^
lib/screens/admin/admin_pedidos_asesor_screen.dart:18:8:
Error: Type 'PedidoAsesor' not found.
  List<PedidoAsesor> _pedidos = [];
       ^^^^^^^^^^^^
lib/screens/admin/admin_pedidos_asesor_screen.dart:19:8:
Error: Type 'PedidoAsesor' not found.
  List<PedidoAsesor> _pedidosFiltrados = [];
       ^^^^^^^^^^^^
lib/screens/admin/admin_pedidos_asesor_screen.dart:60:27:
Error: Type 'PedidoAsesor' not found.
  void _seleccionarPedido(PedidoAsesor pedido) async {
                          ^^^^^^^^^^^^
lib/screens/admin/admin_pedidos_asesor_screen.dart:250:27:
Error: Type 'PedidoAsesor' not found.
  Widget _buildPedidoCard(PedidoAsesor pedido) {
                          ^^^^^^^^^^^^
lib/screens/compras/proveedores_list_screen.dart:19:10:
Error: Type 'PaginacionMixin' not found.
    with PaginacionMixin<ProveedoresListScreen> {
         ^^^^^^^^^^^^^^^
lib/screens/compras/proveedores_list_screen.dart:20:9:
Error: Type 'ProveedorService' not found.
  final ProveedorService _proveedorService = ProveedorService();
        ^^^^^^^^^^^^^^^^
lib/screens/compras/proveedores_list_screen.dart:27:8:
Error: Type 'Proveedor' not found.
  List<Proveedor> _proveedores = [];
       ^^^^^^^^^
lib/screens/compras/proveedores_list_screen.dart:28:8:
Error: Type 'Proveedor' not found.
  List<Proveedor> _proveedoresFiltrados = [];
       ^^^^^^^^^
lib/screens/compras/proveedores_list_screen.dart:393:26:
Error: Type 'Proveedor' not found.
  Widget _buildFilaTabla(Proveedor proveedor, int index) {
                         ^^^^^^^^^
lib/screens/compras/proveedores_list_screen.dart:497:34:
Error: Type 'Proveedor' not found.
  void _mostrarDialogoProveedor({Proveedor? proveedor}) {
                                 ^^^^^^^^^
lib/screens/compras/proveedores_list_screen.dart:1038:35:
Error: Type 'Proveedor' not found.
  Future<void> _confirmarEliminar(Proveedor proveedor) async {
                                  ^^^^^^^^^
lib/screens/compras/compras_list_screen.dart:20:10:
Error: Type 'PaginacionMixin' not found.
    with PaginacionMixin<ComprasListScreen> {
         ^^^^^^^^^^^^^^^
lib/screens/compras/compras_list_screen.dart:21:9:
Error: Type 'FacturaCompraService' not found.
  final FacturaCompraService _facturaCompraService = FacturaCompraService();
        ^^^^^^^^^^^^^^^^^^^^
lib/screens/compras/compras_list_screen.dart:22:9:
Error: Type 'ProveedorService' not found.
  final ProveedorService _proveedorService = ProveedorService();
        ^^^^^^^^^^^^^^^^
lib/screens/compras/compras_list_screen.dart:38:8:
Error: Type 'FacturaCompra' not found.
  List<FacturaCompra> _compras = [];
       ^^^^^^^^^^^^^
lib/screens/compras/compras_list_screen.dart:39:8:
Error: Type 'FacturaCompra' not found.
  List<FacturaCompra> _comprasFiltradas = [];
       ^^^^^^^^^^^^^
lib/screens/compras/compras_list_screen.dart:40:8:
Error: Type 'Proveedor' not found.
  List<Proveedor> _proveedores = [];
       ^^^^^^^^^
lib/screens/compras/compras_list_screen.dart:648:26:
Error: Type 'FacturaCompra' not found.
  Widget _buildFilaTabla(FacturaCompra compra, int index) {
                         ^^^^^^^^^^^^^
lib/screens/compras/compras_list_screen.dart:848:41:
Error: Type 'FacturaCompra' not found.
  Future<void> _confirmarEliminarCompra(FacturaCompra compra) async {
                                        ^^^^^^^^^^^^^
lib/screens/gastos/gastos_list_screen.dart:16:67:
Error: Type 'PaginacionMixin' not found.
class _GastosListScreenState extends State<GastosListScreen> with PaginacionMixin<GastosListScreen> {
                                                                  ^^^^^^^^^^^^^^^
lib/screens/gastos/gastos_list_screen.dart:17:9:
Error: Type 'GastoService' not found.
  final GastoService _gastoService = GastoService();
        ^^^^^^^^^^^^
lib/screens/gastos/gastos_list_screen.dart:32:8:
Error: Type 'Gasto' not found.
  List<Gasto> _gastos = [];
       ^^^^^
lib/screens/gastos/gastos_list_screen.dart:33:8:
Error: Type 'Gasto' not found.
  List<Gasto> _gastosFiltrados = [];
       ^^^^^
lib/screens/gastos/gastos_list_screen.dart:617:26:
Error: Type 'Gasto' not found.
  Widget _buildFilaTabla(Gasto gasto, int index) {
                         ^^^^^
lib/screens/gastos/gastos_list_screen.dart:802:29:
Error: Type 'Gasto' not found.
  void _mostrarDetalleGasto(Gasto gasto) {
                            ^^^^^
lib/screens/gastos/gastos_list_screen.dart:881:27:
Error: Type 'Gasto' not found.
  void _confirmarEliminar(Gasto gasto) {
                          ^^^^^
lib/screens/gastos/gastos_list_screen.dart:912:31:
Error: Type 'Gasto' not found.
  Future<void> _eliminarGasto(Gasto gasto) async {
                              ^^^^^
lib/screens/facturacion/productos_list_screen.dart:29:73:
Error: Type 'PaginacionMixin' not found.
class _ProductosListScreenState extends State<ProductosListScreen> with PaginacionMixin<ProductosListScreen> {
                                                                        ^^^^^^^^^^^^^^^
lib/screens/facturacion/productos_list_screen.dart:30:9:
Error: Type 'ProductoService' not found.
  final ProductoService _productoService = ProductoService();
        ^^^^^^^^^^^^^^^
lib/screens/facturacion/productos_list_screen.dart:40:8:
Error: Type 'Producto' not found.
  List<Producto> _productos = [];
       ^^^^^^^^
lib/screens/facturacion/productos_list_screen.dart:41:8:
Error: Type 'Producto' not found.
  List<Producto> _productosFiltrados = [];
       ^^^^^^^^
lib/screens/facturacion/productos_list_screen.dart:42:8:
Error: Type 'Categoria' not found.
  List<Categoria> _categorias = [];
       ^^^^^^^^^
lib/screens/facturacion/productos_list_screen.dart:135:31:
Error: Type 'Producto' not found.
  String _getEstadoInventario(Producto producto) {
                              ^^^^^^^^
lib/screens/facturacion/productos_list_screen.dart:151:22:
Error: Type 'Producto' not found.
  int _getStockTotal(Producto producto) {
                     ^^^^^^^^
lib/screens/facturacion/productos_list_screen.dart:557:26:
Error: Type 'Producto' not found.
  Widget _buildFilaTabla(Producto producto, int index) {
                         ^^^^^^^^
lib/screens/facturacion/productos_list_screen.dart:783:32:
Error: Type 'Producto' not found.
  void _mostrarDetalleProducto(Producto producto) {
                               ^^^^^^^^
lib/screens/facturacion/productos_list_screen.dart:888:28:
Error: Type 'Producto' not found.
  void _mostrarUbicaciones(Producto producto) {
                           ^^^^^^^^
lib/screens/facturacion/productos_list_screen.dart:974:24:
Error: Type 'Producto' not found.
  void _editarProducto(Producto producto) {
                       ^^^^^^^^
lib/screens/facturacion/productos_list_screen.dart:1035:44:
Error: Type 'Producto' not found.
  void _mostrarFormularioProductoCompleto({Producto? producto}) {
                                           ^^^^^^^^
lib/screens/facturacion/productos_list_screen.dart:1328:36:
Error: Type 'Producto' not found.
  void _mostrarFormularioProducto({Producto? producto}) {
                                   ^^^^^^^^
lib/screens/facturacion/productos_list_screen.dart:1588:5:
Error: Type 'Producto' not found.
    Producto? producto,
    ^^^^^^^^
lib/screens/facturacion/productos_list_screen.dart:1681:26:
Error: Type 'Producto' not found.
  void _eliminarProducto(Producto producto) {
                         ^^^^^^^^
lib/screens/facturacion/productos_list_screen.dart:1759:38:
Error: Type 'Producto' not found.
  Future<void> _confirmarEliminacion(Producto producto) async {
                                     ^^^^^^^^
lib/screens/facturacion/productos_list_screen.dart:2357:5:
Error: Type 'Producto' not found.
    Producto? producto,
    ^^^^^^^^
lib/screens/facturacion/productos_list_screen.dart:2836:44:
Error: Type 'Producto' not found.
  void _mostrarDialogoImprimirCodigoBarras(Producto producto) {
                                           ^^^^^^^^
lib/screens/facturacion/productos_list_screen.dart:3012:5:
Error: Type 'Producto' not found.
    Producto producto, {
    ^^^^^^^^
lib/screens/facturacion/productos_list_screen.dart:3169:5:
Error: Type 'Producto' not found.
    Producto producto,
    ^^^^^^^^
lib/screens/facturacion/productos_list_screen.dart:3399:14:
Error: Type 'Producto' not found.
    required Producto producto,
             ^^^^^^^^
lib/screens/facturacion/productos_list_screen.dart:3556:33:
Error: Type 'Producto' not found.
  void _mostrarMovimientosStock(Producto producto) {
                                ^^^^^^^^
lib/screens/facturacion/productos_screen.dart:41:9:
Error: Type 'ImageService' not found.
  final ImageService _imageService = ImageService();
        ^^^^^^^^^^^^
lib/screens/facturacion/productos_screen.dart:42:9:
Error: Type 'ProductoService' not found.
  final ProductoService _productoService = ProductoService();
        ^^^^^^^^^^^^^^^
lib/screens/facturacion/productos_screen.dart:43:9:
Error: Type 'ImageLoaderService' not found.
  final ImageLoaderService _imageLoader = ImageLoaderService();
        ^^^^^^^^^^^^^^^^^^
lib/screens/facturacion/productos_screen.dart:52:8:
Error: Type 'Producto' not found.
  List<Producto> _productosCache = []; // Todos los productos desde cache
       ^^^^^^^^
lib/screens/facturacion/productos_screen.dart:53:8:
Error: Type 'Producto' not found.
  List<Producto> _productosFiltrados = []; // Productos después de filtros
       ^^^^^^^^
lib/screens/facturacion/productos_screen.dart:54:8:
Error: Type 'Producto' not found.
  List<Producto> _productosPaginados = []; // Productos de la página actual
       ^^^^^^^^
lib/screens/facturacion/productos_screen.dart:55:8:
Error: Type 'Categoria' not found.
  List<Categoria> _categorias = [];
       ^^^^^^^^^
lib/screens/facturacion/productos_screen.dart:56:8:
Error: Type 'Ingrediente' not found.
  List<Ingrediente> _ingredientesCarnes = [];
       ^^^^^^^^^^^
lib/screens/facturacion/productos_screen.dart:3307:15:
Error: Type 'Ingrediente' not found.
  static List<Ingrediente>? _ingredientesCache;
              ^^^^^^^^^^^
lib/screens/facturacion/productos_screen.dart:761:29:
Error: Type 'Producto' not found.
  Widget _buildProductoItem(Producto producto) {
                            ^^^^^^^^
lib/screens/facturacion/productos_screen.dart:901:29:
Error: Type 'Producto' not found.
  Widget _buildProductImage(Producto producto) {
                            ^^^^^^^^
lib/screens/facturacion/productos_screen.dart:912:38:
Error: Type 'Producto' not found.
  void _showDeleteConfirmationDialog(Producto producto) {
                                     ^^^^^^^^
lib/screens/facturacion/productos_screen.dart:1008:29:
Error: Type 'Producto' not found.
  void _showProductoDialog({Producto? producto}) {
                            ^^^^^^^^
lib/screens/facturacion/productos_screen.dart:3268:15:
Error: Type 'Ingrediente' not found.
  Future<List<Ingrediente>> _cargarIngredientesDisponibles() async {
              ^^^^^^^^^^^
lib/screens/facturacion/productos_screen.dart:3310:27:
Error: Type 'IngredienteProducto' not found.
  Future<Map<String, List<IngredienteProducto>>?> _showIngredientesDialog({
                          ^^^^^^^^^^^^^^^^^^^
lib/screens/facturacion/productos_screen.dart:3312:19:
Error: Type 'IngredienteProducto' not found.
    required List<IngredienteProducto> ingredientesRequeridos,
                  ^^^^^^^^^^^^^^^^^^^
lib/screens/facturacion/productos_screen.dart:3313:19:
Error: Type 'IngredienteProducto' not found.
    required List<IngredienteProducto> ingredientesOpcionales,
                  ^^^^^^^^^^^^^^^^^^^
lib/screens/facturacion/productos_screen.dart:3520:19:
Error: Type 'IngredienteProducto' not found.
    required List<IngredienteProducto> ingredientes,
                  ^^^^^^^^^^^^^^^^^^^
lib/screens/facturacion/productos_screen.dart:3522:19:
Error: Type 'Ingrediente' not found.
    required List<Ingrediente> ingredientesDisponibles,
                  ^^^^^^^^^^^
lib/screens/facturacion/productos_screen.dart:3586:10:
Error: Type 'IngredienteProducto' not found.
    List<IngredienteProducto> lista,
         ^^^^^^^^^^^^^^^^^^^
lib/screens/facturacion/productos_screen.dart:3588:10:
Error: Type 'Ingrediente' not found.
    List<Ingrediente> ingredientesDisponibles,
         ^^^^^^^^^^^
lib/screens/facturacion/productos_screen.dart:3871:5:
Error: Type 'Ingrediente' not found.
    Ingrediente? selectedIngrediente,
    ^^^^^^^^^^^
lib/screens/facturacion/productos_screen.dart:4580:5:
Error: Type 'Producto' not found.
    Producto producto, {
    ^^^^^^^^
lib/screens/facturacion/productos_screen.dart:4696:5:
Error: Type 'Producto' not found.
    Producto producto,
    ^^^^^^^^
lib/screens/cartera/cartera_screen.dart:23:9:
Error: Type 'CarteraService' not found.
  final CarteraService _carteraService = CarteraService();
        ^^^^^^^^^^^^^^
lib/screens/cartera/cartera_screen.dart:25:3:
Error: Type 'ResumenCartera' not found.
  ResumenCartera? resumen;
  ^^^^^^^^^^^^^^
lib/screens/cartera/cuentas_por_cobrar_screen.dart:20:9:
Error: Type 'CarteraService' not found.
  final CarteraService _carteraService = CarteraService();
        ^^^^^^^^^^^^^^
lib/screens/cartera/cuentas_por_cobrar_screen.dart:21:9:
Error: Type 'PedidoService' not found.
  final PedidoService _pedidoService = PedidoService();
        ^^^^^^^^^^^^^
lib/screens/cartera/cuentas_por_cobrar_screen.dart:23:8:
Error: Type 'CuentaPorCobrar' not found.
  List<CuentaPorCobrar> cuentas = [];
       ^^^^^^^^^^^^^^^
lib/screens/cartera/cuentas_por_cobrar_screen.dart:24:8:
Error: Type 'CuentaPorCobrar' not found.
  List<CuentaPorCobrar> cuentasFiltradas = [];
       ^^^^^^^^^^^^^^^
lib/screens/cartera/cuentas_por_cobrar_screen.dart:25:8:
Error: Type 'Pedido' not found.
  List<Pedido> deudas = []; // ✅ Deudas de facturación
       ^^^^^^
lib/screens/cartera/cuentas_por_cobrar_screen.dart:28:3:
Error: Type 'EstadoCuenta' not found.
  EstadoCuenta? filtroEstado;
  ^^^^^^^^^^^^
lib/screens/cartera/cuentas_por_cobrar_screen.dart:111:32:
Error: Type 'CuentaPorCobrar' not found.
  Future<void> _registrarAbono(CuentaPorCobrar cuenta) async {
                               ^^^^^^^^^^^^^^^
lib/screens/cartera/cuentas_por_cobrar_screen.dart:176:31:
Error: Type 'CuentaPorCobrar' not found.
  Future<void> _procesarAbono(CuentaPorCobrar cuenta, double monto) async {
                              ^^^^^^^^^^^^^^^
lib/screens/cartera/cuentas_por_cobrar_screen.dart:288:41:
Error: Type 'EstadoCuenta' not found.
  Widget _buildFiltroChip(String label, EstadoCuenta? estado) {
                                        ^^^^^^^^^^^^
lib/screens/cartera/cuentas_por_cobrar_screen.dart:503:27:
Error: Type 'CuentaPorCobrar' not found.
  Widget _buildCuentaCard(CuentaPorCobrar cuenta) {
                          ^^^^^^^^^^^^^^^
lib/screens/cartera/cuentas_por_cobrar_screen.dart:742:26:
Error: Type 'Pedido' not found.
  Widget _buildDeudaCard(Pedido deuda) {
                         ^^^^^^
lib/screens/cartera/cuentas_por_cobrar_screen.dart:962:33:
Error: Type 'Pedido' not found.
  Future<void> _verDetalleDeuda(Pedido deuda) async {
                                ^^^^^^
lib/screens/cartera/cuentas_por_cobrar_screen.dart:1087:28:
Error: Type 'Pedido' not found.
  Future<void> _pagarDeuda(Pedido deuda) async {
                           ^^^^^^
lib/screens/cartera/cuentas_por_pagar_screen.dart:20:9:
Error: Type 'CarteraService' not found.
  final CarteraService _carteraService = CarteraService();
        ^^^^^^^^^^^^^^
lib/screens/cartera/cuentas_por_pagar_screen.dart:21:9:
Error: Type 'ProveedorService' not found.
  final ProveedorService _proveedorService = ProveedorService();
        ^^^^^^^^^^^^^^^^
lib/screens/cartera/cuentas_por_pagar_screen.dart:23:8:
Error: Type 'CuentaPorPagar' not found.
  List<CuentaPorPagar> cuentas = [];
       ^^^^^^^^^^^^^^
lib/screens/cartera/cuentas_por_pagar_screen.dart:24:8:
Error: Type 'CuentaPorPagar' not found.
  List<CuentaPorPagar> cuentasFiltradas = [];
       ^^^^^^^^^^^^^^
lib/screens/cartera/cuentas_por_pagar_screen.dart:27:3:
Error: Type 'EstadoCuentaPagar' not found.
  EstadoCuentaPagar? filtroEstado;
  ^^^^^^^^^^^^^^^^^
lib/screens/cartera/cuentas_por_pagar_screen.dart:103:31:
Error: Type 'CuentaPorPagar' not found.
  Future<void> _registrarPago(CuentaPorPagar cuenta) async {
                              ^^^^^^^^^^^^^^
lib/screens/cartera/cuentas_por_pagar_screen.dart:178:30:
Error: Type 'CuentaPorPagar' not found.
  Future<void> _procesarPago(CuentaPorPagar cuenta, double monto) async {
                             ^^^^^^^^^^^^^^
lib/screens/cartera/cuentas_por_pagar_screen.dart:320:41:
Error: Type 'EstadoCuentaPagar' not found.
  Widget _buildFiltroChip(String label, EstadoCuentaPagar? estado) {
                                        ^^^^^^^^^^^^^^^^^
lib/screens/cartera/cuentas_por_pagar_screen.dart:478:27:
Error: Type 'CuentaPorPagar' not found.
  Widget _buildCuentaCard(CuentaPorPagar cuenta) {
                          ^^^^^^^^^^^^^^
lib/screens/cartera/cuentas_por_pagar_screen.dart:1109:29:
Error: Type 'CuentaPorPagar' not found.
  Future<void> _crearCuenta(CuentaPorPagar cuenta) async {
                            ^^^^^^^^^^^^^^
lib/screens/cartera/cuentas_por_pagar_screen.dart:1140:38:
Error: Type 'CuentaPorPagar' not found.
  void _enviarAlertaNuevaCxPTelegram(CuentaPorPagar cuenta) {
                                     ^^^^^^^^^^^^^^
lib/screens/cartera/cuentas_por_pagar_screen.dart:1148:24:
Error: Type 'TipoCuentaPagar' not found.
  String _getTipoLabel(TipoCuentaPagar tipo) {
                       ^^^^^^^^^^^^^^^
lib/screens/cartera/cuentas_por_pagar_screen.dart:1169:30:
Error: Type 'FrecuenciaCuentaPagar' not found.
  String _getFrecuenciaLabel(FrecuenciaCuentaPagar frecuencia) {
                             ^^^^^^^^^^^^^^^^^^^^^
lib/screens/cartera/cuentas_por_pagar_screen.dart:1186:44:
Error: Type 'CuentaPorPagar' not found.
  Future<void> _enviarAlertaTelegramManual(CuentaPorPagar cuenta) async {
                                           ^^^^^^^^^^^^^^
lib/screens/gastos/gastos_programados_screen.dart:17:9:
Error: Type 'CarteraService' not found.
  final CarteraService _carteraService = CarteraService();
        ^^^^^^^^^^^^^^
lib/screens/gastos/gastos_programados_screen.dart:19:8:
Error: Type 'GastoProgramado' not found.
  List<GastoProgramado> gastos = [];
       ^^^^^^^^^^^^^^^
lib/screens/gastos/gastos_programados_screen.dart:20:8:
Error: Type 'GastoProgramado' not found.
  List<GastoProgramado> gastosFiltrados = [];
       ^^^^^^^^^^^^^^^
lib/screens/gastos/gastos_programados_screen.dart:23:3:
Error: Type 'CategoriaGasto' not found.
  CategoriaGasto? filtroCategoria;
  ^^^^^^^^^^^^^^
lib/screens/gastos/gastos_programados_screen.dart:24:3:
Error: Type 'EstadoGastoProgramado' not found.
  EstadoGastoProgramado? filtroEstado;
  ^^^^^^^^^^^^^^^^^^^^^
lib/screens/gastos/gastos_programados_screen.dart:126:34:
Error: Type 'GastoProgramado' not found.
  Future<void> _marcarComoPagado(GastoProgramado gasto) async {
                                 ^^^^^^^^^^^^^^^
lib/screens/gastos/gastos_programados_screen.dart:184:30:
Error: Type 'GastoProgramado' not found.
  Future<void> _procesarPago(GastoProgramado gasto, double montoReal) async {
                             ^^^^^^^^^^^^^^^
lib/screens/gastos/gastos_programados_screen.dart:326:44:
Error: Type 'CategoriaGasto' not found.
  Widget _buildCategoriaChip(String label, CategoriaGasto? categoria) {
                                           ^^^^^^^^^^^^^^
lib/screens/gastos/gastos_programados_screen.dart:488:26:
Error: Type 'GastoProgramado' not found.
  Widget _buildGastoCard(GastoProgramado gasto) {
                         ^^^^^^^^^^^^^^^
lib/screens/gastos/gastos_programados_screen.dart:768:9:
Error: Type 'CarteraService' not found.
  final CarteraService _carteraService = CarteraService();
        ^^^^^^^^^^^^^^
lib/screens/gastos/gastos_programados_screen.dart:774:3:
Error: Type 'CategoriaGasto' not found.
  CategoriaGasto categoria = CategoriaGasto.serviciosPublicos;
  ^^^^^^^^^^^^^^
lib/screens/gastos/gastos_programados_screen.dart:775:3:
Error: Type 'FrecuenciaGasto' not found.
  FrecuenciaGasto frecuencia = FrecuenciaGasto.mensual;
  ^^^^^^^^^^^^^^^
lib/screens/reportes/alertas_screen.dart:17:9:
Error: Type 'AlertasService' not found.
  final AlertasService _alertasService = AlertasService();
        ^^^^^^^^^^^^^^
lib/screens/reportes/alertas_screen.dart:18:9:
Error: Type 'CarteraService' not found.
  final CarteraService _carteraService = CarteraService();
        ^^^^^^^^^^^^^^
lib/screens/reportes/alertas_screen.dart:21:3:
Error: Type 'EstadoMicroservicio' not found.
  EstadoMicroservicio? estadoMicroservicio;
  ^^^^^^^^^^^^^^^^^^^
lib/screens/admin/autorizaciones_screen.dart:14:9:
Error: Type 'UserManagementService' not found.
  final UserManagementService _userService = UserManagementService();
        ^^^^^^^^^^^^^^^^^^^^^
lib/screens/facturacion/eliminar_pedidos_screen.dart:15:9:
Error: Type 'PedidoService' not found.
  final PedidoService _pedidoService = PedidoService();
        ^^^^^^^^^^^^^
lib/screens/facturacion/eliminar_pedidos_screen.dart:18:8:
Error: Type 'Pedido' not found.
  List<Pedido> _pedidosHoy = [];
       ^^^^^^
lib/screens/facturacion/eliminar_pedidos_screen.dart:681:26:
Error: Type 'Pedido' not found.
  Widget _buildPedidoRow(Pedido pedido, bool isSelected) {
                         ^^^^^^
lib/screens/admin/negocio_info_screen.dart:17:9:
Error: Type 'NegocioInfoService' not found.
  final NegocioInfoService _negocioInfoService = NegocioInfoService();
        ^^^^^^^^^^^^^^^^^^
lib/screens/admin/negocio_info_screen.dart:50:3:
Error: Type 'NegocioInfo' not found.
  NegocioInfo? _currentInfo;
  ^^^^^^^^^^^
lib/screens/admin/negocio_info_screen.dart:131:26:
Error: Type 'NegocioInfo' not found.
  void _llenarFormulario(NegocioInfo info) {
                         ^^^^^^^^^^^
lib/screens/facturacion/documentos_pendientes_screen.dart:35:9:
Error: Type 'DocumentoService' not found.
  final DocumentoService _documentoService = DocumentoService();
        ^^^^^^^^^^^^^^^^
lib/screens/facturacion/documentos_pendientes_screen.dart:36:9:
Error: Type 'MatiasWebhookService' not found.
  final MatiasWebhookService _webhookService = MatiasWebhookService();
        ^^^^^^^^^^^^^^^^^^^^
lib/screens/facturacion/documentos_pendientes_screen.dart:46:8:
Error: Type 'DocumentoFE' not found.
  List<DocumentoFE> _documentos = [];
       ^^^^^^^^^^^
lib/screens/facturacion/documentos_pendientes_screen.dart:89:28:
Error: Type 'MatiasWebhookEvent' not found.
  void _handleWebhookEvent(MatiasWebhookEvent evento) {
                           ^^^^^^^^^^^^^^^^^^
lib/screens/facturacion/documentos_pendientes_screen.dart:96:31:
Error: Type 'MatiasWebhookEvent' not found.
  void _procesarEventoPorTipo(MatiasWebhookEvent evento) {
                              ^^^^^^^^^^^^^^^^^^
lib/screens/facturacion/documentos_pendientes_screen.dart:171:8:
Error: Type 'DocumentoFE' not found.
  List<DocumentoFE> get _documentosFiltrados {
       ^^^^^^^^^^^
lib/screens/facturacion/documentos_pendientes_screen.dart:184:35:
Error: Type 'DocumentoFE' not found.
  Future<void> _facturarDocumento(DocumentoFE doc) async {
                                  ^^^^^^^^^^^
lib/screens/facturacion/documentos_pendientes_screen.dart:219:35:
Error: Type 'DocumentoFE' not found.
  Future<void> _reenviarDocumento(DocumentoFE doc) async {
                                  ^^^^^^^^^^^
lib/screens/facturacion/documentos_pendientes_screen.dart:303:30:
Error: Type 'DocumentoFE' not found.
  Future<void> _descargarPDF(DocumentoFE doc) async {
                             ^^^^^^^^^^^
lib/screens/facturacion/documentos_pendientes_screen.dart:331:29:
Error: Type 'DocumentoFE' not found.
  Future<void> _descargarQR(DocumentoFE doc) async {
                            ^^^^^^^^^^^
lib/screens/facturacion/documentos_pendientes_screen.dart:360:30:
Error: Type 'DocumentoFE' not found.
  Future<void> _descargarXML(DocumentoFE doc) async {
                             ^^^^^^^^^^^
lib/screens/facturacion/documentos_pendientes_screen.dart:387:30:
Error: Type 'DocumentoFE' not found.
  Future<void> _consultarPDF(DocumentoFE doc) async {
                             ^^^^^^^^^^^
lib/screens/facturacion/documentos_pendientes_screen.dart:434:35:
Error: Type 'DocumentoFE' not found.
  Future<void> _reenviarPorCorreo(DocumentoFE doc) async {
                                  ^^^^^^^^^^^
lib/screens/facturacion/documentos_pendientes_screen.dart:466:33:
Error: Type 'DocumentoFE' not found.
  String _obtenerCorreoSugerido(DocumentoFE doc) {
                                ^^^^^^^^^^^
lib/screens/facturacion/documentos_pendientes_screen.dart:529:34:
Error: Type 'DocumentoFE' not found.
  Future<void> _crearNotaCredito(DocumentoFE doc) async {
                                 ^^^^^^^^^^^
lib/screens/facturacion/documentos_pendientes_screen.dart:549:33:
Error: Type 'DocumentoFE' not found.
  Future<void> _crearNotaDebito(DocumentoFE doc) async {
                                ^^^^^^^^^^^
lib/screens/facturacion/documentos_pendientes_screen.dart:569:37:
Error: Type 'DocumentoFE' not found.
  Future<void> _consultarStatusDIAN(DocumentoFE doc) async {
                                    ^^^^^^^^^^^
lib/screens/facturacion/documentos_pendientes_screen.dart:979:9:
Error: Type 'DocumentoFE' not found.
  final DocumentoFE documento;
        ^^^^^^^^^^^
lib/screens/facturacion/documentos_pendientes_screen.dart:980:31:
Error: Type 'DocumentoFE' not found.
  final Future<void> Function(DocumentoFE) onFacturar;
                              ^^^^^^^^^^^
lib/screens/facturacion/documentos_pendientes_screen.dart:981:31:
Error: Type 'DocumentoFE' not found.
  final Future<void> Function(DocumentoFE) onReenviar;
                              ^^^^^^^^^^^
lib/screens/facturacion/documentos_pendientes_screen.dart:982:31:
Error: Type 'DocumentoFE' not found.
  final Future<void> Function(DocumentoFE) onConsultarPDF;
                              ^^^^^^^^^^^
lib/screens/facturacion/documentos_pendientes_screen.dart:983:31:
Error: Type 'DocumentoFE' not found.
  final Future<void> Function(DocumentoFE) onReenviarCorreo;
                              ^^^^^^^^^^^
lib/screens/facturacion/documentos_pendientes_screen.dart:984:31:
Error: Type 'DocumentoFE' not found.
  final Future<void> Function(DocumentoFE) onDescargarPDF;
                              ^^^^^^^^^^^
lib/screens/facturacion/documentos_pendientes_screen.dart:985:31:
Error: Type 'DocumentoFE' not found.
  final Future<void> Function(DocumentoFE) onDescargarQR;
                              ^^^^^^^^^^^
lib/screens/facturacion/documentos_pendientes_screen.dart:986:31:
Error: Type 'DocumentoFE' not found.
  final Future<void> Function(DocumentoFE) onDescargarXML;
                              ^^^^^^^^^^^
lib/screens/facturacion/documentos_pendientes_screen.dart:987:31:
Error: Type 'DocumentoFE' not found.
  final Future<void> Function(DocumentoFE) onConsultarStatus;
                              ^^^^^^^^^^^
lib/screens/facturacion/documentos_pendientes_screen.dart:988:31:
Error: Type 'DocumentoFE' not found.
  final Future<void> Function(DocumentoFE) onCrearNotaCredito;
                              ^^^^^^^^^^^
lib/screens/facturacion/documentos_pendientes_screen.dart:989:31:
Error: Type 'DocumentoFE' not found.
  final Future<void> Function(DocumentoFE) onCrearNotaDebito;
                              ^^^^^^^^^^^
lib/screens/facturacion/documentos_pendientes_screen.dart:1330:9:
Error: Type 'DocumentoFE' not found.
  final DocumentoFE documento;
        ^^^^^^^^^^^
lib/providers/datos_cache_provider.dart:15:8:
Error: Type 'Producto' not found.
  List<Producto>? _productos;
       ^^^^^^^^
lib/providers/datos_cache_provider.dart:16:8:
Error: Type 'Categoria' not found.
  List<Categoria>? _categorias;
       ^^^^^^^^^
lib/providers/datos_cache_provider.dart:38:9:
Error: Type 'ProductoService' not found.
  final ProductoService _productoService = ProductoService();
        ^^^^^^^^^^^^^^^
lib/providers/datos_cache_provider.dart:41:8:
Error: Type 'Producto' not found.
  List<Producto>? get productos => _productos;
       ^^^^^^^^
lib/providers/datos_cache_provider.dart:42:8:
Error: Type 'Categoria' not found.
  List<Categoria>? get categorias => _categorias;
       ^^^^^^^^^
lib/providers/datos_cache_provider.dart:268:31:
Error: Type 'Producto' not found.
  void agregarProductoAlCache(Producto nuevoProducto) {
                              ^^^^^^^^
lib/providers/datos_cache_provider.dart:277:34:
Error: Type 'Producto' not found.
  void actualizarProductoEnCache(Producto productoActualizado) {
                                 ^^^^^^^^
lib/providers/facturacion_draft_provider.dart:20:8:
Error: Type 'ItemPedido' not found.
  List<ItemPedido> _items = [];
       ^^^^^^^^^^
lib/providers/facturacion_draft_provider.dart:21:3:
Error: Type 'Cliente' not found.
  Cliente? _clienteSeleccionado;
  ^^^^^^^
lib/providers/facturacion_draft_provider.dart:58:8:
Error: Type 'ItemPedido' not found.
  List<ItemPedido> get items => List.unmodifiable(_items);
       ^^^^^^^^^^
lib/providers/facturacion_draft_provider.dart:59:3:
Error: Type 'Cliente' not found.
  Cliente? get clienteSeleccionado => _clienteSeleccionado;
  ^^^^^^^
lib/providers/facturacion_draft_provider.dart:111:19:
Error: Type 'Cliente' not found.
  void setCliente(Cliente? cliente, String nombre) {
                  ^^^^^^^
lib/providers/facturacion_draft_provider.dart:186:16:
Error: Type 'ItemPedido' not found.
  void addItem(ItemPedido item) {
               ^^^^^^^^^^
lib/providers/facturacion_draft_provider.dart:194:30:
Error: Type 'ItemPedido' not found.
  void updateItem(int index, ItemPedido item) {
                             ^^^^^^^^^^
lib/providers/facturacion_draft_provider.dart:217:22:
Error: Type 'ItemPedido' not found.
  void setItems(List<ItemPedido> items) {
                     ^^^^^^^^^^
lib/screens/caja/resumen_cierre_detallado_screen.dart:37:9:
Error: Type 'ResumenCierreCompletoService' not found.
  final ResumenCierreCompletoService _service = ResumenCierreCompletoService();
        ^^^^^^^^^^^^^^^^^^^^^^^^^^^^
lib/screens/caja/resumen_cierre_detallado_screen.dart:38:9:
Error: Type 'PdfExportService' not found.
  final PdfExportService _pdfService = PdfExportService();
        ^^^^^^^^^^^^^^^^
lib/screens/caja/resumen_cierre_detallado_screen.dart:41:3:
Error: Type 'ResumenCierreCompleto' not found.
  ResumenCierreCompleto? _resumen;
  ^^^^^^^^^^^^^^^^^^^^^
lib/screens/caja/resumen_cierre_detallado_screen.dart:1384:52:
Error: Type 'DetalleCompra' not found.
  Widget _buildComprasDetalles(String titulo, List<DetalleCompra> compras) {
                                                   ^^^^^^^^^^^^^
lib/screens/caja/resumen_cierre_detallado_screen.dart:1585:51:
Error: Type 'DetalleGasto' not found.
  Widget _buildGastosDetalles(String titulo, List<DetalleGasto> gastos) {
                                                  ^^^^^^^^^^^^
lib/screens/caja/contador_efectivo_screen.dart:34:8:
Error: Type 'DenominacionEfectivo' not found.
  List<DenominacionEfectivo> _denominaciones = [];
       ^^^^^^^^^^^^^^^^^^^^
lib/services/reportes/negocio_info_service.dart:9:9:
Error: Type 'ApiConfig' not found.
  final ApiConfig _apiConfig = ApiConfig();
        ^^^^^^^^^
lib/services/reportes/negocio_info_service.dart:10:9:
Error: Type 'ImageService' not found.
  final ImageService _imageService = ImageService();
        ^^^^^^^^^^^^
lib/services/reportes/negocio_info_service.dart:13:10:
Error: Type 'NegocioInfo' not found.
  Future<NegocioInfo?> getNegocioInfo() async {
         ^^^^^^^^^^^
lib/services/reportes/negocio_info_service.dart:45:10:
Error: Type 'NegocioInfo' not found.
  Future<NegocioInfo> saveNegocioInfo(NegocioInfo negocioInfo) async {
         ^^^^^^^^^^^
lib/services/reportes/negocio_info_service.dart:45:39:
Error: Type 'NegocioInfo' not found.
  Future<NegocioInfo> saveNegocioInfo(NegocioInfo negocioInfo) async {
                                      ^^^^^^^^^^^
lib/models/facturacion/factura.dart:31:9:
Error: Type 'User' not found.
  final User? usuario;
        ^^^^
lib/models/facturacion/factura.dart:122:5:
Error: Type 'User' not found.
    User? usuario,
    ^^^^
lib/screens/reportes/informes_productos_screen.dart:25:30:
Error: Method not found: 'CuadreCajaService'.
  final _cuadreCajaService = CuadreCajaService();
                             ^^^^^^^^^^^^^^^^^
lib/screens/admin/negocio_info_screen.dart:64:33:
Error: Undefined name 'AppTheme'.
  static const Color _primary = AppTheme.primary;
                                ^^^^^^^^
lib/screens/admin/negocio_info_screen.dart:65:32:
Error: Undefined name 'AppTheme'.
  static const Color _cardBg = AppTheme.cardBg;
                               ^^^^^^^^
lib/screens/admin/negocio_info_screen.dart:66:32:
Error: Undefined name 'AppTheme'.
  static const Color _bgDark = AppTheme.backgroundDark;
                               ^^^^^^^^
lib/screens/admin/negocio_info_screen.dart:67:35:
Error: Undefined name 'AppTheme'.
  static const Color _textLight = AppTheme.textSecondary;
                                  ^^^^^^^^
lib/config/api_config.dart:23:9:
Error: 'NetworkDiscoveryService' isn't a type.
  final NetworkDiscoveryService _networkDiscovery = NetworkDiscoveryService();
        ^^^^^^^^^^^^^^^^^^^^^^^
lib/config/api_config.dart:23:53:
Error: Method not found: 'NetworkDiscoveryService'.
  final NetworkDiscoveryService _networkDiscovery = NetworkDiscoveryService();
                                                    ^^^^^^^^^^^^^^^^^^^^^^^
lib/screens/auth/login_screen.dart:31:9:
Error: 'AuthService' isn't a type.
  final AuthService authService = AuthService();
        ^^^^^^^^^^^
lib/screens/auth/login_screen.dart:31:35:
Error: Method not found: 'AuthService'.
  final AuthService authService = AuthService();
                                  ^^^^^^^^^^^
lib/screens/auth/login_screen.dart:58:9:
Error: 'ProductoService' isn't a type.
  final ProductoService _productoService = ProductoService();
        ^^^^^^^^^^^^^^^
lib/screens/auth/login_screen.dart:58:44:
Error: Method not found: 'ProductoService'.
  final ProductoService _productoService = ProductoService();
                                           ^^^^^^^^^^^^^^^
lib/screens/auth/login_screen.dart:59:9:
Error: 'PedidoService' isn't a type.
  final PedidoService _pedidoService = PedidoService();
        ^^^^^^^^^^^^^
lib/screens/auth/login_screen.dart:59:40:
Error: Method not found: 'PedidoService'.
  final PedidoService _pedidoService = PedidoService();
                                       ^^^^^^^^^^^^^
lib/screens/auth/login_screen.dart:198:40:
Error: 'UserProvider' isn't a type.
      final userProvider = Provider.of<UserProvider>(context, listen: false);
                                       ^^^^^^^^^^^^
lib/screens/auth/login_screen.dart:229:45:
Error: 'DatosCacheProvider' isn't a type.
          final cacheProvider = Provider.of<DatosCacheProvider>(
                                            ^^^^^^^^^^^^^^^^^^
lib/screens/auth/login_screen.dart:309:40:
Error: 'UserProvider' isn't a type.
      final userProvider = Provider.of<UserProvider>(context, listen: false);
                                       ^^^^^^^^^^^^
lib/screens/auth/login_screen.dart:353:47:
Error: 'DatosCacheProvider' isn't a type.
            final cacheProvider = Provider.of<DatosCacheProvider>(
                                              ^^^^^^^^^^^^^^^^^^
lib/screens/auth/login_screen.dart:396:40:
Error: 'UserProvider' isn't a type.
      final userProvider = Provider.of<UserProvider>(context, listen: false);
                                       ^^^^^^^^^^^^
lib/screens/auth/login_screen.dart:409:43:
Error: 'DatosCacheProvider' isn't a type.
        final cacheProvider = Provider.of<DatosCacheProvider>(
                                          ^^^^^^^^^^^^^^^^^^
lib/screens/auth/login_screen.dart:442:37:
Error: The getter 'isMobile' isn't defined for the type 'BuildContext'.
 - 'BuildContext' is from 'package:flutter/src/widgets/framework.dart' ('../../flutter/packages/flutter/lib/src/widgets/framework.dart').
                  maxWidth: context.isMobile ? double.infinity : 400,
                                    ^^^^^^^^
lib/screens/auth/login_screen.dart:445:48:
Error: The getter 'responsivePadding' isn't defined for the type 'BuildContext'.
 - 'BuildContext' is from 'package:flutter/src/widgets/framework.dart' ('../../flutter/packages/flutter/lib/src/widgets/framework.dart').
                margin: EdgeInsets.all(context.responsivePadding),
                                               ^^^^^^^^^^^^^^^^^
lib/screens/auth/login_screen.dart:446:41:
Error: The getter 'AppTheme' isn't defined for the type '_LoginScreenState'.
 - '_LoginScreenState' is from 'package:vercy_motos/screens/auth/login_screen.dart' ('lib/screens/auth/login_screen.dart').
                padding: EdgeInsets.all(AppTheme.spacingLarge),
                                        ^^^^^^^^
lib/screens/auth/login_screen.dart:447:29:
Error: The getter 'AppTheme' isn't defined for the type '_LoginScreenState'.
 - '_LoginScreenState' is from 'package:vercy_motos/screens/auth/login_screen.dart' ('lib/screens/auth/login_screen.dart').
                decoration: AppTheme.elevatedCardDecoration,
                            ^^^^^^^^
lib/screens/auth/login_screen.dart:455:53:
Error: The getter 'AppTheme' isn't defined for the type '_LoginScreenState'.
 - '_LoginScreenState' is from 'package:vercy_motos/screens/auth/login_screen.dart' ('lib/screens/auth/login_screen.dart').
                            padding: EdgeInsets.all(AppTheme.spacingSmall),
                                                    ^^^^^^^^
lib/screens/auth/login_screen.dart:457:38:
Error: The getter 'AppTheme' isn't defined for the type '_LoginScreenState'.
 - '_LoginScreenState' is from 'package:vercy_motos/screens/auth/login_screen.dart' ('lib/screens/auth/login_screen.dart').
                              color: AppTheme.primary.withOpacity(0.15),
                                     ^^^^^^^^
lib/screens/auth/login_screen.dart:459:33:
Error: The getter 'AppTheme' isn't defined for the type '_LoginScreenState'.
 - '_LoginScreenState' is from 'package:vercy_motos/screens/auth/login_screen.dart' ('lib/screens/auth/login_screen.dart').
                                AppTheme.radiusSmall,
                                ^^^^^^^^
lib/screens/auth/login_screen.dart:464:38:
Error: The getter 'AppTheme' isn't defined for the type '_LoginScreenState'.
 - '_LoginScreenState' is from 'package:vercy_motos/screens/auth/login_screen.dart' ('lib/screens/auth/login_screen.dart').
                              color: AppTheme.primary,
                                     ^^^^^^^^
lib/screens/auth/login_screen.dart:468:43:
Error: The getter 'AppTheme' isn't defined for the type '_LoginScreenState'.
 - '_LoginScreenState' is from 'package:vercy_motos/screens/auth/login_screen.dart' ('lib/screens/auth/login_screen.dart').
                          SizedBox(width: AppTheme.spacingMedium),
                                          ^^^^^^^^
lib/screens/auth/login_screen.dart:469:55:
Error: The getter 'AppTheme' isn't defined for the type '_LoginScreenState'.
 - '_LoginScreenState' is from 'package:vercy_motos/screens/auth/login_screen.dart' ('lib/screens/auth/login_screen.dart').
                          Text('Crear cuenta', style: AppTheme.headlineMedium),
                                                      ^^^^^^^^
lib/screens/auth/login_screen.dart:472:40:
Error: The getter 'AppTheme' isn't defined for the type '_LoginScreenState'.
 - '_LoginScreenState' is from 'package:vercy_motos/screens/auth/login_screen.dart' ('lib/screens/auth/login_screen.dart').
                      SizedBox(height: AppTheme.spacingLarge),
                                       ^^^^^^^^
lib/screens/auth/login_screen.dart:476:51:
Error: The getter 'AppTheme' isn't defined for the type '_LoginScreenState'.
 - '_LoginScreenState' is from 'package:vercy_motos/screens/auth/login_screen.dart' ('lib/screens/auth/login_screen.dart').
                          padding: EdgeInsets.all(AppTheme.spacingMedium),
                                                  ^^^^^^^^
lib/screens/auth/login_screen.dart:478:36:
Error: The getter 'AppTheme' isn't defined for the type '_LoginScreenState'.
 - '_LoginScreenState' is from 'package:vercy_motos/screens/auth/login_screen.dart' ('lib/screens/auth/login_screen.dart').
                            color: AppTheme.error.withOpacity(0.1),
                                   ^^^^^^^^
lib/screens/auth/login_screen.dart:480:31:
Error: The getter 'AppTheme' isn't defined for the type '_LoginScreenState'.
 - '_LoginScreenState' is from 'package:vercy_motos/screens/auth/login_screen.dart' ('lib/screens/auth/login_screen.dart').
                              AppTheme.radiusMedium,
                              ^^^^^^^^
lib/screens/auth/login_screen.dart:483:38:
Error: The getter 'AppTheme' isn't defined for the type '_LoginScreenState'.
 - '_LoginScreenState' is from 'package:vercy_motos/screens/auth/login_screen.dart' ('lib/screens/auth/login_screen.dart').
                              color: AppTheme.error.withOpacity(0.3),
                                     ^^^^^^^^
lib/screens/auth/login_screen.dart:490:40:
Error: The getter 'AppTheme' isn't defined for the type '_LoginScreenState'.
 - '_LoginScreenState' is from 'package:vercy_motos/screens/auth/login_screen.dart' ('lib/screens/auth/login_screen.dart').
                                color: AppTheme.error,
                                       ^^^^^^^^
lib/screens/auth/login_screen.dart:493:47:
Error: The getter 'AppTheme' isn't defined for the type '_LoginScreenState'.
 - '_LoginScreenState' is from 'package:vercy_motos/screens/auth/login_screen.dart' ('lib/screens/auth/login_screen.dart').
                              SizedBox(width: AppTheme.spacingSmall),
                                              ^^^^^^^^
lib/screens/auth/login_screen.dart:497:42:
Error: The getter 'AppTheme' isn't defined for the type '_LoginScreenState'.
 - '_LoginScreenState' is from 'package:vercy_motos/screens/auth/login_screen.dart' ('lib/screens/auth/login_screen.dart').
                                  style: AppTheme.bodySmall.copyWith(
                                         ^^^^^^^^
lib/screens/auth/login_screen.dart:498:44:
Error: The getter 'AppTheme' isn't defined for the type '_LoginScreenState'.
 - '_LoginScreenState' is from 'package:vercy_motos/screens/auth/login_screen.dart' ('lib/screens/auth/login_screen.dart').
                                    color: AppTheme.error,
                                           ^^^^^^^^
lib/screens/auth/login_screen.dart:505:42:
Error: The getter 'AppTheme' isn't defined for the type '_LoginScreenState'.
 - '_LoginScreenState' is from 'package:vercy_motos/screens/auth/login_screen.dart' ('lib/screens/auth/login_screen.dart').
                        SizedBox(height: AppTheme.spacingMedium),
                                         ^^^^^^^^
lib/screens/auth/login_screen.dart:509:32:
Error: The getter 'AppTheme' isn't defined for the type '_LoginScreenState'.
 - '_LoginScreenState' is from 'package:vercy_motos/screens/auth/login_screen.dart' ('lib/screens/auth/login_screen.dart').
                        style: AppTheme.bodyMedium,
                               ^^^^^^^^
lib/screens/auth/login_screen.dart:514:36:
Error: The getter 'AppTheme' isn't defined for the type '_LoginScreenState'.
 - '_LoginScreenState' is from 'package:vercy_motos/screens/auth/login_screen.dart' ('lib/screens/auth/login_screen.dart').
                            color: AppTheme.primary,
                                   ^^^^^^^^
lib/screens/auth/login_screen.dart:518:40:
Error: The getter 'AppTheme' isn't defined for the type '_LoginScreenState'.
 - '_LoginScreenState' is from 'package:vercy_motos/screens/auth/login_screen.dart' ('lib/screens/auth/login_screen.dart').
                      SizedBox(height: AppTheme.spacingMedium),
                                       ^^^^^^^^
lib/screens/auth/login_screen.dart:522:32:
Error: The getter 'AppTheme' isn't defined for the type '_LoginScreenState'.
 - '_LoginScreenState' is from 'package:vercy_motos/screens/auth/login_screen.dart' ('lib/screens/auth/login_screen.dart').
                        style: AppTheme.bodyMedium,
                               ^^^^^^^^
lib/screens/auth/login_screen.dart:527:36:
Error: The getter 'AppTheme' isn't defined for the type '_LoginScreenState'.
 - '_LoginScreenState' is from 'package:vercy_motos/screens/auth/login_screen.dart' ('lib/screens/auth/login_screen.dart').
                            color: AppTheme.primary,
                                   ^^^^^^^^
lib/screens/auth/login_screen.dart:531:40:
Error: The getter 'AppTheme' isn't defined for the type '_LoginScreenState'.
 - '_LoginScreenState' is from 'package:vercy_motos/screens/auth/login_screen.dart' ('lib/screens/auth/login_screen.dart').
                      SizedBox(height: AppTheme.spacingMedium),
                                       ^^^^^^^^
lib/screens/auth/login_screen.dart:535:32:
Error: The getter 'AppTheme' isn't defined for the type '_LoginScreenState'.
 - '_LoginScreenState' is from 'package:vercy_motos/screens/auth/login_screen.dart' ('lib/screens/auth/login_screen.dart').
                        style: AppTheme.bodyMedium,
                               ^^^^^^^^
lib/screens/auth/login_screen.dart:540:36:
Error: The getter 'AppTheme' isn't defined for the type '_LoginScreenState'.
 - '_LoginScreenState' is from 'package:vercy_motos/screens/auth/login_screen.dart' ('lib/screens/auth/login_screen.dart').
                            color: AppTheme.primary,
                                   ^^^^^^^^
lib/screens/auth/login_screen.dart:544:40:
Error: The getter 'AppTheme' isn't defined for the type '_LoginScreenState'.
 - '_LoginScreenState' is from 'package:vercy_motos/screens/auth/login_screen.dart' ('lib/screens/auth/login_screen.dart').
                      SizedBox(height: AppTheme.spacingLarge),
                                       ^^^^^^^^
lib/screens/auth/login_screen.dart:553:43:
Error: The getter 'AppTheme' isn't defined for the type '_LoginScreenState'.
 - '_LoginScreenState' is from 'package:vercy_motos/screens/auth/login_screen.dart' ('lib/screens/auth/login_screen.dart').
                          SizedBox(width: AppTheme.spacingMedium),
                                          ^^^^^^^^
lib/screens/auth/login_screen.dart:583:53:
Error: The getter 'AppTheme' isn't defined for the type '_LoginScreenState'.
 - '_LoginScreenState' is from 'package:vercy_motos/screens/auth/login_screen.dart' ('lib/screens/auth/login_screen.dart').
                                                    AppTheme.success,
                                                    ^^^^^^^^
lib/screens/auth/login_screen.dart:634:30:
Error: The getter 'screenWidth' isn't defined for the type 'BuildContext'.
 - 'BuildContext' is from 'package:flutter/src/widgets/framework.dart' ('../../flutter/packages/flutter/lib/src/widgets/framework.dart').
    final isMobile = context.screenWidth < 900;
                             ^^^^^^^^^^^
lib/screens/auth/login_screen.dart:683:57:
Error: The getter 'screenWidth' isn't defined for the type 'BuildContext'.
 - 'BuildContext' is from 'package:flutter/src/widgets/framework.dart' ('../../flutter/packages/flutter/lib/src/widgets/framework.dart').
                                      fontSize: context.screenWidth > 1400 ? 56 : 48,
                                                        ^^^^^^^^^^^
lib/screens/auth/login_screen.dart:700:57:
Error: The getter 'screenWidth' isn't defined for the type 'BuildContext'.
 - 'BuildContext' is from 'package:flutter/src/widgets/framework.dart' ('../../flutter/packages/flutter/lib/src/widgets/framework.dart').
                                      fontSize: context.screenWidth > 1400 ? 20 : 18,
                                                        ^^^^^^^^^^^
lib/screens/auth/login_screen.dart:737:56:
Error: The getter 'AppTheme' isn't defined for the type '_LoginScreenState'.
 - '_LoginScreenState' is from 'package:vercy_motos/screens/auth/login_screen.dart' ('lib/screens/auth/login_screen.dart').
                      CircularProgressIndicator(color: AppTheme.primary),
                                                       ^^^^^^^^
lib/screens/auth/login_screen.dart:738:40:
Error: The getter 'AppTheme' isn't defined for the type '_LoginScreenState'.
 - '_LoginScreenState' is from 'package:vercy_motos/screens/auth/login_screen.dart' ('lib/screens/auth/login_screen.dart').
                      SizedBox(height: AppTheme.spacingLarge),
                                       ^^^^^^^^
lib/screens/auth/login_screen.dart:741:32:
Error: The getter 'AppTheme' isn't defined for the type '_LoginScreenState'.
 - '_LoginScreenState' is from 'package:vercy_motos/screens/auth/login_screen.dart' ('lib/screens/auth/login_screen.dart').
                        style: AppTheme.headlineSmall.copyWith(
                               ^^^^^^^^
lib/screens/auth/login_screen.dart:745:40:
Error: The getter 'AppTheme' isn't defined for the type '_LoginScreenState'.
 - '_LoginScreenState' is from 'package:vercy_motos/screens/auth/login_screen.dart' ('lib/screens/auth/login_screen.dart').
                      SizedBox(height: AppTheme.spacingSmall),
                                       ^^^^^^^^
lib/screens/auth/login_screen.dart:748:32:
Error: The getter 'AppTheme' isn't defined for the type '_LoginScreenState'.
 - '_LoginScreenState' is from 'package:vercy_motos/screens/auth/login_screen.dart' ('lib/screens/auth/login_screen.dart').
                        style: AppTheme.bodyLarge.copyWith(color: Colors.white),
                               ^^^^^^^^
lib/screens/auth/login_screen.dart:750:40:
Error: The getter 'AppTheme' isn't defined for the type '_LoginScreenState'.
 - '_LoginScreenState' is from 'package:vercy_motos/screens/auth/login_screen.dart' ('lib/screens/auth/login_screen.dart').
                      SizedBox(height: AppTheme.spacingMedium),
                                       ^^^^^^^^
lib/screens/auth/login_screen.dart:754:32:
Error: The getter 'AppTheme' isn't defined for the type '_LoginScreenState'.
 - '_LoginScreenState' is from 'package:vercy_motos/screens/auth/login_screen.dart' ('lib/screens/auth/login_screen.dart').
                        style: AppTheme.bodySmall.copyWith(
                               ^^^^^^^^
lib/screens/auth/login_screen.dart:758:40:
Error: The getter 'AppTheme' isn't defined for the type '_LoginScreenState'.
 - '_LoginScreenState' is from 'package:vercy_motos/screens/auth/login_screen.dart' ('lib/screens/auth/login_screen.dart').
                      SizedBox(height: AppTheme.spacingLarge),
                                       ^^^^^^^^
lib/screens/auth/login_screen.dart:767:48:
Error: The getter 'AppTheme' isn't defined for the type '_LoginScreenState'.
 - '_LoginScreenState' is from 'package:vercy_motos/screens/auth/login_screen.dart' ('lib/screens/auth/login_screen.dart').
                              backgroundColor: AppTheme.error,
                                               ^^^^^^^^
lib/screens/auth/login_screen.dart:771:43:
Error: The getter 'AppTheme' isn't defined for the type '_LoginScreenState'.
 - '_LoginScreenState' is from 'package:vercy_motos/screens/auth/login_screen.dart' ('lib/screens/auth/login_screen.dart').
                          SizedBox(width: AppTheme.spacingMedium),
                                          ^^^^^^^^
lib/screens/auth/login_screen.dart:777:48:
Error: The getter 'AppTheme' isn't defined for the type '_LoginScreenState'.
 - '_LoginScreenState' is from 'package:vercy_motos/screens/auth/login_screen.dart' ('lib/screens/auth/login_screen.dart').
                              backgroundColor: AppTheme.primary,
                                               ^^^^^^^^
lib/screens/auth/login_screen.dart:799:33:
Error: The getter 'isMobile' isn't defined for the type 'BuildContext'.
 - 'BuildContext' is from 'package:flutter/src/widgets/framework.dart' ('../../flutter/packages/flutter/lib/src/widgets/framework.dart').
            horizontal: context.isMobile ? 16 : context.isTablet ? 32 : 48,
                                ^^^^^^^^
lib/screens/auth/login_screen.dart:799:57:
Error: The getter 'isTablet' isn't defined for the type 'BuildContext'.
 - 'BuildContext' is from 'package:flutter/src/widgets/framework.dart' ('../../flutter/packages/flutter/lib/src/widgets/framework.dart').
            horizontal: context.isMobile ? 16 : context.isTablet ? 32 : 48,
                                                        ^^^^^^^^
lib/screens/auth/login_screen.dart:800:31:
Error: The getter 'isMobile' isn't defined for the type 'BuildContext'.
 - 'BuildContext' is from 'package:flutter/src/widgets/framework.dart' ('../../flutter/packages/flutter/lib/src/widgets/framework.dart').
            vertical: context.isMobile ? 16 : 32,
                              ^^^^^^^^
lib/screens/auth/login_screen.dart:809:39:
Error: The getter 'isMobile' isn't defined for the type 'BuildContext'.
 - 'BuildContext' is from 'package:flutter/src/widgets/framework.dart' ('../../flutter/packages/flutter/lib/src/widgets/framework.dart').
                    maxWidth: context.isMobile ? double.infinity : context.isTablet ? 450 : 400,
                                      ^^^^^^^^
lib/screens/auth/login_screen.dart:809:76:
Error: The getter 'isTablet' isn't defined for the type 'BuildContext'.
 - 'BuildContext' is from 'package:flutter/src/widgets/framework.dart' ('../../flutter/packages/flutter/lib/src/widgets/framework.dart').
                    maxWidth: context.isMobile ? double.infinity : context.isTablet ? 450 : 400,
                                                                           ^^^^^^^^
lib/screens/auth/login_screen.dart:811:51:
Error: The getter 'isMobile' isn't defined for the type 'BuildContext'.
 - 'BuildContext' is from 'package:flutter/src/widgets/framework.dart' ('../../flutter/packages/flutter/lib/src/widgets/framework.dart').
                  padding: EdgeInsets.all(context.isMobile ? 20 : 32),
                                                  ^^^^^^^^
lib/screens/auth/login_screen.dart:824:45:
Error: The getter 'isMobile' isn't defined for the type 'BuildContext'.
 - 'BuildContext' is from 'package:flutter/src/widgets/framework.dart' ('../../flutter/packages/flutter/lib/src/widgets/framework.dart').
                          fontSize: context.isMobile ? 28 : context.isTablet ? 32 : 36,
                                            ^^^^^^^^
lib/screens/auth/login_screen.dart:824:69:
Error: The getter 'isTablet' isn't defined for the type 'BuildContext'.
 - 'BuildContext' is from 'package:flutter/src/widgets/framework.dart' ('../../flutter/packages/flutter/lib/src/widgets/framework.dart').
                          fontSize: context.isMobile ? 28 : context.isTablet ? 32 : 36,
                                                                    ^^^^^^^^
lib/screens/auth/login_screen.dart:833:45:
Error: The getter 'isMobile' isn't defined for the type 'BuildContext'.
 - 'BuildContext' is from 'package:flutter/src/widgets/framework.dart' ('../../flutter/packages/flutter/lib/src/widgets/framework.dart').
                          fontSize: context.isMobile ? 13 : 16,
                                            ^^^^^^^^
lib/screens/auth/login_screen.dart:838:48:
Error: The getter 'isMobile' isn't defined for the type 'BuildContext'.
 - 'BuildContext' is from 'package:flutter/src/widgets/framework.dart' ('../../flutter/packages/flutter/lib/src/widgets/framework.dart').
                      SizedBox(height: context.isMobile ? 24 : 40),
                                               ^^^^^^^^
lib/screens/auth/login_screen.dart:853:39:
Error: The getter 'AppTheme' isn't defined for the type '_LoginScreenState'.
 - '_LoginScreenState' is from 'package:vercy_motos/screens/auth/login_screen.dart' ('lib/screens/auth/login_screen.dart').
                                    ? AppTheme.success
                                      ^^^^^^^^
lib/screens/auth/login_screen.dart:854:39:
Error: The getter 'AppTheme' isn't defined for the type '_LoginScreenState'.
 - '_LoginScreenState' is from 'package:vercy_motos/screens/auth/login_screen.dart' ('lib/screens/auth/login_screen.dart').
                                    : AppTheme.error,
                                      ^^^^^^^^
lib/screens/auth/login_screen.dart:858:48:
Error: The getter 'isMobile' isn't defined for the type 'BuildContext'.
 - 'BuildContext' is from 'package:flutter/src/widgets/framework.dart' ('../../flutter/packages/flutter/lib/src/widgets/framework.dart').
                      SizedBox(height: context.isMobile ? 16 : 20),
                                               ^^^^^^^^
lib/screens/auth/login_screen.dart:873:42:
Error: The getter 'AppTheme' isn't defined for the type '_LoginScreenState'.
 - '_LoginScreenState' is from 'package:vercy_motos/screens/auth/login_screen.dart' ('lib/screens/auth/login_screen.dart').
                                  color: AppTheme.textSecondary,
                                         ^^^^^^^^
lib/screens/auth/login_screen.dart:883:48:
Error: The getter 'isMobile' isn't defined for the type 'BuildContext'.
 - 'BuildContext' is from 'package:flutter/src/widgets/framework.dart' ('../../flutter/packages/flutter/lib/src/widgets/framework.dart').
                      SizedBox(height: context.isMobile ? 12 : 16),
                                               ^^^^^^^^
lib/screens/auth/login_screen.dart:895:42:
Error: The getter 'AppTheme' isn't defined for the type '_LoginScreenState'.
 - '_LoginScreenState' is from 'package:vercy_motos/screens/auth/login_screen.dart' ('lib/screens/auth/login_screen.dart').
                            activeColor: AppTheme.primary,
                                         ^^^^^^^^
lib/screens/auth/login_screen.dart:908:51:
Error: The getter 'isMobile' isn't defined for the type 'BuildContext'.
 - 'BuildContext' is from 'package:flutter/src/widgets/framework.dart' ('../../flutter/packages/flutter/lib/src/widgets/framework.dart').
                                fontSize: context.isMobile ? 12 : 14,
                                                  ^^^^^^^^
lib/screens/auth/login_screen.dart:915:48:
Error: The getter 'isMobile' isn't defined for the type 'BuildContext'.
 - 'BuildContext' is from 'package:flutter/src/widgets/framework.dart' ('../../flutter/packages/flutter/lib/src/widgets/framework.dart').
                      SizedBox(height: context.isMobile ? 24 : 32),
                                               ^^^^^^^^
lib/screens/auth/login_screen.dart:920:41:
Error: The getter 'isMobile' isn't defined for the type 'BuildContext'.
 - 'BuildContext' is from 'package:flutter/src/widgets/framework.dart' ('../../flutter/packages/flutter/lib/src/widgets/framework.dart').
                        height: context.isMobile ? 48 : 52,
                                        ^^^^^^^^
lib/screens/auth/login_screen.dart:955:59:
Error: The getter 'isMobile' isn't defined for the type 'BuildContext'.
 - 'BuildContext' is from 'package:flutter/src/widgets/framework.dart' ('../../flutter/packages/flutter/lib/src/widgets/framework.dart').
                                        fontSize: context.isMobile ? 14 : 16,
                                                          ^^^^^^^^
lib/screens/auth/login_screen.dart:965:55:
Error: The getter 'isMobile' isn't defined for the type 'BuildContext'.
 - 'BuildContext' is from 'package:flutter/src/widgets/framework.dart' ('../../flutter/packages/flutter/lib/src/widgets/framework.dart').
                                    fontSize: context.isMobile ? 14 : 16,
                                                      ^^^^^^^^
lib/screens/auth/login_screen.dart:970:48:
Error: The getter 'isMobile' isn't defined for the type 'BuildContext'.
 - 'BuildContext' is from 'package:flutter/src/widgets/framework.dart' ('../../flutter/packages/flutter/lib/src/widgets/framework.dart').
                      SizedBox(height: context.isMobile ? 16 : 20),
                                               ^^^^^^^^
lib/screens/auth/login_screen.dart:982:51:
Error: The getter 'isMobile' isn't defined for the type 'BuildContext'.
 - 'BuildContext' is from 'package:flutter/src/widgets/framework.dart' ('../../flutter/packages/flutter/lib/src/widgets/framework.dart').
                                fontSize: context.isMobile ? 12 : 14,
                                                  ^^^^^^^^
lib/screens/auth/login_screen.dart:989:48:
Error: The getter 'isMobile' isn't defined for the type 'BuildContext'.
 - 'BuildContext' is from 'package:flutter/src/widgets/framework.dart' ('../../flutter/packages/flutter/lib/src/widgets/framework.dart').
                      SizedBox(height: context.isMobile ? 16 : 20),
                                               ^^^^^^^^
lib/screens/auth/login_screen.dart:999:49:
Error: The getter 'isMobile' isn't defined for the type 'BuildContext'.
 - 'BuildContext' is from 'package:flutter/src/widgets/framework.dart' ('../../flutter/packages/flutter/lib/src/widgets/framework.dart').
                              fontSize: context.isMobile ? 12 : 14,
                                                ^^^^^^^^
lib/screens/auth/login_screen.dart:1007:40:
Error: The getter 'AppTheme' isn't defined for the type '_LoginScreenState'.
 - '_LoginScreenState' is from 'package:vercy_motos/screens/auth/login_screen.dart' ('lib/screens/auth/login_screen.dart').
                                color: AppTheme.primary,
                                       ^^^^^^^^
lib/screens/auth/login_screen.dart:1041:48:
Error: The getter 'AppTheme' isn't defined for the type '_LoginScreenState'.
 - '_LoginScreenState' is from 'package:vercy_motos/screens/auth/login_screen.dart' ('lib/screens/auth/login_screen.dart').
                              backgroundColor: AppTheme.warning,
                                               ^^^^^^^^
lib/screens/auth/login_screen.dart:1066:36:
Error: The getter 'AppTheme' isn't defined for the type '_LoginScreenState'.
 - '_LoginScreenState' is from 'package:vercy_motos/screens/auth/login_screen.dart' ('lib/screens/auth/login_screen.dart').
                            color: AppTheme.error.withOpacity(0.1),
                                   ^^^^^^^^
lib/screens/auth/login_screen.dart:1069:38:
Error: The getter 'AppTheme' isn't defined for the type '_LoginScreenState'.
 - '_LoginScreenState' is from 'package:vercy_motos/screens/auth/login_screen.dart' ('lib/screens/auth/login_screen.dart').
                              color: AppTheme.error.withOpacity(0.3),
                                     ^^^^^^^^
lib/screens/auth/login_screen.dart:1077:40:
Error: The getter 'AppTheme' isn't defined for the type '_LoginScreenState'.
 - '_LoginScreenState' is from 'package:vercy_motos/screens/auth/login_screen.dart' ('lib/screens/auth/login_screen.dart').
                                color: AppTheme.error,
                                       ^^^^^^^^
lib/screens/auth/login_screen.dart:1085:44:
Error: The getter 'AppTheme' isn't defined for the type '_LoginScreenState'.
 - '_LoginScreenState' is from 'package:vercy_motos/screens/auth/login_screen.dart' ('lib/screens/auth/login_screen.dart').
                                    color: AppTheme.error,
                                           ^^^^^^^^
lib/screens/auth/login_screen.dart:1140:43:
Error: The getter 'AppTheme' isn't defined for the type '_LoginScreenState'.
 - '_LoginScreenState' is from 'package:vercy_motos/screens/auth/login_screen.dart' ('lib/screens/auth/login_screen.dart').
            borderSide: BorderSide(color: AppTheme.primary, width: 2),
                                          ^^^^^^^^
lib/screens/reportes/dashboard_screen_v2.dart:50:9:
Error: 'ReportesService' isn't a type.
  final ReportesService _reportesService = ReportesService();
        ^^^^^^^^^^^^^^^
lib/screens/reportes/dashboard_screen_v2.dart:50:44:
Error: Method not found: 'ReportesService'.
  final ReportesService _reportesService = ReportesService();
                                           ^^^^^^^^^^^^^^^
lib/screens/reportes/dashboard_screen_v2.dart:51:9:
Error: 'PedidoService' isn't a type.
  final PedidoService _pedidoService = PedidoService();
        ^^^^^^^^^^^^^
lib/screens/reportes/dashboard_screen_v2.dart:51:40:
Error: Method not found: 'PedidoService'.
  final PedidoService _pedidoService = PedidoService();
                                       ^^^^^^^^^^^^^
lib/screens/reportes/dashboard_screen_v2.dart:54:3:
Error: 'DashboardData' isn't a type.
  DashboardData? _dashboardData;
  ^^^^^^^^^^^^^
lib/screens/reportes/dashboard_screen_v2.dart:129:40:
Error: 'UserProvider' isn't a type.
      final userProvider = Provider.of<UserProvider>(context, listen: false);
                                       ^^^^^^^^^^^^
lib/screens/reportes/dashboard_screen_v2.dart:270:25:
Error: The argument type 'List<dynamic>' can't be assigned to the parameter type 'Iterable<Future<dynamic>>'.
 - 'List' is from 'dart:core'.
 - 'Iterable' is from 'dart:core'.
 - 'Future' is from 'dart:async'.
      await Future.wait([
                        ^
lib/screens/reportes/dashboard_screen_v2.dart:402:9:
Error: The getter 'AppTheme' isn't defined for the type '_DashboardScreenV2State'.
 - '_DashboardScreenV2State' is from 'package:vercy_motos/screens/reportes/dashboard_screen_v2.dart' ('lib/screens/reportes/dashboard_screen_v2.dart').
        AppTheme.primary,
        ^^^^^^^^
lib/screens/reportes/dashboard_screen_v2.dart:403:9:
Error: The getter 'AppTheme' isn't defined for the type '_DashboardScreenV2State'.
 - '_DashboardScreenV2State' is from 'package:vercy_motos/screens/reportes/dashboard_screen_v2.dart' ('lib/screens/reportes/dashboard_screen_v2.dart').
        AppTheme.secondary,
        ^^^^^^^^
lib/screens/reportes/dashboard_screen_v2.dart:404:9:
Error: The getter 'AppTheme' isn't defined for the type '_DashboardScreenV2State'.
 - '_DashboardScreenV2State' is from 'package:vercy_motos/screens/reportes/dashboard_screen_v2.dart' ('lib/screens/reportes/dashboard_screen_v2.dart').
        AppTheme.primaryLight,
        ^^^^^^^^
lib/screens/reportes/dashboard_screen_v2.dart:405:9:
Error: The getter 'AppTheme' isn't defined for the type '_DashboardScreenV2State'.
 - '_DashboardScreenV2State' is from 'package:vercy_motos/screens/reportes/dashboard_screen_v2.dart' ('lib/screens/reportes/dashboard_screen_v2.dart').
        AppTheme.warning,
        ^^^^^^^^
lib/screens/reportes/dashboard_screen_v2.dart:406:9:
Error: The getter 'AppTheme' isn't defined for the type '_DashboardScreenV2State'.
 - '_DashboardScreenV2State' is from 'package:vercy_motos/screens/reportes/dashboard_screen_v2.dart' ('lib/screens/reportes/dashboard_screen_v2.dart').
        AppTheme.secondaryDark,
        ^^^^^^^^
lib/screens/reportes/dashboard_screen_v2.dart:626:28:
Error: The getter 'AppTheme' isn't defined for the type '_DashboardScreenV2State'.
 - '_DashboardScreenV2State' is from 'package:vercy_motos/screens/reportes/dashboard_screen_v2.dart' ('lib/screens/reportes/dashboard_screen_v2.dart').
          backgroundColor: AppTheme.cardBg,
                           ^^^^^^^^
lib/screens/reportes/dashboard_screen_v2.dart:629:37:
Error: The getter 'AppTheme' isn't defined for the type '_DashboardScreenV2State'.
 - '_DashboardScreenV2State' is from 'package:vercy_motos/screens/reportes/dashboard_screen_v2.dart' ('lib/screens/reportes/dashboard_screen_v2.dart').
            style: TextStyle(color: AppTheme.textPrimary),
                                    ^^^^^^^^
lib/screens/reportes/dashboard_screen_v2.dart:636:41:
Error: The getter 'AppTheme' isn't defined for the type '_DashboardScreenV2State'.
 - '_DashboardScreenV2State' is from 'package:vercy_motos/screens/reportes/dashboard_screen_v2.dart' ('lib/screens/reportes/dashboard_screen_v2.dart').
                style: TextStyle(color: AppTheme.textSecondary),
                                        ^^^^^^^^
lib/screens/reportes/dashboard_screen_v2.dart:642:41:
Error: The getter 'AppTheme' isn't defined for the type '_DashboardScreenV2State'.
 - '_DashboardScreenV2State' is from 'package:vercy_motos/screens/reportes/dashboard_screen_v2.dart' ('lib/screens/reportes/dashboard_screen_v2.dart').
                style: TextStyle(color: AppTheme.textPrimary),
                                        ^^^^^^^^
lib/screens/reportes/dashboard_screen_v2.dart:645:48:
Error: The getter 'AppTheme' isn't defined for the type '_DashboardScreenV2State'.
 - '_DashboardScreenV2State' is from 'package:vercy_motos/screens/reportes/dashboard_screen_v2.dart' ('lib/screens/reportes/dashboard_screen_v2.dart').
                  labelStyle: TextStyle(color: AppTheme.textSecondary),
                                               ^^^^^^^^
lib/screens/reportes/dashboard_screen_v2.dart:647:49:
Error: The getter 'AppTheme' isn't defined for the type '_DashboardScreenV2State'.
 - '_DashboardScreenV2State' is from 'package:vercy_motos/screens/reportes/dashboard_screen_v2.dart' ('lib/screens/reportes/dashboard_screen_v2.dart').
                  prefixStyle: TextStyle(color: AppTheme.textSecondary),
                                                ^^^^^^^^
lib/screens/reportes/dashboard_screen_v2.dart:649:51:
Error: The getter 'AppTheme' isn't defined for the type '_DashboardScreenV2State'.
 - '_DashboardScreenV2State' is from 'package:vercy_motos/screens/reportes/dashboard_screen_v2.dart' ('lib/screens/reportes/dashboard_screen_v2.dart').
                    borderSide: BorderSide(color: AppTheme.textSecondary),
                                                  ^^^^^^^^
lib/screens/reportes/dashboard_screen_v2.dart:652:51:
Error: The getter 'AppTheme' isn't defined for the type '_DashboardScreenV2State'.
 - '_DashboardScreenV2State' is from 'package:vercy_motos/screens/reportes/dashboard_screen_v2.dart' ('lib/screens/reportes/dashboard_screen_v2.dart').
                    borderSide: BorderSide(color: AppTheme.textSecondary),
                                                  ^^^^^^^^
lib/screens/reportes/dashboard_screen_v2.dart:655:51:
Error: The getter 'AppTheme' isn't defined for the type '_DashboardScreenV2State'.
 - '_DashboardScreenV2State' is from 'package:vercy_motos/screens/reportes/dashboard_screen_v2.dart' ('lib/screens/reportes/dashboard_screen_v2.dart').
                    borderSide: BorderSide(color: AppTheme.primary),
                                                  ^^^^^^^^
lib/screens/reportes/dashboard_screen_v2.dart:666:41:
Error: The getter 'AppTheme' isn't defined for the type '_DashboardScreenV2State'.
 - '_DashboardScreenV2State' is from 'package:vercy_motos/screens/reportes/dashboard_screen_v2.dart' ('lib/screens/reportes/dashboard_screen_v2.dart').
                style: TextStyle(color: AppTheme.textSecondary),
                                        ^^^^^^^^
lib/screens/reportes/dashboard_screen_v2.dart:689:34:
Error: The getter 'AppTheme' isn't defined for the type '_DashboardScreenV2State'.
 - '_DashboardScreenV2State' is from 'package:vercy_motos/screens/reportes/dashboard_screen_v2.dart' ('lib/screens/reportes/dashboard_screen_v2.dart').
                backgroundColor: AppTheme.primary,
                                 ^^^^^^^^
lib/screens/reportes/dashboard_screen_v2.dart:777:29:
Error: The method 'ReportesService' isn't defined for the type '_DashboardScreenV2State'.
 - '_DashboardScreenV2State' is from 'package:vercy_motos/screens/reportes/dashboard_screen_v2.dart' ('lib/screens/reportes/dashboard_screen_v2.dart').
      final exitoso = await ReportesService().actualizarObjetivo(
                            ^^^^^^^^^^^^^^^
lib/screens/reportes/dashboard_screen_v2.dart:789:32:
Error: The getter 'AppTheme' isn't defined for the type '_DashboardScreenV2State'.
 - '_DashboardScreenV2State' is from 'package:vercy_motos/screens/reportes/dashboard_screen_v2.dart' ('lib/screens/reportes/dashboard_screen_v2.dart').
              backgroundColor: AppTheme.primary,
                               ^^^^^^^^
lib/screens/reportes/dashboard_screen_v2.dart:824:38:
Error: 'UserProvider' isn't a type.
    final userProvider = Provider.of<UserProvider>(context);
                                     ^^^^^^^^^^^^
lib/screens/reportes/dashboard_screen_v2.dart:894:50:
Error: The getter 'AppTheme' isn't defined for the type '_DashboardScreenV2State'.
 - '_DashboardScreenV2State' is from 'package:vercy_motos/screens/reportes/dashboard_screen_v2.dart' ('lib/screens/reportes/dashboard_screen_v2.dart').
                                          color: AppTheme.primary.withOpacity(
                                                 ^^^^^^^^
lib/screens/reportes/dashboard_screen_v2.dart:904:41:
Error: The getter 'AppTheme' isn't defined for the type '_DashboardScreenV2State'.
 - '_DashboardScreenV2State' is from 'package:vercy_motos/screens/reportes/dashboard_screen_v2.dart' ('lib/screens/reportes/dashboard_screen_v2.dart').
                                        AppTheme.primary,
                                        ^^^^^^^^
lib/screens/reportes/dashboard_screen_v2.dart:912:42:
Error: The getter 'AppTheme' isn't defined for the type '_DashboardScreenV2State'.
 - '_DashboardScreenV2State' is from 'package:vercy_motos/screens/reportes/dashboard_screen_v2.dart' ('lib/screens/reportes/dashboard_screen_v2.dart').
                                  color: AppTheme.primary,
                                         ^^^^^^^^
lib/screens/reportes/dashboard_screen_v2.dart:916:47:
Error: The getter 'responsivePadding' isn't defined for the type 'BuildContext'.
 - 'BuildContext' is from 'package:flutter/src/widgets/framework.dart' ('../../flutter/packages/flutter/lib/src/widgets/framework.dart').
                                      context.responsivePadding,
                                              ^^^^^^^^^^^^^^^^^
lib/screens/reportes/dashboard_screen_v2.dart:926:53:
Error: The getter 'AppTheme' isn't defined for the type '_DashboardScreenV2State'.
 - '_DashboardScreenV2State' is from 'package:vercy_motos/screens/reportes/dashboard_screen_v2.dart' ('lib/screens/reportes/dashboard_screen_v2.dart').
                                            height: AppTheme.spacingXLarge,
                                                    ^^^^^^^^
lib/screens/reportes/dashboard_screen_v2.dart:932:53:
Error: The getter 'AppTheme' isn't defined for the type '_DashboardScreenV2State'.
 - '_DashboardScreenV2State' is from 'package:vercy_motos/screens/reportes/dashboard_screen_v2.dart' ('lib/screens/reportes/dashboard_screen_v2.dart').
                                            height: AppTheme.spacingXLarge,
                                                    ^^^^^^^^
lib/screens/reportes/dashboard_screen_v2.dart:936:51:
Error: The getter 'isMobile' isn't defined for the type 'BuildContext'.
 - 'BuildContext' is from 'package:flutter/src/widgets/framework.dart' ('../../flutter/packages/flutter/lib/src/widgets/framework.dart').
                                          context.isMobile
                                                  ^^^^^^^^
lib/screens/reportes/dashboard_screen_v2.dart:944:59:
Error: The getter 'AppTheme' isn't defined for the type '_DashboardScreenV2State'.
 - '_DashboardScreenV2State' is from 'package:vercy_motos/screens/reportes/dashboard_screen_v2.dart' ('lib/screens/reportes/dashboard_screen_v2.dart').
                                                          AppTheme.spacingLarge,
                                                          ^^^^^^^^
lib/screens/reportes/dashboard_screen_v2.dart:962:62:
Error: The getter 'AppTheme' isn't defined for the type '_DashboardScreenV2State'.
 - '_DashboardScreenV2State' is from 'package:vercy_motos/screens/reportes/dashboard_screen_v2.dart' ('lib/screens/reportes/dashboard_screen_v2.dart').
                                                      width: AppTheme
                                                             ^^^^^^^^
lib/screens/reportes/dashboard_screen_v2.dart:974:53:
Error: The getter 'AppTheme' isn't defined for the type '_DashboardScreenV2State'.
 - '_DashboardScreenV2State' is from 'package:vercy_motos/screens/reportes/dashboard_screen_v2.dart' ('lib/screens/reportes/dashboard_screen_v2.dart').
                                            height: AppTheme.spacingXLarge,
                                                    ^^^^^^^^
lib/screens/reportes/dashboard_screen_v2.dart:978:51:
Error: The getter 'isMobile' isn't defined for the type 'BuildContext'.
 - 'BuildContext' is from 'package:flutter/src/widgets/framework.dart' ('../../flutter/packages/flutter/lib/src/widgets/framework.dart').
                                          context.isMobile
                                                  ^^^^^^^^
lib/screens/reportes/dashboard_screen_v2.dart:999:53:
Error: The getter 'AppTheme' isn't defined for the type '_DashboardScreenV2State'.
 - '_DashboardScreenV2State' is from 'package:vercy_motos/screens/reportes/dashboard_screen_v2.dart' ('lib/screens/reportes/dashboard_screen_v2.dart').
                                            height: AppTheme.spacingXLarge,
                                                    ^^^^^^^^
lib/screens/reportes/dashboard_screen_v2.dart:1003:51:
Error: The getter 'isMobile' isn't defined for the type 'BuildContext'.
 - 'BuildContext' is from 'package:flutter/src/widgets/framework.dart' ('../../flutter/packages/flutter/lib/src/widgets/framework.dart').
                                          context.isMobile
                                                  ^^^^^^^^
lib/screens/reportes/dashboard_screen_v2.dart:1011:59:
Error: The getter 'AppTheme' isn't defined for the type '_DashboardScreenV2State'.
 - '_DashboardScreenV2State' is from 'package:vercy_motos/screens/reportes/dashboard_screen_v2.dart' ('lib/screens/reportes/dashboard_screen_v2.dart').
                                                          AppTheme.spacingLarge,
                                                          ^^^^^^^^
lib/screens/reportes/dashboard_screen_v2.dart:1030:62:
Error: The getter 'AppTheme' isn't defined for the type '_DashboardScreenV2State'.
 - '_DashboardScreenV2State' is from 'package:vercy_motos/screens/reportes/dashboard_screen_v2.dart' ('lib/screens/reportes/dashboard_screen_v2.dart').
                                                      width: AppTheme
                                                             ^^^^^^^^
lib/screens/reportes/dashboard_screen_v2.dart:1043:53:
Error: The getter 'AppTheme' isn't defined for the type '_DashboardScreenV2State'.
 - '_DashboardScreenV2State' is from 'package:vercy_motos/screens/reportes/dashboard_screen_v2.dart' ('lib/screens/reportes/dashboard_screen_v2.dart').
                                            height: AppTheme.spacingXLarge,
                                                    ^^^^^^^^
lib/screens/reportes/dashboard_screen_v2.dart:1086:54:
Error: The getter 'AppTheme' isn't defined for the type '_DashboardScreenV2State'.
 - '_DashboardScreenV2State' is from 'package:vercy_motos/screens/reportes/dashboard_screen_v2.dart' ('lib/screens/reportes/dashboard_screen_v2.dart').
                                    backgroundColor: AppTheme.primary,
                                                     ^^^^^^^^
lib/screens/reportes/dashboard_screen_v2.dart:869:14:
Error: The method 'VercySidebarLayout' isn't defined for the type '_DashboardScreenV2State'.
 - '_DashboardScreenV2State' is from 'package:vercy_motos/screens/reportes/dashboard_screen_v2.dart' ('lib/screens/reportes/dashboard_screen_v2.dart').
      child: VercySidebarLayout(
             ^^^^^^^^^^^^^^^^^^
lib/screens/reportes/dashboard_screen_v2.dart:868:12:
Error: The method 'AdminKeySequenceDetector' isn't defined for the type '_DashboardScreenV2State'.
 - '_DashboardScreenV2State' is from 'package:vercy_motos/screens/reportes/dashboard_screen_v2.dart' ('lib/screens/reportes/dashboard_screen_v2.dart').
    return AdminKeySequenceDetector(
           ^^^^^^^^^^^^^^^^^^^^^^^^
lib/screens/reportes/dashboard_screen_v2.dart:1168:20:
Error: 'UserProvider' isn't a type.
          Consumer<UserProvider>(
                   ^^^^^^^^^^^^
lib/screens/reportes/dashboard_screen_v2.dart:1116:14:
Error: The getter 'AppTheme' isn't defined for the type '_DashboardScreenV2State'.
 - '_DashboardScreenV2State' is from 'package:vercy_motos/screens/reportes/dashboard_screen_v2.dart' ('lib/screens/reportes/dashboard_screen_v2.dart').
      color: AppTheme.primary,
             ^^^^^^^^
lib/screens/reportes/dashboard_screen_v2.dart:1135:21:
Error: The getter 'AppTheme' isn't defined for the type '_DashboardScreenV2State'.
 - '_DashboardScreenV2State' is from 'package:vercy_motos/screens/reportes/dashboard_screen_v2.dart' ('lib/screens/reportes/dashboard_screen_v2.dart').
                  ? AppTheme.primary.withOpacity(0.2)
                    ^^^^^^^^
lib/screens/reportes/dashboard_screen_v2.dart:1139:38:
Error: The getter 'AppTheme' isn't defined for the type '_DashboardScreenV2State'.
 - '_DashboardScreenV2State' is from 'package:vercy_motos/screens/reportes/dashboard_screen_v2.dart' ('lib/screens/reportes/dashboard_screen_v2.dart').
                color: !_isLoading ? AppTheme.primary : Colors.orange,
                                     ^^^^^^^^
lib/screens/reportes/dashboard_screen_v2.dart:1150:42:
Error: The getter 'AppTheme' isn't defined for the type '_DashboardScreenV2State'.
 - '_DashboardScreenV2State' is from 'package:vercy_motos/screens/reportes/dashboard_screen_v2.dart' ('lib/screens/reportes/dashboard_screen_v2.dart').
                    color: !_isLoading ? AppTheme.primary : Colors.orange,
                                         ^^^^^^^^
lib/screens/reportes/dashboard_screen_v2.dart:1177:32:
Error: The getter 'userName' isn't defined for the type 'Object?'.
 - 'Object' is from 'dart:core'.
                  userProvider.userName ?? 'Usuario',
                               ^^^^^^^^
lib/screens/reportes/dashboard_screen_v2.dart:1195:38:
Error: 'UserProvider' isn't a type.
    final userProvider = Provider.of<UserProvider>(context);
                                     ^^^^^^^^^^^^
lib/screens/reportes/dashboard_screen_v2.dart:1220:31:
Error: 'UserProvider' isn't a type.
  List<Widget> _buildNavItems(UserProvider userProvider) {
                              ^^^^^^^^^^^^
lib/screens/reportes/dashboard_screen_v2.dart:1423:57:
Error: Not a constant expression.
          MaterialPageRoute(builder: (context) => const NegocioInfoScreen()),
                                                        ^^^^^^^^^^^^^^^^^
lib/screens/reportes/dashboard_screen_v2.dart:1233:51:
Error: The method 'PedidosScreenFusion' isn't defined for the type '_DashboardScreenV2State'.
 - '_DashboardScreenV2State' is from 'package:vercy_motos/screens/reportes/dashboard_screen_v2.dart' ('lib/screens/reportes/dashboard_screen_v2.dart').
          MaterialPageRoute(builder: (context) => PedidosScreenFusion()),
                                                  ^^^^^^^^^^^^^^^^^^^
lib/screens/reportes/dashboard_screen_v2.dart:1245:53:
Error: The method 'ProductosScreen' isn't defined for the type '_DashboardScreenV2State'.
 - '_DashboardScreenV2State' is from 'package:vercy_motos/screens/reportes/dashboard_screen_v2.dart' ('lib/screens/reportes/dashboard_screen_v2.dart').
            MaterialPageRoute(builder: (context) => ProductosScreen()),
                                                    ^^^^^^^^^^^^^^^
lib/screens/reportes/dashboard_screen_v2.dart:1271:43:
Error: The getter 'AppTheme' isn't defined for the type '_DashboardScreenV2State'.
 - '_DashboardScreenV2State' is from 'package:vercy_motos/screens/reportes/dashboard_screen_v2.dart' ('lib/screens/reportes/dashboard_screen_v2.dart').
                  style: TextStyle(color: AppTheme.textPrimary),
                                          ^^^^^^^^
lib/screens/reportes/dashboard_screen_v2.dart:1260:43:
Error: The method 'HistorialInventarioScreen' isn't defined for the type '_DashboardScreenV2State'.
 - '_DashboardScreenV2State' is from 'package:vercy_motos/screens/reportes/dashboard_screen_v2.dart' ('lib/screens/reportes/dashboard_screen_v2.dart').
                    builder: (context) => HistorialInventarioScreen(),
                                          ^^^^^^^^^^^^^^^^^^^^^^^^^
lib/screens/reportes/dashboard_screen_v2.dart:1292:43:
Error: The getter 'AppTheme' isn't defined for the type '_DashboardScreenV2State'.
 - '_DashboardScreenV2State' is from 'package:vercy_motos/screens/reportes/dashboard_screen_v2.dart' ('lib/screens/reportes/dashboard_screen_v2.dart').
                  style: TextStyle(color: AppTheme.textPrimary),
                                          ^^^^^^^^
lib/screens/reportes/dashboard_screen_v2.dart:1282:59:
Error: The method 'ProveedoresScreen' isn't defined for the type '_DashboardScreenV2State'.
 - '_DashboardScreenV2State' is from 'package:vercy_motos/screens/reportes/dashboard_screen_v2.dart' ('lib/screens/reportes/dashboard_screen_v2.dart').
                  MaterialPageRoute(builder: (context) => ProveedoresScreen()),
                                                          ^^^^^^^^^^^^^^^^^
lib/screens/reportes/dashboard_screen_v2.dart:1305:53:
Error: The method 'FacturasComprasScreen' isn't defined for the type '_DashboardScreenV2State'.
 - '_DashboardScreenV2State' is from 'package:vercy_motos/screens/reportes/dashboard_screen_v2.dart' ('lib/screens/reportes/dashboard_screen_v2.dart').
            MaterialPageRoute(builder: (context) => FacturasComprasScreen()),
                                                    ^^^^^^^^^^^^^^^^^^^^^
lib/screens/reportes/dashboard_screen_v2.dart:1335:45:
Error: The getter 'AppTheme' isn't defined for the type '_DashboardScreenV2State'.
 - '_DashboardScreenV2State' is from 'package:vercy_motos/screens/reportes/dashboard_screen_v2.dart' ('lib/screens/reportes/dashboard_screen_v2.dart').
                    style: TextStyle(color: AppTheme.textPrimary),
                                            ^^^^^^^^
lib/screens/reportes/dashboard_screen_v2.dart:1324:45:
Error: The method 'IngresosCajaScreen' isn't defined for the type '_DashboardScreenV2State'.
 - '_DashboardScreenV2State' is from 'package:vercy_motos/screens/reportes/dashboard_screen_v2.dart' ('lib/screens/reportes/dashboard_screen_v2.dart').
                      builder: (context) => IngresosCajaScreen(),
                                            ^^^^^^^^^^^^^^^^^^
lib/screens/reportes/dashboard_screen_v2.dart:1356:45:
Error: The getter 'AppTheme' isn't defined for the type '_DashboardScreenV2State'.
 - '_DashboardScreenV2State' is from 'package:vercy_motos/screens/reportes/dashboard_screen_v2.dart' ('lib/screens/reportes/dashboard_screen_v2.dart').
                    style: TextStyle(color: AppTheme.textPrimary),
                                            ^^^^^^^^
lib/screens/reportes/dashboard_screen_v2.dart:1346:61:
Error: The method 'TiposGastoScreen' isn't defined for the type '_DashboardScreenV2State'.
 - '_DashboardScreenV2State' is from 'package:vercy_motos/screens/reportes/dashboard_screen_v2.dart' ('lib/screens/reportes/dashboard_screen_v2.dart').
                    MaterialPageRoute(builder: (context) => TiposGastoScreen()),
                                                            ^^^^^^^^^^^^^^^^
lib/screens/reportes/dashboard_screen_v2.dart:1375:28:
Error: The getter 'AppTheme' isn't defined for the type '_DashboardScreenV2State'.
 - '_DashboardScreenV2State' is from 'package:vercy_motos/screens/reportes/dashboard_screen_v2.dart' ('lib/screens/reportes/dashboard_screen_v2.dart').
                    color: AppTheme.secondary,
                           ^^^^^^^^
lib/screens/reportes/dashboard_screen_v2.dart:1381:45:
Error: The getter 'AppTheme' isn't defined for the type '_DashboardScreenV2State'.
 - '_DashboardScreenV2State' is from 'package:vercy_motos/screens/reportes/dashboard_screen_v2.dart' ('lib/screens/reportes/dashboard_screen_v2.dart').
                    style: TextStyle(color: AppTheme.textPrimary),
                                            ^^^^^^^^
lib/screens/reportes/dashboard_screen_v2.dart:1367:61:
Error: The method 'GastosScreen' isn't defined for the type '_DashboardScreenV2State'.
 - '_DashboardScreenV2State' is from 'package:vercy_motos/screens/reportes/dashboard_screen_v2.dart' ('lib/screens/reportes/dashboard_screen_v2.dart').
                    MaterialPageRoute(builder: (context) => GastosScreen()),
                                                            ^^^^^^^^^^^^
lib/screens/reportes/dashboard_screen_v2.dart:1391:55:
Error: The method 'CuadreCajaScreen' isn't defined for the type '_DashboardScreenV2State'.
 - '_DashboardScreenV2State' is from 'package:vercy_motos/screens/reportes/dashboard_screen_v2.dart' ('lib/screens/reportes/dashboard_screen_v2.dart').
              MaterialPageRoute(builder: (context) => CuadreCajaScreen()),
                                                      ^^^^^^^^^^^^^^^^
lib/screens/reportes/dashboard_screen_v2.dart:1402:53:
Error: The method 'CuadreCajaScreen' isn't defined for the type '_DashboardScreenV2State'.
 - '_DashboardScreenV2State' is from 'package:vercy_motos/screens/reportes/dashboard_screen_v2.dart' ('lib/screens/reportes/dashboard_screen_v2.dart').
            MaterialPageRoute(builder: (context) => CuadreCajaScreen()),
                                                    ^^^^^^^^^^^^^^^^
lib/screens/reportes/dashboard_screen_v2.dart:1412:53:
Error: The method 'ConfiguracionScreen' isn't defined for the type '_DashboardScreenV2State'.
 - '_DashboardScreenV2State' is from 'package:vercy_motos/screens/reportes/dashboard_screen_v2.dart' ('lib/screens/reportes/dashboard_screen_v2.dart').
            MaterialPageRoute(builder: (context) => ConfiguracionScreen()),
                                                    ^^^^^^^^^^^^^^^^^^^
lib/screens/reportes/dashboard_screen_v2.dart:1449:31:
Error: The getter 'AppTheme' isn't defined for the type '_DashboardScreenV2State'.
 - '_DashboardScreenV2State' is from 'package:vercy_motos/screens/reportes/dashboard_screen_v2.dart' ('lib/screens/reportes/dashboard_screen_v2.dart').
          color: isSelected ? AppTheme.primary.withOpacity(0.1) : Colors.white,
                              ^^^^^^^^
lib/screens/reportes/dashboard_screen_v2.dart:1452:33:
Error: The getter 'AppTheme' isn't defined for the type '_DashboardScreenV2State'.
 - '_DashboardScreenV2State' is from 'package:vercy_motos/screens/reportes/dashboard_screen_v2.dart' ('lib/screens/reportes/dashboard_screen_v2.dart').
            color: isSelected ? AppTheme.primary : Colors.grey.withOpacity(0.2),
                                ^^^^^^^^
lib/screens/reportes/dashboard_screen_v2.dart:1458:28:
Error: The getter 'AppTheme' isn't defined for the type '_DashboardScreenV2State'.
 - '_DashboardScreenV2State' is from 'package:vercy_motos/screens/reportes/dashboard_screen_v2.dart' ('lib/screens/reportes/dashboard_screen_v2.dart').
                    color: AppTheme.primary.withOpacity(0.3),
                           ^^^^^^^^
lib/screens/reportes/dashboard_screen_v2.dart:1476:50:
Error: The getter 'AppTheme' isn't defined for the type '_DashboardScreenV2State'.
 - '_DashboardScreenV2State' is from 'package:vercy_motos/screens/reportes/dashboard_screen_v2.dart' ('lib/screens/reportes/dashboard_screen_v2.dart').
              color: isSelected ? Colors.white : AppTheme.textSecondary,
                                                 ^^^^^^^^
lib/screens/reportes/dashboard_screen_v2.dart:1483:52:
Error: The getter 'AppTheme' isn't defined for the type '_DashboardScreenV2State'.
 - '_DashboardScreenV2State' is from 'package:vercy_motos/screens/reportes/dashboard_screen_v2.dart' ('lib/screens/reportes/dashboard_screen_v2.dart').
                color: isSelected ? Colors.white : AppTheme.textSecondary,
                                                   ^^^^^^^^
lib/screens/reportes/dashboard_screen_v2.dart:1521:31:
Error: The getter 'AppTheme' isn't defined for the type '_DashboardScreenV2State'.
 - '_DashboardScreenV2State' is from 'package:vercy_motos/screens/reportes/dashboard_screen_v2.dart' ('lib/screens/reportes/dashboard_screen_v2.dart').
          color: isSelected ? AppTheme.primary : Colors.transparent,
                              ^^^^^^^^
lib/screens/reportes/dashboard_screen_v2.dart:1532:54:
Error: The getter 'AppTheme' isn't defined for the type '_DashboardScreenV2State'.
 - '_DashboardScreenV2State' is from 'package:vercy_motos/screens/reportes/dashboard_screen_v2.dart' ('lib/screens/reportes/dashboard_screen_v2.dart').
                  color: isSelected ? Colors.white : AppTheme.textSecondary,
                                                     ^^^^^^^^
lib/screens/reportes/dashboard_screen_v2.dart:1538:54:
Error: The getter 'AppTheme' isn't defined for the type '_DashboardScreenV2State'.
 - '_DashboardScreenV2State' is from 'package:vercy_motos/screens/reportes/dashboard_screen_v2.dart' ('lib/screens/reportes/dashboard_screen_v2.dart').
                  color: isSelected ? Colors.white : AppTheme.textSecondary,
                                                     ^^^^^^^^
lib/screens/reportes/dashboard_screen_v2.dart:1547:52:
Error: The getter 'AppTheme' isn't defined for the type '_DashboardScreenV2State'.
 - '_DashboardScreenV2State' is from 'package:vercy_motos/screens/reportes/dashboard_screen_v2.dart' ('lib/screens/reportes/dashboard_screen_v2.dart').
                color: isSelected ? Colors.white : AppTheme.textSecondary,
                                                   ^^^^^^^^
lib/screens/reportes/dashboard_screen_v2.dart:1567:59:
Error: The getter 'AppTheme' isn't defined for the type '_DashboardScreenV2State'.
 - '_DashboardScreenV2State' is from 'package:vercy_motos/screens/reportes/dashboard_screen_v2.dart' ('lib/screens/reportes/dashboard_screen_v2.dart').
                valueColor: AlwaysStoppedAnimation<Color>(AppTheme.primary),
                                                          ^^^^^^^^
lib/screens/reportes/dashboard_screen_v2.dart:1569:32:
Error: The getter 'AppTheme' isn't defined for the type '_DashboardScreenV2State'.
 - '_DashboardScreenV2State' is from 'package:vercy_motos/screens/reportes/dashboard_screen_v2.dart' ('lib/screens/reportes/dashboard_screen_v2.dart').
              SizedBox(height: AppTheme.spacingMedium),
                               ^^^^^^^^
lib/screens/reportes/dashboard_screen_v2.dart:1572:24:
Error: The getter 'AppTheme' isn't defined for the type '_DashboardScreenV2State'.
 - '_DashboardScreenV2State' is from 'package:vercy_motos/screens/reportes/dashboard_screen_v2.dart' ('lib/screens/reportes/dashboard_screen_v2.dart').
                style: AppTheme.bodyMedium.copyWith(
                       ^^^^^^^^
lib/screens/reportes/dashboard_screen_v2.dart:1573:26:
Error: The getter 'AppTheme' isn't defined for the type '_DashboardScreenV2State'.
 - '_DashboardScreenV2State' is from 'package:vercy_motos/screens/reportes/dashboard_screen_v2.dart' ('lib/screens/reportes/dashboard_screen_v2.dart').
                  color: AppTheme.textSecondary,
                         ^^^^^^^^
lib/screens/reportes/dashboard_screen_v2.dart:1583:17:
Error: The getter 'isMobile' isn't defined for the type 'BuildContext'.
 - 'BuildContext' is from 'package:flutter/src/widgets/framework.dart' ('../../flutter/packages/flutter/lib/src/widgets/framework.dart').
    if (context.isMobile) {
                ^^^^^^^^
lib/screens/reportes/dashboard_screen_v2.dart:1601:20:
Error: The getter 'AppTheme' isn't defined for the type '_DashboardScreenV2State'.
 - '_DashboardScreenV2State' is from 'package:vercy_motos/screens/reportes/dashboard_screen_v2.dart' ('lib/screens/reportes/dashboard_screen_v2.dart').
            color: AppTheme.primary,
                   ^^^^^^^^
lib/screens/reportes/dashboard_screen_v2.dart:1604:28:
Error: The getter 'AppTheme' isn't defined for the type '_DashboardScreenV2State'.
 - '_DashboardScreenV2State' is from 'package:vercy_motos/screens/reportes/dashboard_screen_v2.dart' ('lib/screens/reportes/dashboard_screen_v2.dart').
          SizedBox(height: AppTheme.spacingMedium),
                           ^^^^^^^^
lib/screens/reportes/dashboard_screen_v2.dart:1620:20:
Error: The getter 'AppTheme' isn't defined for the type '_DashboardScreenV2State'.
 - '_DashboardScreenV2State' is from 'package:vercy_motos/screens/reportes/dashboard_screen_v2.dart' ('lib/screens/reportes/dashboard_screen_v2.dart').
            color: AppTheme.secondary,
                   ^^^^^^^^
lib/screens/reportes/dashboard_screen_v2.dart:1623:28:
Error: The getter 'AppTheme' isn't defined for the type '_DashboardScreenV2State'.
 - '_DashboardScreenV2State' is from 'package:vercy_motos/screens/reportes/dashboard_screen_v2.dart' ('lib/screens/reportes/dashboard_screen_v2.dart').
          SizedBox(height: AppTheme.spacingMedium),
                           ^^^^^^^^
lib/screens/reportes/dashboard_screen_v2.dart:1639:20:
Error: The getter 'AppTheme' isn't defined for the type '_DashboardScreenV2State'.
 - '_DashboardScreenV2State' is from 'package:vercy_motos/screens/reportes/dashboard_screen_v2.dart' ('lib/screens/reportes/dashboard_screen_v2.dart').
            color: AppTheme.secondary,
                   ^^^^^^^^
lib/screens/reportes/dashboard_screen_v2.dart:1642:28:
Error: The getter 'AppTheme' isn't defined for the type '_DashboardScreenV2State'.
 - '_DashboardScreenV2State' is from 'package:vercy_motos/screens/reportes/dashboard_screen_v2.dart' ('lib/screens/reportes/dashboard_screen_v2.dart').
          SizedBox(height: AppTheme.spacingMedium),
                           ^^^^^^^^
lib/screens/reportes/dashboard_screen_v2.dart:1658:20:
Error: The getter 'AppTheme' isn't defined for the type '_DashboardScreenV2State'.
 - '_DashboardScreenV2State' is from 'package:vercy_motos/screens/reportes/dashboard_screen_v2.dart' ('lib/screens/reportes/dashboard_screen_v2.dart').
            color: AppTheme.info,
                   ^^^^^^^^
lib/screens/reportes/dashboard_screen_v2.dart:1686:24:
Error: The getter 'AppTheme' isn't defined for the type '_DashboardScreenV2State'.
 - '_DashboardScreenV2State' is from 'package:vercy_motos/screens/reportes/dashboard_screen_v2.dart' ('lib/screens/reportes/dashboard_screen_v2.dart').
                color: AppTheme.primary,
                       ^^^^^^^^
lib/screens/reportes/dashboard_screen_v2.dart:1691:30:
Error: The getter 'isTablet' isn't defined for the type 'BuildContext'.
 - 'BuildContext' is from 'package:flutter/src/widgets/framework.dart' ('../../flutter/packages/flutter/lib/src/widgets/framework.dart').
              width: context.isTablet
                             ^^^^^^^^
lib/screens/reportes/dashboard_screen_v2.dart:1692:21:
Error: The getter 'AppTheme' isn't defined for the type '_DashboardScreenV2State'.
 - '_DashboardScreenV2State' is from 'package:vercy_motos/screens/reportes/dashboard_screen_v2.dart' ('lib/screens/reportes/dashboard_screen_v2.dart').
                  ? AppTheme.spacingMedium
                    ^^^^^^^^
lib/screens/reportes/dashboard_screen_v2.dart:1693:21:
Error: The getter 'AppTheme' isn't defined for the type '_DashboardScreenV2State'.
 - '_DashboardScreenV2State' is from 'package:vercy_motos/screens/reportes/dashboard_screen_v2.dart' ('lib/screens/reportes/dashboard_screen_v2.dart').
                  : AppTheme.spacingLarge,
                    ^^^^^^^^
lib/screens/reportes/dashboard_screen_v2.dart:1711:24:
Error: The getter 'AppTheme' isn't defined for the type '_DashboardScreenV2State'.
 - '_DashboardScreenV2State' is from 'package:vercy_motos/screens/reportes/dashboard_screen_v2.dart' ('lib/screens/reportes/dashboard_screen_v2.dart').
                color: AppTheme.secondary,
                       ^^^^^^^^
lib/screens/reportes/dashboard_screen_v2.dart:1717:26:
Error: The getter 'AppTheme' isn't defined for the type '_DashboardScreenV2State'.
 - '_DashboardScreenV2State' is from 'package:vercy_motos/screens/reportes/dashboard_screen_v2.dart' ('lib/screens/reportes/dashboard_screen_v2.dart').
        SizedBox(height: AppTheme.spacingLarge),
                         ^^^^^^^^
lib/screens/reportes/dashboard_screen_v2.dart:1736:24:
Error: The getter 'AppTheme' isn't defined for the type '_DashboardScreenV2State'.
 - '_DashboardScreenV2State' is from 'package:vercy_motos/screens/reportes/dashboard_screen_v2.dart' ('lib/screens/reportes/dashboard_screen_v2.dart').
                color: AppTheme.secondary,
                       ^^^^^^^^
lib/screens/reportes/dashboard_screen_v2.dart:1741:30:
Error: The getter 'isTablet' isn't defined for the type 'BuildContext'.
 - 'BuildContext' is from 'package:flutter/src/widgets/framework.dart' ('../../flutter/packages/flutter/lib/src/widgets/framework.dart').
              width: context.isTablet
                             ^^^^^^^^
lib/screens/reportes/dashboard_screen_v2.dart:1742:21:
Error: The getter 'AppTheme' isn't defined for the type '_DashboardScreenV2State'.
 - '_DashboardScreenV2State' is from 'package:vercy_motos/screens/reportes/dashboard_screen_v2.dart' ('lib/screens/reportes/dashboard_screen_v2.dart').
                  ? AppTheme.spacingMedium
                    ^^^^^^^^
lib/screens/reportes/dashboard_screen_v2.dart:1743:21:
Error: The getter 'AppTheme' isn't defined for the type '_DashboardScreenV2State'.
 - '_DashboardScreenV2State' is from 'package:vercy_motos/screens/reportes/dashboard_screen_v2.dart' ('lib/screens/reportes/dashboard_screen_v2.dart').
                  : AppTheme.spacingLarge,
                    ^^^^^^^^
lib/screens/reportes/dashboard_screen_v2.dart:1761:24:
Error: The getter 'AppTheme' isn't defined for the type '_DashboardScreenV2State'.
 - '_DashboardScreenV2State' is from 'package:vercy_motos/screens/reportes/dashboard_screen_v2.dart' ('lib/screens/reportes/dashboard_screen_v2.dart').
                color: AppTheme.info,
                       ^^^^^^^^
lib/screens/reportes/dashboard_screen_v2.dart:1776:17:
Error: The getter 'isMobile' isn't defined for the type 'BuildContext'.
 - 'BuildContext' is from 'package:flutter/src/widgets/framework.dart' ('../../flutter/packages/flutter/lib/src/widgets/framework.dart').
        context.isMobile ? AppTheme.spacingMedium : AppTheme.spacingLarge,
                ^^^^^^^^
lib/screens/reportes/dashboard_screen_v2.dart:1776:28:
Error: The getter 'AppTheme' isn't defined for the type '_DashboardScreenV2State'.
 - '_DashboardScreenV2State' is from 'package:vercy_motos/screens/reportes/dashboard_screen_v2.dart' ('lib/screens/reportes/dashboard_screen_v2.dart').
        context.isMobile ? AppTheme.spacingMedium : AppTheme.spacingLarge,
                           ^^^^^^^^
lib/screens/reportes/dashboard_screen_v2.dart:1776:53:
Error: The getter 'AppTheme' isn't defined for the type '_DashboardScreenV2State'.
 - '_DashboardScreenV2State' is from 'package:vercy_motos/screens/reportes/dashboard_screen_v2.dart' ('lib/screens/reportes/dashboard_screen_v2.dart').
        context.isMobile ? AppTheme.spacingMedium : AppTheme.spacingLarge,
                                                    ^^^^^^^^
lib/screens/reportes/dashboard_screen_v2.dart:1780:45:
Error: The getter 'AppTheme' isn't defined for the type '_DashboardScreenV2State'.
 - '_DashboardScreenV2State' is from 'package:vercy_motos/screens/reportes/dashboard_screen_v2.dart' ('lib/screens/reportes/dashboard_screen_v2.dart').
        borderRadius: BorderRadius.circular(AppTheme.radiusMedium),
                                            ^^^^^^^^
lib/screens/reportes/dashboard_screen_v2.dart:1782:18:
Error: The getter 'AppTheme' isn't defined for the type '_DashboardScreenV2State'.
 - '_DashboardScreenV2State' is from 'package:vercy_motos/screens/reportes/dashboard_screen_v2.dart' ('lib/screens/reportes/dashboard_screen_v2.dart').
          color: AppTheme.primaryLight.withOpacity(0.2),
                 ^^^^^^^^
lib/screens/reportes/dashboard_screen_v2.dart:1800:22:
Error: The getter 'AppTheme' isn't defined for the type '_DashboardScreenV2State'.
 - '_DashboardScreenV2State' is from 'package:vercy_motos/screens/reportes/dashboard_screen_v2.dart' ('lib/screens/reportes/dashboard_screen_v2.dart').
              color: AppTheme.primaryLight.withOpacity(0.08),
                     ^^^^^^^^
lib/screens/reportes/dashboard_screen_v2.dart:1803:24:
Error: The getter 'AppTheme' isn't defined for the type '_DashboardScreenV2State'.
 - '_DashboardScreenV2State' is from 'package:vercy_motos/screens/reportes/dashboard_screen_v2.dart' ('lib/screens/reportes/dashboard_screen_v2.dart').
                color: AppTheme.primaryLight.withOpacity(0.15),
                       ^^^^^^^^
lib/screens/reportes/dashboard_screen_v2.dart:1813:28:
Error: The getter 'AppTheme' isn't defined for the type '_DashboardScreenV2State'.
 - '_DashboardScreenV2State' is from 'package:vercy_motos/screens/reportes/dashboard_screen_v2.dart' ('lib/screens/reportes/dashboard_screen_v2.dart').
                    color: AppTheme.primaryLight,
                           ^^^^^^^^
lib/screens/reportes/dashboard_screen_v2.dart:1817:32:
Error: The getter 'AppTheme' isn't defined for the type '_DashboardScreenV2State'.
 - '_DashboardScreenV2State' is from 'package:vercy_motos/screens/reportes/dashboard_screen_v2.dart' ('lib/screens/reportes/dashboard_screen_v2.dart').
                        color: AppTheme.primaryLight.withOpacity(0.4),
                               ^^^^^^^^
lib/screens/reportes/dashboard_screen_v2.dart:1833:28:
Error: The getter 'AppTheme' isn't defined for the type '_DashboardScreenV2State'.
 - '_DashboardScreenV2State' is from 'package:vercy_motos/screens/reportes/dashboard_screen_v2.dart' ('lib/screens/reportes/dashboard_screen_v2.dart').
                    color: AppTheme.primaryLight,
                           ^^^^^^^^
lib/screens/reportes/dashboard_screen_v2.dart:1850:58:
Error: The getter 'AppTheme' isn't defined for the type '_DashboardScreenV2State'.
 - '_DashboardScreenV2State' is from 'package:vercy_motos/screens/reportes/dashboard_screen_v2.dart' ('lib/screens/reportes/dashboard_screen_v2.dart').
                        CircularProgressIndicator(color: AppTheme.primary),
                                                         ^^^^^^^^
lib/screens/reportes/dashboard_screen_v2.dart:1855:36:
Error: The getter 'AppTheme' isn't defined for the type '_DashboardScreenV2State'.
 - '_DashboardScreenV2State' is from 'package:vercy_motos/screens/reportes/dashboard_screen_v2.dart' ('lib/screens/reportes/dashboard_screen_v2.dart').
                            color: AppTheme.textSecondary,
                                   ^^^^^^^^
lib/screens/reportes/dashboard_screen_v2.dart:1894:44:
Error: The getter 'AppTheme' isn't defined for the type '_DashboardScreenV2State'.
 - '_DashboardScreenV2State' is from 'package:vercy_motos/screens/reportes/dashboard_screen_v2.dart' ('lib/screens/reportes/dashboard_screen_v2.dart').
                                    color: AppTheme.textSecondary,
                                           ^^^^^^^^
lib/screens/reportes/dashboard_screen_v2.dart:1911:42:
Error: The getter 'AppTheme' isn't defined for the type '_DashboardScreenV2State'.
 - '_DashboardScreenV2State' is from 'package:vercy_motos/screens/reportes/dashboard_screen_v2.dart' ('lib/screens/reportes/dashboard_screen_v2.dart').
                                  color: AppTheme.textSecondary,
                                         ^^^^^^^^
lib/screens/reportes/dashboard_screen_v2.dart:1944:38:
Error: The getter 'AppTheme' isn't defined for the type '_DashboardScreenV2State'.
 - '_DashboardScreenV2State' is from 'package:vercy_motos/screens/reportes/dashboard_screen_v2.dart' ('lib/screens/reportes/dashboard_screen_v2.dart').
                              color: AppTheme.primaryLight,
                                     ^^^^^^^^
lib/screens/reportes/dashboard_screen_v2.dart:1949:38:
Error: The getter 'AppTheme' isn't defined for the type '_DashboardScreenV2State'.
 - '_DashboardScreenV2State' is from 'package:vercy_motos/screens/reportes/dashboard_screen_v2.dart' ('lib/screens/reportes/dashboard_screen_v2.dart').
                              color: AppTheme.error,
                                     ^^^^^^^^
lib/screens/reportes/dashboard_screen_v2.dart:1962:32:
Error: The getter 'AppTheme' isn't defined for the type '_DashboardScreenV2State'.
 - '_DashboardScreenV2State' is from 'package:vercy_motos/screens/reportes/dashboard_screen_v2.dart' ('lib/screens/reportes/dashboard_screen_v2.dart').
              _buildLegendItem(AppTheme.primaryLight, 'Ingresos'),
                               ^^^^^^^^
lib/screens/reportes/dashboard_screen_v2.dart:1964:32:
Error: The getter 'AppTheme' isn't defined for the type '_DashboardScreenV2State'.
 - '_DashboardScreenV2State' is from 'package:vercy_motos/screens/reportes/dashboard_screen_v2.dart' ('lib/screens/reportes/dashboard_screen_v2.dart').
              _buildLegendItem(AppTheme.error, 'Egresos'),
                               ^^^^^^^^
lib/screens/reportes/dashboard_screen_v2.dart:1975:17:
Error: The getter 'isMobile' isn't defined for the type 'BuildContext'.
 - 'BuildContext' is from 'package:flutter/src/widgets/framework.dart' ('../../flutter/packages/flutter/lib/src/widgets/framework.dart').
        context.isMobile ? AppTheme.spacingMedium : AppTheme.spacingLarge,
                ^^^^^^^^
lib/screens/reportes/dashboard_screen_v2.dart:1975:28:
Error: The getter 'AppTheme' isn't defined for the type '_DashboardScreenV2State'.
 - '_DashboardScreenV2State' is from 'package:vercy_motos/screens/reportes/dashboard_screen_v2.dart' ('lib/screens/reportes/dashboard_screen_v2.dart').
        context.isMobile ? AppTheme.spacingMedium : AppTheme.spacingLarge,
                           ^^^^^^^^
lib/screens/reportes/dashboard_screen_v2.dart:1975:53:
Error: The getter 'AppTheme' isn't defined for the type '_DashboardScreenV2State'.
 - '_DashboardScreenV2State' is from 'package:vercy_motos/screens/reportes/dashboard_screen_v2.dart' ('lib/screens/reportes/dashboard_screen_v2.dart').
        context.isMobile ? AppTheme.spacingMedium : AppTheme.spacingLarge,
                                                    ^^^^^^^^
lib/screens/reportes/dashboard_screen_v2.dart:1979:45:
Error: The getter 'AppTheme' isn't defined for the type '_DashboardScreenV2State'.
 - '_DashboardScreenV2State' is from 'package:vercy_motos/screens/reportes/dashboard_screen_v2.dart' ('lib/screens/reportes/dashboard_screen_v2.dart').
        borderRadius: BorderRadius.circular(AppTheme.radiusMedium),
                                            ^^^^^^^^
lib/screens/reportes/dashboard_screen_v2.dart:1981:18:
Error: The getter 'AppTheme' isn't defined for the type '_DashboardScreenV2State'.
 - '_DashboardScreenV2State' is from 'package:vercy_motos/screens/reportes/dashboard_screen_v2.dart' ('lib/screens/reportes/dashboard_screen_v2.dart').
          color: AppTheme.secondary.withOpacity(0.2),
                 ^^^^^^^^
lib/screens/reportes/dashboard_screen_v2.dart:1999:22:
Error: The getter 'AppTheme' isn't defined for the type '_DashboardScreenV2State'.
 - '_DashboardScreenV2State' is from 'package:vercy_motos/screens/reportes/dashboard_screen_v2.dart' ('lib/screens/reportes/dashboard_screen_v2.dart').
              color: AppTheme.secondary.withOpacity(0.08),
                     ^^^^^^^^
lib/screens/reportes/dashboard_screen_v2.dart:2002:24:
Error: The getter 'AppTheme' isn't defined for the type '_DashboardScreenV2State'.
 - '_DashboardScreenV2State' is from 'package:vercy_motos/screens/reportes/dashboard_screen_v2.dart' ('lib/screens/reportes/dashboard_screen_v2.dart').
                color: AppTheme.secondary.withOpacity(0.15),
                       ^^^^^^^^
lib/screens/reportes/dashboard_screen_v2.dart:2012:28:
Error: The getter 'AppTheme' isn't defined for the type '_DashboardScreenV2State'.
 - '_DashboardScreenV2State' is from 'package:vercy_motos/screens/reportes/dashboard_screen_v2.dart' ('lib/screens/reportes/dashboard_screen_v2.dart').
                    color: AppTheme.secondary,
                           ^^^^^^^^
lib/screens/reportes/dashboard_screen_v2.dart:2016:32:
Error: The getter 'AppTheme' isn't defined for the type '_DashboardScreenV2State'.
 - '_DashboardScreenV2State' is from 'package:vercy_motos/screens/reportes/dashboard_screen_v2.dart' ('lib/screens/reportes/dashboard_screen_v2.dart').
                        color: AppTheme.secondary.withOpacity(0.4),
                               ^^^^^^^^
lib/screens/reportes/dashboard_screen_v2.dart:2031:32:
Error: The getter 'AppTheme' isn't defined for the type '_DashboardScreenV2State'.
 - '_DashboardScreenV2State' is from 'package:vercy_motos/screens/reportes/dashboard_screen_v2.dart' ('lib/screens/reportes/dashboard_screen_v2.dart').
                        color: AppTheme.secondary,
                               ^^^^^^^^
lib/screens/reportes/dashboard_screen_v2.dart:2040:32:
Error: The getter 'AppTheme' isn't defined for the type '_DashboardScreenV2State'.
 - '_DashboardScreenV2State' is from 'package:vercy_motos/screens/reportes/dashboard_screen_v2.dart' ('lib/screens/reportes/dashboard_screen_v2.dart').
                        color: AppTheme.secondary.withOpacity(0.7),
                               ^^^^^^^^
lib/screens/reportes/dashboard_screen_v2.dart:2058:58:
Error: The getter 'AppTheme' isn't defined for the type '_DashboardScreenV2State'.
 - '_DashboardScreenV2State' is from 'package:vercy_motos/screens/reportes/dashboard_screen_v2.dart' ('lib/screens/reportes/dashboard_screen_v2.dart').
                        CircularProgressIndicator(color: AppTheme.primary),
                                                         ^^^^^^^^
lib/screens/reportes/dashboard_screen_v2.dart:2063:36:
Error: The getter 'AppTheme' isn't defined for the type '_DashboardScreenV2State'.
 - '_DashboardScreenV2State' is from 'package:vercy_motos/screens/reportes/dashboard_screen_v2.dart' ('lib/screens/reportes/dashboard_screen_v2.dart').
                            color: AppTheme.textSecondary,
                                   ^^^^^^^^
lib/screens/reportes/dashboard_screen_v2.dart:2098:32:
Error: The getter 'AppTheme' isn't defined for the type '_DashboardScreenV2State'.
 - '_DashboardScreenV2State' is from 'package:vercy_motos/screens/reportes/dashboard_screen_v2.dart' ('lib/screens/reportes/dashboard_screen_v2.dart').
                        color: AppTheme.textSecondary,
                               ^^^^^^^^
lib/screens/reportes/dashboard_screen_v2.dart:2122:42:
Error: The getter 'AppTheme' isn't defined for the type '_DashboardScreenV2State'.
 - '_DashboardScreenV2State' is from 'package:vercy_motos/screens/reportes/dashboard_screen_v2.dart' ('lib/screens/reportes/dashboard_screen_v2.dart').
                                  color: AppTheme.textSecondary,
                                         ^^^^^^^^
lib/screens/reportes/dashboard_screen_v2.dart:2131:40:
Error: The getter 'AppTheme' isn't defined for the type '_DashboardScreenV2State'.
 - '_DashboardScreenV2State' is from 'package:vercy_motos/screens/reportes/dashboard_screen_v2.dart' ('lib/screens/reportes/dashboard_screen_v2.dart').
                                color: AppTheme.textPrimary,
                                       ^^^^^^^^
lib/screens/reportes/dashboard_screen_v2.dart:2150:17:
Error: The getter 'isMobile' isn't defined for the type 'BuildContext'.
 - 'BuildContext' is from 'package:flutter/src/widgets/framework.dart' ('../../flutter/packages/flutter/lib/src/widgets/framework.dart').
        context.isMobile ? AppTheme.spacingMedium : AppTheme.spacingXLarge,
                ^^^^^^^^
lib/screens/reportes/dashboard_screen_v2.dart:2150:28:
Error: The getter 'AppTheme' isn't defined for the type '_DashboardScreenV2State'.
 - '_DashboardScreenV2State' is from 'package:vercy_motos/screens/reportes/dashboard_screen_v2.dart' ('lib/screens/reportes/dashboard_screen_v2.dart').
        context.isMobile ? AppTheme.spacingMedium : AppTheme.spacingXLarge,
                           ^^^^^^^^
lib/screens/reportes/dashboard_screen_v2.dart:2150:53:
Error: The getter 'AppTheme' isn't defined for the type '_DashboardScreenV2State'.
 - '_DashboardScreenV2State' is from 'package:vercy_motos/screens/reportes/dashboard_screen_v2.dart' ('lib/screens/reportes/dashboard_screen_v2.dart').
        context.isMobile ? AppTheme.spacingMedium : AppTheme.spacingXLarge,
                                                    ^^^^^^^^
lib/screens/reportes/dashboard_screen_v2.dart:2154:45:
Error: The getter 'AppTheme' isn't defined for the type '_DashboardScreenV2State'.
 - '_DashboardScreenV2State' is from 'package:vercy_motos/screens/reportes/dashboard_screen_v2.dart' ('lib/screens/reportes/dashboard_screen_v2.dart').
        borderRadius: BorderRadius.circular(AppTheme.radiusLarge),
                                            ^^^^^^^^
lib/screens/reportes/dashboard_screen_v2.dart:2155:35:
Error: The getter 'AppTheme' isn't defined for the type '_DashboardScreenV2State'.
 - '_DashboardScreenV2State' is from 'package:vercy_motos/screens/reportes/dashboard_screen_v2.dart' ('lib/screens/reportes/dashboard_screen_v2.dart').
        border: Border.all(color: AppTheme.metal.withOpacity(0.2), width: 1),
                                  ^^^^^^^^
lib/screens/reportes/dashboard_screen_v2.dart:2170:27:
Error: The getter 'AppTheme' isn't defined for the type '_DashboardScreenV2State'.
 - '_DashboardScreenV2State' is from 'package:vercy_motos/screens/reportes/dashboard_screen_v2.dart' ('lib/screens/reportes/dashboard_screen_v2.dart').
              horizontal: AppTheme.spacingMedium,
                          ^^^^^^^^
lib/screens/reportes/dashboard_screen_v2.dart:2171:25:
Error: The getter 'AppTheme' isn't defined for the type '_DashboardScreenV2State'.
 - '_DashboardScreenV2State' is from 'package:vercy_motos/screens/reportes/dashboard_screen_v2.dart' ('lib/screens/reportes/dashboard_screen_v2.dart').
              vertical: AppTheme.spacingSmall,
                        ^^^^^^^^
lib/screens/reportes/dashboard_screen_v2.dart:2174:22:
Error: The getter 'AppTheme' isn't defined for the type '_DashboardScreenV2State'.
 - '_DashboardScreenV2State' is from 'package:vercy_motos/screens/reportes/dashboard_screen_v2.dart' ('lib/screens/reportes/dashboard_screen_v2.dart').
              color: AppTheme.metal.withOpacity(0.08),
                     ^^^^^^^^
lib/screens/reportes/dashboard_screen_v2.dart:2175:51:
Error: The getter 'AppTheme' isn't defined for the type '_DashboardScreenV2State'.
 - '_DashboardScreenV2State' is from 'package:vercy_motos/screens/reportes/dashboard_screen_v2.dart' ('lib/screens/reportes/dashboard_screen_v2.dart').
              borderRadius: BorderRadius.circular(AppTheme.radiusMedium),
                                                  ^^^^^^^^
lib/screens/reportes/dashboard_screen_v2.dart:2177:24:
Error: The getter 'AppTheme' isn't defined for the type '_DashboardScreenV2State'.
 - '_DashboardScreenV2State' is from 'package:vercy_motos/screens/reportes/dashboard_screen_v2.dart' ('lib/screens/reportes/dashboard_screen_v2.dart').
                color: AppTheme.metal.withOpacity(0.15),
                       ^^^^^^^^
lib/screens/reportes/dashboard_screen_v2.dart:2186:28:
Error: The getter 'AppTheme' isn't defined for the type '_DashboardScreenV2State'.
 - '_DashboardScreenV2State' is from 'package:vercy_motos/screens/reportes/dashboard_screen_v2.dart' ('lib/screens/reportes/dashboard_screen_v2.dart').
                    color: AppTheme.metal.withOpacity(0.15),
                           ^^^^^^^^
lib/screens/reportes/dashboard_screen_v2.dart:2190:32:
Error: The getter 'AppTheme' isn't defined for the type '_DashboardScreenV2State'.
 - '_DashboardScreenV2State' is from 'package:vercy_motos/screens/reportes/dashboard_screen_v2.dart' ('lib/screens/reportes/dashboard_screen_v2.dart').
                        color: AppTheme.metal.withOpacity(0.3),
                               ^^^^^^^^
lib/screens/reportes/dashboard_screen_v2.dart:2196:52:
Error: The getter 'AppTheme' isn't defined for the type '_DashboardScreenV2State'.
 - '_DashboardScreenV2State' is from 'package:vercy_motos/screens/reportes/dashboard_screen_v2.dart' ('lib/screens/reportes/dashboard_screen_v2.dart').
                  child: Icon(Icons.people, color: AppTheme.metal, size: 20),
                                                   ^^^^^^^^
lib/screens/reportes/dashboard_screen_v2.dart:2206:34:
Error: The getter 'AppTheme' isn't defined for the type '_DashboardScreenV2State'.
 - '_DashboardScreenV2State' is from 'package:vercy_motos/screens/reportes/dashboard_screen_v2.dart' ('lib/screens/reportes/dashboard_screen_v2.dart').
                          color: AppTheme.textPrimary,
                                 ^^^^^^^^
lib/screens/reportes/dashboard_screen_v2.dart:2215:34:
Error: The getter 'AppTheme' isn't defined for the type '_DashboardScreenV2State'.
 - '_DashboardScreenV2State' is from 'package:vercy_motos/screens/reportes/dashboard_screen_v2.dart' ('lib/screens/reportes/dashboard_screen_v2.dart').
                          color: AppTheme.textSecondary,
                                 ^^^^^^^^
lib/screens/reportes/dashboard_screen_v2.dart:2233:58:
Error: The getter 'AppTheme' isn't defined for the type '_DashboardScreenV2State'.
 - '_DashboardScreenV2State' is from 'package:vercy_motos/screens/reportes/dashboard_screen_v2.dart' ('lib/screens/reportes/dashboard_screen_v2.dart').
                        CircularProgressIndicator(color: AppTheme.primary),
                                                         ^^^^^^^^
lib/screens/reportes/dashboard_screen_v2.dart:2238:36:
Error: The getter 'AppTheme' isn't defined for the type '_DashboardScreenV2State'.
 - '_DashboardScreenV2State' is from 'package:vercy_motos/screens/reportes/dashboard_screen_v2.dart' ('lib/screens/reportes/dashboard_screen_v2.dart').
                            color: AppTheme.textSecondary,
                                   ^^^^^^^^
lib/screens/reportes/dashboard_screen_v2.dart:2273:32:
Error: The getter 'AppTheme' isn't defined for the type '_DashboardScreenV2State'.
 - '_DashboardScreenV2State' is from 'package:vercy_motos/screens/reportes/dashboard_screen_v2.dart' ('lib/screens/reportes/dashboard_screen_v2.dart').
                        color: AppTheme.textSecondary,
                               ^^^^^^^^
lib/screens/reportes/dashboard_screen_v2.dart:2297:42:
Error: The getter 'AppTheme' isn't defined for the type '_DashboardScreenV2State'.
 - '_DashboardScreenV2State' is from 'package:vercy_motos/screens/reportes/dashboard_screen_v2.dart' ('lib/screens/reportes/dashboard_screen_v2.dart').
                                  color: AppTheme.textPrimary,
                                         ^^^^^^^^
lib/screens/reportes/dashboard_screen_v2.dart:2317:17:
Error: The getter 'isMobile' isn't defined for the type 'BuildContext'.
 - 'BuildContext' is from 'package:flutter/src/widgets/framework.dart' ('../../flutter/packages/flutter/lib/src/widgets/framework.dart').
        context.isMobile ? AppTheme.spacingMedium : AppTheme.spacingXLarge,
                ^^^^^^^^
lib/screens/reportes/dashboard_screen_v2.dart:2317:28:
Error: The getter 'AppTheme' isn't defined for the type '_DashboardScreenV2State'.
 - '_DashboardScreenV2State' is from 'package:vercy_motos/screens/reportes/dashboard_screen_v2.dart' ('lib/screens/reportes/dashboard_screen_v2.dart').
        context.isMobile ? AppTheme.spacingMedium : AppTheme.spacingXLarge,
                           ^^^^^^^^
lib/screens/reportes/dashboard_screen_v2.dart:2317:53:
Error: The getter 'AppTheme' isn't defined for the type '_DashboardScreenV2State'.
 - '_DashboardScreenV2State' is from 'package:vercy_motos/screens/reportes/dashboard_screen_v2.dart' ('lib/screens/reportes/dashboard_screen_v2.dart').
        context.isMobile ? AppTheme.spacingMedium : AppTheme.spacingXLarge,
                                                    ^^^^^^^^
lib/screens/reportes/dashboard_screen_v2.dart:2319:19:
Error: The getter 'AppTheme' isn't defined for the type '_DashboardScreenV2State'.
 - '_DashboardScreenV2State' is from 'package:vercy_motos/screens/reportes/dashboard_screen_v2.dart' ('lib/screens/reportes/dashboard_screen_v2.dart').
      decoration: AppTheme.elevatedCardDecoration,
                  ^^^^^^^^
lib/screens/reportes/dashboard_screen_v2.dart:2327:24:
Error: The getter 'AppTheme' isn't defined for the type '_DashboardScreenV2State'.
 - '_DashboardScreenV2State' is from 'package:vercy_motos/screens/reportes/dashboard_screen_v2.dart' ('lib/screens/reportes/dashboard_screen_v2.dart').
                color: AppTheme.warning,
                       ^^^^^^^^
lib/screens/reportes/dashboard_screen_v2.dart:2334:26:
Error: The getter 'AppTheme' isn't defined for the type '_DashboardScreenV2State'.
 - '_DashboardScreenV2State' is from 'package:vercy_motos/screens/reportes/dashboard_screen_v2.dart' ('lib/screens/reportes/dashboard_screen_v2.dart').
                  color: AppTheme.textPrimary,
                         ^^^^^^^^
lib/screens/reportes/dashboard_screen_v2.dart:2350:58:
Error: The getter 'AppTheme' isn't defined for the type '_DashboardScreenV2State'.
 - '_DashboardScreenV2State' is from 'package:vercy_motos/screens/reportes/dashboard_screen_v2.dart' ('lib/screens/reportes/dashboard_screen_v2.dart').
                        CircularProgressIndicator(color: AppTheme.primary),
                                                         ^^^^^^^^
lib/screens/reportes/dashboard_screen_v2.dart:2355:36:
Error: The getter 'AppTheme' isn't defined for the type '_DashboardScreenV2State'.
 - '_DashboardScreenV2State' is from 'package:vercy_motos/screens/reportes/dashboard_screen_v2.dart' ('lib/screens/reportes/dashboard_screen_v2.dart').
                            color: AppTheme.textSecondary,
                                   ^^^^^^^^
lib/screens/reportes/dashboard_screen_v2.dart:2388:46:
Error: The getter 'AppTheme' isn't defined for the type '_DashboardScreenV2State'.
 - '_DashboardScreenV2State' is from 'package:vercy_motos/screens/reportes/dashboard_screen_v2.dart' ('lib/screens/reportes/dashboard_screen_v2.dart').
                                      color: AppTheme.textSecondary,
                                             ^^^^^^^^
lib/screens/reportes/dashboard_screen_v2.dart:2406:42:
Error: The getter 'AppTheme' isn't defined for the type '_DashboardScreenV2State'.
 - '_DashboardScreenV2State' is from 'package:vercy_motos/screens/reportes/dashboard_screen_v2.dart' ('lib/screens/reportes/dashboard_screen_v2.dart').
                                  color: AppTheme.textSecondary,
                                         ^^^^^^^^
lib/screens/reportes/dashboard_screen_v2.dart:2431:34:
Error: The getter 'AppTheme' isn't defined for the type '_DashboardScreenV2State'.
 - '_DashboardScreenV2State' is from 'package:vercy_motos/screens/reportes/dashboard_screen_v2.dart' ('lib/screens/reportes/dashboard_screen_v2.dart').
                          color: AppTheme.warning,
                                 ^^^^^^^^
lib/screens/reportes/dashboard_screen_v2.dart:2436:36:
Error: The getter 'AppTheme' isn't defined for the type '_DashboardScreenV2State'.
 - '_DashboardScreenV2State' is from 'package:vercy_motos/screens/reportes/dashboard_screen_v2.dart' ('lib/screens/reportes/dashboard_screen_v2.dart').
                            color: AppTheme.warning.withOpacity(0.2),
                                   ^^^^^^^^
lib/screens/reportes/dashboard_screen_v2.dart:2451:17:
Error: The getter 'isMobile' isn't defined for the type 'BuildContext'.
 - 'BuildContext' is from 'package:flutter/src/widgets/framework.dart' ('../../flutter/packages/flutter/lib/src/widgets/framework.dart').
        context.isMobile ? AppTheme.spacingMedium : AppTheme.spacingXLarge,
                ^^^^^^^^
lib/screens/reportes/dashboard_screen_v2.dart:2451:28:
Error: The getter 'AppTheme' isn't defined for the type '_DashboardScreenV2State'.
 - '_DashboardScreenV2State' is from 'package:vercy_motos/screens/reportes/dashboard_screen_v2.dart' ('lib/screens/reportes/dashboard_screen_v2.dart').
        context.isMobile ? AppTheme.spacingMedium : AppTheme.spacingXLarge,
                           ^^^^^^^^
lib/screens/reportes/dashboard_screen_v2.dart:2451:53:
Error: The getter 'AppTheme' isn't defined for the type '_DashboardScreenV2State'.
 - '_DashboardScreenV2State' is from 'package:vercy_motos/screens/reportes/dashboard_screen_v2.dart' ('lib/screens/reportes/dashboard_screen_v2.dart').
        context.isMobile ? AppTheme.spacingMedium : AppTheme.spacingXLarge,
                                                    ^^^^^^^^
lib/screens/reportes/dashboard_screen_v2.dart:2455:45:
Error: The getter 'AppTheme' isn't defined for the type '_DashboardScreenV2State'.
 - '_DashboardScreenV2State' is from 'package:vercy_motos/screens/reportes/dashboard_screen_v2.dart' ('lib/screens/reportes/dashboard_screen_v2.dart').
        borderRadius: BorderRadius.circular(AppTheme.radiusMedium),
                                            ^^^^^^^^
lib/screens/reportes/dashboard_screen_v2.dart:2456:35:
Error: The getter 'AppTheme' isn't defined for the type '_DashboardScreenV2State'.
 - '_DashboardScreenV2State' is from 'package:vercy_motos/screens/reportes/dashboard_screen_v2.dart' ('lib/screens/reportes/dashboard_screen_v2.dart').
        border: Border.all(color: AppTheme.primary.withOpacity(0.2), width: 1),
                                  ^^^^^^^^
lib/screens/reportes/dashboard_screen_v2.dart:2472:22:
Error: The getter 'AppTheme' isn't defined for the type '_DashboardScreenV2State'.
 - '_DashboardScreenV2State' is from 'package:vercy_motos/screens/reportes/dashboard_screen_v2.dart' ('lib/screens/reportes/dashboard_screen_v2.dart').
              color: AppTheme.primary.withOpacity(0.08),
                     ^^^^^^^^
lib/screens/reportes/dashboard_screen_v2.dart:2475:24:
Error: The getter 'AppTheme' isn't defined for the type '_DashboardScreenV2State'.
 - '_DashboardScreenV2State' is from 'package:vercy_motos/screens/reportes/dashboard_screen_v2.dart' ('lib/screens/reportes/dashboard_screen_v2.dart').
                color: AppTheme.primary.withOpacity(0.15),
                       ^^^^^^^^
lib/screens/reportes/dashboard_screen_v2.dart:2485:28:
Error: The getter 'AppTheme' isn't defined for the type '_DashboardScreenV2State'.
 - '_DashboardScreenV2State' is from 'package:vercy_motos/screens/reportes/dashboard_screen_v2.dart' ('lib/screens/reportes/dashboard_screen_v2.dart').
                    color: AppTheme.primary,
                           ^^^^^^^^
lib/screens/reportes/dashboard_screen_v2.dart:2489:32:
Error: The getter 'AppTheme' isn't defined for the type '_DashboardScreenV2State'.
 - '_DashboardScreenV2State' is from 'package:vercy_motos/screens/reportes/dashboard_screen_v2.dart' ('lib/screens/reportes/dashboard_screen_v2.dart').
                        color: AppTheme.primary.withOpacity(0.4),
                               ^^^^^^^^
lib/screens/reportes/dashboard_screen_v2.dart:2501:28:
Error: The getter 'AppTheme' isn't defined for the type '_DashboardScreenV2State'.
 - '_DashboardScreenV2State' is from 'package:vercy_motos/screens/reportes/dashboard_screen_v2.dart' ('lib/screens/reportes/dashboard_screen_v2.dart').
                    color: AppTheme.primary,
                           ^^^^^^^^
lib/screens/reportes/dashboard_screen_v2.dart:2518:58:
Error: The getter 'AppTheme' isn't defined for the type '_DashboardScreenV2State'.
 - '_DashboardScreenV2State' is from 'package:vercy_motos/screens/reportes/dashboard_screen_v2.dart' ('lib/screens/reportes/dashboard_screen_v2.dart').
                        CircularProgressIndicator(color: AppTheme.primary),
                                                         ^^^^^^^^
lib/screens/reportes/dashboard_screen_v2.dart:2523:36:
Error: The getter 'AppTheme' isn't defined for the type '_DashboardScreenV2State'.
 - '_DashboardScreenV2State' is from 'package:vercy_motos/screens/reportes/dashboard_screen_v2.dart' ('lib/screens/reportes/dashboard_screen_v2.dart').
                            color: AppTheme.textSecondary,
                                   ^^^^^^^^
lib/screens/reportes/dashboard_screen_v2.dart:2565:50:
Error: The getter 'AppTheme' isn't defined for the type '_DashboardScreenV2State'.
 - '_DashboardScreenV2State' is from 'package:vercy_motos/screens/reportes/dashboard_screen_v2.dart' ('lib/screens/reportes/dashboard_screen_v2.dart').
                                          color: AppTheme.textSecondary,
                                                 ^^^^^^^^
lib/screens/reportes/dashboard_screen_v2.dart:2574:50:
Error: The getter 'AppTheme' isn't defined for the type '_DashboardScreenV2State'.
 - '_DashboardScreenV2State' is from 'package:vercy_motos/screens/reportes/dashboard_screen_v2.dart' ('lib/screens/reportes/dashboard_screen_v2.dart').
                                          color: AppTheme.primary,
                                                 ^^^^^^^^
lib/screens/reportes/dashboard_screen_v2.dart:2595:42:
Error: The getter 'AppTheme' isn't defined for the type '_DashboardScreenV2State'.
 - '_DashboardScreenV2State' is from 'package:vercy_motos/screens/reportes/dashboard_screen_v2.dart' ('lib/screens/reportes/dashboard_screen_v2.dart').
                                  color: AppTheme.textSecondary,
                                         ^^^^^^^^
lib/screens/reportes/dashboard_screen_v2.dart:2621:38:
Error: The getter 'AppTheme' isn't defined for the type '_DashboardScreenV2State'.
 - '_DashboardScreenV2State' is from 'package:vercy_motos/screens/reportes/dashboard_screen_v2.dart' ('lib/screens/reportes/dashboard_screen_v2.dart').
                              color: AppTheme.primaryLight,
                                     ^^^^^^^^
lib/screens/reportes/dashboard_screen_v2.dart:2639:17:
Error: The getter 'isMobile' isn't defined for the type 'BuildContext'.
 - 'BuildContext' is from 'package:flutter/src/widgets/framework.dart' ('../../flutter/packages/flutter/lib/src/widgets/framework.dart').
        context.isMobile ? AppTheme.spacingMedium : AppTheme.spacingXLarge,
                ^^^^^^^^
lib/screens/reportes/dashboard_screen_v2.dart:2639:28:
Error: The getter 'AppTheme' isn't defined for the type '_DashboardScreenV2State'.
 - '_DashboardScreenV2State' is from 'package:vercy_motos/screens/reportes/dashboard_screen_v2.dart' ('lib/screens/reportes/dashboard_screen_v2.dart').
        context.isMobile ? AppTheme.spacingMedium : AppTheme.spacingXLarge,
                           ^^^^^^^^
lib/screens/reportes/dashboard_screen_v2.dart:2639:53:
Error: The getter 'AppTheme' isn't defined for the type '_DashboardScreenV2State'.
 - '_DashboardScreenV2State' is from 'package:vercy_motos/screens/reportes/dashboard_screen_v2.dart' ('lib/screens/reportes/dashboard_screen_v2.dart').
        context.isMobile ? AppTheme.spacingMedium : AppTheme.spacingXLarge,
                                                    ^^^^^^^^
lib/screens/reportes/dashboard_screen_v2.dart:2643:45:
Error: The getter 'AppTheme' isn't defined for the type '_DashboardScreenV2State'.
 - '_DashboardScreenV2State' is from 'package:vercy_motos/screens/reportes/dashboard_screen_v2.dart' ('lib/screens/reportes/dashboard_screen_v2.dart').
        borderRadius: BorderRadius.circular(AppTheme.radiusLarge),
                                            ^^^^^^^^
lib/screens/reportes/dashboard_screen_v2.dart:2644:35:
Error: The getter 'AppTheme' isn't defined for the type '_DashboardScreenV2State'.
 - '_DashboardScreenV2State' is from 'package:vercy_motos/screens/reportes/dashboard_screen_v2.dart' ('lib/screens/reportes/dashboard_screen_v2.dart').
        border: Border.all(color: AppTheme.primary.withOpacity(0.2), width: 1),
                                  ^^^^^^^^
lib/screens/reportes/dashboard_screen_v2.dart:2659:27:
Error: The getter 'AppTheme' isn't defined for the type '_DashboardScreenV2State'.
 - '_DashboardScreenV2State' is from 'package:vercy_motos/screens/reportes/dashboard_screen_v2.dart' ('lib/screens/reportes/dashboard_screen_v2.dart').
              horizontal: AppTheme.spacingMedium,
                          ^^^^^^^^
lib/screens/reportes/dashboard_screen_v2.dart:2660:25:
Error: The getter 'AppTheme' isn't defined for the type '_DashboardScreenV2State'.
 - '_DashboardScreenV2State' is from 'package:vercy_motos/screens/reportes/dashboard_screen_v2.dart' ('lib/screens/reportes/dashboard_screen_v2.dart').
              vertical: AppTheme.spacingSmall,
                        ^^^^^^^^
lib/screens/reportes/dashboard_screen_v2.dart:2663:22:
Error: The getter 'AppTheme' isn't defined for the type '_DashboardScreenV2State'.
 - '_DashboardScreenV2State' is from 'package:vercy_motos/screens/reportes/dashboard_screen_v2.dart' ('lib/screens/reportes/dashboard_screen_v2.dart').
              color: AppTheme.primary.withOpacity(0.08),
                     ^^^^^^^^
lib/screens/reportes/dashboard_screen_v2.dart:2664:51:
Error: The getter 'AppTheme' isn't defined for the type '_DashboardScreenV2State'.
 - '_DashboardScreenV2State' is from 'package:vercy_motos/screens/reportes/dashboard_screen_v2.dart' ('lib/screens/reportes/dashboard_screen_v2.dart').
              borderRadius: BorderRadius.circular(AppTheme.radiusMedium),
                                                  ^^^^^^^^
lib/screens/reportes/dashboard_screen_v2.dart:2666:24:
Error: The getter 'AppTheme' isn't defined for the type '_DashboardScreenV2State'.
 - '_DashboardScreenV2State' is from 'package:vercy_motos/screens/reportes/dashboard_screen_v2.dart' ('lib/screens/reportes/dashboard_screen_v2.dart').
                color: AppTheme.primary.withOpacity(0.15),
                       ^^^^^^^^
lib/screens/reportes/dashboard_screen_v2.dart:2676:28:
Error: The getter 'AppTheme' isn't defined for the type '_DashboardScreenV2State'.
 - '_DashboardScreenV2State' is from 'package:vercy_motos/screens/reportes/dashboard_screen_v2.dart' ('lib/screens/reportes/dashboard_screen_v2.dart').
                    color: AppTheme.primary.withOpacity(0.15),
                           ^^^^^^^^
lib/screens/reportes/dashboard_screen_v2.dart:2680:32:
Error: The getter 'AppTheme' isn't defined for the type '_DashboardScreenV2State'.
 - '_DashboardScreenV2State' is from 'package:vercy_motos/screens/reportes/dashboard_screen_v2.dart' ('lib/screens/reportes/dashboard_screen_v2.dart').
                        color: AppTheme.primary.withOpacity(0.3),
                               ^^^^^^^^
lib/screens/reportes/dashboard_screen_v2.dart:2686:53:
Error: The getter 'AppTheme' isn't defined for the type '_DashboardScreenV2State'.
 - '_DashboardScreenV2State' is from 'package:vercy_motos/screens/reportes/dashboard_screen_v2.dart' ('lib/screens/reportes/dashboard_screen_v2.dart').
                  child: Icon(Icons.receipt, color: AppTheme.primary, size: 16),
                                                    ^^^^^^^^
lib/screens/reportes/dashboard_screen_v2.dart:2692:28:
Error: The getter 'AppTheme' isn't defined for the type '_DashboardScreenV2State'.
 - '_DashboardScreenV2State' is from 'package:vercy_motos/screens/reportes/dashboard_screen_v2.dart' ('lib/screens/reportes/dashboard_screen_v2.dart').
                    color: AppTheme.textPrimary,
                           ^^^^^^^^
lib/screens/reportes/dashboard_screen_v2.dart:2709:58:
Error: The getter 'AppTheme' isn't defined for the type '_DashboardScreenV2State'.
 - '_DashboardScreenV2State' is from 'package:vercy_motos/screens/reportes/dashboard_screen_v2.dart' ('lib/screens/reportes/dashboard_screen_v2.dart').
                        CircularProgressIndicator(color: AppTheme.primary),
                                                         ^^^^^^^^
lib/screens/reportes/dashboard_screen_v2.dart:2714:36:
Error: The getter 'AppTheme' isn't defined for the type '_DashboardScreenV2State'.
 - '_DashboardScreenV2State' is from 'package:vercy_motos/screens/reportes/dashboard_screen_v2.dart' ('lib/screens/reportes/dashboard_screen_v2.dart').
                            color: AppTheme.textSecondary,
                                   ^^^^^^^^
lib/screens/reportes/dashboard_screen_v2.dart:2732:36:
Error: The getter 'AppTheme' isn't defined for the type '_DashboardScreenV2State'.
 - '_DashboardScreenV2State' is from 'package:vercy_motos/screens/reportes/dashboard_screen_v2.dart' ('lib/screens/reportes/dashboard_screen_v2.dart').
                            color: AppTheme.backgroundDark,
                                   ^^^^^^^^
lib/screens/reportes/dashboard_screen_v2.dart:2757:46:
Error: The getter 'AppTheme' isn't defined for the type '_DashboardScreenV2State'.
 - '_DashboardScreenV2State' is from 'package:vercy_motos/screens/reportes/dashboard_screen_v2.dart' ('lib/screens/reportes/dashboard_screen_v2.dart').
                                      color: AppTheme.textPrimary,
                                             ^^^^^^^^
lib/screens/reportes/dashboard_screen_v2.dart:2776:42:
Error: The getter 'AppTheme' isn't defined for the type '_DashboardScreenV2State'.
 - '_DashboardScreenV2State' is from 'package:vercy_motos/screens/reportes/dashboard_screen_v2.dart' ('lib/screens/reportes/dashboard_screen_v2.dart').
                                  color: AppTheme.textSecondary,
                                         ^^^^^^^^
lib/screens/reportes/dashboard_screen_v2.dart:2790:46:
Error: The getter 'AppTheme' isn't defined for the type '_DashboardScreenV2State'.
 - '_DashboardScreenV2State' is from 'package:vercy_motos/screens/reportes/dashboard_screen_v2.dart' ('lib/screens/reportes/dashboard_screen_v2.dart').
                                      color: AppTheme.textSecondary,
                                             ^^^^^^^^
lib/screens/reportes/dashboard_screen_v2.dart:2797:46:
Error: The getter 'AppTheme' isn't defined for the type '_DashboardScreenV2State'.
 - '_DashboardScreenV2State' is from 'package:vercy_motos/screens/reportes/dashboard_screen_v2.dart' ('lib/screens/reportes/dashboard_screen_v2.dart').
                                      color: AppTheme.warning,
                                             ^^^^^^^^
lib/screens/reportes/dashboard_screen_v2.dart:2819:17:
Error: The getter 'isMobile' isn't defined for the type 'BuildContext'.
 - 'BuildContext' is from 'package:flutter/src/widgets/framework.dart' ('../../flutter/packages/flutter/lib/src/widgets/framework.dart').
        context.isMobile ? AppTheme.spacingMedium : AppTheme.spacingXLarge,
                ^^^^^^^^
lib/screens/reportes/dashboard_screen_v2.dart:2819:28:
Error: The getter 'AppTheme' isn't defined for the type '_DashboardScreenV2State'.
 - '_DashboardScreenV2State' is from 'package:vercy_motos/screens/reportes/dashboard_screen_v2.dart' ('lib/screens/reportes/dashboard_screen_v2.dart').
        context.isMobile ? AppTheme.spacingMedium : AppTheme.spacingXLarge,
                           ^^^^^^^^
lib/screens/reportes/dashboard_screen_v2.dart:2819:53:
Error: The getter 'AppTheme' isn't defined for the type '_DashboardScreenV2State'.
 - '_DashboardScreenV2State' is from 'package:vercy_motos/screens/reportes/dashboard_screen_v2.dart' ('lib/screens/reportes/dashboard_screen_v2.dart').
        context.isMobile ? AppTheme.spacingMedium : AppTheme.spacingXLarge,
                                                    ^^^^^^^^
lib/screens/reportes/dashboard_screen_v2.dart:2823:45:
Error: The getter 'AppTheme' isn't defined for the type '_DashboardScreenV2State'.
 - '_DashboardScreenV2State' is from 'package:vercy_motos/screens/reportes/dashboard_screen_v2.dart' ('lib/screens/reportes/dashboard_screen_v2.dart').
        borderRadius: BorderRadius.circular(AppTheme.radiusLarge),
                                            ^^^^^^^^
lib/screens/reportes/dashboard_screen_v2.dart:2825:18:
Error: The getter 'AppTheme' isn't defined for the type '_DashboardScreenV2State'.
 - '_DashboardScreenV2State' is from 'package:vercy_motos/screens/reportes/dashboard_screen_v2.dart' ('lib/screens/reportes/dashboard_screen_v2.dart').
          color: AppTheme.secondary.withOpacity(0.2),
                 ^^^^^^^^
lib/screens/reportes/dashboard_screen_v2.dart:2842:27:
Error: The getter 'AppTheme' isn't defined for the type '_DashboardScreenV2State'.
 - '_DashboardScreenV2State' is from 'package:vercy_motos/screens/reportes/dashboard_screen_v2.dart' ('lib/screens/reportes/dashboard_screen_v2.dart').
              horizontal: AppTheme.spacingMedium,
                          ^^^^^^^^
lib/screens/reportes/dashboard_screen_v2.dart:2843:25:
Error: The getter 'AppTheme' isn't defined for the type '_DashboardScreenV2State'.
 - '_DashboardScreenV2State' is from 'package:vercy_motos/screens/reportes/dashboard_screen_v2.dart' ('lib/screens/reportes/dashboard_screen_v2.dart').
              vertical: AppTheme.spacingSmall,
                        ^^^^^^^^
lib/screens/reportes/dashboard_screen_v2.dart:2846:22:
Error: The getter 'AppTheme' isn't defined for the type '_DashboardScreenV2State'.
 - '_DashboardScreenV2State' is from 'package:vercy_motos/screens/reportes/dashboard_screen_v2.dart' ('lib/screens/reportes/dashboard_screen_v2.dart').
              color: AppTheme.secondary.withOpacity(0.08),
                     ^^^^^^^^
lib/screens/reportes/dashboard_screen_v2.dart:2847:51:
Error: The getter 'AppTheme' isn't defined for the type '_DashboardScreenV2State'.
 - '_DashboardScreenV2State' is from 'package:vercy_motos/screens/reportes/dashboard_screen_v2.dart' ('lib/screens/reportes/dashboard_screen_v2.dart').
              borderRadius: BorderRadius.circular(AppTheme.radiusMedium),
                                                  ^^^^^^^^
lib/screens/reportes/dashboard_screen_v2.dart:2849:24:
Error: The getter 'AppTheme' isn't defined for the type '_DashboardScreenV2State'.
 - '_DashboardScreenV2State' is from 'package:vercy_motos/screens/reportes/dashboard_screen_v2.dart' ('lib/screens/reportes/dashboard_screen_v2.dart').
                color: AppTheme.secondary.withOpacity(0.15),
                       ^^^^^^^^
lib/screens/reportes/dashboard_screen_v2.dart:2859:28:
Error: The getter 'AppTheme' isn't defined for the type '_DashboardScreenV2State'.
 - '_DashboardScreenV2State' is from 'package:vercy_motos/screens/reportes/dashboard_screen_v2.dart' ('lib/screens/reportes/dashboard_screen_v2.dart').
                    color: AppTheme.secondary.withOpacity(0.15),
                           ^^^^^^^^
lib/screens/reportes/dashboard_screen_v2.dart:2863:32:
Error: The getter 'AppTheme' isn't defined for the type '_DashboardScreenV2State'.
 - '_DashboardScreenV2State' is from 'package:vercy_motos/screens/reportes/dashboard_screen_v2.dart' ('lib/screens/reportes/dashboard_screen_v2.dart').
                        color: AppTheme.secondary.withOpacity(0.3),
                               ^^^^^^^^
lib/screens/reportes/dashboard_screen_v2.dart:2871:28:
Error: The getter 'AppTheme' isn't defined for the type '_DashboardScreenV2State'.
 - '_DashboardScreenV2State' is from 'package:vercy_motos/screens/reportes/dashboard_screen_v2.dart' ('lib/screens/reportes/dashboard_screen_v2.dart').
                    color: AppTheme.secondary,
                           ^^^^^^^^
lib/screens/reportes/dashboard_screen_v2.dart:2872:35:
Error: The getter 'isMobile' isn't defined for the type 'BuildContext'.
 - 'BuildContext' is from 'package:flutter/src/widgets/framework.dart' ('../../flutter/packages/flutter/lib/src/widgets/framework.dart').
                    size: context.isMobile ? 16 : 18,
                                  ^^^^^^^^
lib/screens/reportes/dashboard_screen_v2.dart:2875:33:
Error: The getter 'AppTheme' isn't defined for the type '_DashboardScreenV2State'.
 - '_DashboardScreenV2State' is from 'package:vercy_motos/screens/reportes/dashboard_screen_v2.dart' ('lib/screens/reportes/dashboard_screen_v2.dart').
                SizedBox(width: AppTheme.spacingMedium),
                                ^^^^^^^^
lib/screens/reportes/dashboard_screen_v2.dart:2879:28:
Error: The getter 'AppTheme' isn't defined for the type '_DashboardScreenV2State'.
 - '_DashboardScreenV2State' is from 'package:vercy_motos/screens/reportes/dashboard_screen_v2.dart' ('lib/screens/reportes/dashboard_screen_v2.dart').
                    color: AppTheme.textPrimary,
                           ^^^^^^^^
lib/screens/reportes/dashboard_screen_v2.dart:2887:28:
Error: The getter 'AppTheme' isn't defined for the type '_DashboardScreenV2State'.
 - '_DashboardScreenV2State' is from 'package:vercy_motos/screens/reportes/dashboard_screen_v2.dart' ('lib/screens/reportes/dashboard_screen_v2.dart').
          SizedBox(height: AppTheme.spacingLarge),
                           ^^^^^^^^
lib/screens/reportes/dashboard_screen_v2.dart:2889:29:
Error: The getter 'isMobile' isn't defined for the type 'BuildContext'.
 - 'BuildContext' is from 'package:flutter/src/widgets/framework.dart' ('../../flutter/packages/flutter/lib/src/widgets/framework.dart').
            height: context.isMobile ? 280 : 320,
                            ^^^^^^^^
lib/screens/reportes/dashboard_screen_v2.dart:2895:58:
Error: The getter 'AppTheme' isn't defined for the type '_DashboardScreenV2State'.
 - '_DashboardScreenV2State' is from 'package:vercy_motos/screens/reportes/dashboard_screen_v2.dart' ('lib/screens/reportes/dashboard_screen_v2.dart').
                        CircularProgressIndicator(color: AppTheme.primary),
                                                         ^^^^^^^^
lib/screens/reportes/dashboard_screen_v2.dart:2896:42:
Error: The getter 'AppTheme' isn't defined for the type '_DashboardScreenV2State'.
 - '_DashboardScreenV2State' is from 'package:vercy_motos/screens/reportes/dashboard_screen_v2.dart' ('lib/screens/reportes/dashboard_screen_v2.dart').
                        SizedBox(height: AppTheme.spacingMedium),
                                         ^^^^^^^^
lib/screens/reportes/dashboard_screen_v2.dart:2900:49:
Error: The getter 'AppTheme' isn't defined for the type '_DashboardScreenV2State'.
 - '_DashboardScreenV2State' is from 'package:vercy_motos/screens/reportes/dashboard_screen_v2.dart' ('lib/screens/reportes/dashboard_screen_v2.dart').
                              ?.copyWith(color: AppTheme.textSecondary),
                                                ^^^^^^^^
lib/screens/reportes/dashboard_screen_v2.dart:2912:35:
Error: The getter 'AppTheme' isn't defined for the type '_DashboardScreenV2State'.
 - '_DashboardScreenV2State' is from 'package:vercy_motos/screens/reportes/dashboard_screen_v2.dart' ('lib/screens/reportes/dashboard_screen_v2.dart').
                          bottom: AppTheme.spacingMedium,
                                  ^^^^^^^^
lib/screens/reportes/dashboard_screen_v2.dart:2916:37:
Error: The getter 'isMobile' isn't defined for the type 'BuildContext'.
 - 'BuildContext' is from 'package:flutter/src/widgets/framework.dart' ('../../flutter/packages/flutter/lib/src/widgets/framework.dart').
                            context.isMobile
                                    ^^^^^^^^
lib/screens/reportes/dashboard_screen_v2.dart:2917:35:
Error: The getter 'AppTheme' isn't defined for the type '_DashboardScreenV2State'.
 - '_DashboardScreenV2State' is from 'package:vercy_motos/screens/reportes/dashboard_screen_v2.dart' ('lib/screens/reportes/dashboard_screen_v2.dart').
                                ? AppTheme.spacingMedium
                                  ^^^^^^^^
lib/screens/reportes/dashboard_screen_v2.dart:2918:35:
Error: The getter 'AppTheme' isn't defined for the type '_DashboardScreenV2State'.
 - '_DashboardScreenV2State' is from 'package:vercy_motos/screens/reportes/dashboard_screen_v2.dart' ('lib/screens/reportes/dashboard_screen_v2.dart').
                                : AppTheme.spacingLarge,
                                  ^^^^^^^^
lib/screens/reportes/dashboard_screen_v2.dart:2921:36:
Error: The getter 'AppTheme' isn't defined for the type '_DashboardScreenV2State'.
 - '_DashboardScreenV2State' is from 'package:vercy_motos/screens/reportes/dashboard_screen_v2.dart' ('lib/screens/reportes/dashboard_screen_v2.dart').
                            color: AppTheme.cardBg,
                                   ^^^^^^^^
lib/screens/reportes/dashboard_screen_v2.dart:2923:31:
Error: The getter 'AppTheme' isn't defined for the type '_DashboardScreenV2State'.
 - '_DashboardScreenV2State' is from 'package:vercy_motos/screens/reportes/dashboard_screen_v2.dart' ('lib/screens/reportes/dashboard_screen_v2.dart').
                              AppTheme.radiusMedium,
                              ^^^^^^^^
lib/screens/reportes/dashboard_screen_v2.dart:2927:37:
Error: The getter 'AppTheme' isn't defined for the type '_DashboardScreenV2State'.
 - '_DashboardScreenV2State' is from 'package:vercy_motos/screens/reportes/dashboard_screen_v2.dart' ('lib/screens/reportes/dashboard_screen_v2.dart').
                                  ? AppTheme.secondary
                                    ^^^^^^^^
lib/screens/reportes/dashboard_screen_v2.dart:2928:37:
Error: The getter 'AppTheme' isn't defined for the type '_DashboardScreenV2State'.
 - '_DashboardScreenV2State' is from 'package:vercy_motos/screens/reportes/dashboard_screen_v2.dart' ('lib/screens/reportes/dashboard_screen_v2.dart').
                                  : AppTheme.textMuted.withOpacity(0.3),
                                    ^^^^^^^^
lib/screens/reportes/dashboard_screen_v2.dart:2931:40:
Error: The getter 'AppTheme' isn't defined for the type '_DashboardScreenV2State'.
 - '_DashboardScreenV2State' is from 'package:vercy_motos/screens/reportes/dashboard_screen_v2.dart' ('lib/screens/reportes/dashboard_screen_v2.dart').
                            boxShadow: AppTheme.cardShadow,
                                       ^^^^^^^^
lib/screens/reportes/dashboard_screen_v2.dart:2939:52:
Error: The getter 'isMobile' isn't defined for the type 'BuildContext'.
 - 'BuildContext' is from 'package:flutter/src/widgets/framework.dart' ('../../flutter/packages/flutter/lib/src/widgets/framework.dart').
                                    width: context.isMobile ? 26 : 28,
                                                   ^^^^^^^^
lib/screens/reportes/dashboard_screen_v2.dart:2940:53:
Error: The getter 'isMobile' isn't defined for the type 'BuildContext'.
 - 'BuildContext' is from 'package:flutter/src/widgets/framework.dart' ('../../flutter/packages/flutter/lib/src/widgets/framework.dart').
                                    height: context.isMobile ? 26 : 28,
                                                    ^^^^^^^^
lib/screens/reportes/dashboard_screen_v2.dart:2958:51:
Error: The getter 'AppTheme' isn't defined for the type '_DashboardScreenV2State'.
 - '_DashboardScreenV2State' is from 'package:vercy_motos/screens/reportes/dashboard_screen_v2.dart' ('lib/screens/reportes/dashboard_screen_v2.dart').
                                  SizedBox(width: AppTheme.spacingMedium),
                                                  ^^^^^^^^
lib/screens/reportes/dashboard_screen_v2.dart:2966:52:
Error: The getter 'AppTheme' isn't defined for the type '_DashboardScreenV2State'.
 - '_DashboardScreenV2State' is from 'package:vercy_motos/screens/reportes/dashboard_screen_v2.dart' ('lib/screens/reportes/dashboard_screen_v2.dart').
                                            color: AppTheme.textPrimary,
                                                   ^^^^^^^^
lib/screens/reportes/dashboard_screen_v2.dart:2974:48:
Error: The getter 'AppTheme' isn't defined for the type '_DashboardScreenV2State'.
 - '_DashboardScreenV2State' is from 'package:vercy_motos/screens/reportes/dashboard_screen_v2.dart' ('lib/screens/reportes/dashboard_screen_v2.dart').
                              SizedBox(height: AppTheme.spacingSmall),
                                               ^^^^^^^^
lib/screens/reportes/dashboard_screen_v2.dart:2979:46:
Error: The getter 'AppTheme' isn't defined for the type '_DashboardScreenV2State'.
 - '_DashboardScreenV2State' is from 'package:vercy_motos/screens/reportes/dashboard_screen_v2.dart' ('lib/screens/reportes/dashboard_screen_v2.dart').
                                      color: AppTheme.secondary,
                                             ^^^^^^^^
lib/screens/reportes/dashboard_screen_v2.dart:2983:48:
Error: The getter 'AppTheme' isn't defined for the type '_DashboardScreenV2State'.
 - '_DashboardScreenV2State' is from 'package:vercy_motos/screens/reportes/dashboard_screen_v2.dart' ('lib/screens/reportes/dashboard_screen_v2.dart').
                              SizedBox(height: AppTheme.spacingXSmall),
                                               ^^^^^^^^
lib/screens/reportes/dashboard_screen_v2.dart:2987:55:
Error: The getter 'AppTheme' isn't defined for the type '_DashboardScreenV2State'.
 - '_DashboardScreenV2State' is from 'package:vercy_motos/screens/reportes/dashboard_screen_v2.dart' ('lib/screens/reportes/dashboard_screen_v2.dart').
                                    ?.copyWith(color: AppTheme.textSecondary),
                                                      ^^^^^^^^
lib/screens/reportes/dashboard_screen_v2.dart:3004:16:
Error: The getter 'AppTheme' isn't defined for the type '_DashboardScreenV2State'.
 - '_DashboardScreenV2State' is from 'package:vercy_motos/screens/reportes/dashboard_screen_v2.dart' ('lib/screens/reportes/dashboard_screen_v2.dart').
        return AppTheme.primary;
               ^^^^^^^^
lib/screens/reportes/dashboard_screen_v2.dart:3010:16:
Error: The getter 'AppTheme' isn't defined for the type '_DashboardScreenV2State'.
 - '_DashboardScreenV2State' is from 'package:vercy_motos/screens/reportes/dashboard_screen_v2.dart' ('lib/screens/reportes/dashboard_screen_v2.dart').
        return AppTheme.textSecondary;
               ^^^^^^^^
lib/screens/reportes/dashboard_screen_v2.dart:3063:17:
Error: The getter 'isMobile' isn't defined for the type 'BuildContext'.
 - 'BuildContext' is from 'package:flutter/src/widgets/framework.dart' ('../../flutter/packages/flutter/lib/src/widgets/framework.dart').
        context.isMobile ? AppTheme.spacingMedium : AppTheme.spacingLarge,
                ^^^^^^^^
lib/screens/reportes/dashboard_screen_v2.dart:3063:28:
Error: The getter 'AppTheme' isn't defined for the type '_DashboardScreenV2State'.
 - '_DashboardScreenV2State' is from 'package:vercy_motos/screens/reportes/dashboard_screen_v2.dart' ('lib/screens/reportes/dashboard_screen_v2.dart').
        context.isMobile ? AppTheme.spacingMedium : AppTheme.spacingLarge,
                           ^^^^^^^^
lib/screens/reportes/dashboard_screen_v2.dart:3063:53:
Error: The getter 'AppTheme' isn't defined for the type '_DashboardScreenV2State'.
 - '_DashboardScreenV2State' is from 'package:vercy_motos/screens/reportes/dashboard_screen_v2.dart' ('lib/screens/reportes/dashboard_screen_v2.dart').
        context.isMobile ? AppTheme.spacingMedium : AppTheme.spacingLarge,
                                                    ^^^^^^^^
lib/screens/reportes/dashboard_screen_v2.dart:3067:45:
Error: The getter 'AppTheme' isn't defined for the type '_DashboardScreenV2State'.
 - '_DashboardScreenV2State' is from 'package:vercy_motos/screens/reportes/dashboard_screen_v2.dart' ('lib/screens/reportes/dashboard_screen_v2.dart').
        borderRadius: BorderRadius.circular(AppTheme.radiusMedium),
                                            ^^^^^^^^
lib/screens/reportes/dashboard_screen_v2.dart:3103:49:
Error: The getter 'AppTheme' isn't defined for the type '_DashboardScreenV2State'.
 - '_DashboardScreenV2State' is from 'package:vercy_motos/screens/reportes/dashboard_screen_v2.dart' ('lib/screens/reportes/dashboard_screen_v2.dart').
                        padding: EdgeInsets.all(AppTheme.spacingXSmall),
                                                ^^^^^^^^
lib/screens/reportes/dashboard_screen_v2.dart:3107:29:
Error: The getter 'AppTheme' isn't defined for the type '_DashboardScreenV2State'.
 - '_DashboardScreenV2State' is from 'package:vercy_motos/screens/reportes/dashboard_screen_v2.dart' ('lib/screens/reportes/dashboard_screen_v2.dart').
                            AppTheme.radiusSmall,
                            ^^^^^^^^
lib/screens/reportes/dashboard_screen_v2.dart:3117:56:
Error: The getter 'AppTheme' isn't defined for the type '_DashboardScreenV2State'.
 - '_DashboardScreenV2State' is from 'package:vercy_motos/screens/reportes/dashboard_screen_v2.dart' ('lib/screens/reportes/dashboard_screen_v2.dart').
                  if (periodo != null) SizedBox(width: AppTheme.spacingSmall),
                                                       ^^^^^^^^
lib/screens/reportes/dashboard_screen_v2.dart:3144:28:
Error: The getter 'AppTheme' isn't defined for the type '_DashboardScreenV2State'.
 - '_DashboardScreenV2State' is from 'package:vercy_motos/screens/reportes/dashboard_screen_v2.dart' ('lib/screens/reportes/dashboard_screen_v2.dart').
          SizedBox(height: AppTheme.spacingMedium),
                           ^^^^^^^^
lib/screens/reportes/dashboard_screen_v2.dart:3148:22:
Error: The getter 'AppTheme' isn't defined for the type '_DashboardScreenV2State'.
 - '_DashboardScreenV2State' is from 'package:vercy_motos/screens/reportes/dashboard_screen_v2.dart' ('lib/screens/reportes/dashboard_screen_v2.dart').
              color: AppTheme.textPrimary,
                     ^^^^^^^^
lib/screens/reportes/dashboard_screen_v2.dart:3150:33:
Error: The getter 'isMobile' isn't defined for the type 'BuildContext'.
 - 'BuildContext' is from 'package:flutter/src/widgets/framework.dart' ('../../flutter/packages/flutter/lib/src/widgets/framework.dart').
              fontSize: context.isMobile ? 28 : 32,
                                ^^^^^^^^
lib/screens/reportes/dashboard_screen_v2.dart:3154:28:
Error: The getter 'AppTheme' isn't defined for the type '_DashboardScreenV2State'.
 - '_DashboardScreenV2State' is from 'package:vercy_motos/screens/reportes/dashboard_screen_v2.dart' ('lib/screens/reportes/dashboard_screen_v2.dart').
          SizedBox(height: AppTheme.spacingXSmall),
                           ^^^^^^^^
lib/screens/reportes/dashboard_screen_v2.dart:3158:22:
Error: The getter 'AppTheme' isn't defined for the type '_DashboardScreenV2State'.
 - '_DashboardScreenV2State' is from 'package:vercy_motos/screens/reportes/dashboard_screen_v2.dart' ('lib/screens/reportes/dashboard_screen_v2.dart').
              color: AppTheme.textSecondary.withOpacity(0.7),
                     ^^^^^^^^
lib/screens/reportes/dashboard_screen_v2.dart:3162:28:
Error: The getter 'AppTheme' isn't defined for the type '_DashboardScreenV2State'.
 - '_DashboardScreenV2State' is from 'package:vercy_motos/screens/reportes/dashboard_screen_v2.dart' ('lib/screens/reportes/dashboard_screen_v2.dart').
          SizedBox(height: AppTheme.spacingMedium),
                           ^^^^^^^^
lib/screens/reportes/dashboard_screen_v2.dart:3195:31:
Error: The getter 'AppTheme' isn't defined for the type '_DashboardScreenV2State'.
 - '_DashboardScreenV2State' is from 'package:vercy_motos/screens/reportes/dashboard_screen_v2.dart' ('lib/screens/reportes/dashboard_screen_v2.dart').
              SizedBox(width: AppTheme.spacingMedium),
                              ^^^^^^^^
lib/screens/reportes/dashboard_screen_v2.dart:3197:32:
Error: The getter 'isMobile' isn't defined for the type 'BuildContext'.
 - 'BuildContext' is from 'package:flutter/src/widgets/framework.dart' ('../../flutter/packages/flutter/lib/src/widgets/framework.dart').
                width: context.isMobile ? 60 : 70,
                               ^^^^^^^^
lib/screens/reportes/dashboard_screen_v2.dart:3198:33:
Error: The getter 'isMobile' isn't defined for the type 'BuildContext'.
 - 'BuildContext' is from 'package:flutter/src/widgets/framework.dart' ('../../flutter/packages/flutter/lib/src/widgets/framework.dart').
                height: context.isMobile ? 60 : 70,
                                ^^^^^^^^
lib/screens/reportes/dashboard_screen_v2.dart:3209:38:
Error: The getter 'isMobile' isn't defined for the type 'BuildContext'.
 - 'BuildContext' is from 'package:flutter/src/widgets/framework.dart' ('../../flutter/packages/flutter/lib/src/widgets/framework.dart').
                      width: context.isMobile ? 60 : 70,
                                     ^^^^^^^^
lib/screens/reportes/dashboard_screen_v2.dart:3210:39:
Error: The getter 'isMobile' isn't defined for the type 'BuildContext'.
 - 'BuildContext' is from 'package:flutter/src/widgets/framework.dart' ('../../flutter/packages/flutter/lib/src/widgets/framework.dart').
                      height: context.isMobile ? 60 : 70,
                                      ^^^^^^^^
lib/screens/reportes/dashboard_screen_v2.dart:3213:46:
Error: The getter 'isMobile' isn't defined for the type 'BuildContext'.
 - 'BuildContext' is from 'package:flutter/src/widgets/framework.dart' ('../../flutter/packages/flutter/lib/src/widgets/framework.dart').
                        strokeWidth: context.isMobile ? 5 : 6,
                                             ^^^^^^^^
lib/screens/reportes/dashboard_screen_v2.dart:3222:37:
Error: The getter 'isMobile' isn't defined for the type 'BuildContext'.
 - 'BuildContext' is from 'package:flutter/src/widgets/framework.dart' ('../../flutter/packages/flutter/lib/src/widgets/framework.dart').
                      size: context.isMobile ? 20 : 24,
                                    ^^^^^^^^
lib/screens/reportes/dashboard_screen_v2.dart:3237:17:
Error: The getter 'isMobile' isn't defined for the type 'BuildContext'.
 - 'BuildContext' is from 'package:flutter/src/widgets/framework.dart' ('../../flutter/packages/flutter/lib/src/widgets/framework.dart').
        context.isMobile ? AppTheme.spacingMedium : AppTheme.spacingLarge,
                ^^^^^^^^
lib/screens/reportes/dashboard_screen_v2.dart:3237:28:
Error: The getter 'AppTheme' isn't defined for the type '_DashboardScreenV2State'.
 - '_DashboardScreenV2State' is from 'package:vercy_motos/screens/reportes/dashboard_screen_v2.dart' ('lib/screens/reportes/dashboard_screen_v2.dart').
        context.isMobile ? AppTheme.spacingMedium : AppTheme.spacingLarge,
                           ^^^^^^^^
lib/screens/reportes/dashboard_screen_v2.dart:3237:53:
Error: The getter 'AppTheme' isn't defined for the type '_DashboardScreenV2State'.
 - '_DashboardScreenV2State' is from 'package:vercy_motos/screens/reportes/dashboard_screen_v2.dart' ('lib/screens/reportes/dashboard_screen_v2.dart').
        context.isMobile ? AppTheme.spacingMedium : AppTheme.spacingLarge,
                                                    ^^^^^^^^
lib/screens/reportes/dashboard_screen_v2.dart:3239:19:
Error: The getter 'AppTheme' isn't defined for the type '_DashboardScreenV2State'.
 - '_DashboardScreenV2State' is from 'package:vercy_motos/screens/reportes/dashboard_screen_v2.dart' ('lib/screens/reportes/dashboard_screen_v2.dart').
      decoration: AppTheme.elevatedCardDecoration,
                  ^^^^^^^^
lib/screens/reportes/dashboard_screen_v2.dart:3245:41:
Error: The getter 'AppTheme' isn't defined for the type '_DashboardScreenV2State'.
 - '_DashboardScreenV2State' is from 'package:vercy_motos/screens/reportes/dashboard_screen_v2.dart' ('lib/screens/reportes/dashboard_screen_v2.dart').
              Icon(Icons.circle, color: AppTheme.primary, size: 12),
                                        ^^^^^^^^
lib/screens/reportes/dashboard_screen_v2.dart:3246:31:
Error: The getter 'AppTheme' isn't defined for the type '_DashboardScreenV2State'.
 - '_DashboardScreenV2State' is from 'package:vercy_motos/screens/reportes/dashboard_screen_v2.dart' ('lib/screens/reportes/dashboard_screen_v2.dart').
              SizedBox(width: AppTheme.spacingSmall),
                              ^^^^^^^^
lib/screens/reportes/dashboard_screen_v2.dart:3250:26:
Error: The getter 'AppTheme' isn't defined for the type '_DashboardScreenV2State'.
 - '_DashboardScreenV2State' is from 'package:vercy_motos/screens/reportes/dashboard_screen_v2.dart' ('lib/screens/reportes/dashboard_screen_v2.dart').
                  color: AppTheme.textPrimary,
                         ^^^^^^^^
lib/screens/reportes/dashboard_screen_v2.dart:3256:28:
Error: The getter 'AppTheme' isn't defined for the type '_DashboardScreenV2State'.
 - '_DashboardScreenV2State' is from 'package:vercy_motos/screens/reportes/dashboard_screen_v2.dart' ('lib/screens/reportes/dashboard_screen_v2.dart').
          SizedBox(height: AppTheme.spacingMedium),
                           ^^^^^^^^
lib/screens/reportes/dashboard_screen_v2.dart:3258:29:
Error: The getter 'isMobile' isn't defined for the type 'BuildContext'.
 - 'BuildContext' is from 'package:flutter/src/widgets/framework.dart' ('../../flutter/packages/flutter/lib/src/widgets/framework.dart').
            height: context.isMobile ? 120 : 150,
                            ^^^^^^^^
lib/screens/reportes/dashboard_screen_v2.dart:3261:61:
Error: The getter 'AppTheme' isn't defined for the type '_DashboardScreenV2State'.
 - '_DashboardScreenV2State' is from 'package:vercy_motos/screens/reportes/dashboard_screen_v2.dart' ('lib/screens/reportes/dashboard_screen_v2.dart').
                    child: CircularProgressIndicator(color: AppTheme.primary),
                                                            ^^^^^^^^
lib/screens/reportes/dashboard_screen_v2.dart:3314:46:
Error: The getter 'AppTheme' isn't defined for the type '_DashboardScreenV2State'.
 - '_DashboardScreenV2State' is from 'package:vercy_motos/screens/reportes/dashboard_screen_v2.dart' ('lib/screens/reportes/dashboard_screen_v2.dart').
                                      color: AppTheme.textSecondary,
                                             ^^^^^^^^
lib/screens/reportes/dashboard_screen_v2.dart:3336:42:
Error: The getter 'AppTheme' isn't defined for the type '_DashboardScreenV2State'.
 - '_DashboardScreenV2State' is from 'package:vercy_motos/screens/reportes/dashboard_screen_v2.dart' ('lib/screens/reportes/dashboard_screen_v2.dart').
                                  color: AppTheme.textSecondary,
                                         ^^^^^^^^
lib/screens/reportes/dashboard_screen_v2.dart:3387:38:
Error: The getter 'AppTheme' isn't defined for the type '_DashboardScreenV2State'.
 - '_DashboardScreenV2State' is from 'package:vercy_motos/screens/reportes/dashboard_screen_v2.dart' ('lib/screens/reportes/dashboard_screen_v2.dart').
                              color: AppTheme.primary,
                                     ^^^^^^^^
lib/screens/reportes/dashboard_screen_v2.dart:3490:35:
Error: The getter 'AppTheme' isn't defined for the type '_DashboardScreenV2State'.
 - '_DashboardScreenV2State' is from 'package:vercy_motos/screens/reportes/dashboard_screen_v2.dart' ('lib/screens/reportes/dashboard_screen_v2.dart').
          style: TextStyle(color: AppTheme.textSecondary, fontSize: 12),
                                  ^^^^^^^^
lib/screens/facturacion/facturacion_screen.dart:29:9:
Error: 'PedidoAsesor' isn't a type.
  final PedidoAsesor? pedidoAsesor;
        ^^^^^^^^^^^^
lib/screens/facturacion/facturacion_screen.dart:38:9:
Error: 'PedidoService' isn't a type.
  final PedidoService _pedidoService = PedidoService();
        ^^^^^^^^^^^^^
lib/screens/facturacion/facturacion_screen.dart:38:40:
Error: Method not found: 'PedidoService'.
  final PedidoService _pedidoService = PedidoService();
                                       ^^^^^^^^^^^^^
lib/screens/facturacion/facturacion_screen.dart:39:9:
Error: 'ProductoService' isn't a type.
  final ProductoService _productoService = ProductoService();
        ^^^^^^^^^^^^^^^
lib/screens/facturacion/facturacion_screen.dart:39:44:
Error: Method not found: 'ProductoService'.
  final ProductoService _productoService = ProductoService();
                                           ^^^^^^^^^^^^^^^
lib/screens/facturacion/facturacion_screen.dart:40:9:
Error: 'PedidoAsesorService' isn't a type.
  final PedidoAsesorService _pedidoAsesorService = PedidoAsesorService();
        ^^^^^^^^^^^^^^^^^^^
lib/screens/facturacion/facturacion_screen.dart:40:52:
Error: Method not found: 'PedidoAsesorService'.
  final PedidoAsesorService _pedidoAsesorService = PedidoAsesorService();
                                                   ^^^^^^^^^^^^^^^^^^^
lib/screens/facturacion/facturacion_screen.dart:41:9:
Error: 'PDFService' isn't a type.
  final PDFService _pdfService = PDFService();
        ^^^^^^^^^^
lib/screens/facturacion/facturacion_screen.dart:41:34:
Error: Method not found: 'PDFService'.
  final PDFService _pdfService = PDFService();
                                 ^^^^^^^^^^
lib/screens/facturacion/facturacion_screen.dart:42:9:
Error: 'NegocioInfoService' isn't a type.
  final NegocioInfoService _negocioInfoService = NegocioInfoService();
        ^^^^^^^^^^^^^^^^^^
lib/screens/facturacion/facturacion_screen.dart:42:50:
Error: Method not found: 'NegocioInfoService'.
  final NegocioInfoService _negocioInfoService = NegocioInfoService();
                                                 ^^^^^^^^^^^^^^^^^^
lib/screens/facturacion/facturacion_screen.dart:43:9:
Error: 'ImpresionService' isn't a type.
  final ImpresionService _impresionService = ImpresionService();
        ^^^^^^^^^^^^^^^^
lib/screens/facturacion/facturacion_screen.dart:43:46:
Error: Method not found: 'ImpresionService'.
  final ImpresionService _impresionService = ImpresionService();
                                             ^^^^^^^^^^^^^^^^
lib/screens/facturacion/facturacion_screen.dart:44:9:
Error: 'InventarioService' isn't a type.
  final InventarioService _inventarioService = InventarioService();
        ^^^^^^^^^^^^^^^^^
lib/screens/facturacion/facturacion_screen.dart:44:48:
Error: Method not found: 'InventarioService'.
  final InventarioService _inventarioService = InventarioService();
                                               ^^^^^^^^^^^^^^^^^
lib/screens/facturacion/facturacion_screen.dart:45:9:
Error: 'ClienteService' isn't a type.
  final ClienteService _clienteService = ClienteService();
        ^^^^^^^^^^^^^^
lib/screens/facturacion/facturacion_screen.dart:45:42:
Error: Method not found: 'ClienteService'.
  final ClienteService _clienteService = ClienteService();
                                         ^^^^^^^^^^^^^^
lib/screens/facturacion/facturacion_screen.dart:142:3:
Error: 'Cliente' isn't a type.
  Cliente? _clienteSeleccionado;
  ^^^^^^^
lib/screens/facturacion/facturacion_screen.dart:143:3:
Error: 'Producto' isn't a type.
  Producto? _productoSeleccionado;
  ^^^^^^^^
lib/screens/facturacion/facturacion_screen.dart:145:8:
Error: 'ItemPedido' isn't a type.
  List<ItemPedido> _items = [];
       ^^^^^^^^^^
lib/screens/facturacion/facturacion_screen.dart:146:8:
Error: 'Producto' isn't a type.
  List<Producto> _productosDisponibles = [];
       ^^^^^^^^
lib/screens/facturacion/facturacion_screen.dart:147:8:
Error: 'Cliente' isn't a type.
  List<Cliente> _clientesDisponibles = [];
       ^^^^^^^
lib/screens/facturacion/facturacion_screen.dart:170:43:
Error: 'DatosCacheProvider' isn't a type.
        final cacheProvider = Provider.of<DatosCacheProvider>(
                                          ^^^^^^^^^^^^^^^^^^
lib/screens/facturacion/facturacion_screen.dart:184:41:
Error: 'FacturacionDraftProvider' isn't a type.
      final draftProvider = Provider.of<FacturacionDraftProvider>(
                                        ^^^^^^^^^^^^^^^^^^^^^^^^
lib/screens/facturacion/facturacion_screen.dart:166:9:
Error: The method 'appLog' isn't defined for the type '_FacturacionScreenState'.
 - '_FacturacionScreenState' is from 'package:vercy_motos/screens/facturacion/facturacion_screen.dart' ('lib/screens/facturacion/facturacion_screen.dart').
        appLog(
        ^^^^^^
lib/screens/facturacion/facturacion_screen.dart:236:34:
Error: The getter 'id' isn't defined for the type 'Object?'.
 - 'Object' is from 'dart:core'.
            (cliente) => cliente.id == pedido.clienteId,
                                 ^^
lib/screens/facturacion/facturacion_screen.dart:237:27:
Error: The method 'Cliente' isn't defined for the type '_FacturacionScreenState'.
 - '_FacturacionScreenState' is from 'package:vercy_motos/screens/facturacion/facturacion_screen.dart' ('lib/screens/facturacion/facturacion_screen.dart').
            orElse: () => Cliente(
                          ^^^^^^^
lib/screens/facturacion/facturacion_screen.dart:245:11:
Error: The method 'appLog' isn't defined for the type '_FacturacionScreenState'.
 - '_FacturacionScreenState' is from 'package:vercy_motos/screens/facturacion/facturacion_screen.dart' ('lib/screens/facturacion/facturacion_screen.dart').
          appLog(
          ^^^^^^
lib/screens/facturacion/facturacion_screen.dart:249:11:
Error: The method 'appLog' isn't defined for the type '_FacturacionScreenState'.
 - '_FacturacionScreenState' is from 'package:vercy_motos/screens/facturacion/facturacion_screen.dart' ('lib/screens/facturacion/facturacion_screen.dart').
          appLog('⚠️ Error buscando cliente: $e');
          ^^^^^^
lib/screens/facturacion/facturacion_screen.dart:252:9:
Error: The method 'appLog' isn't defined for the type '_FacturacionScreenState'.
 - '_FacturacionScreenState' is from 'package:vercy_motos/screens/facturacion/facturacion_screen.dart' ('lib/screens/facturacion/facturacion_screen.dart').
        appLog(
        ^^^^^^
lib/screens/facturacion/facturacion_screen.dart:262:9:
Error: The method 'appLog' isn't defined for the type '_FacturacionScreenState'.
 - '_FacturacionScreenState' is from 'package:vercy_motos/screens/facturacion/facturacion_screen.dart' ('lib/screens/facturacion/facturacion_screen.dart').
        appLog('📦 Item: ${item.productoNombre} - Origen: ${item.origen}');
        ^^^^^^
lib/screens/facturacion/facturacion_screen.dart:288:39:
Error: 'DatosCacheProvider' isn't a type.
    final cacheProvider = Provider.of<DatosCacheProvider>(
                                      ^^^^^^^^^^^^^^^^^^
lib/screens/facturacion/facturacion_screen.dart:286:5:
Error: The method 'appLog' isn't defined for the type '_FacturacionScreenState'.
 - '_FacturacionScreenState' is from 'package:vercy_motos/screens/facturacion/facturacion_screen.dart' ('lib/screens/facturacion/facturacion_screen.dart').
    appLog('🔄 _cargarProductos() iniciado');
    ^^^^^^
lib/screens/facturacion/facturacion_screen.dart:293:5:
Error: The method 'appLog' isn't defined for the type '_FacturacionScreenState'.
 - '_FacturacionScreenState' is from 'package:vercy_motos/screens/facturacion/facturacion_screen.dart' ('lib/screens/facturacion/facturacion_screen.dart').
    appLog('🔍 Cache provider productos: ${cacheProvider.productos?.length ?? 0}');
    ^^^^^^
lib/screens/facturacion/facturacion_screen.dart:303:27:
Error: The getter 'codigo' isn't defined for the type 'Object?'.
 - 'Object' is from 'dart:core'.
          .where((p) => p.codigo != null && p.codigo!.isNotEmpty)
                          ^^^^^^
lib/screens/facturacion/facturacion_screen.dart:303:47:
Error: The getter 'codigo' isn't defined for the type 'Object?'.
 - 'Object' is from 'dart:core'.
          .where((p) => p.codigo != null && p.codigo!.isNotEmpty)
                                              ^^^^^^
lib/screens/facturacion/facturacion_screen.dart:305:7:
Error: The method 'appLog' isn't defined for the type '_FacturacionScreenState'.
 - '_FacturacionScreenState' is from 'package:vercy_motos/screens/facturacion/facturacion_screen.dart' ('lib/screens/facturacion/facturacion_screen.dart').
      appLog(
      ^^^^^^
lib/screens/facturacion/facturacion_screen.dart:310:7:
Error: The method 'appLog' isn't defined for the type '_FacturacionScreenState'.
 - '_FacturacionScreenState' is from 'package:vercy_motos/screens/facturacion/facturacion_screen.dart' ('lib/screens/facturacion/facturacion_screen.dart').
      appLog('⚠️ No hay productos en cache, cargando desde API...');
      ^^^^^^
lib/screens/facturacion/facturacion_screen.dart:319:29:
Error: The getter 'codigo' isn't defined for the type 'Object?'.
 - 'Object' is from 'dart:core'.
            .where((p) => p.codigo != null && p.codigo!.isNotEmpty)
                            ^^^^^^
lib/screens/facturacion/facturacion_screen.dart:319:49:
Error: The getter 'codigo' isn't defined for the type 'Object?'.
 - 'Object' is from 'dart:core'.
            .where((p) => p.codigo != null && p.codigo!.isNotEmpty)
                                                ^^^^^^
lib/screens/facturacion/facturacion_screen.dart:321:9:
Error: The method 'appLog' isn't defined for the type '_FacturacionScreenState'.
 - '_FacturacionScreenState' is from 'package:vercy_motos/screens/facturacion/facturacion_screen.dart' ('lib/screens/facturacion/facturacion_screen.dart').
        appLog(
        ^^^^^^
lib/screens/facturacion/facturacion_screen.dart:325:9:
Error: The method 'appLog' isn't defined for the type '_FacturacionScreenState'.
 - '_FacturacionScreenState' is from 'package:vercy_motos/screens/facturacion/facturacion_screen.dart' ('lib/screens/facturacion/facturacion_screen.dart').
        appLog('❌ Error cargando productos: $e');  
        ^^^^^^
lib/screens/facturacion/facturacion_screen.dart:357:43:
Error: 'FacturacionDraftProvider' isn't a type.
        final draftProvider = Provider.of<FacturacionDraftProvider>(
                                          ^^^^^^^^^^^^^^^^^^^^^^^^
lib/screens/facturacion/facturacion_screen.dart:363:9:
Error: The method 'appLog' isn't defined for the type '_FacturacionScreenState'.
 - '_FacturacionScreenState' is from 'package:vercy_motos/screens/facturacion/facturacion_screen.dart' ('lib/screens/facturacion/facturacion_screen.dart').
        appLog('⚠️ Error deteniendo sincronización: $e');
        ^^^^^^
lib/screens/facturacion/facturacion_screen.dart:405:41:
Error: 'FacturacionDraftProvider' isn't a type.
      final draftProvider = Provider.of<FacturacionDraftProvider>(
                                        ^^^^^^^^^^^^^^^^^^^^^^^^
lib/screens/facturacion/facturacion_screen.dart:412:9:
Error: The method 'appLog' isn't defined for the type '_FacturacionScreenState'.
 - '_FacturacionScreenState' is from 'package:vercy_motos/screens/facturacion/facturacion_screen.dart' ('lib/screens/facturacion/facturacion_screen.dart').
        appLog('ℹ️  No hay borrador para restaurar');
        ^^^^^^
lib/screens/facturacion/facturacion_screen.dart:416:7:
Error: The method 'appLog' isn't defined for the type '_FacturacionScreenState'.
 - '_FacturacionScreenState' is from 'package:vercy_motos/screens/facturacion/facturacion_screen.dart' ('lib/screens/facturacion/facturacion_screen.dart').
      appLog('📝 Restaurando borrador - ${draftProvider.itemsCount} items');
      ^^^^^^
lib/screens/facturacion/facturacion_screen.dart:482:7:
Error: The method 'appLog' isn't defined for the type '_FacturacionScreenState'.
 - '_FacturacionScreenState' is from 'package:vercy_motos/screens/facturacion/facturacion_screen.dart' ('lib/screens/facturacion/facturacion_screen.dart').
      appLog('✅ Borrador restaurado exitosamente');
      ^^^^^^
lib/screens/facturacion/facturacion_screen.dart:484:7:
Error: The method 'appLog' isn't defined for the type '_FacturacionScreenState'.
 - '_FacturacionScreenState' is from 'package:vercy_motos/screens/facturacion/facturacion_screen.dart' ('lib/screens/facturacion/facturacion_screen.dart').
      appLog('⚠️ Error restaurando borrador: $e');
      ^^^^^^
lib/screens/facturacion/facturacion_screen.dart:497:41:
Error: 'FacturacionDraftProvider' isn't a type.
      final draftProvider = Provider.of<FacturacionDraftProvider>(
                                        ^^^^^^^^^^^^^^^^^^^^^^^^
lib/screens/facturacion/facturacion_screen.dart:557:7:
Error: The method 'appLog' isn't defined for the type '_FacturacionScreenState'.
 - '_FacturacionScreenState' is from 'package:vercy_motos/screens/facturacion/facturacion_screen.dart' ('lib/screens/facturacion/facturacion_screen.dart').
      appLog(
      ^^^^^^
lib/screens/facturacion/facturacion_screen.dart:561:7:
Error: The method 'appLog' isn't defined for the type '_FacturacionScreenState'.
 - '_FacturacionScreenState' is from 'package:vercy_motos/screens/facturacion/facturacion_screen.dart' ('lib/screens/facturacion/facturacion_screen.dart').
      appLog('⚠️ Error guardando estado completo: $e');
      ^^^^^^
lib/screens/facturacion/facturacion_screen.dart:567:38:
Error: 'UserProvider' isn't a type.
    final userProvider = Provider.of<UserProvider>(context);
                                     ^^^^^^^^^^^^
lib/screens/facturacion/facturacion_screen.dart:572:26:
Error: The getter 'AppTheme' isn't defined for the type '_FacturacionScreenState'.
 - '_FacturacionScreenState' is from 'package:vercy_motos/screens/facturacion/facturacion_screen.dart' ('lib/screens/facturacion/facturacion_screen.dart').
        backgroundColor: AppTheme.backgroundDark,
                         ^^^^^^^^
lib/screens/facturacion/facturacion_screen.dart:569:12:
Error: The method 'VercySidebarLayout' isn't defined for the type '_FacturacionScreenState'.
 - '_FacturacionScreenState' is from 'package:vercy_motos/screens/facturacion/facturacion_screen.dart' ('lib/screens/facturacion/facturacion_screen.dart').
    return VercySidebarLayout(
           ^^^^^^^^^^^^^^^^^^
lib/screens/facturacion/facturacion_screen.dart:626:20:
Error: The getter 'AppTheme' isn't defined for the type '_FacturacionScreenState'.
 - '_FacturacionScreenState' is from 'package:vercy_motos/screens/facturacion/facturacion_screen.dart' ('lib/screens/facturacion/facturacion_screen.dart').
            color: AppTheme.cardBg,
                   ^^^^^^^^
lib/screens/facturacion/facturacion_screen.dart:643:34:
Error: The getter 'AppTheme' isn't defined for the type '_FacturacionScreenState'.
 - '_FacturacionScreenState' is from 'package:vercy_motos/screens/facturacion/facturacion_screen.dart' ('lib/screens/facturacion/facturacion_screen.dart').
                          color: AppTheme.primary,
                                 ^^^^^^^^
lib/screens/facturacion/facturacion_screen.dart:652:36:
Error: The getter 'AppTheme' isn't defined for the type '_FacturacionScreenState'.
 - '_FacturacionScreenState' is from 'package:vercy_motos/screens/facturacion/facturacion_screen.dart' ('lib/screens/facturacion/facturacion_screen.dart').
                            color: AppTheme.textPrimary,
                                   ^^^^^^^^
lib/screens/facturacion/facturacion_screen.dart:668:44:
Error: The getter 'AppTheme' isn't defined for the type '_FacturacionScreenState'.
 - '_FacturacionScreenState' is from 'package:vercy_motos/screens/facturacion/facturacion_screen.dart' ('lib/screens/facturacion/facturacion_screen.dart').
                          backgroundColor: AppTheme.primary,
                                           ^^^^^^^^
lib/screens/facturacion/facturacion_screen.dart:681:53:
Error: The getter 'AppTheme' isn't defined for the type '_FacturacionScreenState'.
 - '_FacturacionScreenState' is from 'package:vercy_motos/screens/facturacion/facturacion_screen.dart' ('lib/screens/facturacion/facturacion_screen.dart').
                    Icon(Icons.receipt_long, color: AppTheme.primary, size: 32),
                                                    ^^^^^^^^
lib/screens/facturacion/facturacion_screen.dart:688:32:
Error: The getter 'AppTheme' isn't defined for the type '_FacturacionScreenState'.
 - '_FacturacionScreenState' is from 'package:vercy_motos/screens/facturacion/facturacion_screen.dart' ('lib/screens/facturacion/facturacion_screen.dart').
                        color: AppTheme.textPrimary,
                               ^^^^^^^^
lib/screens/facturacion/facturacion_screen.dart:700:42:
Error: The getter 'AppTheme' isn't defined for the type '_FacturacionScreenState'.
 - '_FacturacionScreenState' is from 'package:vercy_motos/screens/facturacion/facturacion_screen.dart' ('lib/screens/facturacion/facturacion_screen.dart').
                        backgroundColor: AppTheme.primary,
                                         ^^^^^^^^
lib/screens/facturacion/facturacion_screen.dart:723:20:
Error: The getter 'AppTheme' isn't defined for the type '_FacturacionScreenState'.
 - '_FacturacionScreenState' is from 'package:vercy_motos/screens/facturacion/facturacion_screen.dart' ('lib/screens/facturacion/facturacion_screen.dart').
            color: AppTheme.cardBg,
                   ^^^^^^^^
lib/screens/facturacion/facturacion_screen.dart:802:20:
Error: The getter 'AppTheme' isn't defined for the type '_FacturacionScreenState'.
 - '_FacturacionScreenState' is from 'package:vercy_motos/screens/facturacion/facturacion_screen.dart' ('lib/screens/facturacion/facturacion_screen.dart').
            color: AppTheme.textPrimary,
                   ^^^^^^^^
lib/screens/facturacion/facturacion_screen.dart:819:20:
Error: The getter 'AppTheme' isn't defined for the type '_FacturacionScreenState'.
 - '_FacturacionScreenState' is from 'package:vercy_motos/screens/facturacion/facturacion_screen.dart' ('lib/screens/facturacion/facturacion_screen.dart').
        fillColor: AppTheme.surfaceDark,
                   ^^^^^^^^
lib/screens/facturacion/facturacion_screen.dart:821:31:
Error: The getter 'AppTheme' isn't defined for the type '_FacturacionScreenState'.
 - '_FacturacionScreenState' is from 'package:vercy_motos/screens/facturacion/facturacion_screen.dart' ('lib/screens/facturacion/facturacion_screen.dart').
      style: TextStyle(color: AppTheme.textPrimary, fontSize: 14),
                              ^^^^^^^^
lib/screens/facturacion/facturacion_screen.dart:846:20:
Error: The getter 'AppTheme' isn't defined for the type '_FacturacionScreenState'.
 - '_FacturacionScreenState' is from 'package:vercy_motos/screens/facturacion/facturacion_screen.dart' ('lib/screens/facturacion/facturacion_screen.dart').
            color: AppTheme.textSecondary,
                   ^^^^^^^^
lib/screens/facturacion/facturacion_screen.dart:850:22:
Error: The getter 'AppTheme' isn't defined for the type '_FacturacionScreenState'.
 - '_FacturacionScreenState' is from 'package:vercy_motos/screens/facturacion/facturacion_screen.dart' ('lib/screens/facturacion/facturacion_screen.dart').
          fillColor: AppTheme.surfaceDark,
                     ^^^^^^^^
lib/screens/facturacion/facturacion_screen.dart:854:35:
Error: The getter 'AppTheme' isn't defined for the type '_FacturacionScreenState'.
 - '_FacturacionScreenState' is from 'package:vercy_motos/screens/facturacion/facturacion_screen.dart' ('lib/screens/facturacion/facturacion_screen.dart').
          style: TextStyle(color: AppTheme.textPrimary, fontSize: 14),
                                  ^^^^^^^^
lib/screens/facturacion/facturacion_screen.dart:877:20:
Error: The getter 'AppTheme' isn't defined for the type '_FacturacionScreenState'.
 - '_FacturacionScreenState' is from 'package:vercy_motos/screens/facturacion/facturacion_screen.dart' ('lib/screens/facturacion/facturacion_screen.dart').
            color: AppTheme.textSecondary,
                   ^^^^^^^^
lib/screens/facturacion/facturacion_screen.dart:881:22:
Error: The getter 'AppTheme' isn't defined for the type '_FacturacionScreenState'.
 - '_FacturacionScreenState' is from 'package:vercy_motos/screens/facturacion/facturacion_screen.dart' ('lib/screens/facturacion/facturacion_screen.dart').
          fillColor: AppTheme.surfaceDark,
                     ^^^^^^^^
lib/screens/facturacion/facturacion_screen.dart:885:35:
Error: The getter 'AppTheme' isn't defined for the type '_FacturacionScreenState'.
 - '_FacturacionScreenState' is from 'package:vercy_motos/screens/facturacion/facturacion_screen.dart' ('lib/screens/facturacion/facturacion_screen.dart').
          style: TextStyle(color: AppTheme.textPrimary, fontSize: 14),
                                  ^^^^^^^^
lib/screens/facturacion/facturacion_screen.dart:895:31:
Error: 'Cliente' isn't a type.
          child: Autocomplete<Cliente>(
                              ^^^^^^^
lib/screens/facturacion/facturacion_screen.dart:904:27:
Error: 'Cliente' isn't a type.
                  .where((Cliente cliente) {
                          ^^^^^^^
lib/screens/facturacion/facturacion_screen.dart:914:38:
Error: 'Cliente' isn't a type.
            displayStringForOption: (Cliente cliente) => cliente.nombreCompleto,
                                     ^^^^^^^
lib/screens/facturacion/facturacion_screen.dart:915:26:
Error: 'Cliente' isn't a type.
            onSelected: (Cliente cliente) {
                         ^^^^^^^
lib/screens/facturacion/facturacion_screen.dart:993:42:
Error: 'Cliente' isn't a type.
                  AutocompleteOnSelected<Cliente> onSelected,
                                         ^^^^^^^
lib/screens/facturacion/facturacion_screen.dart:994:28:
Error: 'Cliente' isn't a type.
                  Iterable<Cliente> options,
                           ^^^^^^^
lib/screens/facturacion/facturacion_screen.dart:1012:35:
Error: 'Cliente' isn't a type.
                            final Cliente cliente = options.elementAt(index);
                                  ^^^^^^^
lib/screens/facturacion/facturacion_screen.dart:939:45:
Error: The getter 'AppTheme' isn't defined for the type '_FacturacionScreenState'.
 - '_FacturacionScreenState' is from 'package:vercy_motos/screens/facturacion/facturacion_screen.dart' ('lib/screens/facturacion/facturacion_screen.dart').
                    style: TextStyle(color: AppTheme.textPrimary, fontSize: 14),
                                            ^^^^^^^^
lib/screens/facturacion/facturacion_screen.dart:975:34:
Error: The getter 'AppTheme' isn't defined for the type '_FacturacionScreenState'.
 - '_FacturacionScreenState' is from 'package:vercy_motos/screens/facturacion/facturacion_screen.dart' ('lib/screens/facturacion/facturacion_screen.dart').
                      fillColor: AppTheme.surfaceDark,
                                 ^^^^^^^^
lib/screens/facturacion/facturacion_screen.dart:977:51:
Error: The getter 'AppTheme' isn't defined for the type '_FacturacionScreenState'.
 - '_FacturacionScreenState' is from 'package:vercy_motos/screens/facturacion/facturacion_screen.dart' ('lib/screens/facturacion/facturacion_screen.dart').
                      hintStyle: TextStyle(color: AppTheme.textSecondary),
                                                  ^^^^^^^^
lib/screens/facturacion/facturacion_screen.dart:980:32:
Error: The getter 'AppTheme' isn't defined for the type '_FacturacionScreenState'.
 - '_FacturacionScreenState' is from 'package:vercy_motos/screens/facturacion/facturacion_screen.dart' ('lib/screens/facturacion/facturacion_screen.dart').
                        color: AppTheme.textSecondary,
                               ^^^^^^^^
lib/screens/facturacion/facturacion_screen.dart:985:32:
Error: The getter 'AppTheme' isn't defined for the type '_FacturacionScreenState'.
 - '_FacturacionScreenState' is from 'package:vercy_motos/screens/facturacion/facturacion_screen.dart' ('lib/screens/facturacion/facturacion_screen.dart').
                        color: AppTheme.textSecondary,
                               ^^^^^^^^
lib/screens/facturacion/facturacion_screen.dart:1000:30:
Error: The getter 'AppTheme' isn't defined for the type '_FacturacionScreenState'.
 - '_FacturacionScreenState' is from 'package:vercy_motos/screens/facturacion/facturacion_screen.dart' ('lib/screens/facturacion/facturacion_screen.dart').
                      color: AppTheme.surfaceDark,
                             ^^^^^^^^
lib/screens/facturacion/facturacion_screen.dart:1020:46:
Error: The getter 'AppTheme' isn't defined for the type '_FacturacionScreenState'.
 - '_FacturacionScreenState' is from 'package:vercy_motos/screens/facturacion/facturacion_screen.dart' ('lib/screens/facturacion/facturacion_screen.dart').
                                      color: AppTheme.textSecondary.withOpacity(
                                             ^^^^^^^^
lib/screens/facturacion/facturacion_screen.dart:1030:56:
Error: The getter 'AppTheme' isn't defined for the type '_FacturacionScreenState'.
 - '_FacturacionScreenState' is from 'package:vercy_motos/screens/facturacion/facturacion_screen.dart' ('lib/screens/facturacion/facturacion_screen.dart').
                                      backgroundColor: AppTheme.primary
                                                       ^^^^^^^^
lib/screens/facturacion/facturacion_screen.dart:1039:50:
Error: The getter 'AppTheme' isn't defined for the type '_FacturacionScreenState'.
 - '_FacturacionScreenState' is from 'package:vercy_motos/screens/facturacion/facturacion_screen.dart' ('lib/screens/facturacion/facturacion_screen.dart').
                                          color: AppTheme.primary,
                                                 ^^^^^^^^
lib/screens/facturacion/facturacion_screen.dart:1053:54:
Error: The getter 'AppTheme' isn't defined for the type '_FacturacionScreenState'.
 - '_FacturacionScreenState' is from 'package:vercy_motos/screens/facturacion/facturacion_screen.dart' ('lib/screens/facturacion/facturacion_screen.dart').
                                              color: AppTheme.textPrimary,
                                                     ^^^^^^^^
lib/screens/facturacion/facturacion_screen.dart:1064:56:
Error: The getter 'AppTheme' isn't defined for the type '_FacturacionScreenState'.
 - '_FacturacionScreenState' is from 'package:vercy_motos/screens/facturacion/facturacion_screen.dart' ('lib/screens/facturacion/facturacion_screen.dart').
                                                color: AppTheme.textSecondary,
                                                       ^^^^^^^^
lib/screens/facturacion/facturacion_screen.dart:1092:24:
Error: The getter 'AppTheme' isn't defined for the type '_FacturacionScreenState'.
 - '_FacturacionScreenState' is from 'package:vercy_motos/screens/facturacion/facturacion_screen.dart' ('lib/screens/facturacion/facturacion_screen.dart').
                color: AppTheme.primary,
                       ^^^^^^^^
lib/screens/facturacion/facturacion_screen.dart:1114:26:
Error: The getter 'AppTheme' isn't defined for the type '_FacturacionScreenState'.
 - '_FacturacionScreenState' is from 'package:vercy_motos/screens/facturacion/facturacion_screen.dart' ('lib/screens/facturacion/facturacion_screen.dart').
                  color: AppTheme.error,
                         ^^^^^^^^
lib/screens/facturacion/facturacion_screen.dart:1128:16:
Error: The getter 'AppTheme' isn't defined for the type '_FacturacionScreenState'.
 - '_FacturacionScreenState' is from 'package:vercy_motos/screens/facturacion/facturacion_screen.dart' ('lib/screens/facturacion/facturacion_screen.dart').
        color: AppTheme.cardBg,
               ^^^^^^^^
lib/screens/facturacion/facturacion_screen.dart:1148:30:
Error: The getter 'AppTheme' isn't defined for the type '_FacturacionScreenState'.
 - '_FacturacionScreenState' is from 'package:vercy_motos/screens/facturacion/facturacion_screen.dart' ('lib/screens/facturacion/facturacion_screen.dart').
                      color: AppTheme.textPrimary,
                             ^^^^^^^^
lib/screens/facturacion/facturacion_screen.dart:1180:40:
Error: The getter 'AppTheme' isn't defined for the type '_FacturacionScreenState'.
 - '_FacturacionScreenState' is from 'package:vercy_motos/screens/facturacion/facturacion_screen.dart' ('lib/screens/facturacion/facturacion_screen.dart').
                                color: AppTheme.primary,
                                       ^^^^^^^^
lib/screens/facturacion/facturacion_screen.dart:1188:42:
Error: The getter 'AppTheme' isn't defined for the type '_FacturacionScreenState'.
 - '_FacturacionScreenState' is from 'package:vercy_motos/screens/facturacion/facturacion_screen.dart' ('lib/screens/facturacion/facturacion_screen.dart').
                                  color: AppTheme.textPrimary,
                                         ^^^^^^^^
lib/screens/facturacion/facturacion_screen.dart:1196:40:
Error: The getter 'AppTheme' isn't defined for the type '_FacturacionScreenState'.
 - '_FacturacionScreenState' is from 'package:vercy_motos/screens/facturacion/facturacion_screen.dart' ('lib/screens/facturacion/facturacion_screen.dart').
                                color: AppTheme.textPrimary,
                                       ^^^^^^^^
lib/screens/facturacion/facturacion_screen.dart:1206:44:
Error: The getter 'AppTheme' isn't defined for the type '_FacturacionScreenState'.
 - '_FacturacionScreenState' is from 'package:vercy_motos/screens/facturacion/facturacion_screen.dart' ('lib/screens/facturacion/facturacion_screen.dart').
                                fillColor: AppTheme.surfaceDark,
                                           ^^^^^^^^
lib/screens/facturacion/facturacion_screen.dart:1208:42:
Error: The getter 'AppTheme' isn't defined for the type '_FacturacionScreenState'.
 - '_FacturacionScreenState' is from 'package:vercy_motos/screens/facturacion/facturacion_screen.dart' ('lib/screens/facturacion/facturacion_screen.dart').
                                  color: AppTheme.textSecondary,
                                         ^^^^^^^^
lib/screens/facturacion/facturacion_screen.dart:1226:40:
Error: The getter 'AppTheme' isn't defined for the type '_FacturacionScreenState'.
 - '_FacturacionScreenState' is from 'package:vercy_motos/screens/facturacion/facturacion_screen.dart' ('lib/screens/facturacion/facturacion_screen.dart').
                                color: AppTheme.primary,
                                       ^^^^^^^^
lib/screens/facturacion/facturacion_screen.dart:1234:42:
Error: The getter 'AppTheme' isn't defined for the type '_FacturacionScreenState'.
 - '_FacturacionScreenState' is from 'package:vercy_motos/screens/facturacion/facturacion_screen.dart' ('lib/screens/facturacion/facturacion_screen.dart').
                                  color: AppTheme.textPrimary,
                                         ^^^^^^^^
lib/screens/facturacion/facturacion_screen.dart:1260:44:
Error: The getter 'AppTheme' isn't defined for the type '_FacturacionScreenState'.
 - '_FacturacionScreenState' is from 'package:vercy_motos/screens/facturacion/facturacion_screen.dart' ('lib/screens/facturacion/facturacion_screen.dart').
                                    color: AppTheme.textSecondary,
                                           ^^^^^^^^
lib/screens/facturacion/facturacion_screen.dart:1263:46:
Error: The getter 'AppTheme' isn't defined for the type '_FacturacionScreenState'.
 - '_FacturacionScreenState' is from 'package:vercy_motos/screens/facturacion/facturacion_screen.dart' ('lib/screens/facturacion/facturacion_screen.dart').
                                  fillColor: AppTheme.surfaceDark,
                                             ^^^^^^^^
lib/screens/facturacion/facturacion_screen.dart:1271:43:
Error: The getter 'AppTheme' isn't defined for the type '_FacturacionScreenState'.
 - '_FacturacionScreenState' is from 'package:vercy_motos/screens/facturacion/facturacion_screen.dart' ('lib/screens/facturacion/facturacion_screen.dart').
                                        ? AppTheme.textPrimary
                                          ^^^^^^^^
lib/screens/facturacion/facturacion_screen.dart:1272:43:
Error: The getter 'AppTheme' isn't defined for the type '_FacturacionScreenState'.
 - '_FacturacionScreenState' is from 'package:vercy_motos/screens/facturacion/facturacion_screen.dart' ('lib/screens/facturacion/facturacion_screen.dart').
                                        : AppTheme.textSecondary,
                                          ^^^^^^^^
lib/screens/facturacion/facturacion_screen.dart:1292:40:
Error: The getter 'AppTheme' isn't defined for the type '_FacturacionScreenState'.
 - '_FacturacionScreenState' is from 'package:vercy_motos/screens/facturacion/facturacion_screen.dart' ('lib/screens/facturacion/facturacion_screen.dart').
                                color: AppTheme.primary,
                                       ^^^^^^^^
lib/screens/facturacion/facturacion_screen.dart:1300:42:
Error: The getter 'AppTheme' isn't defined for the type '_FacturacionScreenState'.
 - '_FacturacionScreenState' is from 'package:vercy_motos/screens/facturacion/facturacion_screen.dart' ('lib/screens/facturacion/facturacion_screen.dart').
                                  color: AppTheme.textPrimary,
                                         ^^^^^^^^
lib/screens/facturacion/facturacion_screen.dart:1308:40:
Error: The getter 'AppTheme' isn't defined for the type '_FacturacionScreenState'.
 - '_FacturacionScreenState' is from 'package:vercy_motos/screens/facturacion/facturacion_screen.dart' ('lib/screens/facturacion/facturacion_screen.dart').
                                color: AppTheme.textPrimary,
                                       ^^^^^^^^
lib/screens/facturacion/facturacion_screen.dart:1318:44:
Error: The getter 'AppTheme' isn't defined for the type '_FacturacionScreenState'.
 - '_FacturacionScreenState' is from 'package:vercy_motos/screens/facturacion/facturacion_screen.dart' ('lib/screens/facturacion/facturacion_screen.dart').
                                fillColor: AppTheme.surfaceDark,
                                           ^^^^^^^^
lib/screens/facturacion/facturacion_screen.dart:1320:42:
Error: The getter 'AppTheme' isn't defined for the type '_FacturacionScreenState'.
 - '_FacturacionScreenState' is from 'package:vercy_motos/screens/facturacion/facturacion_screen.dart' ('lib/screens/facturacion/facturacion_screen.dart').
                                  color: AppTheme.textSecondary,
                                         ^^^^^^^^
lib/screens/facturacion/facturacion_screen.dart:1338:40:
Error: The getter 'AppTheme' isn't defined for the type '_FacturacionScreenState'.
 - '_FacturacionScreenState' is from 'package:vercy_motos/screens/facturacion/facturacion_screen.dart' ('lib/screens/facturacion/facturacion_screen.dart').
                                color: AppTheme.primary,
                                       ^^^^^^^^
lib/screens/facturacion/facturacion_screen.dart:1346:42:
Error: The getter 'AppTheme' isn't defined for the type '_FacturacionScreenState'.
 - '_FacturacionScreenState' is from 'package:vercy_motos/screens/facturacion/facturacion_screen.dart' ('lib/screens/facturacion/facturacion_screen.dart').
                                  color: AppTheme.textPrimary,
                                         ^^^^^^^^
lib/screens/facturacion/facturacion_screen.dart:1354:40:
Error: The getter 'AppTheme' isn't defined for the type '_FacturacionScreenState'.
 - '_FacturacionScreenState' is from 'package:vercy_motos/screens/facturacion/facturacion_screen.dart' ('lib/screens/facturacion/facturacion_screen.dart').
                                color: AppTheme.textPrimary,
                                       ^^^^^^^^
lib/screens/facturacion/facturacion_screen.dart:1364:44:
Error: The getter 'AppTheme' isn't defined for the type '_FacturacionScreenState'.
 - '_FacturacionScreenState' is from 'package:vercy_motos/screens/facturacion/facturacion_screen.dart' ('lib/screens/facturacion/facturacion_screen.dart').
                                fillColor: AppTheme.surfaceDark,
                                           ^^^^^^^^
lib/screens/facturacion/facturacion_screen.dart:1366:42:
Error: The getter 'AppTheme' isn't defined for the type '_FacturacionScreenState'.
 - '_FacturacionScreenState' is from 'package:vercy_motos/screens/facturacion/facturacion_screen.dart' ('lib/screens/facturacion/facturacion_screen.dart').
                                  color: AppTheme.textSecondary,
                                         ^^^^^^^^
lib/screens/facturacion/facturacion_screen.dart:1384:40:
Error: The getter 'AppTheme' isn't defined for the type '_FacturacionScreenState'.
 - '_FacturacionScreenState' is from 'package:vercy_motos/screens/facturacion/facturacion_screen.dart' ('lib/screens/facturacion/facturacion_screen.dart').
                                color: AppTheme.primary,
                                       ^^^^^^^^
lib/screens/facturacion/facturacion_screen.dart:1392:42:
Error: The getter 'AppTheme' isn't defined for the type '_FacturacionScreenState'.
 - '_FacturacionScreenState' is from 'package:vercy_motos/screens/facturacion/facturacion_screen.dart' ('lib/screens/facturacion/facturacion_screen.dart').
                                  color: AppTheme.textPrimary,
                                         ^^^^^^^^
lib/screens/facturacion/facturacion_screen.dart:1400:40:
Error: The getter 'AppTheme' isn't defined for the type '_FacturacionScreenState'.
 - '_FacturacionScreenState' is from 'package:vercy_motos/screens/facturacion/facturacion_screen.dart' ('lib/screens/facturacion/facturacion_screen.dart').
                                color: AppTheme.textPrimary,
                                       ^^^^^^^^
lib/screens/facturacion/facturacion_screen.dart:1410:44:
Error: The getter 'AppTheme' isn't defined for the type '_FacturacionScreenState'.
 - '_FacturacionScreenState' is from 'package:vercy_motos/screens/facturacion/facturacion_screen.dart' ('lib/screens/facturacion/facturacion_screen.dart').
                                fillColor: AppTheme.surfaceDark,
                                           ^^^^^^^^
lib/screens/facturacion/facturacion_screen.dart:1412:42:
Error: The getter 'AppTheme' isn't defined for the type '_FacturacionScreenState'.
 - '_FacturacionScreenState' is from 'package:vercy_motos/screens/facturacion/facturacion_screen.dart' ('lib/screens/facturacion/facturacion_screen.dart').
                                  color: AppTheme.textSecondary,
                                         ^^^^^^^^
lib/screens/facturacion/facturacion_screen.dart:1435:40:
Error: The getter 'AppTheme' isn't defined for the type '_FacturacionScreenState'.
 - '_FacturacionScreenState' is from 'package:vercy_motos/screens/facturacion/facturacion_screen.dart' ('lib/screens/facturacion/facturacion_screen.dart').
                                color: AppTheme.primary,
                                       ^^^^^^^^
lib/screens/facturacion/facturacion_screen.dart:1443:42:
Error: The getter 'AppTheme' isn't defined for the type '_FacturacionScreenState'.
 - '_FacturacionScreenState' is from 'package:vercy_motos/screens/facturacion/facturacion_screen.dart' ('lib/screens/facturacion/facturacion_screen.dart').
                                  color: AppTheme.textPrimary,
                                         ^^^^^^^^
lib/screens/facturacion/facturacion_screen.dart:1451:40:
Error: The getter 'AppTheme' isn't defined for the type '_FacturacionScreenState'.
 - '_FacturacionScreenState' is from 'package:vercy_motos/screens/facturacion/facturacion_screen.dart' ('lib/screens/facturacion/facturacion_screen.dart').
                                color: AppTheme.textPrimary,
                                       ^^^^^^^^
lib/screens/facturacion/facturacion_screen.dart:1461:44:
Error: The getter 'AppTheme' isn't defined for the type '_FacturacionScreenState'.
 - '_FacturacionScreenState' is from 'package:vercy_motos/screens/facturacion/facturacion_screen.dart' ('lib/screens/facturacion/facturacion_screen.dart').
                                fillColor: AppTheme.surfaceDark,
                                           ^^^^^^^^
lib/screens/facturacion/facturacion_screen.dart:1463:42:
Error: The getter 'AppTheme' isn't defined for the type '_FacturacionScreenState'.
 - '_FacturacionScreenState' is from 'package:vercy_motos/screens/facturacion/facturacion_screen.dart' ('lib/screens/facturacion/facturacion_screen.dart').
                                  color: AppTheme.textSecondary,
                                         ^^^^^^^^
lib/screens/facturacion/facturacion_screen.dart:1482:40:
Error: The getter 'AppTheme' isn't defined for the type '_FacturacionScreenState'.
 - '_FacturacionScreenState' is from 'package:vercy_motos/screens/facturacion/facturacion_screen.dart' ('lib/screens/facturacion/facturacion_screen.dart').
                                color: AppTheme.primary,
                                       ^^^^^^^^
lib/screens/facturacion/facturacion_screen.dart:1490:42:
Error: The getter 'AppTheme' isn't defined for the type '_FacturacionScreenState'.
 - '_FacturacionScreenState' is from 'package:vercy_motos/screens/facturacion/facturacion_screen.dart' ('lib/screens/facturacion/facturacion_screen.dart').
                                  color: AppTheme.textPrimary,
                                         ^^^^^^^^
lib/screens/facturacion/facturacion_screen.dart:1504:44:
Error: The getter 'AppTheme' isn't defined for the type '_FacturacionScreenState'.
 - '_FacturacionScreenState' is from 'package:vercy_motos/screens/facturacion/facturacion_screen.dart' ('lib/screens/facturacion/facturacion_screen.dart').
                                fillColor: AppTheme.surfaceDark,
                                           ^^^^^^^^
lib/screens/facturacion/facturacion_screen.dart:1506:42:
Error: The getter 'AppTheme' isn't defined for the type '_FacturacionScreenState'.
 - '_FacturacionScreenState' is from 'package:vercy_motos/screens/facturacion/facturacion_screen.dart' ('lib/screens/facturacion/facturacion_screen.dart').
                                  color: AppTheme.textSecondary,
                                         ^^^^^^^^
lib/screens/facturacion/facturacion_screen.dart:1510:40:
Error: The getter 'AppTheme' isn't defined for the type '_FacturacionScreenState'.
 - '_FacturacionScreenState' is from 'package:vercy_motos/screens/facturacion/facturacion_screen.dart' ('lib/screens/facturacion/facturacion_screen.dart').
                                color: AppTheme.textPrimary,
                                       ^^^^^^^^
lib/screens/facturacion/facturacion_screen.dart:1538:40:
Error: The getter 'AppTheme' isn't defined for the type '_FacturacionScreenState'.
 - '_FacturacionScreenState' is from 'package:vercy_motos/screens/facturacion/facturacion_screen.dart' ('lib/screens/facturacion/facturacion_screen.dart').
                                color: AppTheme.primary,
                                       ^^^^^^^^
lib/screens/facturacion/facturacion_screen.dart:1546:42:
Error: The getter 'AppTheme' isn't defined for the type '_FacturacionScreenState'.
 - '_FacturacionScreenState' is from 'package:vercy_motos/screens/facturacion/facturacion_screen.dart' ('lib/screens/facturacion/facturacion_screen.dart').
                                  color: AppTheme.textPrimary,
                                         ^^^^^^^^
lib/screens/facturacion/facturacion_screen.dart:1554:40:
Error: The getter 'AppTheme' isn't defined for the type '_FacturacionScreenState'.
 - '_FacturacionScreenState' is from 'package:vercy_motos/screens/facturacion/facturacion_screen.dart' ('lib/screens/facturacion/facturacion_screen.dart').
                                color: AppTheme.textPrimary,
                                       ^^^^^^^^
lib/screens/facturacion/facturacion_screen.dart:1564:44:
Error: The getter 'AppTheme' isn't defined for the type '_FacturacionScreenState'.
 - '_FacturacionScreenState' is from 'package:vercy_motos/screens/facturacion/facturacion_screen.dart' ('lib/screens/facturacion/facturacion_screen.dart').
                                fillColor: AppTheme.surfaceDark,
                                           ^^^^^^^^
lib/screens/facturacion/facturacion_screen.dart:1566:42:
Error: The getter 'AppTheme' isn't defined for the type '_FacturacionScreenState'.
 - '_FacturacionScreenState' is from 'package:vercy_motos/screens/facturacion/facturacion_screen.dart' ('lib/screens/facturacion/facturacion_screen.dart').
                                  color: AppTheme.textSecondary,
                                         ^^^^^^^^
lib/screens/facturacion/facturacion_screen.dart:1584:40:
Error: The getter 'AppTheme' isn't defined for the type '_FacturacionScreenState'.
 - '_FacturacionScreenState' is from 'package:vercy_motos/screens/facturacion/facturacion_screen.dart' ('lib/screens/facturacion/facturacion_screen.dart').
                                color: AppTheme.primary,
                                       ^^^^^^^^
lib/screens/facturacion/facturacion_screen.dart:1592:42:
Error: The getter 'AppTheme' isn't defined for the type '_FacturacionScreenState'.
 - '_FacturacionScreenState' is from 'package:vercy_motos/screens/facturacion/facturacion_screen.dart' ('lib/screens/facturacion/facturacion_screen.dart').
                                  color: AppTheme.textPrimary,
                                         ^^^^^^^^
lib/screens/facturacion/facturacion_screen.dart:1618:44:
Error: The getter 'AppTheme' isn't defined for the type '_FacturacionScreenState'.
 - '_FacturacionScreenState' is from 'package:vercy_motos/screens/facturacion/facturacion_screen.dart' ('lib/screens/facturacion/facturacion_screen.dart').
                                    color: AppTheme.textSecondary,
                                           ^^^^^^^^
lib/screens/facturacion/facturacion_screen.dart:1621:46:
Error: The getter 'AppTheme' isn't defined for the type '_FacturacionScreenState'.
 - '_FacturacionScreenState' is from 'package:vercy_motos/screens/facturacion/facturacion_screen.dart' ('lib/screens/facturacion/facturacion_screen.dart').
                                  fillColor: AppTheme.surfaceDark,
                                             ^^^^^^^^
lib/screens/facturacion/facturacion_screen.dart:1629:43:
Error: The getter 'AppTheme' isn't defined for the type '_FacturacionScreenState'.
 - '_FacturacionScreenState' is from 'package:vercy_motos/screens/facturacion/facturacion_screen.dart' ('lib/screens/facturacion/facturacion_screen.dart').
                                        ? AppTheme.textPrimary
                                          ^^^^^^^^
lib/screens/facturacion/facturacion_screen.dart:1630:43:
Error: The getter 'AppTheme' isn't defined for the type '_FacturacionScreenState'.
 - '_FacturacionScreenState' is from 'package:vercy_motos/screens/facturacion/facturacion_screen.dart' ('lib/screens/facturacion/facturacion_screen.dart').
                                        : AppTheme.textSecondary,
                                          ^^^^^^^^
lib/screens/facturacion/facturacion_screen.dart:1801:45:
Error: 'Producto' isn't a type.
                        child: Autocomplete<Producto>(
                                            ^^^^^^^^
lib/screens/facturacion/facturacion_screen.dart:1807:53:
Error: 'Producto' isn't a type.
                              return const Iterable<Producto>.empty();
                                                    ^^^^^^^^
lib/screens/facturacion/facturacion_screen.dart:1818:52:
Error: 'Producto' isn't a type.
                          displayStringForOption: (Producto producto) =>
                                                   ^^^^^^^^
lib/screens/facturacion/facturacion_screen.dart:1822:40:
Error: 'Producto' isn't a type.
                          onSelected: (Producto producto) {
                                       ^^^^^^^^
lib/screens/facturacion/facturacion_screen.dart:1884:56:
Error: 'Producto' isn't a type.
                                AutocompleteOnSelected<Producto> onSelected,
                                                       ^^^^^^^^
lib/screens/facturacion/facturacion_screen.dart:1885:42:
Error: 'Producto' isn't a type.
                                Iterable<Producto> options,
                                         ^^^^^^^^
lib/screens/facturacion/facturacion_screen.dart:1903:49:
Error: 'Producto' isn't a type.
                                          final Producto option = options.elementAt(index);
                                                ^^^^^^^^
lib/screens/facturacion/facturacion_screen.dart:1930:45:
Error: 'Producto' isn't a type.
                        child: Autocomplete<Producto>(
                                            ^^^^^^^^
lib/screens/facturacion/facturacion_screen.dart:1936:53:
Error: 'Producto' isn't a type.
                              return const Iterable<Producto>.empty();
                                                    ^^^^^^^^
lib/screens/facturacion/facturacion_screen.dart:1939:53:
Error: 'Producto' isn't a type.
                              return const Iterable<Producto>.empty();
                                                    ^^^^^^^^
lib/screens/facturacion/facturacion_screen.dart:1948:52:
Error: 'Producto' isn't a type.
                          displayStringForOption: (Producto producto) =>
                                                   ^^^^^^^^
lib/screens/facturacion/facturacion_screen.dart:1950:40:
Error: 'Producto' isn't a type.
                          onSelected: (Producto producto) {
                                       ^^^^^^^^
lib/screens/facturacion/facturacion_screen.dart:2016:56:
Error: 'Producto' isn't a type.
                                AutocompleteOnSelected<Producto> onSelected,
                                                       ^^^^^^^^
lib/screens/facturacion/facturacion_screen.dart:2017:42:
Error: 'Producto' isn't a type.
                                Iterable<Producto> options,
                                         ^^^^^^^^
lib/screens/facturacion/facturacion_screen.dart:2035:49:
Error: 'Producto' isn't a type.
                                          final Producto option = options.elementAt(
                                                ^^^^^^^^
lib/screens/facturacion/facturacion_screen.dart:1654:16:
Error: The getter 'AppTheme' isn't defined for the type '_FacturacionScreenState'.
 - '_FacturacionScreenState' is from 'package:vercy_motos/screens/facturacion/facturacion_screen.dart' ('lib/screens/facturacion/facturacion_screen.dart').
        color: AppTheme.cardBg,
               ^^^^^^^^
lib/screens/facturacion/facturacion_screen.dart:1675:30:
Error: The getter 'AppTheme' isn't defined for the type '_FacturacionScreenState'.
 - '_FacturacionScreenState' is from 'package:vercy_motos/screens/facturacion/facturacion_screen.dart' ('lib/screens/facturacion/facturacion_screen.dart').
                      color: AppTheme.textPrimary,
                             ^^^^^^^^
lib/screens/facturacion/facturacion_screen.dart:1703:34:
Error: The getter 'AppTheme' isn't defined for the type '_FacturacionScreenState'.
 - '_FacturacionScreenState' is from 'package:vercy_motos/screens/facturacion/facturacion_screen.dart' ('lib/screens/facturacion/facturacion_screen.dart').
                          color: AppTheme.primary,
                                 ^^^^^^^^
lib/screens/facturacion/facturacion_screen.dart:1711:36:
Error: The getter 'AppTheme' isn't defined for the type '_FacturacionScreenState'.
 - '_FacturacionScreenState' is from 'package:vercy_motos/screens/facturacion/facturacion_screen.dart' ('lib/screens/facturacion/facturacion_screen.dart').
                            color: AppTheme.textPrimary,
                                   ^^^^^^^^
lib/screens/facturacion/facturacion_screen.dart:1722:36:
Error: The getter 'AppTheme' isn't defined for the type '_FacturacionScreenState'.
 - '_FacturacionScreenState' is from 'package:vercy_motos/screens/facturacion/facturacion_screen.dart' ('lib/screens/facturacion/facturacion_screen.dart').
                            color: AppTheme.textPrimary,
                                   ^^^^^^^^
lib/screens/facturacion/facturacion_screen.dart:1729:39:
Error: The getter 'AppTheme' isn't defined for the type '_FacturacionScreenState'.
 - '_FacturacionScreenState' is from 'package:vercy_motos/screens/facturacion/facturacion_screen.dart' ('lib/screens/facturacion/facturacion_screen.dart').
                                    ? AppTheme.primary
                                      ^^^^^^^^
lib/screens/facturacion/facturacion_screen.dart:1730:39:
Error: The getter 'AppTheme' isn't defined for the type '_FacturacionScreenState'.
 - '_FacturacionScreenState' is from 'package:vercy_motos/screens/facturacion/facturacion_screen.dart' ('lib/screens/facturacion/facturacion_screen.dart').
                                    : AppTheme.textMuted.withOpacity(0.3),
                                      ^^^^^^^^
lib/screens/facturacion/facturacion_screen.dart:1736:40:
Error: The getter 'AppTheme' isn't defined for the type '_FacturacionScreenState'.
 - '_FacturacionScreenState' is from 'package:vercy_motos/screens/facturacion/facturacion_screen.dart' ('lib/screens/facturacion/facturacion_screen.dart').
                                color: AppTheme.textMuted.withOpacity(0.3),
                                       ^^^^^^^^
lib/screens/facturacion/facturacion_screen.dart:1742:40:
Error: The getter 'AppTheme' isn't defined for the type '_FacturacionScreenState'.
 - '_FacturacionScreenState' is from 'package:vercy_motos/screens/facturacion/facturacion_screen.dart' ('lib/screens/facturacion/facturacion_screen.dart').
                                color: AppTheme.primary,
                                       ^^^^^^^^
lib/screens/facturacion/facturacion_screen.dart:1751:40:
Error: The getter 'AppTheme' isn't defined for the type '_FacturacionScreenState'.
 - '_FacturacionScreenState' is from 'package:vercy_motos/screens/facturacion/facturacion_screen.dart' ('lib/screens/facturacion/facturacion_screen.dart').
                            fillColor: AppTheme.surfaceDark,
                                       ^^^^^^^^
lib/screens/facturacion/facturacion_screen.dart:1753:57:
Error: The getter 'AppTheme' isn't defined for the type '_FacturacionScreenState'.
 - '_FacturacionScreenState' is from 'package:vercy_motos/screens/facturacion/facturacion_screen.dart' ('lib/screens/facturacion/facturacion_screen.dart').
                            hintStyle: TextStyle(color: AppTheme.textSecondary),
                                                        ^^^^^^^^
lib/screens/facturacion/facturacion_screen.dart:1756:38:
Error: The getter 'AppTheme' isn't defined for the type '_FacturacionScreenState'.
 - '_FacturacionScreenState' is from 'package:vercy_motos/screens/facturacion/facturacion_screen.dart' ('lib/screens/facturacion/facturacion_screen.dart').
                              color: AppTheme.primary,
                                     ^^^^^^^^
lib/screens/facturacion/facturacion_screen.dart:1763:46:
Error: The getter 'AppTheme' isn't defined for the type '_FacturacionScreenState'.
 - '_FacturacionScreenState' is from 'package:vercy_motos/screens/facturacion/facturacion_screen.dart' ('lib/screens/facturacion/facturacion_screen.dart').
                                      color: AppTheme.primary,
                                             ^^^^^^^^
lib/screens/facturacion/facturacion_screen.dart:1813:50:
Error: The getter 'codigo' isn't defined for the type 'Object?'.
 - 'Object' is from 'dart:core'.
                                  final cod = (p.codigo ?? '').toLowerCase();
                                                 ^^^^^^
lib/screens/facturacion/facturacion_screen.dart:1858:44:
Error: The getter 'AppTheme' isn't defined for the type '_FacturacionScreenState'.
 - '_FacturacionScreenState' is from 'package:vercy_motos/screens/facturacion/facturacion_screen.dart' ('lib/screens/facturacion/facturacion_screen.dart').
                                    color: AppTheme.textPrimary,
                                           ^^^^^^^^
lib/screens/facturacion/facturacion_screen.dart:1869:46:
Error: The getter 'AppTheme' isn't defined for the type '_FacturacionScreenState'.
 - '_FacturacionScreenState' is from 'package:vercy_motos/screens/facturacion/facturacion_screen.dart' ('lib/screens/facturacion/facturacion_screen.dart').
                                      color: AppTheme.textSecondary,
                                             ^^^^^^^^
lib/screens/facturacion/facturacion_screen.dart:1873:48:
Error: The getter 'AppTheme' isn't defined for the type '_FacturacionScreenState'.
 - '_FacturacionScreenState' is from 'package:vercy_motos/screens/facturacion/facturacion_screen.dart' ('lib/screens/facturacion/facturacion_screen.dart').
                                    fillColor: AppTheme.surfaceDark,
                                               ^^^^^^^^
lib/screens/facturacion/facturacion_screen.dart:1891:44:
Error: The getter 'AppTheme' isn't defined for the type '_FacturacionScreenState'.
 - '_FacturacionScreenState' is from 'package:vercy_motos/screens/facturacion/facturacion_screen.dart' ('lib/screens/facturacion/facturacion_screen.dart').
                                    color: AppTheme.surfaceDark,
                                           ^^^^^^^^
lib/screens/facturacion/facturacion_screen.dart:1913:58:
Error: The getter 'AppTheme' isn't defined for the type '_FacturacionScreenState'.
 - '_FacturacionScreenState' is from 'package:vercy_motos/screens/facturacion/facturacion_screen.dart' ('lib/screens/facturacion/facturacion_screen.dart').
                                                  color: AppTheme.textPrimary,
                                                         ^^^^^^^^
lib/screens/facturacion/facturacion_screen.dart:1941:29:
Error: The method 'appLog' isn't defined for the type '_FacturacionScreenState'.
 - '_FacturacionScreenState' is from 'package:vercy_motos/screens/facturacion/facturacion_screen.dart' ('lib/screens/facturacion/facturacion_screen.dart').
                            appLog('🔍 Autocomplete nombre - _productosDisponibles.length: ${_productosDisponibles.length}');
                            ^^^^^^
lib/screens/facturacion/facturacion_screen.dart:1942:36:
Error: The method 'filtrarYOrdenarProductos' isn't defined for the type '_FacturacionScreenState'.
 - '_FacturacionScreenState' is from 'package:vercy_motos/screens/facturacion/facturacion_screen.dart' ('lib/screens/facturacion/facturacion_screen.dart').
                            return filtrarYOrdenarProductos(
                                   ^^^^^^^^^^^^^^^^^^^^^^^^
lib/screens/facturacion/facturacion_screen.dart:1983:44:
Error: The getter 'AppTheme' isn't defined for the type '_FacturacionScreenState'.
 - '_FacturacionScreenState' is from 'package:vercy_motos/screens/facturacion/facturacion_screen.dart' ('lib/screens/facturacion/facturacion_screen.dart').
                                    color: AppTheme.textPrimary,
                                           ^^^^^^^^
lib/screens/facturacion/facturacion_screen.dart:1996:46:
Error: The getter 'AppTheme' isn't defined for the type '_FacturacionScreenState'.
 - '_FacturacionScreenState' is from 'package:vercy_motos/screens/facturacion/facturacion_screen.dart' ('lib/screens/facturacion/facturacion_screen.dart').
                                      color: AppTheme.textSecondary,
                                             ^^^^^^^^
lib/screens/facturacion/facturacion_screen.dart:2000:48:
Error: The getter 'AppTheme' isn't defined for the type '_FacturacionScreenState'.
 - '_FacturacionScreenState' is from 'package:vercy_motos/screens/facturacion/facturacion_screen.dart' ('lib/screens/facturacion/facturacion_screen.dart').
                                    fillColor: AppTheme.surfaceDark,
                                               ^^^^^^^^
lib/screens/facturacion/facturacion_screen.dart:2007:46:
Error: The getter 'AppTheme' isn't defined for the type '_FacturacionScreenState'.
 - '_FacturacionScreenState' is from 'package:vercy_motos/screens/facturacion/facturacion_screen.dart' ('lib/screens/facturacion/facturacion_screen.dart').
                                      color: AppTheme.textSecondary,
                                             ^^^^^^^^
lib/screens/facturacion/facturacion_screen.dart:2023:44:
Error: The getter 'AppTheme' isn't defined for the type '_FacturacionScreenState'.
 - '_FacturacionScreenState' is from 'package:vercy_motos/screens/facturacion/facturacion_screen.dart' ('lib/screens/facturacion/facturacion_screen.dart').
                                    color: AppTheme.surfaceDark,
                                           ^^^^^^^^
lib/screens/facturacion/facturacion_screen.dart:2045:60:
Error: The getter 'AppTheme' isn't defined for the type '_FacturacionScreenState'.
 - '_FacturacionScreenState' is from 'package:vercy_motos/screens/facturacion/facturacion_screen.dart' ('lib/screens/facturacion/facturacion_screen.dart').
                                                    color: AppTheme.textSecondary
                                                           ^^^^^^^^
lib/screens/facturacion/facturacion_screen.dart:2058:62:
Error: The getter 'AppTheme' isn't defined for the type '_FacturacionScreenState'.
 - '_FacturacionScreenState' is from 'package:vercy_motos/screens/facturacion/facturacion_screen.dart' ('lib/screens/facturacion/facturacion_screen.dart').
                                                      color: AppTheme.textPrimary,
                                                             ^^^^^^^^
lib/screens/facturacion/facturacion_screen.dart:2069:62:
Error: The getter 'AppTheme' isn't defined for the type '_FacturacionScreenState'.
 - '_FacturacionScreenState' is from 'package:vercy_motos/screens/facturacion/facturacion_screen.dart' ('lib/screens/facturacion/facturacion_screen.dart').
                                                      color: AppTheme.textSecondary,
                                                             ^^^^^^^^
lib/screens/facturacion/facturacion_screen.dart:2077:62:
Error: The getter 'AppTheme' isn't defined for the type '_FacturacionScreenState'.
 - '_FacturacionScreenState' is from 'package:vercy_motos/screens/facturacion/facturacion_screen.dart' ('lib/screens/facturacion/facturacion_screen.dart').
                                                      color: AppTheme.primary,
                                                             ^^^^^^^^
lib/screens/facturacion/facturacion_screen.dart:2100:36:
Error: The getter 'AppTheme' isn't defined for the type '_FacturacionScreenState'.
 - '_FacturacionScreenState' is from 'package:vercy_motos/screens/facturacion/facturacion_screen.dart' ('lib/screens/facturacion/facturacion_screen.dart').
                            color: AppTheme.textPrimary,
                                   ^^^^^^^^
lib/screens/facturacion/facturacion_screen.dart:2106:38:
Error: The getter 'AppTheme' isn't defined for the type '_FacturacionScreenState'.
 - '_FacturacionScreenState' is from 'package:vercy_motos/screens/facturacion/facturacion_screen.dart' ('lib/screens/facturacion/facturacion_screen.dart').
                              color: AppTheme.textSecondary,
                                     ^^^^^^^^
lib/screens/facturacion/facturacion_screen.dart:2114:40:
Error: The getter 'AppTheme' isn't defined for the type '_FacturacionScreenState'.
 - '_FacturacionScreenState' is from 'package:vercy_motos/screens/facturacion/facturacion_screen.dart' ('lib/screens/facturacion/facturacion_screen.dart').
                            fillColor: AppTheme.surfaceDark,
                                       ^^^^^^^^
lib/screens/facturacion/facturacion_screen.dart:2125:36:
Error: The getter 'AppTheme' isn't defined for the type '_FacturacionScreenState'.
 - '_FacturacionScreenState' is from 'package:vercy_motos/screens/facturacion/facturacion_screen.dart' ('lib/screens/facturacion/facturacion_screen.dart').
                            color: AppTheme.textPrimary,
                                   ^^^^^^^^
lib/screens/facturacion/facturacion_screen.dart:2131:38:
Error: The getter 'AppTheme' isn't defined for the type '_FacturacionScreenState'.
 - '_FacturacionScreenState' is from 'package:vercy_motos/screens/facturacion/facturacion_screen.dart' ('lib/screens/facturacion/facturacion_screen.dart').
                              color: AppTheme.textSecondary,
                                     ^^^^^^^^
lib/screens/facturacion/facturacion_screen.dart:2134:59:
Error: The getter 'AppTheme' isn't defined for the type '_FacturacionScreenState'.
 - '_FacturacionScreenState' is from 'package:vercy_motos/screens/facturacion/facturacion_screen.dart' ('lib/screens/facturacion/facturacion_screen.dart').
                            prefixStyle: TextStyle(color: AppTheme.textPrimary),
                                                          ^^^^^^^^
lib/screens/facturacion/facturacion_screen.dart:2141:40:
Error: The getter 'AppTheme' isn't defined for the type '_FacturacionScreenState'.
 - '_FacturacionScreenState' is from 'package:vercy_motos/screens/facturacion/facturacion_screen.dart' ('lib/screens/facturacion/facturacion_screen.dart').
                            fillColor: AppTheme.surfaceDark,
                                       ^^^^^^^^
lib/screens/facturacion/facturacion_screen.dart:2152:36:
Error: The getter 'AppTheme' isn't defined for the type '_FacturacionScreenState'.
 - '_FacturacionScreenState' is from 'package:vercy_motos/screens/facturacion/facturacion_screen.dart' ('lib/screens/facturacion/facturacion_screen.dart').
                            color: AppTheme.textSecondary,
                                   ^^^^^^^^
lib/screens/facturacion/facturacion_screen.dart:2158:38:
Error: The getter 'AppTheme' isn't defined for the type '_FacturacionScreenState'.
 - '_FacturacionScreenState' is from 'package:vercy_motos/screens/facturacion/facturacion_screen.dart' ('lib/screens/facturacion/facturacion_screen.dart').
                              color: AppTheme.textSecondary,
                                     ^^^^^^^^
lib/screens/facturacion/facturacion_screen.dart:2161:40:
Error: The getter 'AppTheme' isn't defined for the type '_FacturacionScreenState'.
 - '_FacturacionScreenState' is from 'package:vercy_motos/screens/facturacion/facturacion_screen.dart' ('lib/screens/facturacion/facturacion_screen.dart').
                            fillColor: AppTheme.surfaceDark.withOpacity(0.5),
                                       ^^^^^^^^
lib/screens/facturacion/facturacion_screen.dart:2181:32:
Error: The getter 'AppTheme' isn't defined for the type '_FacturacionScreenState'.
 - '_FacturacionScreenState' is from 'package:vercy_motos/screens/facturacion/facturacion_screen.dart' ('lib/screens/facturacion/facturacion_screen.dart').
                        color: AppTheme.surfaceDark,
                               ^^^^^^^^
lib/screens/facturacion/facturacion_screen.dart:2183:34:
Error: The getter 'AppTheme' isn't defined for the type '_FacturacionScreenState'.
 - '_FacturacionScreenState' is from 'package:vercy_motos/screens/facturacion/facturacion_screen.dart' ('lib/screens/facturacion/facturacion_screen.dart').
                          color: AppTheme.primary.withOpacity(0.3),
                                 ^^^^^^^^
lib/screens/facturacion/facturacion_screen.dart:2196:42:
Error: The getter 'AppTheme' isn't defined for the type '_FacturacionScreenState'.
 - '_FacturacionScreenState' is from 'package:vercy_motos/screens/facturacion/facturacion_screen.dart' ('lib/screens/facturacion/facturacion_screen.dart').
                                  color: AppTheme.textPrimary,
                                         ^^^^^^^^
lib/screens/facturacion/facturacion_screen.dart:2206:42:
Error: The getter 'AppTheme' isn't defined for the type '_FacturacionScreenState'.
 - '_FacturacionScreenState' is from 'package:vercy_motos/screens/facturacion/facturacion_screen.dart' ('lib/screens/facturacion/facturacion_screen.dart').
                                  color: AppTheme.primary,
                                         ^^^^^^^^
lib/screens/facturacion/facturacion_screen.dart:2228:53:
Error: The getter 'id' isn't defined for the type 'Object?'.
 - 'Object' is from 'dart:core'.
                                                  p.id ==
                                                    ^^
lib/screens/facturacion/facturacion_screen.dart:2271:44:
Error: The getter 'AppTheme' isn't defined for the type '_FacturacionScreenState'.
 - '_FacturacionScreenState' is from 'package:vercy_motos/screens/facturacion/facturacion_screen.dart' ('lib/screens/facturacion/facturacion_screen.dart').
                                    color: AppTheme.primary.withOpacity(0.15),
                                           ^^^^^^^^
lib/screens/facturacion/facturacion_screen.dart:2279:50:
Error: The getter 'AppTheme' isn't defined for the type '_FacturacionScreenState'.
 - '_FacturacionScreenState' is from 'package:vercy_motos/screens/facturacion/facturacion_screen.dart' ('lib/screens/facturacion/facturacion_screen.dart').
                                          color: AppTheme.primary,
                                                 ^^^^^^^^
lib/screens/facturacion/facturacion_screen.dart:2288:50:
Error: The getter 'AppTheme' isn't defined for the type '_FacturacionScreenState'.
 - '_FacturacionScreenState' is from 'package:vercy_motos/screens/facturacion/facturacion_screen.dart' ('lib/screens/facturacion/facturacion_screen.dart').
                                          color: AppTheme.primary,
                                                 ^^^^^^^^
lib/screens/facturacion/facturacion_screen.dart:2342:36:
Error: The getter 'AppTheme' isn't defined for the type '_FacturacionScreenState'.
 - '_FacturacionScreenState' is from 'package:vercy_motos/screens/facturacion/facturacion_screen.dart' ('lib/screens/facturacion/facturacion_screen.dart').
                            color: AppTheme.textPrimary,
                                   ^^^^^^^^
lib/screens/facturacion/facturacion_screen.dart:2345:42:
Error: The getter 'AppTheme' isn't defined for the type '_FacturacionScreenState'.
 - '_FacturacionScreenState' is from 'package:vercy_motos/screens/facturacion/facturacion_screen.dart' ('lib/screens/facturacion/facturacion_screen.dart').
                          dropdownColor: AppTheme.surfaceDark,
                                         ^^^^^^^^
lib/screens/facturacion/facturacion_screen.dart:2349:38:
Error: The getter 'AppTheme' isn't defined for the type '_FacturacionScreenState'.
 - '_FacturacionScreenState' is from 'package:vercy_motos/screens/facturacion/facturacion_screen.dart' ('lib/screens/facturacion/facturacion_screen.dart').
                              color: AppTheme.textSecondary,
                                     ^^^^^^^^
lib/screens/facturacion/facturacion_screen.dart:2358:40:
Error: The getter 'AppTheme' isn't defined for the type '_FacturacionScreenState'.
 - '_FacturacionScreenState' is from 'package:vercy_motos/screens/facturacion/facturacion_screen.dart' ('lib/screens/facturacion/facturacion_screen.dart').
                            fillColor: AppTheme.surfaceDark,
                                       ^^^^^^^^
lib/screens/facturacion/facturacion_screen.dart:2361:38:
Error: The getter 'AppTheme' isn't defined for the type '_FacturacionScreenState'.
 - '_FacturacionScreenState' is from 'package:vercy_motos/screens/facturacion/facturacion_screen.dart' ('lib/screens/facturacion/facturacion_screen.dart').
                              color: AppTheme.textSecondary,
                                     ^^^^^^^^
lib/screens/facturacion/facturacion_screen.dart:2381:34:
Error: The getter 'AppTheme' isn't defined for the type '_FacturacionScreenState'.
 - '_FacturacionScreenState' is from 'package:vercy_motos/screens/facturacion/facturacion_screen.dart' ('lib/screens/facturacion/facturacion_screen.dart').
                          color: AppTheme.textSecondary,
                                 ^^^^^^^^
lib/screens/facturacion/facturacion_screen.dart:2397:36:
Error: The getter 'AppTheme' isn't defined for the type '_FacturacionScreenState'.
 - '_FacturacionScreenState' is from 'package:vercy_motos/screens/facturacion/facturacion_screen.dart' ('lib/screens/facturacion/facturacion_screen.dart').
                            color: AppTheme.textPrimary,
                                   ^^^^^^^^
lib/screens/facturacion/facturacion_screen.dart:2400:42:
Error: The getter 'AppTheme' isn't defined for the type '_FacturacionScreenState'.
 - '_FacturacionScreenState' is from 'package:vercy_motos/screens/facturacion/facturacion_screen.dart' ('lib/screens/facturacion/facturacion_screen.dart').
                          dropdownColor: AppTheme.surfaceDark,
                                         ^^^^^^^^
lib/screens/facturacion/facturacion_screen.dart:2404:38:
Error: The getter 'AppTheme' isn't defined for the type '_FacturacionScreenState'.
 - '_FacturacionScreenState' is from 'package:vercy_motos/screens/facturacion/facturacion_screen.dart' ('lib/screens/facturacion/facturacion_screen.dart').
                              color: AppTheme.textSecondary,
                                     ^^^^^^^^
lib/screens/facturacion/facturacion_screen.dart:2412:40:
Error: The getter 'AppTheme' isn't defined for the type '_FacturacionScreenState'.
 - '_FacturacionScreenState' is from 'package:vercy_motos/screens/facturacion/facturacion_screen.dart' ('lib/screens/facturacion/facturacion_screen.dart').
                            fillColor: AppTheme.surfaceDark,
                                       ^^^^^^^^
lib/screens/facturacion/facturacion_screen.dart:2432:36:
Error: The getter 'AppTheme' isn't defined for the type '_FacturacionScreenState'.
 - '_FacturacionScreenState' is from 'package:vercy_motos/screens/facturacion/facturacion_screen.dart' ('lib/screens/facturacion/facturacion_screen.dart').
                            color: AppTheme.textPrimary,
                                   ^^^^^^^^
lib/screens/facturacion/facturacion_screen.dart:2438:38:
Error: The getter 'AppTheme' isn't defined for the type '_FacturacionScreenState'.
 - '_FacturacionScreenState' is from 'package:vercy_motos/screens/facturacion/facturacion_screen.dart' ('lib/screens/facturacion/facturacion_screen.dart').
                              color: AppTheme.textSecondary,
                                     ^^^^^^^^
lib/screens/facturacion/facturacion_screen.dart:2446:40:
Error: The getter 'AppTheme' isn't defined for the type '_FacturacionScreenState'.
 - '_FacturacionScreenState' is from 'package:vercy_motos/screens/facturacion/facturacion_screen.dart' ('lib/screens/facturacion/facturacion_screen.dart').
                            fillColor: AppTheme.surfaceDark,
                                       ^^^^^^^^
lib/screens/facturacion/facturacion_screen.dart:2458:36:
Error: The getter 'AppTheme' isn't defined for the type '_FacturacionScreenState'.
 - '_FacturacionScreenState' is from 'package:vercy_motos/screens/facturacion/facturacion_screen.dart' ('lib/screens/facturacion/facturacion_screen.dart').
                            color: AppTheme.textPrimary,
                                   ^^^^^^^^
lib/screens/facturacion/facturacion_screen.dart:2461:42:
Error: The getter 'AppTheme' isn't defined for the type '_FacturacionScreenState'.
 - '_FacturacionScreenState' is from 'package:vercy_motos/screens/facturacion/facturacion_screen.dart' ('lib/screens/facturacion/facturacion_screen.dart').
                          dropdownColor: AppTheme.surfaceDark,
                                         ^^^^^^^^
lib/screens/facturacion/facturacion_screen.dart:2465:38:
Error: The getter 'AppTheme' isn't defined for the type '_FacturacionScreenState'.
 - '_FacturacionScreenState' is from 'package:vercy_motos/screens/facturacion/facturacion_screen.dart' ('lib/screens/facturacion/facturacion_screen.dart').
                              color: AppTheme.textSecondary,
                                     ^^^^^^^^
lib/screens/facturacion/facturacion_screen.dart:2473:40:
Error: The getter 'AppTheme' isn't defined for the type '_FacturacionScreenState'.
 - '_FacturacionScreenState' is from 'package:vercy_motos/screens/facturacion/facturacion_screen.dart' ('lib/screens/facturacion/facturacion_screen.dart').
                            fillColor: AppTheme.surfaceDark,
                                       ^^^^^^^^
lib/screens/facturacion/facturacion_screen.dart:2493:36:
Error: The getter 'AppTheme' isn't defined for the type '_FacturacionScreenState'.
 - '_FacturacionScreenState' is from 'package:vercy_motos/screens/facturacion/facturacion_screen.dart' ('lib/screens/facturacion/facturacion_screen.dart').
                            color: AppTheme.textPrimary,
                                   ^^^^^^^^
lib/screens/facturacion/facturacion_screen.dart:2499:38:
Error: The getter 'AppTheme' isn't defined for the type '_FacturacionScreenState'.
 - '_FacturacionScreenState' is from 'package:vercy_motos/screens/facturacion/facturacion_screen.dart' ('lib/screens/facturacion/facturacion_screen.dart').
                              color: AppTheme.textSecondary,
                                     ^^^^^^^^
lib/screens/facturacion/facturacion_screen.dart:2507:40:
Error: The getter 'AppTheme' isn't defined for the type '_FacturacionScreenState'.
 - '_FacturacionScreenState' is from 'package:vercy_motos/screens/facturacion/facturacion_screen.dart' ('lib/screens/facturacion/facturacion_screen.dart').
                            fillColor: AppTheme.surfaceDark,
                                       ^^^^^^^^
lib/screens/facturacion/facturacion_screen.dart:2522:44:
Error: The getter 'AppTheme' isn't defined for the type '_FacturacionScreenState'.
 - '_FacturacionScreenState' is from 'package:vercy_motos/screens/facturacion/facturacion_screen.dart' ('lib/screens/facturacion/facturacion_screen.dart').
                          backgroundColor: AppTheme.primary,
                                           ^^^^^^^^
lib/screens/facturacion/facturacion_screen.dart:2546:18:
Error: The getter 'AppTheme' isn't defined for the type '_FacturacionScreenState'.
 - '_FacturacionScreenState' is from 'package:vercy_motos/screens/facturacion/facturacion_screen.dart' ('lib/screens/facturacion/facturacion_screen.dart').
          color: AppTheme.cardBg,
                 ^^^^^^^^
lib/screens/facturacion/facturacion_screen.dart:2562:24:
Error: The getter 'AppTheme' isn't defined for the type '_FacturacionScreenState'.
 - '_FacturacionScreenState' is from 'package:vercy_motos/screens/facturacion/facturacion_screen.dart' ('lib/screens/facturacion/facturacion_screen.dart').
                color: AppTheme.textSecondary,
                       ^^^^^^^^
lib/screens/facturacion/facturacion_screen.dart:2567:41:
Error: The getter 'AppTheme' isn't defined for the type '_FacturacionScreenState'.
 - '_FacturacionScreenState' is from 'package:vercy_motos/screens/facturacion/facturacion_screen.dart' ('lib/screens/facturacion/facturacion_screen.dart').
                style: TextStyle(color: AppTheme.textSecondary, fontSize: 16),
                                        ^^^^^^^^
lib/screens/facturacion/facturacion_screen.dart:2577:16:
Error: The getter 'AppTheme' isn't defined for the type '_FacturacionScreenState'.
 - '_FacturacionScreenState' is from 'package:vercy_motos/screens/facturacion/facturacion_screen.dart' ('lib/screens/facturacion/facturacion_screen.dart').
        color: AppTheme.cardBg,
               ^^^^^^^^
lib/screens/facturacion/facturacion_screen.dart:2589:22:
Error: The getter 'AppTheme' isn't defined for the type '_FacturacionScreenState'.
 - '_FacturacionScreenState' is from 'package:vercy_motos/screens/facturacion/facturacion_screen.dart' ('lib/screens/facturacion/facturacion_screen.dart').
              color: AppTheme.primary.withOpacity(0.2),
                     ^^^^^^^^
lib/screens/facturacion/facturacion_screen.dart:2600:30:
Error: The getter 'AppTheme' isn't defined for the type '_FacturacionScreenState'.
 - '_FacturacionScreenState' is from 'package:vercy_motos/screens/facturacion/facturacion_screen.dart' ('lib/screens/facturacion/facturacion_screen.dart').
                      color: AppTheme.textPrimary,
                             ^^^^^^^^
lib/screens/facturacion/facturacion_screen.dart:2610:30:
Error: The getter 'AppTheme' isn't defined for the type '_FacturacionScreenState'.
 - '_FacturacionScreenState' is from 'package:vercy_motos/screens/facturacion/facturacion_screen.dart' ('lib/screens/facturacion/facturacion_screen.dart').
                      color: AppTheme.textPrimary,
                             ^^^^^^^^
lib/screens/facturacion/facturacion_screen.dart:2620:30:
Error: The getter 'AppTheme' isn't defined for the type '_FacturacionScreenState'.
 - '_FacturacionScreenState' is from 'package:vercy_motos/screens/facturacion/facturacion_screen.dart' ('lib/screens/facturacion/facturacion_screen.dart').
                      color: AppTheme.textPrimary,
                             ^^^^^^^^
lib/screens/facturacion/facturacion_screen.dart:2630:30:
Error: The getter 'AppTheme' isn't defined for the type '_FacturacionScreenState'.
 - '_FacturacionScreenState' is from 'package:vercy_motos/screens/facturacion/facturacion_screen.dart' ('lib/screens/facturacion/facturacion_screen.dart').
                      color: AppTheme.textPrimary,
                             ^^^^^^^^
lib/screens/facturacion/facturacion_screen.dart:2640:30:
Error: The getter 'AppTheme' isn't defined for the type '_FacturacionScreenState'.
 - '_FacturacionScreenState' is from 'package:vercy_motos/screens/facturacion/facturacion_screen.dart' ('lib/screens/facturacion/facturacion_screen.dart').
                      color: AppTheme.textPrimary,
                             ^^^^^^^^
lib/screens/facturacion/facturacion_screen.dart:2650:30:
Error: The getter 'AppTheme' isn't defined for the type '_FacturacionScreenState'.
 - '_FacturacionScreenState' is from 'package:vercy_motos/screens/facturacion/facturacion_screen.dart' ('lib/screens/facturacion/facturacion_screen.dart').
                      color: AppTheme.textPrimary,
                             ^^^^^^^^
lib/screens/facturacion/facturacion_screen.dart:2660:30:
Error: The getter 'AppTheme' isn't defined for the type '_FacturacionScreenState'.
 - '_FacturacionScreenState' is from 'package:vercy_motos/screens/facturacion/facturacion_screen.dart' ('lib/screens/facturacion/facturacion_screen.dart').
                      color: AppTheme.textPrimary,
                             ^^^^^^^^
lib/screens/facturacion/facturacion_screen.dart:2675:22:
Error: The getter 'AppTheme' isn't defined for the type '_FacturacionScreenState'.
 - '_FacturacionScreenState' is from 'package:vercy_motos/screens/facturacion/facturacion_screen.dart' ('lib/screens/facturacion/facturacion_screen.dart').
              color: AppTheme.textSecondary.withOpacity(0.2),
                     ^^^^^^^^
lib/screens/facturacion/facturacion_screen.dart:2690:49:
Error: The getter 'AppTheme' isn't defined for the type '_FacturacionScreenState'.
 - '_FacturacionScreenState' is from 'package:vercy_motos/screens/facturacion/facturacion_screen.dart' ('lib/screens/facturacion/facturacion_screen.dart').
                        style: TextStyle(color: AppTheme.textPrimary),
                                                ^^^^^^^^
lib/screens/facturacion/facturacion_screen.dart:2697:49:
Error: The getter 'AppTheme' isn't defined for the type '_FacturacionScreenState'.
 - '_FacturacionScreenState' is from 'package:vercy_motos/screens/facturacion/facturacion_screen.dart' ('lib/screens/facturacion/facturacion_screen.dart').
                        style: TextStyle(color: AppTheme.textPrimary),
                                                ^^^^^^^^
lib/screens/facturacion/facturacion_screen.dart:2704:49:
Error: The getter 'AppTheme' isn't defined for the type '_FacturacionScreenState'.
 - '_FacturacionScreenState' is from 'package:vercy_motos/screens/facturacion/facturacion_screen.dart' ('lib/screens/facturacion/facturacion_screen.dart').
                        style: TextStyle(color: AppTheme.textPrimary),
                                                ^^^^^^^^
lib/screens/facturacion/facturacion_screen.dart:2713:34:
Error: The getter 'AppTheme' isn't defined for the type '_FacturacionScreenState'.
 - '_FacturacionScreenState' is from 'package:vercy_motos/screens/facturacion/facturacion_screen.dart' ('lib/screens/facturacion/facturacion_screen.dart').
                          color: AppTheme.textPrimary,
                                 ^^^^^^^^
lib/screens/facturacion/facturacion_screen.dart:2761:16:
Error: The getter 'AppTheme' isn't defined for the type '_FacturacionScreenState'.
 - '_FacturacionScreenState' is from 'package:vercy_motos/screens/facturacion/facturacion_screen.dart' ('lib/screens/facturacion/facturacion_screen.dart').
        color: AppTheme.cardBg,
               ^^^^^^^^
lib/screens/facturacion/facturacion_screen.dart:2772:43:
Error: The getter 'AppTheme' isn't defined for the type '_FacturacionScreenState'.
 - '_FacturacionScreenState' is from 'package:vercy_motos/screens/facturacion/facturacion_screen.dart' ('lib/screens/facturacion/facturacion_screen.dart').
              Icon(Icons.note_alt, color: AppTheme.primary, size: 24),
                                          ^^^^^^^^
lib/screens/facturacion/facturacion_screen.dart:2779:26:
Error: The getter 'AppTheme' isn't defined for the type '_FacturacionScreenState'.
 - '_FacturacionScreenState' is from 'package:vercy_motos/screens/facturacion/facturacion_screen.dart' ('lib/screens/facturacion/facturacion_screen.dart').
                  color: AppTheme.textPrimary,
                         ^^^^^^^^
lib/screens/facturacion/facturacion_screen.dart:2788:37:
Error: The getter 'AppTheme' isn't defined for the type '_FacturacionScreenState'.
 - '_FacturacionScreenState' is from 'package:vercy_motos/screens/facturacion/facturacion_screen.dart' ('lib/screens/facturacion/facturacion_screen.dart').
            style: TextStyle(color: AppTheme.textPrimary, fontSize: 14),
                                    ^^^^^^^^
lib/screens/facturacion/facturacion_screen.dart:2791:43:
Error: The getter 'AppTheme' isn't defined for the type '_FacturacionScreenState'.
 - '_FacturacionScreenState' is from 'package:vercy_motos/screens/facturacion/facturacion_screen.dart' ('lib/screens/facturacion/facturacion_screen.dart').
              hintStyle: TextStyle(color: AppTheme.textSecondary),
                                          ^^^^^^^^
lib/screens/facturacion/facturacion_screen.dart:2797:26:
Error: The getter 'AppTheme' isn't defined for the type '_FacturacionScreenState'.
 - '_FacturacionScreenState' is from 'package:vercy_motos/screens/facturacion/facturacion_screen.dart' ('lib/screens/facturacion/facturacion_screen.dart').
              fillColor: AppTheme.surfaceDark,
                         ^^^^^^^^
lib/screens/facturacion/facturacion_screen.dart:2808:16:
Error: The getter 'AppTheme' isn't defined for the type '_FacturacionScreenState'.
 - '_FacturacionScreenState' is from 'package:vercy_motos/screens/facturacion/facturacion_screen.dart' ('lib/screens/facturacion/facturacion_screen.dart').
        color: AppTheme.cardBg,
               ^^^^^^^^
lib/screens/facturacion/facturacion_screen.dart:2823:48:
Error: The getter 'AppTheme' isn't defined for the type '_FacturacionScreenState'.
 - '_FacturacionScreenState' is from 'package:vercy_motos/screens/facturacion/facturacion_screen.dart' ('lib/screens/facturacion/facturacion_screen.dart').
                  Icon(Icons.calculate, color: AppTheme.primary, size: 24),
                                               ^^^^^^^^
lib/screens/facturacion/facturacion_screen.dart:2830:30:
Error: The getter 'AppTheme' isn't defined for the type '_FacturacionScreenState'.
 - '_FacturacionScreenState' is from 'package:vercy_motos/screens/facturacion/facturacion_screen.dart' ('lib/screens/facturacion/facturacion_screen.dart').
                      color: AppTheme.textPrimary,
                             ^^^^^^^^
lib/screens/facturacion/facturacion_screen.dart:2838:28:
Error: The getter 'AppTheme' isn't defined for the type '_FacturacionScreenState'.
 - '_FacturacionScreenState' is from 'package:vercy_motos/screens/facturacion/facturacion_screen.dart' ('lib/screens/facturacion/facturacion_screen.dart').
                    color: AppTheme.textSecondary,
                           ^^^^^^^^
lib/screens/facturacion/facturacion_screen.dart:2970:20:
Error: The getter 'AppTheme' isn't defined for the type '_FacturacionScreenState'.
 - '_FacturacionScreenState' is from 'package:vercy_motos/screens/facturacion/facturacion_screen.dart' ('lib/screens/facturacion/facturacion_screen.dart').
            color: AppTheme.textSecondary,
                   ^^^^^^^^
lib/screens/facturacion/facturacion_screen.dart:2979:35:
Error: The getter 'AppTheme' isn't defined for the type '_FacturacionScreenState'.
 - '_FacturacionScreenState' is from 'package:vercy_motos/screens/facturacion/facturacion_screen.dart' ('lib/screens/facturacion/facturacion_screen.dart').
          style: TextStyle(color: AppTheme.textPrimary, fontSize: 14),
                                  ^^^^^^^^
lib/screens/facturacion/facturacion_screen.dart:2985:24:
Error: The getter 'AppTheme' isn't defined for the type '_FacturacionScreenState'.
 - '_FacturacionScreenState' is from 'package:vercy_motos/screens/facturacion/facturacion_screen.dart' ('lib/screens/facturacion/facturacion_screen.dart').
            fillColor: AppTheme.surfaceDark,
                       ^^^^^^^^
lib/screens/facturacion/facturacion_screen.dart:2987:43:
Error: The getter 'AppTheme' isn't defined for the type '_FacturacionScreenState'.
 - '_FacturacionScreenState' is from 'package:vercy_motos/screens/facturacion/facturacion_screen.dart' ('lib/screens/facturacion/facturacion_screen.dart').
            suffixStyle: TextStyle(color: AppTheme.textSecondary),
                                          ^^^^^^^^
lib/screens/facturacion/facturacion_screen.dart:2995:65:
Error: The getter 'subtotal' isn't defined for the type 'Object?'.
 - 'Object' is from 'dart:core'.
    final subtotal = _items.fold(0.0, (sum, item) => sum + item.subtotal);
                                                                ^^^^^^^^
lib/screens/facturacion/facturacion_screen.dart:3022:16:
Error: The getter 'AppTheme' isn't defined for the type '_FacturacionScreenState'.
 - '_FacturacionScreenState' is from 'package:vercy_motos/screens/facturacion/facturacion_screen.dart' ('lib/screens/facturacion/facturacion_screen.dart').
        color: AppTheme.cardBg,
               ^^^^^^^^
lib/screens/facturacion/facturacion_screen.dart:3077:32:
Error: The getter 'AppTheme' isn't defined for the type '_FacturacionScreenState'.
 - '_FacturacionScreenState' is from 'package:vercy_motos/screens/facturacion/facturacion_screen.dart' ('lib/screens/facturacion/facturacion_screen.dart').
              color: isTotal ? AppTheme.primary : Colors.white,
                               ^^^^^^^^
lib/screens/facturacion/facturacion_screen.dart:3185:18:
Error: The method 'ItemPedido' isn't defined for the type '_FacturacionScreenState'.
 - '_FacturacionScreenState' is from 'package:vercy_motos/screens/facturacion/facturacion_screen.dart' ('lib/screens/facturacion/facturacion_screen.dart').
    final item = ItemPedido(
                 ^^^^^^^^^^
lib/screens/facturacion/facturacion_screen.dart:3241:5:
Error: 'Producto' isn't a type.
    Producto? producto;
    ^^^^^^^^
lib/screens/facturacion/facturacion_screen.dart:3341:43:
Error: 'Cliente' isn't a type.
    if (resultado != null && resultado is Cliente) {
                                          ^^^^^^^
lib/screens/facturacion/facturacion_screen.dart:3363:16:
Error: The getter 'AppTheme' isn't defined for the type '_FacturacionScreenState'.
 - '_FacturacionScreenState' is from 'package:vercy_motos/screens/facturacion/facturacion_screen.dart' ('lib/screens/facturacion/facturacion_screen.dart').
        color: AppTheme.cardBg,
               ^^^^^^^^
lib/screens/facturacion/facturacion_screen.dart:3365:35:
Error: The getter 'AppTheme' isn't defined for the type '_FacturacionScreenState'.
 - '_FacturacionScreenState' is from 'package:vercy_motos/screens/facturacion/facturacion_screen.dart' ('lib/screens/facturacion/facturacion_screen.dart').
        border: Border.all(color: AppTheme.primary.withOpacity(0.3)),
                                  ^^^^^^^^
lib/screens/facturacion/facturacion_screen.dart:3372:42:
Error: The getter 'AppTheme' isn't defined for the type '_FacturacionScreenState'.
 - '_FacturacionScreenState' is from 'package:vercy_motos/screens/facturacion/facturacion_screen.dart' ('lib/screens/facturacion/facturacion_screen.dart').
              Icon(Icons.payment, color: AppTheme.primary),
                                         ^^^^^^^^
lib/screens/facturacion/facturacion_screen.dart:3379:26:
Error: The getter 'AppTheme' isn't defined for the type '_FacturacionScreenState'.
 - '_FacturacionScreenState' is from 'package:vercy_motos/screens/facturacion/facturacion_screen.dart' ('lib/screens/facturacion/facturacion_screen.dart').
                  color: AppTheme.textPrimary,
                         ^^^^^^^^
lib/screens/facturacion/facturacion_screen.dart:3401:27:
Error: The getter 'AppTheme' isn't defined for the type '_FacturacionScreenState'.
 - '_FacturacionScreenState' is from 'package:vercy_motos/screens/facturacion/facturacion_screen.dart' ('lib/screens/facturacion/facturacion_screen.dart').
                        ? AppTheme.primary.withOpacity(0.2)
                          ^^^^^^^^
lib/screens/facturacion/facturacion_screen.dart:3402:27:
Error: The getter 'AppTheme' isn't defined for the type '_FacturacionScreenState'.
 - '_FacturacionScreenState' is from 'package:vercy_motos/screens/facturacion/facturacion_screen.dart' ('lib/screens/facturacion/facturacion_screen.dart').
                        : AppTheme.surfaceDark,
                          ^^^^^^^^
lib/screens/facturacion/facturacion_screen.dart:3406:29:
Error: The getter 'AppTheme' isn't defined for the type '_FacturacionScreenState'.
 - '_FacturacionScreenState' is from 'package:vercy_motos/screens/facturacion/facturacion_screen.dart' ('lib/screens/facturacion/facturacion_screen.dart').
                          ? AppTheme.primary
                            ^^^^^^^^
lib/screens/facturacion/facturacion_screen.dart:3407:29:
Error: The getter 'AppTheme' isn't defined for the type '_FacturacionScreenState'.
 - '_FacturacionScreenState' is from 'package:vercy_motos/screens/facturacion/facturacion_screen.dart' ('lib/screens/facturacion/facturacion_screen.dart').
                          : AppTheme.textMuted.withOpacity(0.3),
                            ^^^^^^^^
lib/screens/facturacion/facturacion_screen.dart:3417:31:
Error: The getter 'AppTheme' isn't defined for the type '_FacturacionScreenState'.
 - '_FacturacionScreenState' is from 'package:vercy_motos/screens/facturacion/facturacion_screen.dart' ('lib/screens/facturacion/facturacion_screen.dart').
                            ? AppTheme.primary
                              ^^^^^^^^
lib/screens/facturacion/facturacion_screen.dart:3418:31:
Error: The getter 'AppTheme' isn't defined for the type '_FacturacionScreenState'.
 - '_FacturacionScreenState' is from 'package:vercy_motos/screens/facturacion/facturacion_screen.dart' ('lib/screens/facturacion/facturacion_screen.dart').
                            : AppTheme.textSecondary,
                              ^^^^^^^^
lib/screens/facturacion/facturacion_screen.dart:3426:33:
Error: The getter 'AppTheme' isn't defined for the type '_FacturacionScreenState'.
 - '_FacturacionScreenState' is from 'package:vercy_motos/screens/facturacion/facturacion_screen.dart' ('lib/screens/facturacion/facturacion_screen.dart').
                              ? AppTheme.primary
                                ^^^^^^^^
lib/screens/facturacion/facturacion_screen.dart:3427:33:
Error: The getter 'AppTheme' isn't defined for the type '_FacturacionScreenState'.
 - '_FacturacionScreenState' is from 'package:vercy_motos/screens/facturacion/facturacion_screen.dart' ('lib/screens/facturacion/facturacion_screen.dart').
                              : AppTheme.textPrimary,
                                ^^^^^^^^
lib/screens/facturacion/facturacion_screen.dart:3442:28:
Error: The getter 'AppTheme' isn't defined for the type '_FacturacionScreenState'.
 - '_FacturacionScreenState' is from 'package:vercy_motos/screens/facturacion/facturacion_screen.dart' ('lib/screens/facturacion/facturacion_screen.dart').
            Divider(color: AppTheme.textMuted.withOpacity(0.3)),
                           ^^^^^^^^
lib/screens/facturacion/facturacion_screen.dart:3449:24:
Error: The getter 'AppTheme' isn't defined for the type '_FacturacionScreenState'.
 - '_FacturacionScreenState' is from 'package:vercy_motos/screens/facturacion/facturacion_screen.dart' ('lib/screens/facturacion/facturacion_screen.dart').
                color: AppTheme.textPrimary,
                       ^^^^^^^^
lib/screens/facturacion/facturacion_screen.dart:3464:34:
Error: The getter 'AppTheme' isn't defined for the type '_FacturacionScreenState'.
 - '_FacturacionScreenState' is from 'package:vercy_motos/screens/facturacion/facturacion_screen.dart' ('lib/screens/facturacion/facturacion_screen.dart').
                          color: AppTheme.textSecondary,
                                 ^^^^^^^^
lib/screens/facturacion/facturacion_screen.dart:3474:34:
Error: The getter 'AppTheme' isn't defined for the type '_FacturacionScreenState'.
 - '_FacturacionScreenState' is from 'package:vercy_motos/screens/facturacion/facturacion_screen.dart' ('lib/screens/facturacion/facturacion_screen.dart').
                          color: AppTheme.textPrimary,
                                 ^^^^^^^^
lib/screens/facturacion/facturacion_screen.dart:3484:38:
Error: The getter 'AppTheme' isn't defined for the type '_FacturacionScreenState'.
 - '_FacturacionScreenState' is from 'package:vercy_motos/screens/facturacion/facturacion_screen.dart' ('lib/screens/facturacion/facturacion_screen.dart').
                          fillColor: AppTheme.surfaceDark,
                                     ^^^^^^^^
lib/screens/facturacion/facturacion_screen.dart:3487:36:
Error: The getter 'AppTheme' isn't defined for the type '_FacturacionScreenState'.
 - '_FacturacionScreenState' is from 'package:vercy_motos/screens/facturacion/facturacion_screen.dart' ('lib/screens/facturacion/facturacion_screen.dart').
                            color: AppTheme.primary,
                                   ^^^^^^^^
lib/screens/facturacion/facturacion_screen.dart:3490:55:
Error: The getter 'AppTheme' isn't defined for the type '_FacturacionScreenState'.
 - '_FacturacionScreenState' is from 'package:vercy_motos/screens/facturacion/facturacion_screen.dart' ('lib/screens/facturacion/facturacion_screen.dart').
                          hintStyle: TextStyle(color: AppTheme.textSecondary),
                                                      ^^^^^^^^
lib/screens/facturacion/facturacion_screen.dart:3509:34:
Error: The getter 'AppTheme' isn't defined for the type '_FacturacionScreenState'.
 - '_FacturacionScreenState' is from 'package:vercy_motos/screens/facturacion/facturacion_screen.dart' ('lib/screens/facturacion/facturacion_screen.dart').
                          color: AppTheme.textSecondary,
                                 ^^^^^^^^
lib/screens/facturacion/facturacion_screen.dart:3519:34:
Error: The getter 'AppTheme' isn't defined for the type '_FacturacionScreenState'.
 - '_FacturacionScreenState' is from 'package:vercy_motos/screens/facturacion/facturacion_screen.dart' ('lib/screens/facturacion/facturacion_screen.dart').
                          color: AppTheme.textPrimary,
                                 ^^^^^^^^
lib/screens/facturacion/facturacion_screen.dart:3529:38:
Error: The getter 'AppTheme' isn't defined for the type '_FacturacionScreenState'.
 - '_FacturacionScreenState' is from 'package:vercy_motos/screens/facturacion/facturacion_screen.dart' ('lib/screens/facturacion/facturacion_screen.dart').
                          fillColor: AppTheme.surfaceDark,
                                     ^^^^^^^^
lib/screens/facturacion/facturacion_screen.dart:3532:36:
Error: The getter 'AppTheme' isn't defined for the type '_FacturacionScreenState'.
 - '_FacturacionScreenState' is from 'package:vercy_motos/screens/facturacion/facturacion_screen.dart' ('lib/screens/facturacion/facturacion_screen.dart').
                            color: AppTheme.primary,
                                   ^^^^^^^^
lib/screens/facturacion/facturacion_screen.dart:3535:55:
Error: The getter 'AppTheme' isn't defined for the type '_FacturacionScreenState'.
 - '_FacturacionScreenState' is from 'package:vercy_motos/screens/facturacion/facturacion_screen.dart' ('lib/screens/facturacion/facturacion_screen.dart').
                          hintStyle: TextStyle(color: AppTheme.textSecondary),
                                                      ^^^^^^^^
lib/screens/facturacion/facturacion_screen.dart:3558:34:
Error: The getter 'AppTheme' isn't defined for the type '_FacturacionScreenState'.
 - '_FacturacionScreenState' is from 'package:vercy_motos/screens/facturacion/facturacion_screen.dart' ('lib/screens/facturacion/facturacion_screen.dart').
                          color: AppTheme.textSecondary,
                                 ^^^^^^^^
lib/screens/facturacion/facturacion_screen.dart:3568:34:
Error: The getter 'AppTheme' isn't defined for the type '_FacturacionScreenState'.
 - '_FacturacionScreenState' is from 'package:vercy_motos/screens/facturacion/facturacion_screen.dart' ('lib/screens/facturacion/facturacion_screen.dart').
                          color: AppTheme.textPrimary,
                                 ^^^^^^^^
lib/screens/facturacion/facturacion_screen.dart:3578:38:
Error: The getter 'AppTheme' isn't defined for the type '_FacturacionScreenState'.
 - '_FacturacionScreenState' is from 'package:vercy_motos/screens/facturacion/facturacion_screen.dart' ('lib/screens/facturacion/facturacion_screen.dart').
                          fillColor: AppTheme.surfaceDark,
                                     ^^^^^^^^
lib/screens/facturacion/facturacion_screen.dart:3581:36:
Error: The getter 'AppTheme' isn't defined for the type '_FacturacionScreenState'.
 - '_FacturacionScreenState' is from 'package:vercy_motos/screens/facturacion/facturacion_screen.dart' ('lib/screens/facturacion/facturacion_screen.dart').
                            color: AppTheme.primary,
                                   ^^^^^^^^
lib/screens/facturacion/facturacion_screen.dart:3584:55:
Error: The getter 'AppTheme' isn't defined for the type '_FacturacionScreenState'.
 - '_FacturacionScreenState' is from 'package:vercy_motos/screens/facturacion/facturacion_screen.dart' ('lib/screens/facturacion/facturacion_screen.dart').
                          hintStyle: TextStyle(color: AppTheme.textSecondary),
                                                      ^^^^^^^^
lib/screens/facturacion/facturacion_screen.dart:3603:34:
Error: The getter 'AppTheme' isn't defined for the type '_FacturacionScreenState'.
 - '_FacturacionScreenState' is from 'package:vercy_motos/screens/facturacion/facturacion_screen.dart' ('lib/screens/facturacion/facturacion_screen.dart').
                          color: AppTheme.textSecondary,
                                 ^^^^^^^^
lib/screens/facturacion/facturacion_screen.dart:3613:34:
Error: The getter 'AppTheme' isn't defined for the type '_FacturacionScreenState'.
 - '_FacturacionScreenState' is from 'package:vercy_motos/screens/facturacion/facturacion_screen.dart' ('lib/screens/facturacion/facturacion_screen.dart').
                          color: AppTheme.textPrimary,
                                 ^^^^^^^^
lib/screens/facturacion/facturacion_screen.dart:3623:38:
Error: The getter 'AppTheme' isn't defined for the type '_FacturacionScreenState'.
 - '_FacturacionScreenState' is from 'package:vercy_motos/screens/facturacion/facturacion_screen.dart' ('lib/screens/facturacion/facturacion_screen.dart').
                          fillColor: AppTheme.surfaceDark,
                                     ^^^^^^^^
lib/screens/facturacion/facturacion_screen.dart:3626:36:
Error: The getter 'AppTheme' isn't defined for the type '_FacturacionScreenState'.
 - '_FacturacionScreenState' is from 'package:vercy_motos/screens/facturacion/facturacion_screen.dart' ('lib/screens/facturacion/facturacion_screen.dart').
                            color: AppTheme.primary,
                                   ^^^^^^^^
lib/screens/facturacion/facturacion_screen.dart:3629:55:
Error: The getter 'AppTheme' isn't defined for the type '_FacturacionScreenState'.
 - '_FacturacionScreenState' is from 'package:vercy_motos/screens/facturacion/facturacion_screen.dart' ('lib/screens/facturacion/facturacion_screen.dart').
                          hintStyle: TextStyle(color: AppTheme.textSecondary),
                                                      ^^^^^^^^
lib/screens/facturacion/facturacion_screen.dart:3648:65:
Error: The getter 'subtotal' isn't defined for the type 'Object?'.
 - 'Object' is from 'dart:core'.
    final subtotal = _items.fold(0.0, (sum, item) => sum + item.subtotal);
                                                                ^^^^^^^^
lib/screens/facturacion/facturacion_screen.dart:3653:16:
Error: The getter 'AppTheme' isn't defined for the type '_FacturacionScreenState'.
 - '_FacturacionScreenState' is from 'package:vercy_motos/screens/facturacion/facturacion_screen.dart' ('lib/screens/facturacion/facturacion_screen.dart').
        color: AppTheme.cardBg,
               ^^^^^^^^
lib/screens/facturacion/facturacion_screen.dart:3665:25:
Error: The getter 'AppTheme' isn't defined for the type '_FacturacionScreenState'.
 - '_FacturacionScreenState' is from 'package:vercy_motos/screens/facturacion/facturacion_screen.dart' ('lib/screens/facturacion/facturacion_screen.dart').
              gradient: AppTheme.primaryGradient,
                        ^^^^^^^^
lib/screens/facturacion/facturacion_screen.dart:3705:42:
Error: The getter 'AppTheme' isn't defined for the type '_FacturacionScreenState'.
 - '_FacturacionScreenState' is from 'package:vercy_motos/screens/facturacion/facturacion_screen.dart' ('lib/screens/facturacion/facturacion_screen.dart').
                        foregroundColor: AppTheme.textPrimary,
                                         ^^^^^^^^
lib/screens/facturacion/facturacion_screen.dart:3706:49:
Error: The getter 'AppTheme' isn't defined for the type '_FacturacionScreenState'.
 - '_FacturacionScreenState' is from 'package:vercy_motos/screens/facturacion/facturacion_screen.dart' ('lib/screens/facturacion/facturacion_screen.dart').
                        side: BorderSide(color: AppTheme.textMuted),
                                                ^^^^^^^^
lib/screens/facturacion/facturacion_screen.dart:3736:42:
Error: The getter 'AppTheme' isn't defined for the type '_FacturacionScreenState'.
 - '_FacturacionScreenState' is from 'package:vercy_motos/screens/facturacion/facturacion_screen.dart' ('lib/screens/facturacion/facturacion_screen.dart').
                        backgroundColor: AppTheme.success,
                                         ^^^^^^^^
lib/screens/facturacion/facturacion_screen.dart:3808:28:
Error: The getter 'AppTheme' isn't defined for the type '_FacturacionScreenState'.
 - '_FacturacionScreenState' is from 'package:vercy_motos/screens/facturacion/facturacion_screen.dart' ('lib/screens/facturacion/facturacion_screen.dart').
          backgroundColor: AppTheme.cardBg,
                           ^^^^^^^^
lib/screens/facturacion/facturacion_screen.dart:3811:41:
Error: The getter 'AppTheme' isn't defined for the type '_FacturacionScreenState'.
 - '_FacturacionScreenState' is from 'package:vercy_motos/screens/facturacion/facturacion_screen.dart' ('lib/screens/facturacion/facturacion_screen.dart').
              Icon(Icons.drafts, color: AppTheme.primary),
                                        ^^^^^^^^
lib/screens/facturacion/facturacion_screen.dart:3815:41:
Error: The getter 'AppTheme' isn't defined for the type '_FacturacionScreenState'.
 - '_FacturacionScreenState' is from 'package:vercy_motos/screens/facturacion/facturacion_screen.dart' ('lib/screens/facturacion/facturacion_screen.dart').
                style: TextStyle(color: AppTheme.textPrimary),
                                        ^^^^^^^^
lib/screens/facturacion/facturacion_screen.dart:3827:26:
Error: The getter 'AppTheme' isn't defined for the type '_FacturacionScreenState'.
 - '_FacturacionScreenState' is from 'package:vercy_motos/screens/facturacion/facturacion_screen.dart' ('lib/screens/facturacion/facturacion_screen.dart').
                  color: AppTheme.surfaceDark,
                         ^^^^^^^^
lib/screens/facturacion/facturacion_screen.dart:3830:57:
Error: The getter 'AppTheme' isn't defined for the type '_FacturacionScreenState'.
 - '_FacturacionScreenState' is from 'package:vercy_motos/screens/facturacion/facturacion_screen.dart' ('lib/screens/facturacion/facturacion_screen.dart').
                    leading: Icon(Icons.receipt, color: AppTheme.primary),
                                                        ^^^^^^^^
lib/screens/facturacion/facturacion_screen.dart:3833:47:
Error: The getter 'AppTheme' isn't defined for the type '_FacturacionScreenState'.
 - '_FacturacionScreenState' is from 'package:vercy_motos/screens/facturacion/facturacion_screen.dart' ('lib/screens/facturacion/facturacion_screen.dart').
                      style: TextStyle(color: AppTheme.textPrimary),
                                              ^^^^^^^^
lib/screens/facturacion/facturacion_screen.dart:3840:51:
Error: The getter 'AppTheme' isn't defined for the type '_FacturacionScreenState'.
 - '_FacturacionScreenState' is from 'package:vercy_motos/screens/facturacion/facturacion_screen.dart' ('lib/screens/facturacion/facturacion_screen.dart').
                          style: TextStyle(color: AppTheme.textSecondary),
                                                  ^^^^^^^^
lib/screens/facturacion/facturacion_screen.dart:3845:36:
Error: The getter 'AppTheme' isn't defined for the type '_FacturacionScreenState'.
 - '_FacturacionScreenState' is from 'package:vercy_motos/screens/facturacion/facturacion_screen.dart' ('lib/screens/facturacion/facturacion_screen.dart').
                            color: AppTheme.textMuted,
                                   ^^^^^^^^
lib/screens/facturacion/facturacion_screen.dart:3855:57:
Error: The getter 'AppTheme' isn't defined for the type '_FacturacionScreenState'.
 - '_FacturacionScreenState' is from 'package:vercy_motos/screens/facturacion/facturacion_screen.dart' ('lib/screens/facturacion/facturacion_screen.dart').
                          icon: Icon(Icons.edit, color: AppTheme.primary),
                                                        ^^^^^^^^
lib/screens/facturacion/facturacion_screen.dart:3868:50:
Error: The getter 'AppTheme' isn't defined for the type '_FacturacionScreenState'.
 - '_FacturacionScreenState' is from 'package:vercy_motos/screens/facturacion/facturacion_screen.dart' ('lib/screens/facturacion/facturacion_screen.dart').
                                backgroundColor: AppTheme.cardBg,
                                                 ^^^^^^^^
lib/screens/facturacion/facturacion_screen.dart:3871:59:
Error: The getter 'AppTheme' isn't defined for the type '_FacturacionScreenState'.
 - '_FacturacionScreenState' is from 'package:vercy_motos/screens/facturacion/facturacion_screen.dart' ('lib/screens/facturacion/facturacion_screen.dart').
                                  style: TextStyle(color: AppTheme.textPrimary),
                                                          ^^^^^^^^
lib/screens/facturacion/facturacion_screen.dart:3876:44:
Error: The getter 'AppTheme' isn't defined for the type '_FacturacionScreenState'.
 - '_FacturacionScreenState' is from 'package:vercy_motos/screens/facturacion/facturacion_screen.dart' ('lib/screens/facturacion/facturacion_screen.dart').
                                    color: AppTheme.textSecondary,
                                           ^^^^^^^^
lib/screens/facturacion/facturacion_screen.dart:3943:24:
Error: 'Pedido' isn't a type.
  void _cargarBorrador(Pedido pedido) {
                       ^^^^^^
lib/screens/facturacion/facturacion_screen.dart:3990:25:
Error: 'UserProvider' isn't a type.
            Provider.of<UserProvider>(context, listen: false).userName ??
                        ^^^^^^^^^^^^
lib/screens/facturacion/facturacion_screen.dart:3979:67:
Error: The getter 'subtotal' isn't defined for the type 'Object?'.
 - 'Object' is from 'dart:core'.
      final subtotal = _items.fold(0.0, (sum, item) => sum + item.subtotal);
                                                                  ^^^^^^^^
lib/screens/facturacion/facturacion_screen.dart:3985:15:
Error: The getter 'TipoPedido' isn't defined for the type '_FacturacionScreenState'.
 - '_FacturacionScreenState' is from 'package:vercy_motos/screens/facturacion/facturacion_screen.dart' ('lib/screens/facturacion/facturacion_screen.dart').
        tipo: TipoPedido.normal,
              ^^^^^^^^^^
lib/screens/facturacion/facturacion_screen.dart:3994:17:
Error: The getter 'EstadoPedido' isn't defined for the type '_FacturacionScreenState'.
 - '_FacturacionScreenState' is from 'package:vercy_motos/screens/facturacion/facturacion_screen.dart' ('lib/screens/facturacion/facturacion_screen.dart').
        estado: EstadoPedido.activo,
                ^^^^^^^^^^^^
lib/screens/facturacion/facturacion_screen.dart:3982:22:
Error: The method 'Pedido' isn't defined for the type '_FacturacionScreenState'.
 - '_FacturacionScreenState' is from 'package:vercy_motos/screens/facturacion/facturacion_screen.dart' ('lib/screens/facturacion/facturacion_screen.dart').
      final pedido = Pedido(
                     ^^^^^^
lib/screens/facturacion/facturacion_screen.dart:4148:21:
Error: 'UserProvider' isn't a type.
        Provider.of<UserProvider>(context, listen: false).userName ?? 'Sistema';
                    ^^^^^^^^^^^^
lib/screens/facturacion/facturacion_screen.dart:4149:34:
Error: 'ItemPedido' isn't a type.
    final itemsOriginales = List<ItemPedido>.from(_items);
                                 ^^^^^^^^^^
lib/screens/facturacion/facturacion_screen.dart:4104:69:
Error: The getter 'subtotal' isn't defined for the type 'Object?'.
 - 'Object' is from 'dart:core'.
                    '\$${_items.fold(0.0, (sum, item) => sum + item.subtotal).toStringAsFixed(0)}',
                                                                    ^^^^^^^^
lib/screens/facturacion/facturacion_screen.dart:4145:65:
Error: The getter 'subtotal' isn't defined for the type 'Object?'.
 - 'Object' is from 'dart:core'.
    final subtotal = _items.fold(0.0, (sum, item) => sum + item.subtotal);
                                                                ^^^^^^^^
lib/screens/facturacion/facturacion_screen.dart:4186:17:
Error: The getter 'TipoPedido' isn't defined for the type '_FacturacionScreenState'.
 - '_FacturacionScreenState' is from 'package:vercy_motos/screens/facturacion/facturacion_screen.dart' ('lib/screens/facturacion/facturacion_screen.dart').
          tipo: TipoPedido.normal,
                ^^^^^^^^^^
lib/screens/facturacion/facturacion_screen.dart:4192:19:
Error: The getter 'EstadoPedido' isn't defined for the type '_FacturacionScreenState'.
 - '_FacturacionScreenState' is from 'package:vercy_motos/screens/facturacion/facturacion_screen.dart' ('lib/screens/facturacion/facturacion_screen.dart').
          estado: EstadoPedido.activo,
                  ^^^^^^^^^^^^
lib/screens/facturacion/facturacion_screen.dart:4183:24:
Error: The method 'Pedido' isn't defined for the type '_FacturacionScreenState'.
 - '_FacturacionScreenState' is from 'package:vercy_motos/screens/facturacion/facturacion_screen.dart' ('lib/screens/facturacion/facturacion_screen.dart').
        final pedido = Pedido(
                       ^^^^^^
lib/screens/facturacion/facturacion_screen.dart:4233:9:
Error: The method 'appLog' isn't defined for the type '_FacturacionScreenState'.
 - '_FacturacionScreenState' is from 'package:vercy_motos/screens/facturacion/facturacion_screen.dart' ('lib/screens/facturacion/facturacion_screen.dart').
        appLog('⚠️ Error al registrar deuda en background: $e');
        ^^^^^^
lib/screens/facturacion/facturacion_screen.dart:4311:23:
Error: 'UserProvider' isn't a type.
          Provider.of<UserProvider>(context, listen: false).userName ??
                      ^^^^^^^^^^^^
lib/screens/facturacion/facturacion_screen.dart:4313:36:
Error: 'ItemPedido' isn't a type.
      final itemsOriginales = List<ItemPedido>.from(
                                   ^^^^^^^^^^
lib/screens/facturacion/facturacion_screen.dart:4349:7:
Error: 'Cliente' isn't a type.
      Cliente? clienteCapturado = _clienteSeleccionado;
      ^^^^^^^
lib/screens/facturacion/facturacion_screen.dart:4513:13:
Error: 'NegocioInfo' isn't a type.
            NegocioInfo? negocioInfo;
            ^^^^^^^^^^^
lib/screens/facturacion/facturacion_screen.dart:4521:13:
Error: 'Cliente' isn't a type.
            Cliente? clienteCompleto = clienteCapturado;
            ^^^^^^^
lib/screens/facturacion/facturacion_screen.dart:4285:67:
Error: The getter 'subtotal' isn't defined for the type 'Object?'.
 - 'Object' is from 'dart:core'.
      final subtotal = _items.fold(0.0, (sum, item) => sum + item.subtotal);
                                                                  ^^^^^^^^
lib/screens/facturacion/facturacion_screen.dart:4355:9:
Error: The method 'appLog' isn't defined for the type '_FacturacionScreenState'.
 - '_FacturacionScreenState' is from 'package:vercy_motos/screens/facturacion/facturacion_screen.dart' ('lib/screens/facturacion/facturacion_screen.dart').
        appLog(
        ^^^^^^
lib/screens/facturacion/facturacion_screen.dart:4369:13:
Error: The method 'appLog' isn't defined for the type '_FacturacionScreenState'.
 - '_FacturacionScreenState' is from 'package:vercy_motos/screens/facturacion/facturacion_screen.dart' ('lib/screens/facturacion/facturacion_screen.dart').
            appLog('✅ Cliente encontrado: ${clienteCapturado.nombreCompleto}');
            ^^^^^^
lib/screens/facturacion/facturacion_screen.dart:4371:13:
Error: The method 'appLog' isn't defined for the type '_FacturacionScreenState'.
 - '_FacturacionScreenState' is from 'package:vercy_motos/screens/facturacion/facturacion_screen.dart' ('lib/screens/facturacion/facturacion_screen.dart').
            appLog('❌ No se encontró cliente con ese nombre');
            ^^^^^^
lib/screens/facturacion/facturacion_screen.dart:4374:11:
Error: The method 'appLog' isn't defined for the type '_FacturacionScreenState'.
 - '_FacturacionScreenState' is from 'package:vercy_motos/screens/facturacion/facturacion_screen.dart' ('lib/screens/facturacion/facturacion_screen.dart').
          appLog('❌ Error buscando cliente: $e');
          ^^^^^^
lib/screens/facturacion/facturacion_screen.dart:4427:19:
Error: The getter 'TipoPedido' isn't defined for the type '_FacturacionScreenState'.
 - '_FacturacionScreenState' is from 'package:vercy_motos/screens/facturacion/facturacion_screen.dart' ('lib/screens/facturacion/facturacion_screen.dart').
            tipo: TipoPedido.normal,
                  ^^^^^^^^^^
lib/screens/facturacion/facturacion_screen.dart:4433:21:
Error: The getter 'EstadoPedido' isn't defined for the type '_FacturacionScreenState'.
 - '_FacturacionScreenState' is from 'package:vercy_motos/screens/facturacion/facturacion_screen.dart' ('lib/screens/facturacion/facturacion_screen.dart').
            estado: EstadoPedido.activo,
                    ^^^^^^^^^^^^
lib/screens/facturacion/facturacion_screen.dart:4424:26:
Error: The method 'Pedido' isn't defined for the type '_FacturacionScreenState'.
 - '_FacturacionScreenState' is from 'package:vercy_motos/screens/facturacion/facturacion_screen.dart' ('lib/screens/facturacion/facturacion_screen.dart').
          final pedido = Pedido(
                         ^^^^^^
lib/screens/facturacion/facturacion_screen.dart:4482:15:
Error: The method 'appLog' isn't defined for the type '_FacturacionScreenState'.
 - '_FacturacionScreenState' is from 'package:vercy_motos/screens/facturacion/facturacion_screen.dart' ('lib/screens/facturacion/facturacion_screen.dart').
              appLog('⚠️ Actualizando pedido con datos del cliente...');
              ^^^^^^
lib/screens/facturacion/facturacion_screen.dart:4485:15:
Error: The method 'appLog' isn't defined for the type '_FacturacionScreenState'.
 - '_FacturacionScreenState' is from 'package:vercy_motos/screens/facturacion/facturacion_screen.dart' ('lib/screens/facturacion/facturacion_screen.dart').
              appLog('✅ Datos del cliente guardados correctamente');
              ^^^^^^
lib/screens/facturacion/facturacion_screen.dart:4487:15:
Error: The method 'appLog' isn't defined for the type '_FacturacionScreenState'.
 - '_FacturacionScreenState' is from 'package:vercy_motos/screens/facturacion/facturacion_screen.dart' ('lib/screens/facturacion/facturacion_screen.dart').
              appLog('❌ Error al actualizar datos del cliente: $e');
              ^^^^^^
lib/screens/facturacion/facturacion_screen.dart:4531:17:
Error: The method 'appLog' isn't defined for the type '_FacturacionScreenState'.
 - '_FacturacionScreenState' is from 'package:vercy_motos/screens/facturacion/facturacion_screen.dart' ('lib/screens/facturacion/facturacion_screen.dart').
                appLog('⚠️ Error buscando cliente para PDF: $e');
                ^^^^^^
lib/screens/facturacion/facturacion_screen.dart:4587:34:
Error: The getter 'AppTheme' isn't defined for the type '_FacturacionScreenState'.
 - '_FacturacionScreenState' is from 'package:vercy_motos/screens/facturacion/facturacion_screen.dart' ('lib/screens/facturacion/facturacion_screen.dart').
                backgroundColor: AppTheme.cardBg,
                                 ^^^^^^^^
lib/screens/facturacion/facturacion_screen.dart:4596:32:
Error: The getter 'AppTheme' isn't defined for the type '_FacturacionScreenState'.
 - '_FacturacionScreenState' is from 'package:vercy_motos/screens/facturacion/facturacion_screen.dart' ('lib/screens/facturacion/facturacion_screen.dart').
                        color: AppTheme.success.withOpacity(0.2),
                               ^^^^^^^^
lib/screens/facturacion/facturacion_screen.dart:4601:32:
Error: The getter 'AppTheme' isn't defined for the type '_FacturacionScreenState'.
 - '_FacturacionScreenState' is from 'package:vercy_motos/screens/facturacion/facturacion_screen.dart' ('lib/screens/facturacion/facturacion_screen.dart').
                        color: AppTheme.success,
                               ^^^^^^^^
lib/screens/facturacion/facturacion_screen.dart:4613:38:
Error: The getter 'AppTheme' isn't defined for the type '_FacturacionScreenState'.
 - '_FacturacionScreenState' is from 'package:vercy_motos/screens/facturacion/facturacion_screen.dart' ('lib/screens/facturacion/facturacion_screen.dart').
                              color: AppTheme.success,
                                     ^^^^^^^^
lib/screens/facturacion/facturacion_screen.dart:4621:38:
Error: The getter 'AppTheme' isn't defined for the type '_FacturacionScreenState'.
 - '_FacturacionScreenState' is from 'package:vercy_motos/screens/facturacion/facturacion_screen.dart' ('lib/screens/facturacion/facturacion_screen.dart').
                              color: AppTheme.textSecondary,
                                     ^^^^^^^^
lib/screens/facturacion/facturacion_screen.dart:4636:32:
Error: The getter 'AppTheme' isn't defined for the type '_FacturacionScreenState'.
 - '_FacturacionScreenState' is from 'package:vercy_motos/screens/facturacion/facturacion_screen.dart' ('lib/screens/facturacion/facturacion_screen.dart').
                        color: AppTheme.textPrimary,
                               ^^^^^^^^
lib/screens/facturacion/facturacion_screen.dart:4702:40:
Error: The getter 'AppTheme' isn't defined for the type '_FacturacionScreenState'.
 - '_FacturacionScreenState' is from 'package:vercy_motos/screens/facturacion/facturacion_screen.dart' ('lib/screens/facturacion/facturacion_screen.dart').
                                color: AppTheme.primary.withOpacity(0.1),
                                       ^^^^^^^^
lib/screens/facturacion/facturacion_screen.dart:4705:42:
Error: The getter 'AppTheme' isn't defined for the type '_FacturacionScreenState'.
 - '_FacturacionScreenState' is from 'package:vercy_motos/screens/facturacion/facturacion_screen.dart' ('lib/screens/facturacion/facturacion_screen.dart').
                                  color: AppTheme.primary.withOpacity(0.3),
                                         ^^^^^^^^
lib/screens/facturacion/facturacion_screen.dart:4712:44:
Error: The getter 'AppTheme' isn't defined for the type '_FacturacionScreenState'.
 - '_FacturacionScreenState' is from 'package:vercy_motos/screens/facturacion/facturacion_screen.dart' ('lib/screens/facturacion/facturacion_screen.dart').
                                    color: AppTheme.primary,
                                           ^^^^^^^^
lib/screens/facturacion/facturacion_screen.dart:4719:46:
Error: The getter 'AppTheme' isn't defined for the type '_FacturacionScreenState'.
 - '_FacturacionScreenState' is from 'package:vercy_motos/screens/facturacion/facturacion_screen.dart' ('lib/screens/facturacion/facturacion_screen.dart').
                                      color: AppTheme.primary,
                                             ^^^^^^^^
lib/screens/facturacion/facturacion_screen.dart:4743:47:
Error: The getter 'AppTheme' isn't defined for the type '_FacturacionScreenState'.
 - '_FacturacionScreenState' is from 'package:vercy_motos/screens/facturacion/facturacion_screen.dart' ('lib/screens/facturacion/facturacion_screen.dart').
                      style: TextStyle(color: AppTheme.textSecondary),
                                              ^^^^^^^^
lib/screens/facturacion/facturacion_screen.dart:4751:11:
Error: The method 'appLog' isn't defined for the type '_FacturacionScreenState'.
 - '_FacturacionScreenState' is from 'package:vercy_motos/screens/facturacion/facturacion_screen.dart' ('lib/screens/facturacion/facturacion_screen.dart').
          appLog('⚠️ Error en procesamiento background: $e');
          ^^^^^^
lib/screens/facturacion/facturacion_screen.dart:4781:5:
Error: 'Pedido' isn't a type.
    Pedido pedido, {
    ^^^^^^
lib/screens/facturacion/facturacion_screen.dart:4782:10:
Error: 'ItemPedido' isn't a type.
    List<ItemPedido>? itemsOriginales,
         ^^^^^^^^^^
lib/screens/facturacion/facturacion_screen.dart:4785:31:
Error: The method 'ProductoService' isn't defined for the type '_FacturacionScreenState'.
 - '_FacturacionScreenState' is from 'package:vercy_motos/screens/facturacion/facturacion_screen.dart' ('lib/screens/facturacion/facturacion_screen.dart').
      final productoService = ProductoService();
                              ^^^^^^^^^^^^^^^
lib/screens/facturacion/facturacion_screen.dart:4791:7:
Error: The method 'appLog' isn't defined for the type '_FacturacionScreenState'.
 - '_FacturacionScreenState' is from 'package:vercy_motos/screens/facturacion/facturacion_screen.dart' ('lib/screens/facturacion/facturacion_screen.dart').
      appLog('📦 Procesando ${itemsParaProcesar.length} items para movimientos de inventario');
      ^^^^^^
lib/screens/facturacion/facturacion_screen.dart:4806:13:
Error: The method 'appLog' isn't defined for the type '_FacturacionScreenState'.
 - '_FacturacionScreenState' is from 'package:vercy_motos/screens/facturacion/facturacion_screen.dart' ('lib/screens/facturacion/facturacion_screen.dart').
            appLog(
            ^^^^^^
lib/screens/facturacion/facturacion_screen.dart:4835:32:
Error: The method 'MovimientoInventario' isn't defined for the type '_FacturacionScreenState'.
 - '_FacturacionScreenState' is from 'package:vercy_motos/screens/facturacion/facturacion_screen.dart' ('lib/screens/facturacion/facturacion_screen.dart').
            final movimiento = MovimientoInventario(
                               ^^^^^^^^^^^^^^^^^^^^
lib/screens/facturacion/facturacion_screen.dart:4857:15:
Error: The method 'appLog' isn't defined for the type '_FacturacionScreenState'.
 - '_FacturacionScreenState' is from 'package:vercy_motos/screens/facturacion/facturacion_screen.dart' ('lib/screens/facturacion/facturacion_screen.dart').
              appLog('⚠️ Error movimiento: $e');
              ^^^^^^
lib/screens/facturacion/facturacion_screen.dart:4866:13:
Error: The method 'appLog' isn't defined for the type '_FacturacionScreenState'.
 - '_FacturacionScreenState' is from 'package:vercy_motos/screens/facturacion/facturacion_screen.dart' ('lib/screens/facturacion/facturacion_screen.dart').
            appLog(
            ^^^^^^
lib/screens/facturacion/facturacion_screen.dart:4873:13:
Error: The method 'appLog' isn't defined for the type '_FacturacionScreenState'.
 - '_FacturacionScreenState' is from 'package:vercy_motos/screens/facturacion/facturacion_screen.dart' ('lib/screens/facturacion/facturacion_screen.dart').
            appLog('⚠️ Error item ${item.productoId}: $e');
            ^^^^^^
lib/screens/facturacion/facturacion_screen.dart:4878:7:
Error: The method 'appLog' isn't defined for the type '_FacturacionScreenState'.
 - '_FacturacionScreenState' is from 'package:vercy_motos/screens/facturacion/facturacion_screen.dart' ('lib/screens/facturacion/facturacion_screen.dart').
      appLog('⚠️ Error general movimientos: $e');
      ^^^^^^
lib/screens/facturacion/facturacion_screen.dart:4884:5:
Error: 'Pedido' isn't a type.
    Pedido pedido, {
    ^^^^^^
lib/screens/facturacion/facturacion_screen.dart:4885:10:
Error: 'ItemPedido' isn't a type.
    List<ItemPedido>? itemsOriginales,
         ^^^^^^^^^^
lib/screens/facturacion/facturacion_screen.dart:4890:33:
Error: The method 'ProductoService' isn't defined for the type '_FacturacionScreenState'.
 - '_FacturacionScreenState' is from 'package:vercy_motos/screens/facturacion/facturacion_screen.dart' ('lib/screens/facturacion/facturacion_screen.dart').
        final productoService = ProductoService();
                                ^^^^^^^^^^^^^^^
lib/screens/facturacion/facturacion_screen.dart:4893:9:
Error: The method 'appLog' isn't defined for the type '_FacturacionScreenState'.
 - '_FacturacionScreenState' is from 'package:vercy_motos/screens/facturacion/facturacion_screen.dart' ('lib/screens/facturacion/facturacion_screen.dart').
        appLog('📦 [BG] Procesando ${itemsParaProcesar.length} items para inventario');
        ^^^^^^
lib/screens/facturacion/facturacion_screen.dart:4922:34:
Error: The method 'MovimientoInventario' isn't defined for the type '_FacturacionScreenState'.
 - '_FacturacionScreenState' is from 'package:vercy_motos/screens/facturacion/facturacion_screen.dart' ('lib/screens/facturacion/facturacion_screen.dart').
              final movimiento = MovimientoInventario(
                                 ^^^^^^^^^^^^^^^^^^^^
lib/screens/facturacion/facturacion_screen.dart:4943:17:
Error: The method 'appLog' isn't defined for the type '_FacturacionScreenState'.
 - '_FacturacionScreenState' is from 'package:vercy_motos/screens/facturacion/facturacion_screen.dart' ('lib/screens/facturacion/facturacion_screen.dart').
                appLog('⚠️ [BG] Error mov: $e');
                ^^^^^^
lib/screens/facturacion/facturacion_screen.dart:4953:15:
Error: The method 'appLog' isn't defined for the type '_FacturacionScreenState'.
 - '_FacturacionScreenState' is from 'package:vercy_motos/screens/facturacion/facturacion_screen.dart' ('lib/screens/facturacion/facturacion_screen.dart').
              appLog('✅ [BG] ${item.productoNombre} actualizado');
              ^^^^^^
lib/screens/facturacion/facturacion_screen.dart:4955:15:
Error: The method 'appLog' isn't defined for the type '_FacturacionScreenState'.
 - '_FacturacionScreenState' is from 'package:vercy_motos/screens/facturacion/facturacion_screen.dart' ('lib/screens/facturacion/facturacion_screen.dart').
              appLog('⚠️ [BG] Error item: $e');
              ^^^^^^
lib/screens/facturacion/facturacion_screen.dart:4961:9:
Error: The method 'appLog' isn't defined for the type '_FacturacionScreenState'.
 - '_FacturacionScreenState' is from 'package:vercy_motos/screens/facturacion/facturacion_screen.dart' ('lib/screens/facturacion/facturacion_screen.dart').
        appLog('✅ [BG] Inventario actualizado completamente');
        ^^^^^^
lib/screens/facturacion/facturacion_screen.dart:4963:9:
Error: The method 'appLog' isn't defined for the type '_FacturacionScreenState'.
 - '_FacturacionScreenState' is from 'package:vercy_motos/screens/facturacion/facturacion_screen.dart' ('lib/screens/facturacion/facturacion_screen.dart').
        appLog('⚠️ [BG] Error general: $e');
        ^^^^^^
lib/screens/facturacion/facturacion_screen.dart:4972:43:
Error: 'DatosCacheProvider' isn't a type.
        final cacheProvider = Provider.of<DatosCacheProvider>(
                                          ^^^^^^^^^^^^^^^^^^
lib/screens/facturacion/facturacion_screen.dart:4986:5:
Error: 'Pedido' isn't a type.
    Pedido pedido,
    ^^^^^^
lib/screens/facturacion/facturacion_screen.dart:4996:26:
Error: The getter 'AppTheme' isn't defined for the type '_FacturacionScreenState'.
 - '_FacturacionScreenState' is from 'package:vercy_motos/screens/facturacion/facturacion_screen.dart' ('lib/screens/facturacion/facturacion_screen.dart').
        backgroundColor: AppTheme.cardBg,
                         ^^^^^^^^
lib/screens/facturacion/facturacion_screen.dart:5003:24:
Error: The getter 'AppTheme' isn't defined for the type '_FacturacionScreenState'.
 - '_FacturacionScreenState' is from 'package:vercy_motos/screens/facturacion/facturacion_screen.dart' ('lib/screens/facturacion/facturacion_screen.dart').
                color: AppTheme.success.withOpacity(0.2),
                       ^^^^^^^^
lib/screens/facturacion/facturacion_screen.dart:5006:54:
Error: The getter 'AppTheme' isn't defined for the type '_FacturacionScreenState'.
 - '_FacturacionScreenState' is from 'package:vercy_motos/screens/facturacion/facturacion_screen.dart' ('lib/screens/facturacion/facturacion_screen.dart').
              child: Icon(Icons.check_circle, color: AppTheme.success, size: 32),
                                                     ^^^^^^^^
lib/screens/facturacion/facturacion_screen.dart:5015:28:
Error: The getter 'AppTheme' isn't defined for the type '_FacturacionScreenState'.
 - '_FacturacionScreenState' is from 'package:vercy_motos/screens/facturacion/facturacion_screen.dart' ('lib/screens/facturacion/facturacion_screen.dart').
                    style: AppTheme.headlineMedium.copyWith(
                           ^^^^^^^^
lib/screens/facturacion/facturacion_screen.dart:5016:30:
Error: The getter 'AppTheme' isn't defined for the type '_FacturacionScreenState'.
 - '_FacturacionScreenState' is from 'package:vercy_motos/screens/facturacion/facturacion_screen.dart' ('lib/screens/facturacion/facturacion_screen.dart').
                      color: AppTheme.success,
                             ^^^^^^^^
lib/screens/facturacion/facturacion_screen.dart:5022:28:
Error: The getter 'AppTheme' isn't defined for the type '_FacturacionScreenState'.
 - '_FacturacionScreenState' is from 'package:vercy_motos/screens/facturacion/facturacion_screen.dart' ('lib/screens/facturacion/facturacion_screen.dart').
                    style: AppTheme.bodySmall.copyWith(
                           ^^^^^^^^
lib/screens/facturacion/facturacion_screen.dart:5023:30:
Error: The getter 'AppTheme' isn't defined for the type '_FacturacionScreenState'.
 - '_FacturacionScreenState' is from 'package:vercy_motos/screens/facturacion/facturacion_screen.dart' ('lib/screens/facturacion/facturacion_screen.dart').
                      color: AppTheme.textSecondary,
                             ^^^^^^^^
lib/screens/facturacion/facturacion_screen.dart:5039:24:
Error: The getter 'AppTheme' isn't defined for the type '_FacturacionScreenState'.
 - '_FacturacionScreenState' is from 'package:vercy_motos/screens/facturacion/facturacion_screen.dart' ('lib/screens/facturacion/facturacion_screen.dart').
                color: AppTheme.backgroundDark,
                       ^^^^^^^^
lib/screens/facturacion/facturacion_screen.dart:5049:34:
Error: The getter 'AppTheme' isn't defined for the type '_FacturacionScreenState'.
 - '_FacturacionScreenState' is from 'package:vercy_motos/screens/facturacion/facturacion_screen.dart' ('lib/screens/facturacion/facturacion_screen.dart').
                  Divider(color: AppTheme.textSecondary.withOpacity(0.3)),
                                 ^^^^^^^^
lib/screens/facturacion/facturacion_screen.dart:5056:34:
Error: The getter 'AppTheme' isn't defined for the type '_FacturacionScreenState'.
 - '_FacturacionScreenState' is from 'package:vercy_motos/screens/facturacion/facturacion_screen.dart' ('lib/screens/facturacion/facturacion_screen.dart').
                          color: AppTheme.textPrimary,
                                 ^^^^^^^^
lib/screens/facturacion/facturacion_screen.dart:5064:34:
Error: The getter 'AppTheme' isn't defined for the type '_FacturacionScreenState'.
 - '_FacturacionScreenState' is from 'package:vercy_motos/screens/facturacion/facturacion_screen.dart' ('lib/screens/facturacion/facturacion_screen.dart').
                          color: AppTheme.success,
                                 ^^^^^^^^
lib/screens/facturacion/facturacion_screen.dart:5077:39:
Error: The getter 'AppTheme' isn't defined for the type '_FacturacionScreenState'.
 - '_FacturacionScreenState' is from 'package:vercy_motos/screens/facturacion/facturacion_screen.dart' ('lib/screens/facturacion/facturacion_screen.dart').
              style: TextStyle(color: AppTheme.textPrimary, fontSize: 14),
                                      ^^^^^^^^
lib/screens/facturacion/facturacion_screen.dart:5099:28:
Error: The getter 'AppTheme' isn't defined for the type '_FacturacionScreenState'.
 - '_FacturacionScreenState' is from 'package:vercy_motos/screens/facturacion/facturacion_screen.dart' ('lib/screens/facturacion/facturacion_screen.dart').
                    color: AppTheme.primary,
                           ^^^^^^^^
lib/screens/facturacion/facturacion_screen.dart:5117:39:
Error: The getter 'AppTheme' isn't defined for the type '_FacturacionScreenState'.
 - '_FacturacionScreenState' is from 'package:vercy_motos/screens/facturacion/facturacion_screen.dart' ('lib/screens/facturacion/facturacion_screen.dart').
              style: TextStyle(color: AppTheme.textSecondary),
                                      ^^^^^^^^
lib/screens/facturacion/facturacion_screen.dart:5133:37:
Error: The getter 'AppTheme' isn't defined for the type '_FacturacionScreenState'.
 - '_FacturacionScreenState' is from 'package:vercy_motos/screens/facturacion/facturacion_screen.dart' ('lib/screens/facturacion/facturacion_screen.dart').
            style: TextStyle(color: AppTheme.textSecondary, fontSize: 13),
                                    ^^^^^^^^
lib/screens/facturacion/facturacion_screen.dart:5137:37:
Error: The getter 'AppTheme' isn't defined for the type '_FacturacionScreenState'.
 - '_FacturacionScreenState' is from 'package:vercy_motos/screens/facturacion/facturacion_screen.dart' ('lib/screens/facturacion/facturacion_screen.dart').
            style: TextStyle(color: AppTheme.textPrimary, fontSize: 13),
                                    ^^^^^^^^
lib/screens/facturacion/facturacion_screen.dart:5189:5:
Error: 'Pedido' isn't a type.
    Pedido pedido,
    ^^^^^^
lib/screens/facturacion/facturacion_screen.dart:5213:7:
Error: 'NegocioInfo' isn't a type.
      NegocioInfo? negocioInfo;
      ^^^^^^^^^^^
lib/screens/facturacion/facturacion_screen.dart:5201:28:
Error: The getter 'AppTheme' isn't defined for the type '_FacturacionScreenState'.
 - '_FacturacionScreenState' is from 'package:vercy_motos/screens/facturacion/facturacion_screen.dart' ('lib/screens/facturacion/facturacion_screen.dart').
          backgroundColor: AppTheme.cardBg,
                           ^^^^^^^^
lib/screens/facturacion/facturacion_screen.dart:5204:48:
Error: The getter 'AppTheme' isn't defined for the type '_FacturacionScreenState'.
 - '_FacturacionScreenState' is from 'package:vercy_motos/screens/facturacion/facturacion_screen.dart' ('lib/screens/facturacion/facturacion_screen.dart').
              CircularProgressIndicator(color: AppTheme.primary),
                                               ^^^^^^^^
lib/screens/facturacion/facturacion_screen.dart:5206:64:
Error: The getter 'AppTheme' isn't defined for the type '_FacturacionScreenState'.
 - '_FacturacionScreenState' is from 'package:vercy_motos/screens/facturacion/facturacion_screen.dart' ('lib/screens/facturacion/facturacion_screen.dart').
              Text('Generando PDF...', style: TextStyle(color: AppTheme.textPrimary)),
                                                               ^^^^^^^^
lib/screens/facturacion/facturacion_screen.dart:5255:28:
Error: The getter 'AppTheme' isn't defined for the type '_FacturacionScreenState'.
 - '_FacturacionScreenState' is from 'package:vercy_motos/screens/facturacion/facturacion_screen.dart' ('lib/screens/facturacion/facturacion_screen.dart').
          backgroundColor: AppTheme.success,
                           ^^^^^^^^
lib/screens/facturacion/facturacion_screen.dart:5271:5:
Error: 'Pedido' isn't a type.
    Pedido pedido,
    ^^^^^^
lib/screens/facturacion/facturacion_screen.dart:5295:7:
Error: 'NegocioInfo' isn't a type.
      NegocioInfo? negocioInfo;
      ^^^^^^^^^^^
lib/screens/facturacion/facturacion_screen.dart:5283:28:
Error: The getter 'AppTheme' isn't defined for the type '_FacturacionScreenState'.
 - '_FacturacionScreenState' is from 'package:vercy_motos/screens/facturacion/facturacion_screen.dart' ('lib/screens/facturacion/facturacion_screen.dart').
          backgroundColor: AppTheme.cardBg,
                           ^^^^^^^^
lib/screens/facturacion/facturacion_screen.dart:5286:48:
Error: The getter 'AppTheme' isn't defined for the type '_FacturacionScreenState'.
 - '_FacturacionScreenState' is from 'package:vercy_motos/screens/facturacion/facturacion_screen.dart' ('lib/screens/facturacion/facturacion_screen.dart').
              CircularProgressIndicator(color: AppTheme.primary),
                                               ^^^^^^^^
lib/screens/facturacion/facturacion_screen.dart:5288:71:
Error: The getter 'AppTheme' isn't defined for the type '_FacturacionScreenState'.
 - '_FacturacionScreenState' is from 'package:vercy_motos/screens/facturacion/facturacion_screen.dart' ('lib/screens/facturacion/facturacion_screen.dart').
              Text('Preparando impresión...', style: TextStyle(color: AppTheme.textPrimary)),
                                                                      ^^^^^^^^
lib/screens/facturacion/facturacion_screen.dart:5334:28:
Error: The getter 'AppTheme' isn't defined for the type '_FacturacionScreenState'.
 - '_FacturacionScreenState' is from 'package:vercy_motos/screens/facturacion/facturacion_screen.dart' ('lib/screens/facturacion/facturacion_screen.dart').
          backgroundColor: AppTheme.success,
                           ^^^^^^^^
lib/screens/facturacion/facturacion_screen.dart:5350:5:
Error: 'Pedido' isn't a type.
    Pedido pedido,
    ^^^^^^
lib/screens/facturacion/facturacion_screen.dart:5355:5:
Error: 'NegocioInfo' isn't a type.
    NegocioInfo? negocioInfo, {
    ^^^^^^^^^^^
lib/screens/facturacion/facturacion_screen.dart:5356:5:
Error: 'Cliente' isn't a type.
    Cliente? clienteData,
    ^^^^^^^
lib/screens/facturacion/facturacion_screen.dart:5367:10:
Error: 'ItemPedido' isn't a type.
    List<ItemPedido>?
         ^^^^^^^^^^
lib/screens/facturacion/facturacion_screen.dart:5569:41:
Error: 'FacturacionDraftProvider' isn't a type.
      final draftProvider = Provider.of<FacturacionDraftProvider>(
                                        ^^^^^^^^^^^^^^^^^^^^^^^^
lib/screens/facturacion/facturacion_screen.dart:5574:7:
Error: The method 'appLog' isn't defined for the type '_FacturacionScreenState'.
 - '_FacturacionScreenState' is from 'package:vercy_motos/screens/facturacion/facturacion_screen.dart' ('lib/screens/facturacion/facturacion_screen.dart').
      appLog('🗑️ Borrador limpiado del provider');
      ^^^^^^
lib/screens/facturacion/facturacion_screen.dart:5576:7:
Error: The method 'appLog' isn't defined for the type '_FacturacionScreenState'.
 - '_FacturacionScreenState' is from 'package:vercy_motos/screens/facturacion/facturacion_screen.dart' ('lib/screens/facturacion/facturacion_screen.dart').
      appLog('⚠️ Error limpiando provider: $e');
      ^^^^^^
lib/screens/facturacion/facturacion_screen.dart:5598:26:
Error: The getter 'AppTheme' isn't defined for the type '_FacturacionScreenState'.
 - '_FacturacionScreenState' is from 'package:vercy_motos/screens/facturacion/facturacion_screen.dart' ('lib/screens/facturacion/facturacion_screen.dart').
        backgroundColor: AppTheme.cardBg,
                         ^^^^^^^^
lib/screens/facturacion/facturacion_screen.dart:5601:35:
Error: The getter 'AppTheme' isn't defined for the type '_FacturacionScreenState'.
 - '_FacturacionScreenState' is from 'package:vercy_motos/screens/facturacion/facturacion_screen.dart' ('lib/screens/facturacion/facturacion_screen.dart').
          style: TextStyle(color: AppTheme.textPrimary),
                                  ^^^^^^^^
lib/screens/facturacion/facturacion_screen.dart:5608:39:
Error: The getter 'AppTheme' isn't defined for the type '_FacturacionScreenState'.
 - '_FacturacionScreenState' is from 'package:vercy_motos/screens/facturacion/facturacion_screen.dart' ('lib/screens/facturacion/facturacion_screen.dart').
              style: TextStyle(color: AppTheme.textSecondary, fontSize: 13),
                                      ^^^^^^^^
lib/screens/facturacion/facturacion_screen.dart:5614:39:
Error: The getter 'AppTheme' isn't defined for the type '_FacturacionScreenState'.
 - '_FacturacionScreenState' is from 'package:vercy_motos/screens/facturacion/facturacion_screen.dart' ('lib/screens/facturacion/facturacion_screen.dart').
              style: TextStyle(color: AppTheme.textPrimary),
                                      ^^^^^^^^
lib/screens/facturacion/facturacion_screen.dart:5617:45:
Error: The getter 'AppTheme' isn't defined for the type '_FacturacionScreenState'.
 - '_FacturacionScreenState' is from 'package:vercy_motos/screens/facturacion/facturacion_screen.dart' ('lib/screens/facturacion/facturacion_screen.dart').
                hintStyle: TextStyle(color: AppTheme.textSecondary),
                                            ^^^^^^^^
lib/screens/facturacion/facturacion_screen.dart:5619:28:
Error: The getter 'AppTheme' isn't defined for the type '_FacturacionScreenState'.
 - '_FacturacionScreenState' is from 'package:vercy_motos/screens/facturacion/facturacion_screen.dart' ('lib/screens/facturacion/facturacion_screen.dart').
                fillColor: AppTheme.surfaceDark,
                           ^^^^^^^^
lib/screens/facturacion/facturacion_screen.dart:5625:47:
Error: The getter 'AppTheme' isn't defined for the type '_FacturacionScreenState'.
 - '_FacturacionScreenState' is from 'package:vercy_motos/screens/facturacion/facturacion_screen.dart' ('lib/screens/facturacion/facturacion_screen.dart').
                suffixStyle: TextStyle(color: AppTheme.textSecondary),
                                              ^^^^^^^^
lib/screens/facturacion/facturacion_screen.dart:5635:39:
Error: The getter 'AppTheme' isn't defined for the type '_FacturacionScreenState'.
 - '_FacturacionScreenState' is from 'package:vercy_motos/screens/facturacion/facturacion_screen.dart' ('lib/screens/facturacion/facturacion_screen.dart').
              style: TextStyle(color: AppTheme.textSecondary),
                                      ^^^^^^^^
lib/screens/facturacion/facturacion_screen.dart:5651:62:
Error: The getter 'AppTheme' isn't defined for the type '_FacturacionScreenState'.
 - '_FacturacionScreenState' is from 'package:vercy_motos/screens/facturacion/facturacion_screen.dart' ('lib/screens/facturacion/facturacion_screen.dart').
            style: ElevatedButton.styleFrom(backgroundColor: AppTheme.success),
                                                             ^^^^^^^^
lib/screens/facturacion/facturas_list_screen.dart:30:9:
Error: 'FacturaService' isn't a type.
  final FacturaService _facturaService = FacturaService();
        ^^^^^^^^^^^^^^
lib/screens/facturacion/facturas_list_screen.dart:30:42:
Error: Method not found: 'FacturaService'.
  final FacturaService _facturaService = FacturaService();
                                         ^^^^^^^^^^^^^^
lib/screens/facturacion/facturas_list_screen.dart:31:9:
Error: 'PedidoService' isn't a type.
  final PedidoService _pedidoService = PedidoService();
        ^^^^^^^^^^^^^
lib/screens/facturacion/facturas_list_screen.dart:31:40:
Error: Method not found: 'PedidoService'.
  final PedidoService _pedidoService = PedidoService();
                                       ^^^^^^^^^^^^^
lib/screens/facturacion/facturas_list_screen.dart:32:9:
Error: 'PDFService' isn't a type.
  final PDFService _pdfService = PDFService();
        ^^^^^^^^^^
lib/screens/facturacion/facturas_list_screen.dart:32:34:
Error: Method not found: 'PDFService'.
  final PDFService _pdfService = PDFService();
                                 ^^^^^^^^^^
lib/screens/facturacion/facturas_list_screen.dart:33:9:
Error: 'NegocioInfoService' isn't a type.
  final NegocioInfoService _negocioInfoService = NegocioInfoService();
        ^^^^^^^^^^^^^^^^^^
lib/screens/facturacion/facturas_list_screen.dart:33:50:
Error: Method not found: 'NegocioInfoService'.
  final NegocioInfoService _negocioInfoService = NegocioInfoService();
                                                 ^^^^^^^^^^^^^^^^^^
lib/screens/facturacion/facturas_list_screen.dart:34:9:
Error: 'ClienteService' isn't a type.
  final ClienteService _clienteService = ClienteService();
        ^^^^^^^^^^^^^^
lib/screens/facturacion/facturas_list_screen.dart:34:42:
Error: Method not found: 'ClienteService'.
  final ClienteService _clienteService = ClienteService();
                                         ^^^^^^^^^^^^^^
lib/screens/facturacion/facturas_list_screen.dart:40:8:
Error: 'Factura' isn't a type.
  List<Factura> _facturas = [];
       ^^^^^^^
lib/screens/facturacion/facturas_list_screen.dart:41:8:
Error: 'Pedido' isn't a type.
  List<Pedido> _pedidosPagados = [];
       ^^^^^^
lib/screens/facturacion/facturas_list_screen.dart:78:12:
Error: 'Pedido' isn't a type.
      List<Pedido> pedidosPagados = [];
           ^^^^^^
lib/screens/facturacion/facturas_list_screen.dart:75:7:
Error: The method 'appLog' isn't defined for the type '_FacturasListScreenState'.
 - '_FacturasListScreenState' is from 'package:vercy_motos/screens/facturacion/facturas_list_screen.dart' ('lib/screens/facturacion/facturas_list_screen.dart').
      appLog('📄 Facturas cargadas: ${facturas.length}');
      ^^^^^^
lib/screens/facturacion/facturas_list_screen.dart:83:9:
Error: The method 'appLog' isn't defined for the type '_FacturasListScreenState'.
 - '_FacturasListScreenState' is from 'package:vercy_motos/screens/facturacion/facturas_list_screen.dart' ('lib/screens/facturacion/facturas_list_screen.dart').
        appLog(
        ^^^^^^
lib/screens/facturacion/facturas_list_screen.dart:87:9:
Error: The method 'appLog' isn't defined for the type '_FacturasListScreenState'.
 - '_FacturasListScreenState' is from 'package:vercy_motos/screens/facturacion/facturas_list_screen.dart' ('lib/screens/facturacion/facturas_list_screen.dart').
        appLog('⚠️ Error con getTodosDocumentosPagados, usando fallback: $e');
        ^^^^^^
lib/screens/facturacion/facturas_list_screen.dart:90:11:
Error: The getter 'EstadoPedido' isn't defined for the type '_FacturasListScreenState'.
 - '_FacturasListScreenState' is from 'package:vercy_motos/screens/facturacion/facturas_list_screen.dart' ('lib/screens/facturacion/facturas_list_screen.dart').
          EstadoPedido.pagado,
          ^^^^^^^^^^^^
lib/screens/facturacion/facturas_list_screen.dart:92:9:
Error: The method 'appLog' isn't defined for the type '_FacturasListScreenState'.
 - '_FacturasListScreenState' is from 'package:vercy_motos/screens/facturacion/facturas_list_screen.dart' ('lib/screens/facturacion/facturas_list_screen.dart').
        appLog(
        ^^^^^^
lib/screens/facturacion/facturas_list_screen.dart:100:7:
Error: The method 'appLog' isn't defined for the type '_FacturasListScreenState'.
 - '_FacturasListScreenState' is from 'package:vercy_motos/screens/facturacion/facturas_list_screen.dart' ('lib/screens/facturacion/facturas_list_screen.dart').
      appLog('🎯 Pedidos pagados para tabla: ${pedidosFacturacion.length}');
      ^^^^^^
lib/screens/facturacion/facturas_list_screen.dart:105:73:
Error: The getter 'id' isn't defined for the type 'Object?'.
 - 'Object' is from 'dart:core'.
          '📝 Primeros 5 IDs: ${pedidosFacturacion.take(5).map((p) => p.id).join(", ")}',
                                                                        ^^
lib/screens/facturacion/facturas_list_screen.dart:104:9:
Error: The method 'appLog' isn't defined for the type '_FacturasListScreenState'.
 - '_FacturasListScreenState' is from 'package:vercy_motos/screens/facturacion/facturas_list_screen.dart' ('lib/screens/facturacion/facturas_list_screen.dart').
        appLog(
        ^^^^^^
lib/screens/facturacion/facturas_list_screen.dart:111:26:
Error: The getter 'fechaPago' isn't defined for the type 'Object?'.
 - 'Object' is from 'dart:core'.
        final fechaA = a.fechaPago ?? a.fecha;
                         ^^^^^^^^^
lib/screens/facturacion/facturas_list_screen.dart:111:41:
Error: The getter 'fecha' isn't defined for the type 'Object?'.
 - 'Object' is from 'dart:core'.
        final fechaA = a.fechaPago ?? a.fecha;
                                        ^^^^^
lib/screens/facturacion/facturas_list_screen.dart:112:26:
Error: The getter 'fechaPago' isn't defined for the type 'Object?'.
 - 'Object' is from 'dart:core'.
        final fechaB = b.fechaPago ?? b.fecha;
                         ^^^^^^^^^
lib/screens/facturacion/facturas_list_screen.dart:112:41:
Error: The getter 'fecha' isn't defined for the type 'Object?'.
 - 'Object' is from 'dart:core'.
        final fechaB = b.fechaPago ?? b.fecha;
                                        ^^^^^
lib/screens/facturacion/facturas_list_screen.dart:122:7:
Error: The method 'appLog' isn't defined for the type '_FacturasListScreenState'.
 - '_FacturasListScreenState' is from 'package:vercy_motos/screens/facturacion/facturas_list_screen.dart' ('lib/screens/facturacion/facturas_list_screen.dart').
      appLog('❌ Error cargando documentos: $e');
      ^^^^^^
lib/screens/facturacion/facturas_list_screen.dart:187:16:
Error: 'Factura' isn't a type.
      if (a is Factura) {
               ^^^^^^^
lib/screens/facturacion/facturas_list_screen.dart:189:23:
Error: 'Pedido' isn't a type.
      } else if (a is Pedido) {
                      ^^^^^^
lib/screens/facturacion/facturas_list_screen.dart:195:16:
Error: 'Factura' isn't a type.
      if (b is Factura) {
               ^^^^^^^
lib/screens/facturacion/facturas_list_screen.dart:197:23:
Error: 'Pedido' isn't a type.
      } else if (b is Pedido) {
                      ^^^^^^
lib/screens/facturacion/facturas_list_screen.dart:158:5:
Error: The method 'appLog' isn't defined for the type '_FacturasListScreenState'.
 - '_FacturasListScreenState' is from 'package:vercy_motos/screens/facturacion/facturas_list_screen.dart' ('lib/screens/facturacion/facturas_list_screen.dart').
    appLog(
    ^^^^^^
lib/screens/facturacion/facturas_list_screen.dart:180:5:
Error: The method 'appLog' isn't defined for the type '_FacturasListScreenState'.
 - '_FacturasListScreenState' is from 'package:vercy_motos/screens/facturacion/facturas_list_screen.dart' ('lib/screens/facturacion/facturas_list_screen.dart').
    appLog('📋 Documentos finales después de filtros: ${documentos.length}');
    ^^^^^^
lib/screens/facturacion/facturas_list_screen.dart:210:5:
Error: The method 'appLog' isn't defined for the type '_FacturasListScreenState'.
 - '_FacturasListScreenState' is from 'package:vercy_motos/screens/facturacion/facturas_list_screen.dart' ('lib/screens/facturacion/facturas_list_screen.dart').
    appLog(
    ^^^^^^
lib/screens/facturacion/facturas_list_screen.dart:220:26:
Error: The getter 'AppTheme' isn't defined for the type '_FacturasListScreenState'.
 - '_FacturasListScreenState' is from 'package:vercy_motos/screens/facturacion/facturas_list_screen.dart' ('lib/screens/facturacion/facturas_list_screen.dart').
        backgroundColor: AppTheme.backgroundDark,
                         ^^^^^^^^
lib/screens/facturacion/facturas_list_screen.dart:217:12:
Error: The method 'VercySidebarLayout' isn't defined for the type '_FacturasListScreenState'.
 - '_FacturasListScreenState' is from 'package:vercy_motos/screens/facturacion/facturas_list_screen.dart' ('lib/screens/facturacion/facturas_list_screen.dart').
    return VercySidebarLayout(
           ^^^^^^^^^^^^^^^^^^
lib/screens/facturacion/facturas_list_screen.dart:240:16:
Error: The getter 'AppTheme' isn't defined for the type '_FacturasListScreenState'.
 - '_FacturasListScreenState' is from 'package:vercy_motos/screens/facturacion/facturas_list_screen.dart' ('lib/screens/facturacion/facturas_list_screen.dart').
        color: AppTheme.cardBg,
               ^^^^^^^^
lib/screens/facturacion/facturas_list_screen.dart:250:46:
Error: The getter 'AppTheme' isn't defined for the type '_FacturasListScreenState'.
 - '_FacturasListScreenState' is from 'package:vercy_motos/screens/facturacion/facturas_list_screen.dart' ('lib/screens/facturacion/facturas_list_screen.dart').
              Icon(Icons.description, color: AppTheme.primary, size: 32),
                                             ^^^^^^^^
lib/screens/facturacion/facturas_list_screen.dart:275:56:
Error: The getter 'AppTheme' isn't defined for the type '_FacturasListScreenState'.
 - '_FacturasListScreenState' is from 'package:vercy_motos/screens/facturacion/facturas_list_screen.dart' ('lib/screens/facturacion/facturas_list_screen.dart').
                icon: Icon(Icons.point_of_sale, color: AppTheme.primary),
                                                       ^^^^^^^^
lib/screens/facturacion/facturas_list_screen.dart:278:43:
Error: The getter 'AppTheme' isn't defined for the type '_FacturasListScreenState'.
 - '_FacturasListScreenState' is from 'package:vercy_motos/screens/facturacion/facturas_list_screen.dart' ('lib/screens/facturacion/facturas_list_screen.dart').
                  style: TextStyle(color: AppTheme.primary),
                                          ^^^^^^^^
lib/screens/facturacion/facturas_list_screen.dart:281:43:
Error: The getter 'AppTheme' isn't defined for the type '_FacturasListScreenState'.
 - '_FacturasListScreenState' is from 'package:vercy_motos/screens/facturacion/facturas_list_screen.dart' ('lib/screens/facturacion/facturas_list_screen.dart').
                  side: BorderSide(color: AppTheme.primary.withOpacity(0.5)),
                                          ^^^^^^^^
lib/screens/facturacion/facturas_list_screen.dart:344:36:
Error: The getter 'AppTheme' isn't defined for the type '_FacturasListScreenState'.
 - '_FacturasListScreenState' is from 'package:vercy_motos/screens/facturacion/facturas_list_screen.dart' ('lib/screens/facturacion/facturas_list_screen.dart').
                  backgroundColor: AppTheme.primary,
                                   ^^^^^^^^
lib/screens/facturacion/facturas_list_screen.dart:333:40:
Error: The getter 'AppTheme' isn't defined for the type '_FacturasListScreenState'.
 - '_FacturasListScreenState' is from 'package:vercy_motos/screens/facturacion/facturas_list_screen.dart' ('lib/screens/facturacion/facturas_list_screen.dart').
                      backgroundColor: AppTheme.success,
                                       ^^^^^^^^
lib/screens/facturacion/facturas_list_screen.dart:359:40:
Error: The getter 'AppTheme' isn't defined for the type '_FacturasListScreenState'.
 - '_FacturasListScreenState' is from 'package:vercy_motos/screens/facturacion/facturas_list_screen.dart' ('lib/screens/facturacion/facturas_list_screen.dart').
                      backgroundColor: AppTheme.success,
                                       ^^^^^^^^
lib/screens/facturacion/facturas_list_screen.dart:381:14:
Error: The getter 'AppTheme' isn't defined for the type '_FacturasListScreenState'.
 - '_FacturasListScreenState' is from 'package:vercy_motos/screens/facturacion/facturas_list_screen.dart' ('lib/screens/facturacion/facturas_list_screen.dart').
      color: AppTheme.backgroundDark,
             ^^^^^^^^
lib/screens/facturacion/facturas_list_screen.dart:398:28:
Error: The getter 'AppTheme' isn't defined for the type '_FacturasListScreenState'.
 - '_FacturasListScreenState' is from 'package:vercy_motos/screens/facturacion/facturas_list_screen.dart' ('lib/screens/facturacion/facturas_list_screen.dart').
                fillColor: AppTheme.cardBg,
                           ^^^^^^^^
lib/screens/facturacion/facturas_list_screen.dart:400:30:
Error: The getter 'AppTheme' isn't defined for the type '_FacturasListScreenState'.
 - '_FacturasListScreenState' is from 'package:vercy_motos/screens/facturacion/facturas_list_screen.dart' ('lib/screens/facturacion/facturas_list_screen.dart').
              dropdownColor: AppTheme.cardBg,
                             ^^^^^^^^
lib/screens/facturacion/facturas_list_screen.dart:401:39:
Error: The getter 'AppTheme' isn't defined for the type '_FacturasListScreenState'.
 - '_FacturasListScreenState' is from 'package:vercy_motos/screens/facturacion/facturas_list_screen.dart' ('lib/screens/facturacion/facturas_list_screen.dart').
              style: TextStyle(color: AppTheme.textPrimary),
                                      ^^^^^^^^
lib/screens/facturacion/facturas_list_screen.dart:430:28:
Error: The getter 'AppTheme' isn't defined for the type '_FacturasListScreenState'.
 - '_FacturasListScreenState' is from 'package:vercy_motos/screens/facturacion/facturas_list_screen.dart' ('lib/screens/facturacion/facturas_list_screen.dart').
                fillColor: AppTheme.cardBg,
                           ^^^^^^^^
lib/screens/facturacion/facturas_list_screen.dart:432:39:
Error: The getter 'AppTheme' isn't defined for the type '_FacturasListScreenState'.
 - '_FacturasListScreenState' is from 'package:vercy_motos/screens/facturacion/facturas_list_screen.dart' ('lib/screens/facturacion/facturas_list_screen.dart').
              style: TextStyle(color: AppTheme.textPrimary),
                                      ^^^^^^^^
lib/screens/facturacion/facturas_list_screen.dart:456:28:
Error: The getter 'AppTheme' isn't defined for the type '_FacturasListScreenState'.
 - '_FacturasListScreenState' is from 'package:vercy_motos/screens/facturacion/facturas_list_screen.dart' ('lib/screens/facturacion/facturas_list_screen.dart').
                fillColor: AppTheme.cardBg,
                           ^^^^^^^^
lib/screens/facturacion/facturas_list_screen.dart:458:39:
Error: The getter 'AppTheme' isn't defined for the type '_FacturasListScreenState'.
 - '_FacturasListScreenState' is from 'package:vercy_motos/screens/facturacion/facturas_list_screen.dart' ('lib/screens/facturacion/facturas_list_screen.dart').
              style: TextStyle(color: AppTheme.textPrimary),
                                      ^^^^^^^^
lib/screens/facturacion/facturas_list_screen.dart:482:28:
Error: The getter 'AppTheme' isn't defined for the type '_FacturasListScreenState'.
 - '_FacturasListScreenState' is from 'package:vercy_motos/screens/facturacion/facturas_list_screen.dart' ('lib/screens/facturacion/facturas_list_screen.dart').
                fillColor: AppTheme.cardBg,
                           ^^^^^^^^
lib/screens/facturacion/facturas_list_screen.dart:484:39:
Error: The getter 'AppTheme' isn't defined for the type '_FacturasListScreenState'.
 - '_FacturasListScreenState' is from 'package:vercy_motos/screens/facturacion/facturas_list_screen.dart' ('lib/screens/facturacion/facturas_list_screen.dart').
              style: TextStyle(color: AppTheme.textPrimary),
                                      ^^^^^^^^
lib/screens/facturacion/facturas_list_screen.dart:517:20:
Error: The getter 'AppTheme' isn't defined for the type '_FacturasListScreenState'.
 - '_FacturasListScreenState' is from 'package:vercy_motos/screens/facturacion/facturas_list_screen.dart' ('lib/screens/facturacion/facturas_list_screen.dart').
            color: AppTheme.cardBg,
                   ^^^^^^^^
lib/screens/facturacion/facturas_list_screen.dart:520:48:
Error: The getter 'AppTheme' isn't defined for the type '_FacturasListScreenState'.
 - '_FacturasListScreenState' is from 'package:vercy_motos/screens/facturacion/facturas_list_screen.dart' ('lib/screens/facturacion/facturas_list_screen.dart').
              decoration: BoxDecoration(color: AppTheme.cardBg, borderRadius: BorderRadius.circular(8)),
                                               ^^^^^^^^
lib/screens/facturacion/facturas_list_screen.dart:521:75:
Error: The getter 'AppTheme' isn't defined for the type '_FacturasListScreenState'.
 - '_FacturasListScreenState' is from 'package:vercy_motos/screens/facturacion/facturas_list_screen.dart' ('lib/screens/facturacion/facturas_list_screen.dart').
              child: Row(children: [Text('Otros', style: TextStyle(color: AppTheme.textPrimary)), SizedBox(width: 4), Icon(Icons.arrow_drop_down, color: AppTheme.textPrimary)]),
                                                                          ^^^^^^^^
lib/screens/facturacion/facturas_list_screen.dart:521:154:
Error: The getter 'AppTheme' isn't defined for the type '_FacturasListScreenState'.
 - '_FacturasListScreenState' is from 'package:vercy_motos/screens/facturacion/facturas_list_screen.dart' ('lib/screens/facturacion/facturas_list_screen.dart').
              child: Row(children: [Text('Otros', style: TextStyle(color: AppTheme.textPrimary)), SizedBox(width: 4), Icon(Icons.arrow_drop_down, color: AppTheme.textPrimary)]),
                                                                                          ^^^^^^^^
lib/screens/facturacion/facturas_list_screen.dart:514:112:
Error: The getter 'AppTheme' isn't defined for the type '_FacturasListScreenState'.
 - '_FacturasListScreenState' is from 'package:vercy_motos/screens/facturacion/facturas_list_screen.dart' ('lib/screens/facturacion/facturas_list_screen.dart').
              PopupMenuItem(value: 'exportar_csv', child: Row(children: [Icon(Icons.download, size: 18, color: AppTheme.textPrimary), SizedBox(width: 8), Text('Exportar CSV', style: TextStyle(color: AppTheme.textPrimary))])),
                                                                                          ^^^^^^^^
lib/screens/facturacion/facturas_list_screen.dart:514:200:
Error: The getter 'AppTheme' isn't defined for the type '_FacturasListScreenState'.
 - '_FacturasListScreenState' is from 'package:vercy_motos/screens/facturacion/facturas_list_screen.dart' ('lib/screens/facturacion/facturas_list_screen.dart').
              PopupMenuItem(value: 'exportar_csv', child: Row(children: [Icon(Icons.download, size: 18, color: AppTheme.textPrimary), SizedBox(width: 8), Text('Exportar CSV', style: TextStyle(color: AppTheme.textPrimary))])),
                                                                                          ^^^^^^^^
lib/screens/facturacion/facturas_list_screen.dart:515:116:
Error: The getter 'AppTheme' isn't defined for the type '_FacturasListScreenState'.
 - '_FacturasListScreenState' is from 'package:vercy_motos/screens/facturacion/facturas_list_screen.dart' ('lib/screens/facturacion/facturas_list_screen.dart').
              PopupMenuItem(value: 'limpiar_filtros', child: Row(children: [Icon(Icons.clear_all, size: 18, color: AppTheme.textPrimary), SizedBox(width: 8), Text('Limpiar filtros', style: TextStyle(color: AppTheme.textPrimary))])),
                                                                                          ^^^^^^^^
lib/screens/facturacion/facturas_list_screen.dart:515:207:
Error: The getter 'AppTheme' isn't defined for the type '_FacturasListScreenState'.
 - '_FacturasListScreenState' is from 'package:vercy_motos/screens/facturacion/facturas_list_screen.dart' ('lib/screens/facturacion/facturas_list_screen.dart').
              PopupMenuItem(value: 'limpiar_filtros', child: Row(children: [Icon(Icons.clear_all, size: 18, color: AppTheme.textPrimary), SizedBox(width: 8), Text('Limpiar filtros', style: TextStyle(color: AppTheme.textPrimary))])),
                                                                                          ^^^^^^^^
lib/screens/facturacion/facturas_list_screen.dart:549:16:
Error: The getter 'AppTheme' isn't defined for the type '_FacturasListScreenState'.
 - '_FacturasListScreenState' is from 'package:vercy_motos/screens/facturacion/facturas_list_screen.dart' ('lib/screens/facturacion/facturas_list_screen.dart').
        color: AppTheme.cardBg,
               ^^^^^^^^
lib/screens/facturacion/facturas_list_screen.dart:561:22:
Error: The getter 'AppTheme' isn't defined for the type '_FacturasListScreenState'.
 - '_FacturasListScreenState' is from 'package:vercy_motos/screens/facturacion/facturas_list_screen.dart' ('lib/screens/facturacion/facturas_list_screen.dart').
              color: AppTheme.cardElevated,
                     ^^^^^^^^
lib/screens/facturacion/facturas_list_screen.dart:680:36:
Error: The method 'paginarLista' isn't defined for the type '_FacturasListScreenState'.
 - '_FacturasListScreenState' is from 'package:vercy_motos/screens/facturacion/facturas_list_screen.dart' ('lib/screens/facturacion/facturas_list_screen.dart').
                        itemCount: paginarLista(_documentosFiltrados).length,
                                   ^^^^^^^^^^^^
lib/screens/facturacion/facturas_list_screen.dart:682:41:
Error: The method 'paginarLista' isn't defined for the type '_FacturasListScreenState'.
 - '_FacturasListScreenState' is from 'package:vercy_motos/screens/facturacion/facturas_list_screen.dart' ('lib/screens/facturacion/facturas_list_screen.dart').
                      final documento = paginarLista(_documentosFiltrados)[index];
                                        ^^^^^^^^^^^^
lib/screens/facturacion/facturas_list_screen.dart:686:25:
Error: The method 'appLog' isn't defined for the type '_FacturasListScreenState'.
 - '_FacturasListScreenState' is from 'package:vercy_motos/screens/facturacion/facturas_list_screen.dart' ('lib/screens/facturacion/facturas_list_screen.dart').
                        appLog('❌ Error renderizando fila $index: $e');
                        ^^^^^^
lib/screens/facturacion/facturas_list_screen.dart:693:34:
Error: The getter 'AppTheme' isn't defined for the type '_FacturasListScreenState'.
 - '_FacturasListScreenState' is from 'package:vercy_motos/screens/facturacion/facturas_list_screen.dart' ('lib/screens/facturacion/facturas_list_screen.dart').
                    accentColor: AppTheme.primary,
                                 ^^^^^^^^
lib/screens/facturacion/facturas_list_screen.dart:691:19:
Error: The method 'buildPaginacion' isn't defined for the type '_FacturasListScreenState'.
 - '_FacturasListScreenState' is from 'package:vercy_motos/screens/facturacion/facturas_list_screen.dart' ('lib/screens/facturacion/facturas_list_screen.dart').
                  buildPaginacion(
                  ^^^^^^^^^^^^^^^
lib/screens/facturacion/facturas_list_screen.dart:713:34:
Error: 'Pedido' isn't a type.
    bool esPedido = documento is Pedido;
                                 ^^^^^^
lib/screens/facturacion/facturas_list_screen.dart:715:22:
Error: 'Factura' isn't a type.
    if (documento is Factura) {
                     ^^^^^^^
lib/screens/facturacion/facturas_list_screen.dart:723:29:
Error: 'Pedido' isn't a type.
    } else if (documento is Pedido) {
                            ^^^^^^
lib/screens/facturacion/facturas_list_screen.dart:703:38:
Error: The getter 'AppTheme' isn't defined for the type '_FacturasListScreenState'.
 - '_FacturasListScreenState' is from 'package:vercy_motos/screens/facturacion/facturas_list_screen.dart' ('lib/screens/facturacion/facturas_list_screen.dart').
    final backgroundColor = isEven ? AppTheme.cardBg : AppTheme.surfaceDark;
                                     ^^^^^^^^
lib/screens/facturacion/facturas_list_screen.dart:703:56:
Error: The getter 'AppTheme' isn't defined for the type '_FacturasListScreenState'.
 - '_FacturasListScreenState' is from 'package:vercy_motos/screens/facturacion/facturas_list_screen.dart' ('lib/screens/facturacion/facturas_list_screen.dart').
    final backgroundColor = isEven ? AppTheme.cardBg : AppTheme.surfaceDark;
                                                       ^^^^^^^^
lib/screens/facturacion/facturas_list_screen.dart:731:38:
Error: The getter 'EstadoPedido' isn't defined for the type '_FacturasListScreenState'.
 - '_FacturasListScreenState' is from 'package:vercy_motos/screens/facturacion/facturas_list_screen.dart' ('lib/screens/facturacion/facturas_list_screen.dart').
      isPagado = documento.estado == EstadoPedido.pagado;
                                     ^^^^^^^^^^^^
lib/screens/facturacion/facturas_list_screen.dart:758:30:
Error: The getter 'AppTheme' isn't defined for the type '_FacturasListScreenState'.
 - '_FacturasListScreenState' is from 'package:vercy_motos/screens/facturacion/facturas_list_screen.dart' ('lib/screens/facturacion/facturas_list_screen.dart').
                      color: AppTheme.primary.withOpacity(0.2),
                             ^^^^^^^^
lib/screens/facturacion/facturas_list_screen.dart:764:32:
Error: The getter 'AppTheme' isn't defined for the type '_FacturasListScreenState'.
 - '_FacturasListScreenState' is from 'package:vercy_motos/screens/facturacion/facturas_list_screen.dart' ('lib/screens/facturacion/facturas_list_screen.dart').
                        color: AppTheme.primary,
                               ^^^^^^^^
lib/screens/facturacion/facturas_list_screen.dart:773:45:
Error: The getter 'AppTheme' isn't defined for the type '_FacturasListScreenState'.
 - '_FacturasListScreenState' is from 'package:vercy_motos/screens/facturacion/facturas_list_screen.dart' ('lib/screens/facturacion/facturas_list_screen.dart').
                    style: TextStyle(color: AppTheme.textPrimary, fontSize: 13),
                                            ^^^^^^^^
lib/screens/facturacion/facturas_list_screen.dart:786:39:
Error: The getter 'AppTheme' isn't defined for the type '_FacturasListScreenState'.
 - '_FacturasListScreenState' is from 'package:vercy_motos/screens/facturacion/facturas_list_screen.dart' ('lib/screens/facturacion/facturas_list_screen.dart').
              style: TextStyle(color: AppTheme.textPrimary, fontSize: 13),
                                      ^^^^^^^^
lib/screens/facturacion/facturas_list_screen.dart:798:39:
Error: The getter 'AppTheme' isn't defined for the type '_FacturasListScreenState'.
 - '_FacturasListScreenState' is from 'package:vercy_motos/screens/facturacion/facturas_list_screen.dart' ('lib/screens/facturacion/facturas_list_screen.dart').
              style: TextStyle(color: AppTheme.textPrimary, fontSize: 13),
                                      ^^^^^^^^
lib/screens/facturacion/facturas_list_screen.dart:807:39:
Error: The getter 'AppTheme' isn't defined for the type '_FacturasListScreenState'.
 - '_FacturasListScreenState' is from 'package:vercy_motos/screens/facturacion/facturas_list_screen.dart' ('lib/screens/facturacion/facturas_list_screen.dart').
              style: TextStyle(color: AppTheme.textPrimary, fontSize: 13),
                                      ^^^^^^^^
lib/screens/facturacion/facturas_list_screen.dart:817:39:
Error: The getter 'AppTheme' isn't defined for the type '_FacturasListScreenState'.
 - '_FacturasListScreenState' is from 'package:vercy_motos/screens/facturacion/facturas_list_screen.dart' ('lib/screens/facturacion/facturas_list_screen.dart').
              style: TextStyle(color: AppTheme.textPrimary, fontSize: 13),
                                      ^^^^^^^^
lib/screens/facturacion/facturas_list_screen.dart:827:39:
Error: The getter 'AppTheme' isn't defined for the type '_FacturasListScreenState'.
 - '_FacturasListScreenState' is from 'package:vercy_motos/screens/facturacion/facturas_list_screen.dart' ('lib/screens/facturacion/facturas_list_screen.dart').
              style: TextStyle(color: AppTheme.textPrimary, fontSize: 13),
                                      ^^^^^^^^
lib/screens/facturacion/facturas_list_screen.dart:839:23:
Error: The getter 'AppTheme' isn't defined for the type '_FacturasListScreenState'.
 - '_FacturasListScreenState' is from 'package:vercy_motos/screens/facturacion/facturas_list_screen.dart' ('lib/screens/facturacion/facturas_list_screen.dart').
                    ? AppTheme.success.withOpacity(0.2)
                      ^^^^^^^^
lib/screens/facturacion/facturas_list_screen.dart:840:23:
Error: The getter 'AppTheme' isn't defined for the type '_FacturasListScreenState'.
 - '_FacturasListScreenState' is from 'package:vercy_motos/screens/facturacion/facturas_list_screen.dart' ('lib/screens/facturacion/facturas_list_screen.dart').
                    : AppTheme.warning.withOpacity(0.2),
                      ^^^^^^^^
lib/screens/facturacion/facturas_list_screen.dart:849:39:
Error: The getter 'AppTheme' isn't defined for the type '_FacturasListScreenState'.
 - '_FacturasListScreenState' is from 'package:vercy_motos/screens/facturacion/facturas_list_screen.dart' ('lib/screens/facturacion/facturas_list_screen.dart').
                    color: isPagado ? AppTheme.success : AppTheme.warning,
                                      ^^^^^^^^
lib/screens/facturacion/facturas_list_screen.dart:849:58:
Error: The getter 'AppTheme' isn't defined for the type '_FacturasListScreenState'.
 - '_FacturasListScreenState' is from 'package:vercy_motos/screens/facturacion/facturas_list_screen.dart' ('lib/screens/facturacion/facturas_list_screen.dart').
                    color: isPagado ? AppTheme.success : AppTheme.warning,
                                                         ^^^^^^^^
lib/screens/facturacion/facturas_list_screen.dart:856:41:
Error: The getter 'AppTheme' isn't defined for the type '_FacturasListScreenState'.
 - '_FacturasListScreenState' is from 'package:vercy_motos/screens/facturacion/facturas_list_screen.dart' ('lib/screens/facturacion/facturas_list_screen.dart').
                      color: isPagado ? AppTheme.success : AppTheme.warning,
                                        ^^^^^^^^
lib/screens/facturacion/facturas_list_screen.dart:856:60:
Error: The getter 'AppTheme' isn't defined for the type '_FacturasListScreenState'.
 - '_FacturasListScreenState' is from 'package:vercy_motos/screens/facturacion/facturas_list_screen.dart' ('lib/screens/facturacion/facturas_list_screen.dart').
                      color: isPagado ? AppTheme.success : AppTheme.warning,
                                                           ^^^^^^^^
lib/screens/facturacion/facturas_list_screen.dart:873:17:
Error: The method 'FacturacionElectronicaMenu' isn't defined for the type '_FacturasListScreenState'.
 - '_FacturasListScreenState' is from 'package:vercy_motos/screens/facturacion/facturas_list_screen.dart' ('lib/screens/facturacion/facturas_list_screen.dart').
                FacturacionElectronicaMenu(
                ^^^^^^^^^^^^^^^^^^^^^^^^^^
lib/screens/facturacion/facturas_list_screen.dart:892:28:
Error: The getter 'AppTheme' isn't defined for the type '_FacturasListScreenState'.
 - '_FacturasListScreenState' is from 'package:vercy_motos/screens/facturacion/facturas_list_screen.dart' ('lib/screens/facturacion/facturas_list_screen.dart').
                    color: AppTheme.primary,
                           ^^^^^^^^
lib/screens/facturacion/facturas_list_screen.dart:917:7:
Error: The method 'appLog' isn't defined for the type '_FacturasListScreenState'.
 - '_FacturasListScreenState' is from 'package:vercy_motos/screens/facturacion/facturas_list_screen.dart' ('lib/screens/facturacion/facturas_list_screen.dart').
      appLog('🔍 Buscando cliente: "$nombreCliente" | NIT: "$nit"');
      ^^^^^^
lib/screens/facturacion/facturas_list_screen.dart:927:9:
Error: The method 'appLog' isn't defined for the type '_FacturasListScreenState'.
 - '_FacturasListScreenState' is from 'package:vercy_motos/screens/facturacion/facturas_list_screen.dart' ('lib/screens/facturacion/facturas_list_screen.dart').
        appLog('📋 Buscando por documento: "$docLimpio"');
        ^^^^^^
lib/screens/facturacion/facturas_list_screen.dart:932:11:
Error: The method 'appLog' isn't defined for the type '_FacturasListScreenState'.
 - '_FacturasListScreenState' is from 'package:vercy_motos/screens/facturacion/facturas_list_screen.dart' ('lib/screens/facturacion/facturas_list_screen.dart').
          appLog(
          ^^^^^^
lib/screens/facturacion/facturas_list_screen.dart:937:9:
Error: The method 'appLog' isn't defined for the type '_FacturasListScreenState'.
 - '_FacturasListScreenState' is from 'package:vercy_motos/screens/facturacion/facturas_list_screen.dart' ('lib/screens/facturacion/facturas_list_screen.dart').
        appLog('⚠️ No se encontró cliente por documento');
        ^^^^^^
lib/screens/facturacion/facturas_list_screen.dart:942:7:
Error: The method 'appLog' isn't defined for the type '_FacturasListScreenState'.
 - '_FacturasListScreenState' is from 'package:vercy_motos/screens/facturacion/facturas_list_screen.dart' ('lib/screens/facturacion/facturas_list_screen.dart').
      appLog('📝 Buscando por nombre: "$nombreLimpio"');
      ^^^^^^
lib/screens/facturacion/facturas_list_screen.dart:944:7:
Error: The method 'appLog' isn't defined for the type '_FacturasListScreenState'.
 - '_FacturasListScreenState' is from 'package:vercy_motos/screens/facturacion/facturas_list_screen.dart' ('lib/screens/facturacion/facturas_list_screen.dart').
      appLog('📊 Resultados encontrados: ${resultados.length}');
      ^^^^^^
lib/screens/facturacion/facturas_list_screen.dart:951:11:
Error: The method 'appLog' isn't defined for the type '_FacturasListScreenState'.
 - '_FacturasListScreenState' is from 'package:vercy_motos/screens/facturacion/facturas_list_screen.dart' ('lib/screens/facturacion/facturas_list_screen.dart').
          appLog(
          ^^^^^^
lib/screens/facturacion/facturas_list_screen.dart:956:9:
Error: The method 'appLog' isn't defined for the type '_FacturasListScreenState'.
 - '_FacturasListScreenState' is from 'package:vercy_motos/screens/facturacion/facturas_list_screen.dart' ('lib/screens/facturacion/facturas_list_screen.dart').
        appLog(
        ^^^^^^
lib/screens/facturacion/facturas_list_screen.dart:965:9:
Error: The method 'appLog' isn't defined for the type '_FacturasListScreenState'.
 - '_FacturasListScreenState' is from 'package:vercy_motos/screens/facturacion/facturas_list_screen.dart' ('lib/screens/facturacion/facturas_list_screen.dart').
        appLog(
        ^^^^^^
lib/screens/facturacion/facturas_list_screen.dart:970:9:
Error: The method 'appLog' isn't defined for the type '_FacturasListScreenState'.
 - '_FacturasListScreenState' is from 'package:vercy_motos/screens/facturacion/facturas_list_screen.dart' ('lib/screens/facturacion/facturas_list_screen.dart').
        appLog('📊 Resultados por primer nombre: ${resultados.length}');
        ^^^^^^
lib/screens/facturacion/facturas_list_screen.dart:977:13:
Error: The method 'appLog' isn't defined for the type '_FacturasListScreenState'.
 - '_FacturasListScreenState' is from 'package:vercy_motos/screens/facturacion/facturas_list_screen.dart' ('lib/screens/facturacion/facturas_list_screen.dart').
            appLog(
            ^^^^^^
lib/screens/facturacion/facturas_list_screen.dart:993:13:
Error: The method 'appLog' isn't defined for the type '_FacturasListScreenState'.
 - '_FacturasListScreenState' is from 'package:vercy_motos/screens/facturacion/facturas_list_screen.dart' ('lib/screens/facturacion/facturas_list_screen.dart').
            appLog(
            ^^^^^^
lib/screens/facturacion/facturas_list_screen.dart:1001:7:
Error: The method 'appLog' isn't defined for the type '_FacturasListScreenState'.
 - '_FacturasListScreenState' is from 'package:vercy_motos/screens/facturacion/facturas_list_screen.dart' ('lib/screens/facturacion/facturas_list_screen.dart').
      appLog('❌ No se encontró el cliente: "$nombreCliente"');
      ^^^^^^
lib/screens/facturacion/facturas_list_screen.dart:1003:7:
Error: The method 'appLog' isn't defined for the type '_FacturasListScreenState'.
 - '_FacturasListScreenState' is from 'package:vercy_motos/screens/facturacion/facturas_list_screen.dart' ('lib/screens/facturacion/facturas_list_screen.dart').
      appLog('⚠️ Error buscando cliente completo: $e');
      ^^^^^^
lib/screens/facturacion/facturas_list_screen.dart:1010:5:
Error: 'NegocioInfo' isn't a type.
    NegocioInfo? negocioInfo;
    ^^^^^^^^^^^
lib/screens/facturacion/facturas_list_screen.dart:1031:22:
Error: 'Pedido' isn't a type.
    if (documento is Pedido) {
                     ^^^^^^
lib/screens/facturacion/facturas_list_screen.dart:1035:7:
Error: 'Cliente' isn't a type.
      Cliente? clienteCompleto;
      ^^^^^^^
lib/screens/facturacion/facturas_list_screen.dart:1157:29:
Error: 'Factura' isn't a type.
    } else if (documento is Factura) {
                            ^^^^^^^
lib/screens/facturacion/facturas_list_screen.dart:1163:7:
Error: 'Cliente' isn't a type.
      Cliente? clienteCompleto;
      ^^^^^^^
lib/screens/facturacion/facturas_list_screen.dart:1014:7:
Error: The method 'appLog' isn't defined for the type '_FacturasListScreenState'.
 - '_FacturasListScreenState' is from 'package:vercy_motos/screens/facturacion/facturas_list_screen.dart' ('lib/screens/facturacion/facturas_list_screen.dart').
      appLog('⚠️ No se pudo obtener info del negocio: $e');
      ^^^^^^
lib/screens/facturacion/facturas_list_screen.dart:1038:7:
Error: The method 'appLog' isn't defined for the type '_FacturasListScreenState'.
 - '_FacturasListScreenState' is from 'package:vercy_motos/screens/facturacion/facturas_list_screen.dart' ('lib/screens/facturacion/facturas_list_screen.dart').
      appLog('📋 DEBUG - Datos guardados en pedido: $datosGuardados');
      ^^^^^^
lib/screens/facturacion/facturas_list_screen.dart:1039:7:
Error: The method 'appLog' isn't defined for the type '_FacturasListScreenState'.
 - '_FacturasListScreenState' is from 'package:vercy_motos/screens/facturacion/facturas_list_screen.dart' ('lib/screens/facturacion/facturas_list_screen.dart').
      appLog('📋 DEBUG - Cliente en pedido: ${documento.cliente}');
      ^^^^^^
lib/screens/facturacion/facturas_list_screen.dart:1044:9:
Error: The method 'appLog' isn't defined for the type '_FacturasListScreenState'.
 - '_FacturasListScreenState' is from 'package:vercy_motos/screens/facturacion/facturas_list_screen.dart' ('lib/screens/facturacion/facturas_list_screen.dart').
        appLog('⚠️ Datos incompletos, buscando cliente en API...');
        ^^^^^^
lib/screens/facturacion/facturas_list_screen.dart:1047:9:
Error: The method 'appLog' isn't defined for the type '_FacturasListScreenState'.
 - '_FacturasListScreenState' is from 'package:vercy_motos/screens/facturacion/facturas_list_screen.dart' ('lib/screens/facturacion/facturas_list_screen.dart').
        appLog('✅ Usando datos guardados del cliente');
        ^^^^^^
lib/screens/facturacion/facturas_list_screen.dart:1307:26:
Error: The getter 'AppTheme' isn't defined for the type '_FacturasListScreenState'.
 - '_FacturasListScreenState' is from 'package:vercy_motos/screens/facturacion/facturas_list_screen.dart' ('lib/screens/facturacion/facturas_list_screen.dart').
        backgroundColor: AppTheme.cardBg,
                         ^^^^^^^^
lib/screens/facturacion/facturas_list_screen.dart:1310:35:
Error: The getter 'AppTheme' isn't defined for the type '_FacturasListScreenState'.
 - '_FacturasListScreenState' is from 'package:vercy_motos/screens/facturacion/facturas_list_screen.dart' ('lib/screens/facturacion/facturas_list_screen.dart').
          style: TextStyle(color: AppTheme.textPrimary),
                                  ^^^^^^^^
lib/screens/facturacion/facturas_list_screen.dart:1317:39:
Error: The getter 'AppTheme' isn't defined for the type '_FacturasListScreenState'.
 - '_FacturasListScreenState' is from 'package:vercy_motos/screens/facturacion/facturas_list_screen.dart' ('lib/screens/facturacion/facturas_list_screen.dart').
              style: TextStyle(color: AppTheme.textSecondary, fontSize: 13),
                                      ^^^^^^^^
lib/screens/facturacion/facturas_list_screen.dart:1323:39:
Error: The getter 'AppTheme' isn't defined for the type '_FacturasListScreenState'.
 - '_FacturasListScreenState' is from 'package:vercy_motos/screens/facturacion/facturas_list_screen.dart' ('lib/screens/facturacion/facturas_list_screen.dart').
              style: TextStyle(color: AppTheme.textPrimary),
                                      ^^^^^^^^
lib/screens/facturacion/facturas_list_screen.dart:1326:45:
Error: The getter 'AppTheme' isn't defined for the type '_FacturasListScreenState'.
 - '_FacturasListScreenState' is from 'package:vercy_motos/screens/facturacion/facturas_list_screen.dart' ('lib/screens/facturacion/facturas_list_screen.dart').
                hintStyle: TextStyle(color: AppTheme.textSecondary),
                                            ^^^^^^^^
lib/screens/facturacion/facturas_list_screen.dart:1328:28:
Error: The getter 'AppTheme' isn't defined for the type '_FacturasListScreenState'.
 - '_FacturasListScreenState' is from 'package:vercy_motos/screens/facturacion/facturas_list_screen.dart' ('lib/screens/facturacion/facturas_list_screen.dart').
                fillColor: AppTheme.surfaceDark,
                           ^^^^^^^^
lib/screens/facturacion/facturas_list_screen.dart:1334:47:
Error: The getter 'AppTheme' isn't defined for the type '_FacturasListScreenState'.
 - '_FacturasListScreenState' is from 'package:vercy_motos/screens/facturacion/facturas_list_screen.dart' ('lib/screens/facturacion/facturas_list_screen.dart').
                suffixStyle: TextStyle(color: AppTheme.textSecondary),
                                              ^^^^^^^^
lib/screens/facturacion/facturas_list_screen.dart:1344:39:
Error: The getter 'AppTheme' isn't defined for the type '_FacturasListScreenState'.
 - '_FacturasListScreenState' is from 'package:vercy_motos/screens/facturacion/facturas_list_screen.dart' ('lib/screens/facturacion/facturas_list_screen.dart').
              style: TextStyle(color: AppTheme.textSecondary),
                                      ^^^^^^^^
lib/screens/facturacion/facturas_list_screen.dart:1360:62:
Error: The getter 'AppTheme' isn't defined for the type '_FacturasListScreenState'.
 - '_FacturasListScreenState' is from 'package:vercy_motos/screens/facturacion/facturas_list_screen.dart' ('lib/screens/facturacion/facturas_list_screen.dart').
            style: ElevatedButton.styleFrom(backgroundColor: AppTheme.success),
                                                             ^^^^^^^^
lib/screens/facturacion/facturas_list_screen.dart:1379:20:
Error: 'Factura' isn't a type.
        if (doc is Factura) {
                   ^^^^^^^
lib/screens/compras/facturas_compras_screen.dart:26:9:
Error: 'FacturaCompraService' isn't a type.
  final FacturaCompraService _facturaCompraService = FacturaCompraService();
        ^^^^^^^^^^^^^^^^^^^^
lib/screens/compras/facturas_compras_screen.dart:26:54:
Error: Method not found: 'FacturaCompraService'.
  final FacturaCompraService _facturaCompraService = FacturaCompraService();
                                                     ^^^^^^^^^^^^^^^^^^^^
lib/screens/compras/facturas_compras_screen.dart:29:8:
Error: 'FacturaCompra' isn't a type.
  List<FacturaCompra> _facturas = [];
       ^^^^^^^^^^^^^
lib/screens/compras/facturas_compras_screen.dart:30:8:
Error: 'FacturaCompra' isn't a type.
  List<FacturaCompra> _facturasFiltradas = [];
       ^^^^^^^^^^^^^
lib/screens/compras/facturas_compras_screen.dart:52:27:
Error: 'FacturaCompra' isn't a type.
  bool _estaFacturaPagada(FacturaCompra factura) {
                          ^^^^^^^^^^^^^
lib/screens/compras/facturas_compras_screen.dart:57:31:
Error: 'FacturaCompra' isn't a type.
  String _obtenerEstadoVisual(FacturaCompra factura) {
                              ^^^^^^^^^^^^^
lib/screens/compras/facturas_compras_screen.dart:95:21:
Error: The getter 'numeroFactura' isn't defined for the type 'Object?'.
 - 'Object' is from 'dart:core'.
            factura.numeroFactura.toLowerCase().contains(
                    ^^^^^^^^^^^^^
lib/screens/compras/facturas_compras_screen.dart:98:21:
Error: The getter 'proveedorNombre' isn't defined for the type 'Object?'.
 - 'Object' is from 'dart:core'.
            factura.proveedorNombre.toLowerCase().contains(
                    ^^^^^^^^^^^^^^^
lib/screens/compras/facturas_compras_screen.dart:101:22:
Error: The getter 'proveedorNit' isn't defined for the type 'Object?'.
 - 'Object' is from 'dart:core'.
            (factura.proveedorNit?.toLowerCase().contains(
                     ^^^^^^^^^^^^
lib/screens/compras/facturas_compras_screen.dart:118:25:
Error: The getter 'estado' isn't defined for the type 'Object?'.
 - 'Object' is from 'dart:core'.
                factura.estado == _filtroEstado && !_estaFacturaPagada(factura);
                        ^^^^^^
lib/screens/compras/facturas_compras_screen.dart:120:36:
Error: The getter 'estado' isn't defined for the type 'Object?'.
 - 'Object' is from 'dart:core'.
            cumpleEstado = factura.estado == _filtroEstado;
                                   ^^^^^^
lib/screens/compras/facturas_compras_screen.dart:126:21:
Error: The getter 'proveedorNit' isn't defined for the type 'Object?'.
 - 'Object' is from 'dart:core'.
            factura.proveedorNit == _filtroProveedor;
                    ^^^^^^^^^^^^
lib/screens/compras/facturas_compras_screen.dart:130:59:
Error: The getter 'pagadoDesdeCaja' isn't defined for the type 'Object?'.
 - 'Object' is from 'dart:core'.
            (_filtroPagoCaja == 'PAGADAS_CAJA' && factura.pagadoDesdeCaja) ||
                                                          ^^^^^^^^^^^^^^^
lib/screens/compras/facturas_compras_screen.dart:131:63:
Error: The getter 'pagadoDesdeCaja' isn't defined for the type 'Object?'.
 - 'Object' is from 'dart:core'.
            (_filtroPagoCaja == 'NO_PAGADAS_CAJA' && !factura.pagadoDesdeCaja);
                                                              ^^^^^^^^^^^^^^^
lib/screens/compras/facturas_compras_screen.dart:147:31:
Error: The getter 'fechaCreacion' isn't defined for the type 'Object?'.
 - 'Object' is from 'dart:core'.
        final dateCompare = b.fechaCreacion.compareTo(a.fechaCreacion);
                              ^^^^^^^^^^^^^
lib/screens/compras/facturas_compras_screen.dart:147:57:
Error: The getter 'fechaCreacion' isn't defined for the type 'Object?'.
 - 'Object' is from 'dart:core'.
        final dateCompare = b.fechaCreacion.compareTo(a.fechaCreacion);
                                                        ^^^^^^^^^^^^^
lib/screens/compras/facturas_compras_screen.dart:152:20:
Error: The getter 'fechaFactura' isn't defined for the type 'Object?'.
 - 'Object' is from 'dart:core'.
          return b.fechaFactura.compareTo(a.fechaFactura);
                   ^^^^^^^^^^^^
lib/screens/compras/facturas_compras_screen.dart:152:45:
Error: The getter 'fechaFactura' isn't defined for the type 'Object?'.
 - 'Object' is from 'dart:core'.
          return b.fechaFactura.compareTo(a.fechaFactura);
                                            ^^^^^^^^^^^^
lib/screens/compras/facturas_compras_screen.dart:170:24:
Error: The getter 'AppTheme' isn't defined for the type '_FacturasComprasScreenState'.
 - '_FacturasComprasScreenState' is from 'package:vercy_motos/screens/compras/facturas_compras_screen.dart' ('lib/screens/compras/facturas_compras_screen.dart').
      backgroundColor: AppTheme.backgroundDark,
                       ^^^^^^^^
lib/screens/compras/facturas_compras_screen.dart:172:51:
Error: The getter 'AppTheme' isn't defined for the type '_FacturasComprasScreenState'.
 - '_FacturasComprasScreenState' is from 'package:vercy_motos/screens/compras/facturas_compras_screen.dart' ('lib/screens/compras/facturas_compras_screen.dart').
        title: Text('Facturas de Compras', style: AppTheme.headlineMedium),
                                                  ^^^^^^^^
lib/screens/compras/facturas_compras_screen.dart:173:26:
Error: The getter 'AppTheme' isn't defined for the type '_FacturasComprasScreenState'.
 - '_FacturasComprasScreenState' is from 'package:vercy_motos/screens/compras/facturas_compras_screen.dart' ('lib/screens/compras/facturas_compras_screen.dart').
        backgroundColor: AppTheme.backgroundDark,
                         ^^^^^^^^
lib/screens/compras/facturas_compras_screen.dart:175:41:
Error: The getter 'AppTheme' isn't defined for the type '_FacturasComprasScreenState'.
 - '_FacturasComprasScreenState' is from 'package:vercy_motos/screens/compras/facturas_compras_screen.dart' ('lib/screens/compras/facturas_compras_screen.dart').
        iconTheme: IconThemeData(color: AppTheme.textPrimary),
                                        ^^^^^^^^
lib/screens/compras/facturas_compras_screen.dart:183:46:
Error: The getter 'AppTheme' isn't defined for the type '_FacturasComprasScreenState'.
 - '_FacturasComprasScreenState' is from 'package:vercy_motos/screens/compras/facturas_compras_screen.dart' ('lib/screens/compras/facturas_compras_screen.dart').
            icon: Icon(Icons.refresh, color: AppTheme.textPrimary),
                                             ^^^^^^^^
lib/screens/compras/facturas_compras_screen.dart:194:61:
Error: The getter 'AppTheme' isn't defined for the type '_FacturasComprasScreenState'.
 - '_FacturasComprasScreenState' is from 'package:vercy_motos/screens/compras/facturas_compras_screen.dart' ('lib/screens/compras/facturas_compras_screen.dart').
                    child: CircularProgressIndicator(color: AppTheme.primary),
                                                            ^^^^^^^^
lib/screens/compras/facturas_compras_screen.dart:203:26:
Error: The getter 'AppTheme' isn't defined for the type '_FacturasComprasScreenState'.
 - '_FacturasComprasScreenState' is from 'package:vercy_motos/screens/compras/facturas_compras_screen.dart' ('lib/screens/compras/facturas_compras_screen.dart').
        backgroundColor: AppTheme.primary,
                         ^^^^^^^^
lib/screens/compras/facturas_compras_screen.dart:215:16:
Error: The getter 'AppTheme' isn't defined for the type '_FacturasComprasScreenState'.
 - '_FacturasComprasScreenState' is from 'package:vercy_motos/screens/compras/facturas_compras_screen.dart' ('lib/screens/compras/facturas_compras_screen.dart').
        color: AppTheme.cardBg,
               ^^^^^^^^
lib/screens/compras/facturas_compras_screen.dart:222:37:
Error: The getter 'AppTheme' isn't defined for the type '_FacturasComprasScreenState'.
 - '_FacturasComprasScreenState' is from 'package:vercy_motos/screens/compras/facturas_compras_screen.dart' ('lib/screens/compras/facturas_compras_screen.dart').
            style: TextStyle(color: AppTheme.textPrimary),
                                    ^^^^^^^^
lib/screens/compras/facturas_compras_screen.dart:225:43:
Error: The getter 'AppTheme' isn't defined for the type '_FacturasComprasScreenState'.
 - '_FacturasComprasScreenState' is from 'package:vercy_motos/screens/compras/facturas_compras_screen.dart' ('lib/screens/compras/facturas_compras_screen.dart').
              hintStyle: TextStyle(color: AppTheme.textSecondary),
                                          ^^^^^^^^
lib/screens/compras/facturas_compras_screen.dart:226:53:
Error: The getter 'AppTheme' isn't defined for the type '_FacturasComprasScreenState'.
 - '_FacturasComprasScreenState' is from 'package:vercy_motos/screens/compras/facturas_compras_screen.dart' ('lib/screens/compras/facturas_compras_screen.dart').
              prefixIcon: Icon(Icons.search, color: AppTheme.textSecondary),
                                                    ^^^^^^^^
lib/screens/compras/facturas_compras_screen.dart:229:54:
Error: The getter 'AppTheme' isn't defined for the type '_FacturasComprasScreenState'.
 - '_FacturasComprasScreenState' is from 'package:vercy_motos/screens/compras/facturas_compras_screen.dart' ('lib/screens/compras/facturas_compras_screen.dart').
                      icon: Icon(Icons.clear, color: AppTheme.textSecondary),
                                                     ^^^^^^^^
lib/screens/compras/facturas_compras_screen.dart:239:26:
Error: The getter 'AppTheme' isn't defined for the type '_FacturasComprasScreenState'.
 - '_FacturasComprasScreenState' is from 'package:vercy_motos/screens/compras/facturas_compras_screen.dart' ('lib/screens/compras/facturas_compras_screen.dart').
                  color: AppTheme.textSecondary.withOpacity(0.3),
                         ^^^^^^^^
lib/screens/compras/facturas_compras_screen.dart:245:26:
Error: The getter 'AppTheme' isn't defined for the type '_FacturasComprasScreenState'.
 - '_FacturasComprasScreenState' is from 'package:vercy_motos/screens/compras/facturas_compras_screen.dart' ('lib/screens/compras/facturas_compras_screen.dart').
                  color: AppTheme.textSecondary.withOpacity(0.3),
                         ^^^^^^^^
lib/screens/compras/facturas_compras_screen.dart:250:47:
Error: The getter 'AppTheme' isn't defined for the type '_FacturasComprasScreenState'.
 - '_FacturasComprasScreenState' is from 'package:vercy_motos/screens/compras/facturas_compras_screen.dart' ('lib/screens/compras/facturas_compras_screen.dart').
                borderSide: BorderSide(color: AppTheme.primary),
                                              ^^^^^^^^
lib/screens/compras/facturas_compras_screen.dart:258:56:
Error: The getter 'AppTheme' isn't defined for the type '_FacturasComprasScreenState'.
 - '_FacturasComprasScreenState' is from 'package:vercy_motos/screens/compras/facturas_compras_screen.dart' ('lib/screens/compras/facturas_compras_screen.dart').
              Text('Estado: ', style: TextStyle(color: AppTheme.textPrimary)),
                                                       ^^^^^^^^
lib/screens/compras/facturas_compras_screen.dart:280:48:
Error: The getter 'AppTheme' isn't defined for the type '_FacturasComprasScreenState'.
 - '_FacturasComprasScreenState' is from 'package:vercy_motos/screens/compras/facturas_compras_screen.dart' ('lib/screens/compras/facturas_compras_screen.dart').
                                selectedColor: AppTheme.primary.withOpacity(
                                               ^^^^^^^^
lib/screens/compras/facturas_compras_screen.dart:283:49:
Error: The getter 'AppTheme' isn't defined for the type '_FacturasComprasScreenState'.
 - '_FacturasComprasScreenState' is from 'package:vercy_motos/screens/compras/facturas_compras_screen.dart' ('lib/screens/compras/facturas_compras_screen.dart').
                                checkmarkColor: AppTheme.primary,
                                                ^^^^^^^^
lib/screens/compras/facturas_compras_screen.dart:286:41:
Error: The getter 'AppTheme' isn't defined for the type '_FacturasComprasScreenState'.
 - '_FacturasComprasScreenState' is from 'package:vercy_motos/screens/compras/facturas_compras_screen.dart' ('lib/screens/compras/facturas_compras_screen.dart').
                                      ? AppTheme.primary
                                        ^^^^^^^^
lib/screens/compras/facturas_compras_screen.dart:287:41:
Error: The getter 'AppTheme' isn't defined for the type '_FacturasComprasScreenState'.
 - '_FacturasComprasScreenState' is from 'package:vercy_motos/screens/compras/facturas_compras_screen.dart' ('lib/screens/compras/facturas_compras_screen.dart').
                                      : AppTheme.textSecondary,
                                        ^^^^^^^^
lib/screens/compras/facturas_compras_screen.dart:302:54:
Error: The getter 'AppTheme' isn't defined for the type '_FacturasComprasScreenState'.
 - '_FacturasComprasScreenState' is from 'package:vercy_motos/screens/compras/facturas_compras_screen.dart' ('lib/screens/compras/facturas_compras_screen.dart').
              Text('Pago: ', style: TextStyle(color: AppTheme.textPrimary)),
                                                     ^^^^^^^^
lib/screens/compras/facturas_compras_screen.dart:341:45:
Error: The getter 'AppTheme' isn't defined for the type '_FacturasComprasScreenState'.
 - '_FacturasComprasScreenState' is from 'package:vercy_motos/screens/compras/facturas_compras_screen.dart' ('lib/screens/compras/facturas_compras_screen.dart').
                                          : AppTheme.textSecondary,
                                            ^^^^^^^^
lib/screens/compras/facturas_compras_screen.dart:363:53:
Error: The getter 'AppTheme' isn't defined for the type '_FacturasComprasScreenState'.
 - '_FacturasComprasScreenState' is from 'package:vercy_motos/screens/compras/facturas_compras_screen.dart' ('lib/screens/compras/facturas_compras_screen.dart').
          Icon(Icons.receipt_long, size: 64, color: AppTheme.textSecondary),
                                                    ^^^^^^^^
lib/screens/compras/facturas_compras_screen.dart:368:22:
Error: The getter 'AppTheme' isn't defined for the type '_FacturasComprasScreenState'.
 - '_FacturasComprasScreenState' is from 'package:vercy_motos/screens/compras/facturas_compras_screen.dart' ('lib/screens/compras/facturas_compras_screen.dart').
              color: AppTheme.textPrimary,
                     ^^^^^^^^
lib/screens/compras/facturas_compras_screen.dart:376:37:
Error: The getter 'AppTheme' isn't defined for the type '_FacturasComprasScreenState'.
 - '_FacturasComprasScreenState' is from 'package:vercy_motos/screens/compras/facturas_compras_screen.dart' ('lib/screens/compras/facturas_compras_screen.dart').
            style: TextStyle(color: AppTheme.textSecondary),
                                    ^^^^^^^^
lib/screens/compras/facturas_compras_screen.dart:384:32:
Error: The getter 'AppTheme' isn't defined for the type '_FacturasComprasScreenState'.
 - '_FacturasComprasScreenState' is from 'package:vercy_motos/screens/compras/facturas_compras_screen.dart' ('lib/screens/compras/facturas_compras_screen.dart').
              backgroundColor: AppTheme.primary,
                               ^^^^^^^^
lib/screens/compras/facturas_compras_screen.dart:400:18:
Error: The getter 'AppTheme' isn't defined for the type '_FacturasComprasScreenState'.
 - '_FacturasComprasScreenState' is from 'package:vercy_motos/screens/compras/facturas_compras_screen.dart' ('lib/screens/compras/facturas_compras_screen.dart').
          color: AppTheme.cardBg,
                 ^^^^^^^^
lib/screens/compras/facturas_compras_screen.dart:414:42:
Error: The getter 'AppTheme' isn't defined for the type '_FacturasComprasScreenState'.
 - '_FacturasComprasScreenState' is from 'package:vercy_motos/screens/compras/facturas_compras_screen.dart' ('lib/screens/compras/facturas_compras_screen.dart').
                        backgroundColor: AppTheme.primary,
                                         ^^^^^^^^
lib/screens/compras/facturas_compras_screen.dart:427:40:
Error: The getter 'AppTheme' isn't defined for the type '_FacturasComprasScreenState'.
 - '_FacturasComprasScreenState' is from 'package:vercy_motos/screens/compras/facturas_compras_screen.dart' ('lib/screens/compras/facturas_compras_screen.dart').
                                color: AppTheme.textPrimary,
                                       ^^^^^^^^
lib/screens/compras/facturas_compras_screen.dart:434:55:
Error: The getter 'AppTheme' isn't defined for the type '_FacturasComprasScreenState'.
 - '_FacturasComprasScreenState' is from 'package:vercy_motos/screens/compras/facturas_compras_screen.dart' ('lib/screens/compras/facturas_compras_screen.dart').
                              style: TextStyle(color: AppTheme.textPrimary),
                                                      ^^^^^^^^
lib/screens/compras/facturas_compras_screen.dart:440:40:
Error: The getter 'AppTheme' isn't defined for the type '_FacturasComprasScreenState'.
 - '_FacturasComprasScreenState' is from 'package:vercy_motos/screens/compras/facturas_compras_screen.dart' ('lib/screens/compras/facturas_compras_screen.dart').
                                color: AppTheme.textSecondary,
                                       ^^^^^^^^
lib/screens/compras/facturas_compras_screen.dart:449:40:
Error: The getter 'AppTheme' isn't defined for the type '_FacturasComprasScreenState'.
 - '_FacturasComprasScreenState' is from 'package:vercy_motos/screens/compras/facturas_compras_screen.dart' ('lib/screens/compras/facturas_compras_screen.dart').
                                color: AppTheme.textSecondary,
                                       ^^^^^^^^
lib/screens/compras/facturas_compras_screen.dart:498:38:
Error: The getter 'AppTheme' isn't defined for the type '_FacturasComprasScreenState'.
 - '_FacturasComprasScreenState' is from 'package:vercy_motos/screens/compras/facturas_compras_screen.dart' ('lib/screens/compras/facturas_compras_screen.dart').
                              color: AppTheme.primary,
                                     ^^^^^^^^
lib/screens/compras/facturas_compras_screen.dart:584:31:
Error: 'FacturaCompra' isn't a type.
  void _mostrarDetalleFactura(FacturaCompra factura) {
                              ^^^^^^^^^^^^^
lib/screens/compras/facturas_compras_screen.dart:594:23:
Error: 'FacturaCompra' isn't a type.
  void _editarFactura(FacturaCompra factura) {
                      ^^^^^^^^^^^^^
lib/screens/compras/facturas_compras_screen.dart:611:42:
Error: 'FacturaCompra' isn't a type.
  Future<void> _confirmarEliminarFactura(FacturaCompra factura) async {
                                         ^^^^^^^^^^^^^
lib/screens/compras/facturas_compras_screen.dart:617:28:
Error: The getter 'AppTheme' isn't defined for the type '_FacturasComprasScreenState'.
 - '_FacturasComprasScreenState' is from 'package:vercy_motos/screens/compras/facturas_compras_screen.dart' ('lib/screens/compras/facturas_compras_screen.dart').
          backgroundColor: AppTheme.cardBg,
                           ^^^^^^^^
lib/screens/compras/facturas_compras_screen.dart:620:37:
Error: The getter 'AppTheme' isn't defined for the type '_FacturasComprasScreenState'.
 - '_FacturasComprasScreenState' is from 'package:vercy_motos/screens/compras/facturas_compras_screen.dart' ('lib/screens/compras/facturas_compras_screen.dart').
            style: TextStyle(color: AppTheme.textPrimary),
                                    ^^^^^^^^
lib/screens/compras/facturas_compras_screen.dart:629:41:
Error: The getter 'AppTheme' isn't defined for the type '_FacturasComprasScreenState'.
 - '_FacturasComprasScreenState' is from 'package:vercy_motos/screens/compras/facturas_compras_screen.dart' ('lib/screens/compras/facturas_compras_screen.dart').
                style: TextStyle(color: AppTheme.textSecondary),
                                        ^^^^^^^^
lib/screens/compras/facturas_compras_screen.dart:635:41:
Error: The getter 'AppTheme' isn't defined for the type '_FacturasComprasScreenState'.
 - '_FacturasComprasScreenState' is from 'package:vercy_motos/screens/compras/facturas_compras_screen.dart' ('lib/screens/compras/facturas_compras_screen.dart').
                style: TextStyle(color: AppTheme.textPrimary),
                                        ^^^^^^^^
lib/screens/compras/facturas_compras_screen.dart:638:48:
Error: The getter 'AppTheme' isn't defined for the type '_FacturasComprasScreenState'.
 - '_FacturasComprasScreenState' is from 'package:vercy_motos/screens/compras/facturas_compras_screen.dart' ('lib/screens/compras/facturas_compras_screen.dart').
                  labelStyle: TextStyle(color: AppTheme.textSecondary),
                                               ^^^^^^^^
lib/screens/compras/facturas_compras_screen.dart:641:28:
Error: The getter 'AppTheme' isn't defined for the type '_FacturasComprasScreenState'.
 - '_FacturasComprasScreenState' is from 'package:vercy_motos/screens/compras/facturas_compras_screen.dart' ('lib/screens/compras/facturas_compras_screen.dart').
                    color: AppTheme.textSecondary.withOpacity(0.5),
                           ^^^^^^^^
lib/screens/compras/facturas_compras_screen.dart:644:30:
Error: The getter 'AppTheme' isn't defined for the type '_FacturasComprasScreenState'.
 - '_FacturasComprasScreenState' is from 'package:vercy_motos/screens/compras/facturas_compras_screen.dart' ('lib/screens/compras/facturas_compras_screen.dart').
                  fillColor: AppTheme.backgroundDark,
                             ^^^^^^^^
lib/screens/compras/facturas_compras_screen.dart:648:30:
Error: The getter 'AppTheme' isn't defined for the type '_FacturasComprasScreenState'.
 - '_FacturasComprasScreenState' is from 'package:vercy_motos/screens/compras/facturas_compras_screen.dart' ('lib/screens/compras/facturas_compras_screen.dart').
                      color: AppTheme.textSecondary.withOpacity(0.3),
                             ^^^^^^^^
lib/screens/compras/facturas_compras_screen.dart:654:30:
Error: The getter 'AppTheme' isn't defined for the type '_FacturasComprasScreenState'.
 - '_FacturasComprasScreenState' is from 'package:vercy_motos/screens/compras/facturas_compras_screen.dart' ('lib/screens/compras/facturas_compras_screen.dart').
                      color: AppTheme.textSecondary.withOpacity(0.3),
                             ^^^^^^^^
lib/screens/compras/facturas_compras_screen.dart:670:41:
Error: The getter 'AppTheme' isn't defined for the type '_FacturasComprasScreenState'.
 - '_FacturasComprasScreenState' is from 'package:vercy_motos/screens/compras/facturas_compras_screen.dart' ('lib/screens/compras/facturas_compras_screen.dart').
                style: TextStyle(color: AppTheme.textSecondary),
                                        ^^^^^^^^
lib/screens/compras/facturas_compras_screen.dart:742:9:
Error: 'FacturaCompra' isn't a type.
  final FacturaCompra? facturaParaEditar;
        ^^^^^^^^^^^^^
lib/screens/compras/facturas_compras_screen.dart:754:9:
Error: 'FacturaCompraService' isn't a type.
  final FacturaCompraService _facturaCompraService = FacturaCompraService();
        ^^^^^^^^^^^^^^^^^^^^
lib/screens/compras/facturas_compras_screen.dart:754:54:
Error: Method not found: 'FacturaCompraService'.
  final FacturaCompraService _facturaCompraService = FacturaCompraService();
                                                     ^^^^^^^^^^^^^^^^^^^^
lib/screens/compras/facturas_compras_screen.dart:755:9:
Error: 'ProveedorService' isn't a type.
  final ProveedorService _proveedorService = ProveedorService();
        ^^^^^^^^^^^^^^^^
lib/screens/compras/facturas_compras_screen.dart:755:46:
Error: Method not found: 'ProveedorService'.
  final ProveedorService _proveedorService = ProveedorService();
                                             ^^^^^^^^^^^^^^^^
lib/screens/compras/facturas_compras_screen.dart:756:9:
Error: 'ProductoService' isn't a type.
  final ProductoService _productoService = ProductoService();
        ^^^^^^^^^^^^^^^
lib/screens/compras/facturas_compras_screen.dart:756:44:
Error: Method not found: 'ProductoService'.
  final ProductoService _productoService = ProductoService();
                                           ^^^^^^^^^^^^^^^
lib/screens/compras/facturas_compras_screen.dart:757:9:
Error: 'InventarioService' isn't a type.
  final InventarioService _inventarioService = InventarioService();
        ^^^^^^^^^^^^^^^^^
lib/screens/compras/facturas_compras_screen.dart:757:48:
Error: Method not found: 'InventarioService'.
  final InventarioService _inventarioService = InventarioService();
                                               ^^^^^^^^^^^^^^^^^
lib/screens/compras/facturas_compras_screen.dart:788:3:
Error: 'Producto' isn't a type.
  Producto? _productoSeleccionado;
  ^^^^^^^^
lib/screens/compras/facturas_compras_screen.dart:793:14:
Error: 'ItemFacturaCompra' isn't a type.
  final List<ItemFacturaCompra> _items = [];
             ^^^^^^^^^^^^^^^^^
lib/screens/compras/facturas_compras_screen.dart:794:8:
Error: 'Proveedor' isn't a type.
  List<Proveedor> _proveedores = [];
       ^^^^^^^^^
lib/screens/compras/facturas_compras_screen.dart:795:8:
Error: 'Producto' isn't a type.
  List<Producto> _productos = [];
       ^^^^^^^^
lib/screens/compras/facturas_compras_screen.dart:796:3:
Error: 'Proveedor' isn't a type.
  Proveedor? _proveedorSeleccionado;
  ^^^^^^^^^
lib/screens/compras/facturas_compras_screen.dart:956:41:
Error: 'DatosCacheProvider' isn't a type.
      final cacheProvider = Provider.of<DatosCacheProvider>(
                                        ^^^^^^^^^^^^^^^^^^
lib/screens/compras/facturas_compras_screen.dart:1359:61:
Error: 'DatosCacheProvider' isn't a type.
                          final cacheProvider = Provider.of<DatosCacheProvider>(
                                                            ^^^^^^^^^^^^^^^^^^
lib/screens/compras/facturas_compras_screen.dart:1024:28:
Error: The getter 'AppTheme' isn't defined for the type '_CrearFacturaCompraScreenState'.
 - '_CrearFacturaCompraScreenState' is from 'package:vercy_motos/screens/compras/facturas_compras_screen.dart' ('lib/screens/compras/facturas_compras_screen.dart').
          backgroundColor: AppTheme.cardBg,
                           ^^^^^^^^
lib/screens/compras/facturas_compras_screen.dart:1027:52:
Error: The getter 'AppTheme' isn't defined for the type '_CrearFacturaCompraScreenState'.
 - '_CrearFacturaCompraScreenState' is from 'package:vercy_motos/screens/compras/facturas_compras_screen.dart' ('lib/screens/compras/facturas_compras_screen.dart').
              Icon(Icons.add_shopping_cart, color: AppTheme.primary),
                                                   ^^^^^^^^
lib/screens/compras/facturas_compras_screen.dart:1031:41:
Error: The getter 'AppTheme' isn't defined for the type '_CrearFacturaCompraScreenState'.
 - '_CrearFacturaCompraScreenState' is from 'package:vercy_motos/screens/compras/facturas_compras_screen.dart' ('lib/screens/compras/facturas_compras_screen.dart').
                style: TextStyle(color: AppTheme.textPrimary, fontSize: 18),
                                        ^^^^^^^^
lib/screens/compras/facturas_compras_screen.dart:1044:45:
Error: The getter 'AppTheme' isn't defined for the type '_CrearFacturaCompraScreenState'.
 - '_CrearFacturaCompraScreenState' is from 'package:vercy_motos/screens/compras/facturas_compras_screen.dart' ('lib/screens/compras/facturas_compras_screen.dart').
                    style: TextStyle(color: AppTheme.textPrimary),
                                            ^^^^^^^^
lib/screens/compras/facturas_compras_screen.dart:1047:52:
Error: The getter 'AppTheme' isn't defined for the type '_CrearFacturaCompraScreenState'.
 - '_CrearFacturaCompraScreenState' is from 'package:vercy_motos/screens/compras/facturas_compras_screen.dart' ('lib/screens/compras/facturas_compras_screen.dart').
                      labelStyle: TextStyle(color: AppTheme.textSecondary),
                                                   ^^^^^^^^
lib/screens/compras/facturas_compras_screen.dart:1049:34:
Error: The getter 'AppTheme' isn't defined for the type '_CrearFacturaCompraScreenState'.
 - '_CrearFacturaCompraScreenState' is from 'package:vercy_motos/screens/compras/facturas_compras_screen.dart' ('lib/screens/compras/facturas_compras_screen.dart').
                      fillColor: AppTheme.surfaceDark,
                                 ^^^^^^^^
lib/screens/compras/facturas_compras_screen.dart:1063:51:
Error: The getter 'AppTheme' isn't defined for the type '_CrearFacturaCompraScreenState'.
 - '_CrearFacturaCompraScreenState' is from 'package:vercy_motos/screens/compras/facturas_compras_screen.dart' ('lib/screens/compras/facturas_compras_screen.dart').
                          style: TextStyle(color: AppTheme.textPrimary),
                                                  ^^^^^^^^
lib/screens/compras/facturas_compras_screen.dart:1067:38:
Error: The getter 'AppTheme' isn't defined for the type '_CrearFacturaCompraScreenState'.
 - '_CrearFacturaCompraScreenState' is from 'package:vercy_motos/screens/compras/facturas_compras_screen.dart' ('lib/screens/compras/facturas_compras_screen.dart').
                              color: AppTheme.textSecondary,
                                     ^^^^^^^^
lib/screens/compras/facturas_compras_screen.dart:1070:40:
Error: The getter 'AppTheme' isn't defined for the type '_CrearFacturaCompraScreenState'.
 - '_CrearFacturaCompraScreenState' is from 'package:vercy_motos/screens/compras/facturas_compras_screen.dart' ('lib/screens/compras/facturas_compras_screen.dart').
                            fillColor: AppTheme.surfaceDark,
                                       ^^^^^^^^
lib/screens/compras/facturas_compras_screen.dart:1082:51:
Error: The getter 'AppTheme' isn't defined for the type '_CrearFacturaCompraScreenState'.
 - '_CrearFacturaCompraScreenState' is from 'package:vercy_motos/screens/compras/facturas_compras_screen.dart' ('lib/screens/compras/facturas_compras_screen.dart').
                          style: TextStyle(color: AppTheme.textPrimary),
                                                  ^^^^^^^^
lib/screens/compras/facturas_compras_screen.dart:1086:38:
Error: The getter 'AppTheme' isn't defined for the type '_CrearFacturaCompraScreenState'.
 - '_CrearFacturaCompraScreenState' is from 'package:vercy_motos/screens/compras/facturas_compras_screen.dart' ('lib/screens/compras/facturas_compras_screen.dart').
                              color: AppTheme.textSecondary,
                                     ^^^^^^^^
lib/screens/compras/facturas_compras_screen.dart:1089:40:
Error: The getter 'AppTheme' isn't defined for the type '_CrearFacturaCompraScreenState'.
 - '_CrearFacturaCompraScreenState' is from 'package:vercy_motos/screens/compras/facturas_compras_screen.dart' ('lib/screens/compras/facturas_compras_screen.dart').
                            fillColor: AppTheme.surfaceDark,
                                       ^^^^^^^^
lib/screens/compras/facturas_compras_screen.dart:1107:51:
Error: The getter 'AppTheme' isn't defined for the type '_CrearFacturaCompraScreenState'.
 - '_CrearFacturaCompraScreenState' is from 'package:vercy_motos/screens/compras/facturas_compras_screen.dart' ('lib/screens/compras/facturas_compras_screen.dart').
                          style: TextStyle(color: AppTheme.textPrimary),
                                                  ^^^^^^^^
lib/screens/compras/facturas_compras_screen.dart:1111:38:
Error: The getter 'AppTheme' isn't defined for the type '_CrearFacturaCompraScreenState'.
 - '_CrearFacturaCompraScreenState' is from 'package:vercy_motos/screens/compras/facturas_compras_screen.dart' ('lib/screens/compras/facturas_compras_screen.dart').
                              color: AppTheme.textSecondary,
                                     ^^^^^^^^
lib/screens/compras/facturas_compras_screen.dart:1115:40:
Error: The getter 'AppTheme' isn't defined for the type '_CrearFacturaCompraScreenState'.
 - '_CrearFacturaCompraScreenState' is from 'package:vercy_motos/screens/compras/facturas_compras_screen.dart' ('lib/screens/compras/facturas_compras_screen.dart').
                            fillColor: AppTheme.surfaceDark,
                                       ^^^^^^^^
lib/screens/compras/facturas_compras_screen.dart:1128:51:
Error: The getter 'AppTheme' isn't defined for the type '_CrearFacturaCompraScreenState'.
 - '_CrearFacturaCompraScreenState' is from 'package:vercy_motos/screens/compras/facturas_compras_screen.dart' ('lib/screens/compras/facturas_compras_screen.dart').
                          style: TextStyle(color: AppTheme.textPrimary),
                                                  ^^^^^^^^
lib/screens/compras/facturas_compras_screen.dart:1132:38:
Error: The getter 'AppTheme' isn't defined for the type '_CrearFacturaCompraScreenState'.
 - '_CrearFacturaCompraScreenState' is from 'package:vercy_motos/screens/compras/facturas_compras_screen.dart' ('lib/screens/compras/facturas_compras_screen.dart').
                              color: AppTheme.textSecondary,
                                     ^^^^^^^^
lib/screens/compras/facturas_compras_screen.dart:1136:40:
Error: The getter 'AppTheme' isn't defined for the type '_CrearFacturaCompraScreenState'.
 - '_CrearFacturaCompraScreenState' is from 'package:vercy_motos/screens/compras/facturas_compras_screen.dart' ('lib/screens/compras/facturas_compras_screen.dart').
                            fillColor: AppTheme.surfaceDark,
                                       ^^^^^^^^
lib/screens/compras/facturas_compras_screen.dart:1151:45:
Error: The getter 'AppTheme' isn't defined for the type '_CrearFacturaCompraScreenState'.
 - '_CrearFacturaCompraScreenState' is from 'package:vercy_motos/screens/compras/facturas_compras_screen.dart' ('lib/screens/compras/facturas_compras_screen.dart').
                    style: TextStyle(color: AppTheme.textPrimary),
                                            ^^^^^^^^
lib/screens/compras/facturas_compras_screen.dart:1154:52:
Error: The getter 'AppTheme' isn't defined for the type '_CrearFacturaCompraScreenState'.
 - '_CrearFacturaCompraScreenState' is from 'package:vercy_motos/screens/compras/facturas_compras_screen.dart' ('lib/screens/compras/facturas_compras_screen.dart').
                      labelStyle: TextStyle(color: AppTheme.textSecondary),
                                                   ^^^^^^^^
lib/screens/compras/facturas_compras_screen.dart:1156:34:
Error: The getter 'AppTheme' isn't defined for the type '_CrearFacturaCompraScreenState'.
 - '_CrearFacturaCompraScreenState' is from 'package:vercy_motos/screens/compras/facturas_compras_screen.dart' ('lib/screens/compras/facturas_compras_screen.dart').
                      fillColor: AppTheme.surfaceDark,
                                 ^^^^^^^^
lib/screens/compras/facturas_compras_screen.dart:1171:51:
Error: The getter 'AppTheme' isn't defined for the type '_CrearFacturaCompraScreenState'.
 - '_CrearFacturaCompraScreenState' is from 'package:vercy_motos/screens/compras/facturas_compras_screen.dart' ('lib/screens/compras/facturas_compras_screen.dart').
                          style: TextStyle(color: AppTheme.textPrimary),
                                                  ^^^^^^^^
lib/screens/compras/facturas_compras_screen.dart:1175:38:
Error: The getter 'AppTheme' isn't defined for the type '_CrearFacturaCompraScreenState'.
 - '_CrearFacturaCompraScreenState' is from 'package:vercy_motos/screens/compras/facturas_compras_screen.dart' ('lib/screens/compras/facturas_compras_screen.dart').
                              color: AppTheme.textSecondary,
                                     ^^^^^^^^
lib/screens/compras/facturas_compras_screen.dart:1178:40:
Error: The getter 'AppTheme' isn't defined for the type '_CrearFacturaCompraScreenState'.
 - '_CrearFacturaCompraScreenState' is from 'package:vercy_motos/screens/compras/facturas_compras_screen.dart' ('lib/screens/compras/facturas_compras_screen.dart').
                            fillColor: AppTheme.surfaceDark,
                                       ^^^^^^^^
lib/screens/compras/facturas_compras_screen.dart:1191:51:
Error: The getter 'AppTheme' isn't defined for the type '_CrearFacturaCompraScreenState'.
 - '_CrearFacturaCompraScreenState' is from 'package:vercy_motos/screens/compras/facturas_compras_screen.dart' ('lib/screens/compras/facturas_compras_screen.dart').
                          style: TextStyle(color: AppTheme.textPrimary),
                                                  ^^^^^^^^
lib/screens/compras/facturas_compras_screen.dart:1195:38:
Error: The getter 'AppTheme' isn't defined for the type '_CrearFacturaCompraScreenState'.
 - '_CrearFacturaCompraScreenState' is from 'package:vercy_motos/screens/compras/facturas_compras_screen.dart' ('lib/screens/compras/facturas_compras_screen.dart').
                              color: AppTheme.textSecondary,
                                     ^^^^^^^^
lib/screens/compras/facturas_compras_screen.dart:1198:40:
Error: The getter 'AppTheme' isn't defined for the type '_CrearFacturaCompraScreenState'.
 - '_CrearFacturaCompraScreenState' is from 'package:vercy_motos/screens/compras/facturas_compras_screen.dart' ('lib/screens/compras/facturas_compras_screen.dart').
                            fillColor: AppTheme.surfaceDark,
                                       ^^^^^^^^
lib/screens/compras/facturas_compras_screen.dart:1215:51:
Error: The getter 'AppTheme' isn't defined for the type '_CrearFacturaCompraScreenState'.
 - '_CrearFacturaCompraScreenState' is from 'package:vercy_motos/screens/compras/facturas_compras_screen.dart' ('lib/screens/compras/facturas_compras_screen.dart').
                          style: TextStyle(color: AppTheme.textPrimary),
                                                  ^^^^^^^^
lib/screens/compras/facturas_compras_screen.dart:1219:38:
Error: The getter 'AppTheme' isn't defined for the type '_CrearFacturaCompraScreenState'.
 - '_CrearFacturaCompraScreenState' is from 'package:vercy_motos/screens/compras/facturas_compras_screen.dart' ('lib/screens/compras/facturas_compras_screen.dart').
                              color: AppTheme.textSecondary,
                                     ^^^^^^^^
lib/screens/compras/facturas_compras_screen.dart:1222:40:
Error: The getter 'AppTheme' isn't defined for the type '_CrearFacturaCompraScreenState'.
 - '_CrearFacturaCompraScreenState' is from 'package:vercy_motos/screens/compras/facturas_compras_screen.dart' ('lib/screens/compras/facturas_compras_screen.dart').
                            fillColor: AppTheme.surfaceDark,
                                       ^^^^^^^^
lib/screens/compras/facturas_compras_screen.dart:1234:51:
Error: The getter 'AppTheme' isn't defined for the type '_CrearFacturaCompraScreenState'.
 - '_CrearFacturaCompraScreenState' is from 'package:vercy_motos/screens/compras/facturas_compras_screen.dart' ('lib/screens/compras/facturas_compras_screen.dart').
                          style: TextStyle(color: AppTheme.textPrimary),
                                                  ^^^^^^^^
lib/screens/compras/facturas_compras_screen.dart:1238:38:
Error: The getter 'AppTheme' isn't defined for the type '_CrearFacturaCompraScreenState'.
 - '_CrearFacturaCompraScreenState' is from 'package:vercy_motos/screens/compras/facturas_compras_screen.dart' ('lib/screens/compras/facturas_compras_screen.dart').
                              color: AppTheme.textSecondary,
                                     ^^^^^^^^
lib/screens/compras/facturas_compras_screen.dart:1241:40:
Error: The getter 'AppTheme' isn't defined for the type '_CrearFacturaCompraScreenState'.
 - '_CrearFacturaCompraScreenState' is from 'package:vercy_motos/screens/compras/facturas_compras_screen.dart' ('lib/screens/compras/facturas_compras_screen.dart').
                            fillColor: AppTheme.surfaceDark,
                                       ^^^^^^^^
lib/screens/compras/facturas_compras_screen.dart:1255:45:
Error: The getter 'AppTheme' isn't defined for the type '_CrearFacturaCompraScreenState'.
 - '_CrearFacturaCompraScreenState' is from 'package:vercy_motos/screens/compras/facturas_compras_screen.dart' ('lib/screens/compras/facturas_compras_screen.dart').
                    style: TextStyle(color: AppTheme.textPrimary),
                                            ^^^^^^^^
lib/screens/compras/facturas_compras_screen.dart:1258:52:
Error: The getter 'AppTheme' isn't defined for the type '_CrearFacturaCompraScreenState'.
 - '_CrearFacturaCompraScreenState' is from 'package:vercy_motos/screens/compras/facturas_compras_screen.dart' ('lib/screens/compras/facturas_compras_screen.dart').
                      labelStyle: TextStyle(color: AppTheme.textSecondary),
                                                   ^^^^^^^^
lib/screens/compras/facturas_compras_screen.dart:1260:34:
Error: The getter 'AppTheme' isn't defined for the type '_CrearFacturaCompraScreenState'.
 - '_CrearFacturaCompraScreenState' is from 'package:vercy_motos/screens/compras/facturas_compras_screen.dart' ('lib/screens/compras/facturas_compras_screen.dart').
                      fillColor: AppTheme.surfaceDark,
                                 ^^^^^^^^
lib/screens/compras/facturas_compras_screen.dart:1272:45:
Error: The getter 'AppTheme' isn't defined for the type '_CrearFacturaCompraScreenState'.
 - '_CrearFacturaCompraScreenState' is from 'package:vercy_motos/screens/compras/facturas_compras_screen.dart' ('lib/screens/compras/facturas_compras_screen.dart').
                    style: TextStyle(color: AppTheme.textPrimary),
                                            ^^^^^^^^
lib/screens/compras/facturas_compras_screen.dart:1275:52:
Error: The getter 'AppTheme' isn't defined for the type '_CrearFacturaCompraScreenState'.
 - '_CrearFacturaCompraScreenState' is from 'package:vercy_motos/screens/compras/facturas_compras_screen.dart' ('lib/screens/compras/facturas_compras_screen.dart').
                      labelStyle: TextStyle(color: AppTheme.textSecondary),
                                                   ^^^^^^^^
lib/screens/compras/facturas_compras_screen.dart:1277:34:
Error: The getter 'AppTheme' isn't defined for the type '_CrearFacturaCompraScreenState'.
 - '_CrearFacturaCompraScreenState' is from 'package:vercy_motos/screens/compras/facturas_compras_screen.dart' ('lib/screens/compras/facturas_compras_screen.dart').
                      fillColor: AppTheme.surfaceDark,
                                 ^^^^^^^^
lib/screens/compras/facturas_compras_screen.dart:1293:41:
Error: The getter 'AppTheme' isn't defined for the type '_CrearFacturaCompraScreenState'.
 - '_CrearFacturaCompraScreenState' is from 'package:vercy_motos/screens/compras/facturas_compras_screen.dart' ('lib/screens/compras/facturas_compras_screen.dart').
                style: TextStyle(color: AppTheme.textSecondary),
                                        ^^^^^^^^
lib/screens/compras/facturas_compras_screen.dart:1327:47:
Error: The method 'Producto' isn't defined for the type '_CrearFacturaCompraScreenState'.
 - '_CrearFacturaCompraScreenState' is from 'package:vercy_motos/screens/compras/facturas_compras_screen.dart' ('lib/screens/compras/facturas_compras_screen.dart').
                        final nuevoProducto = Producto(
                                              ^^^^^^^^
lib/screens/compras/facturas_compras_screen.dart:1388:46:
Error: The getter 'AppTheme' isn't defined for the type '_CrearFacturaCompraScreenState'.
 - '_CrearFacturaCompraScreenState' is from 'package:vercy_motos/screens/compras/facturas_compras_screen.dart' ('lib/screens/compras/facturas_compras_screen.dart').
                            backgroundColor: AppTheme.success,
                                             ^^^^^^^^
lib/screens/compras/facturas_compras_screen.dart:1397:46:
Error: The getter 'AppTheme' isn't defined for the type '_CrearFacturaCompraScreenState'.
 - '_CrearFacturaCompraScreenState' is from 'package:vercy_motos/screens/compras/facturas_compras_screen.dart' ('lib/screens/compras/facturas_compras_screen.dart').
                            backgroundColor: AppTheme.error,
                                             ^^^^^^^^
lib/screens/compras/facturas_compras_screen.dart:1403:34:
Error: The getter 'AppTheme' isn't defined for the type '_CrearFacturaCompraScreenState'.
 - '_CrearFacturaCompraScreenState' is from 'package:vercy_motos/screens/compras/facturas_compras_screen.dart' ('lib/screens/compras/facturas_compras_screen.dart').
                backgroundColor: AppTheme.primary,
                                 ^^^^^^^^
lib/screens/compras/facturas_compras_screen.dart:1425:24:
Error: The getter 'AppTheme' isn't defined for the type '_CrearFacturaCompraScreenState'.
 - '_CrearFacturaCompraScreenState' is from 'package:vercy_motos/screens/compras/facturas_compras_screen.dart' ('lib/screens/compras/facturas_compras_screen.dart').
      backgroundColor: AppTheme.backgroundDark,
                       ^^^^^^^^
lib/screens/compras/facturas_compras_screen.dart:1430:20:
Error: The getter 'AppTheme' isn't defined for the type '_CrearFacturaCompraScreenState'.
 - '_CrearFacturaCompraScreenState' is from 'package:vercy_motos/screens/compras/facturas_compras_screen.dart' ('lib/screens/compras/facturas_compras_screen.dart').
            color: AppTheme.textPrimary,
                   ^^^^^^^^
lib/screens/compras/facturas_compras_screen.dart:1434:26:
Error: The getter 'AppTheme' isn't defined for the type '_CrearFacturaCompraScreenState'.
 - '_CrearFacturaCompraScreenState' is from 'package:vercy_motos/screens/compras/facturas_compras_screen.dart' ('lib/screens/compras/facturas_compras_screen.dart').
        backgroundColor: AppTheme.backgroundDark,
                         ^^^^^^^^
lib/screens/compras/facturas_compras_screen.dart:1436:41:
Error: The getter 'AppTheme' isn't defined for the type '_CrearFacturaCompraScreenState'.
 - '_CrearFacturaCompraScreenState' is from 'package:vercy_motos/screens/compras/facturas_compras_screen.dart' ('lib/screens/compras/facturas_compras_screen.dart').
        iconTheme: IconThemeData(color: AppTheme.textPrimary),
                                        ^^^^^^^^
lib/screens/compras/facturas_compras_screen.dart:1446:32:
Error: The getter 'AppTheme' isn't defined for the type '_CrearFacturaCompraScreenState'.
 - '_CrearFacturaCompraScreenState' is from 'package:vercy_motos/screens/compras/facturas_compras_screen.dart' ('lib/screens/compras/facturas_compras_screen.dart').
              backgroundColor: AppTheme.primary,
                               ^^^^^^^^
lib/screens/compras/facturas_compras_screen.dart:1461:60:
Error: The getter 'AppTheme' isn't defined for the type '_CrearFacturaCompraScreenState'.
 - '_CrearFacturaCompraScreenState' is from 'package:vercy_motos/screens/compras/facturas_compras_screen.dart' ('lib/screens/compras/facturas_compras_screen.dart').
          ? Center(child: CircularProgressIndicator(color: AppTheme.primary))
                                                           ^^^^^^^^
lib/screens/compras/facturas_compras_screen.dart:1664:54:
Error: 'Proveedor' isn't a type.
                      child: DropdownButtonFormField<Proveedor>(
                                                     ^^^^^^^^^
lib/screens/compras/facturas_compras_screen.dart:1682:44:
Error: 'Proveedor' isn't a type.
                          DropdownMenuItem<Proveedor>(
                                           ^^^^^^^^^
lib/screens/compras/facturas_compras_screen.dart:1690:53:
Error: 'Proveedor' isn't a type.
                            return DropdownMenuItem<Proveedor>(
                                                    ^^^^^^^^^
lib/screens/compras/facturas_compras_screen.dart:1699:37:
Error: 'Proveedor' isn't a type.
                        onChanged: (Proveedor? valor) {
                                    ^^^^^^^^^
lib/screens/compras/facturas_compras_screen.dart:1543:30:
Error: The getter 'AppTheme' isn't defined for the type '_CrearFacturaCompraScreenState'.
 - '_CrearFacturaCompraScreenState' is from 'package:vercy_motos/screens/compras/facturas_compras_screen.dart' ('lib/screens/compras/facturas_compras_screen.dart').
                      color: AppTheme.textSecondary,
                             ^^^^^^^^
lib/screens/compras/facturas_compras_screen.dart:1557:34:
Error: The getter 'AppTheme' isn't defined for the type '_CrearFacturaCompraScreenState'.
 - '_CrearFacturaCompraScreenState' is from 'package:vercy_motos/screens/compras/facturas_compras_screen.dart' ('lib/screens/compras/facturas_compras_screen.dart').
                          color: AppTheme.surfaceDark,
                                 ^^^^^^^^
lib/screens/compras/facturas_compras_screen.dart:1560:36:
Error: The getter 'AppTheme' isn't defined for the type '_CrearFacturaCompraScreenState'.
 - '_CrearFacturaCompraScreenState' is from 'package:vercy_motos/screens/compras/facturas_compras_screen.dart' ('lib/screens/compras/facturas_compras_screen.dart').
                            color: AppTheme.textSecondary.withOpacity(0.3),
                                   ^^^^^^^^
lib/screens/compras/facturas_compras_screen.dart:1569:40:
Error: The getter 'AppTheme' isn't defined for the type '_CrearFacturaCompraScreenState'.
 - '_CrearFacturaCompraScreenState' is from 'package:vercy_motos/screens/compras/facturas_compras_screen.dart' ('lib/screens/compras/facturas_compras_screen.dart').
                                color: AppTheme.textPrimary,
                                       ^^^^^^^^
lib/screens/compras/facturas_compras_screen.dart:1575:38:
Error: The getter 'AppTheme' isn't defined for the type '_CrearFacturaCompraScreenState'.
 - '_CrearFacturaCompraScreenState' is from 'package:vercy_motos/screens/compras/facturas_compras_screen.dart' ('lib/screens/compras/facturas_compras_screen.dart').
                              color: AppTheme.textSecondary,
                                     ^^^^^^^^
lib/screens/compras/facturas_compras_screen.dart:1594:30:
Error: The getter 'AppTheme' isn't defined for the type '_CrearFacturaCompraScreenState'.
 - '_CrearFacturaCompraScreenState' is from 'package:vercy_motos/screens/compras/facturas_compras_screen.dart' ('lib/screens/compras/facturas_compras_screen.dart').
                      color: AppTheme.textSecondary,
                             ^^^^^^^^
lib/screens/compras/facturas_compras_screen.dart:1608:34:
Error: The getter 'AppTheme' isn't defined for the type '_CrearFacturaCompraScreenState'.
 - '_CrearFacturaCompraScreenState' is from 'package:vercy_motos/screens/compras/facturas_compras_screen.dart' ('lib/screens/compras/facturas_compras_screen.dart').
                          color: AppTheme.surfaceDark,
                                 ^^^^^^^^
lib/screens/compras/facturas_compras_screen.dart:1611:36:
Error: The getter 'AppTheme' isn't defined for the type '_CrearFacturaCompraScreenState'.
 - '_CrearFacturaCompraScreenState' is from 'package:vercy_motos/screens/compras/facturas_compras_screen.dart' ('lib/screens/compras/facturas_compras_screen.dart').
                            color: AppTheme.textSecondary.withOpacity(0.3),
                                   ^^^^^^^^
lib/screens/compras/facturas_compras_screen.dart:1620:40:
Error: The getter 'AppTheme' isn't defined for the type '_CrearFacturaCompraScreenState'.
 - '_CrearFacturaCompraScreenState' is from 'package:vercy_motos/screens/compras/facturas_compras_screen.dart' ('lib/screens/compras/facturas_compras_screen.dart').
                                color: AppTheme.textPrimary,
                                       ^^^^^^^^
lib/screens/compras/facturas_compras_screen.dart:1626:38:
Error: The getter 'AppTheme' isn't defined for the type '_CrearFacturaCompraScreenState'.
 - '_CrearFacturaCompraScreenState' is from 'package:vercy_motos/screens/compras/facturas_compras_screen.dart' ('lib/screens/compras/facturas_compras_screen.dart').
                              color: AppTheme.textSecondary,
                                     ^^^^^^^^
lib/screens/compras/facturas_compras_screen.dart:1650:30:
Error: The getter 'AppTheme' isn't defined for the type '_CrearFacturaCompraScreenState'.
 - '_CrearFacturaCompraScreenState' is from 'package:vercy_motos/screens/compras/facturas_compras_screen.dart' ('lib/screens/compras/facturas_compras_screen.dart').
                      color: AppTheme.textSecondary,
                             ^^^^^^^^
lib/screens/compras/facturas_compras_screen.dart:1658:32:
Error: The getter 'AppTheme' isn't defined for the type '_CrearFacturaCompraScreenState'.
 - '_CrearFacturaCompraScreenState' is from 'package:vercy_motos/screens/compras/facturas_compras_screen.dart' ('lib/screens/compras/facturas_compras_screen.dart').
                        color: AppTheme.surfaceDark,
                               ^^^^^^^^
lib/screens/compras/facturas_compras_screen.dart:1661:34:
Error: The getter 'AppTheme' isn't defined for the type '_CrearFacturaCompraScreenState'.
 - '_CrearFacturaCompraScreenState' is from 'package:vercy_motos/screens/compras/facturas_compras_screen.dart' ('lib/screens/compras/facturas_compras_screen.dart').
                          color: AppTheme.textSecondary.withOpacity(0.3),
                                 ^^^^^^^^
lib/screens/compras/facturas_compras_screen.dart:1667:34:
Error: The getter 'AppTheme' isn't defined for the type '_CrearFacturaCompraScreenState'.
 - '_CrearFacturaCompraScreenState' is from 'package:vercy_motos/screens/compras/facturas_compras_screen.dart' ('lib/screens/compras/facturas_compras_screen.dart').
                          color: AppTheme.textPrimary,
                                 ^^^^^^^^
lib/screens/compras/facturas_compras_screen.dart:1677:55:
Error: The getter 'AppTheme' isn't defined for the type '_CrearFacturaCompraScreenState'.
 - '_CrearFacturaCompraScreenState' is from 'package:vercy_motos/screens/compras/facturas_compras_screen.dart' ('lib/screens/compras/facturas_compras_screen.dart').
                          hintStyle: TextStyle(color: AppTheme.textSecondary),
                                                      ^^^^^^^^
lib/screens/compras/facturas_compras_screen.dart:1679:40:
Error: The getter 'AppTheme' isn't defined for the type '_CrearFacturaCompraScreenState'.
 - '_CrearFacturaCompraScreenState' is from 'package:vercy_motos/screens/compras/facturas_compras_screen.dart' ('lib/screens/compras/facturas_compras_screen.dart').
                        dropdownColor: AppTheme.cardBg,
                                       ^^^^^^^^
lib/screens/compras/facturas_compras_screen.dart:1686:55:
Error: The getter 'AppTheme' isn't defined for the type '_CrearFacturaCompraScreenState'.
 - '_CrearFacturaCompraScreenState' is from 'package:vercy_motos/screens/compras/facturas_compras_screen.dart' ('lib/screens/compras/facturas_compras_screen.dart').
                              style: TextStyle(color: AppTheme.textSecondary),
                                                      ^^^^^^^^
lib/screens/compras/facturas_compras_screen.dart:1693:43:
Error: The getter 'nombre' isn't defined for the type 'Object?'.
 - 'Object' is from 'dart:core'.
                                proveedor.nombre,
                                          ^^^^^^
lib/screens/compras/facturas_compras_screen.dart:1694:57:
Error: The getter 'AppTheme' isn't defined for the type '_CrearFacturaCompraScreenState'.
 - '_CrearFacturaCompraScreenState' is from 'package:vercy_motos/screens/compras/facturas_compras_screen.dart' ('lib/screens/compras/facturas_compras_screen.dart').
                                style: TextStyle(color: AppTheme.textPrimary),
                                                        ^^^^^^^^
lib/screens/compras/facturas_compras_screen.dart:1726:30:
Error: The getter 'AppTheme' isn't defined for the type '_CrearFacturaCompraScreenState'.
 - '_CrearFacturaCompraScreenState' is from 'package:vercy_motos/screens/compras/facturas_compras_screen.dart' ('lib/screens/compras/facturas_compras_screen.dart').
                      color: AppTheme.textSecondary,
                             ^^^^^^^^
lib/screens/compras/facturas_compras_screen.dart:1738:32:
Error: The getter 'AppTheme' isn't defined for the type '_CrearFacturaCompraScreenState'.
 - '_CrearFacturaCompraScreenState' is from 'package:vercy_motos/screens/compras/facturas_compras_screen.dart' ('lib/screens/compras/facturas_compras_screen.dart').
                        color: AppTheme.surfaceDark,
                               ^^^^^^^^
lib/screens/compras/facturas_compras_screen.dart:1741:34:
Error: The getter 'AppTheme' isn't defined for the type '_CrearFacturaCompraScreenState'.
 - '_CrearFacturaCompraScreenState' is from 'package:vercy_motos/screens/compras/facturas_compras_screen.dart' ('lib/screens/compras/facturas_compras_screen.dart').
                          color: AppTheme.textSecondary.withOpacity(0.3),
                                 ^^^^^^^^
lib/screens/compras/facturas_compras_screen.dart:1747:34:
Error: The getter 'AppTheme' isn't defined for the type '_CrearFacturaCompraScreenState'.
 - '_CrearFacturaCompraScreenState' is from 'package:vercy_motos/screens/compras/facturas_compras_screen.dart' ('lib/screens/compras/facturas_compras_screen.dart').
                          color: AppTheme.textPrimary,
                                 ^^^^^^^^
lib/screens/compras/facturas_compras_screen.dart:1848:43:
Error: The getter 'AppTheme' isn't defined for the type '_CrearFacturaCompraScreenState'.
 - '_CrearFacturaCompraScreenState' is from 'package:vercy_motos/screens/compras/facturas_compras_screen.dart' ('lib/screens/compras/facturas_compras_screen.dart').
                  style: TextStyle(color: AppTheme.textPrimary),
                                          ^^^^^^^^
lib/screens/compras/facturas_compras_screen.dart:1853:30:
Error: The getter 'AppTheme' isn't defined for the type '_CrearFacturaCompraScreenState'.
 - '_CrearFacturaCompraScreenState' is from 'package:vercy_motos/screens/compras/facturas_compras_screen.dart' ('lib/screens/compras/facturas_compras_screen.dart').
                      color: AppTheme.textSecondary,
                             ^^^^^^^^
lib/screens/compras/facturas_compras_screen.dart:1857:32:
Error: The getter 'AppTheme' isn't defined for the type '_CrearFacturaCompraScreenState'.
 - '_CrearFacturaCompraScreenState' is from 'package:vercy_motos/screens/compras/facturas_compras_screen.dart' ('lib/screens/compras/facturas_compras_screen.dart').
                    fillColor: AppTheme.surfaceDark,
                               ^^^^^^^^
lib/screens/compras/facturas_compras_screen.dart:1997:34:
Error: 'Producto' isn't a type.
                  : Autocomplete<Producto>(
                                 ^^^^^^^^
lib/screens/compras/facturas_compras_screen.dart:2000:49:
Error: 'Producto' isn't a type.
                          return const Iterable<Producto>.empty();
                                                ^^^^^^^^
lib/screens/compras/facturas_compras_screen.dart:2011:48:
Error: 'Producto' isn't a type.
                      displayStringForOption: (Producto producto) =>
                                               ^^^^^^^^
lib/screens/compras/facturas_compras_screen.dart:2015:36:
Error: 'Producto' isn't a type.
                      onSelected: (Producto producto) {
                                   ^^^^^^^^
lib/screens/compras/facturas_compras_screen.dart:2067:52:
Error: 'Producto' isn't a type.
                            AutocompleteOnSelected<Producto> onSelected,
                                                   ^^^^^^^^
lib/screens/compras/facturas_compras_screen.dart:2068:38:
Error: 'Producto' isn't a type.
                            Iterable<Producto> options,
                                     ^^^^^^^^
lib/screens/compras/facturas_compras_screen.dart:2086:45:
Error: 'Producto' isn't a type.
                                      final Producto option = options.elementAt(index);
                                            ^^^^^^^^
lib/screens/compras/facturas_compras_screen.dart:2145:34:
Error: 'Producto' isn't a type.
                  : Autocomplete<Producto>(
                                 ^^^^^^^^
lib/screens/compras/facturas_compras_screen.dart:2149:49:
Error: 'Producto' isn't a type.
                          return const Iterable<Producto>.empty();
                                                ^^^^^^^^
lib/screens/compras/facturas_compras_screen.dart:2153:49:
Error: 'Producto' isn't a type.
                          return const Iterable<Producto>.empty();
                                                ^^^^^^^^
lib/screens/compras/facturas_compras_screen.dart:2162:48:
Error: 'Producto' isn't a type.
                      displayStringForOption: (Producto producto) =>
                                               ^^^^^^^^
lib/screens/compras/facturas_compras_screen.dart:2164:36:
Error: 'Producto' isn't a type.
                      onSelected: (Producto producto) {
                                   ^^^^^^^^
lib/screens/compras/facturas_compras_screen.dart:2219:52:
Error: 'Producto' isn't a type.
                            AutocompleteOnSelected<Producto> onSelected,
                                                   ^^^^^^^^
lib/screens/compras/facturas_compras_screen.dart:2220:38:
Error: 'Producto' isn't a type.
                            Iterable<Producto> options,
                                     ^^^^^^^^
lib/screens/compras/facturas_compras_screen.dart:2238:45:
Error: 'Producto' isn't a type.
                                      final Producto option = options.elementAt(
                                            ^^^^^^^^
lib/screens/compras/facturas_compras_screen.dart:1888:20:
Error: The getter 'AppTheme' isn't defined for the type '_CrearFacturaCompraScreenState'.
 - '_CrearFacturaCompraScreenState' is from 'package:vercy_motos/screens/compras/facturas_compras_screen.dart' ('lib/screens/compras/facturas_compras_screen.dart').
            color: AppTheme.textPrimary,
                   ^^^^^^^^
lib/screens/compras/facturas_compras_screen.dart:1898:20:
Error: The getter 'AppTheme' isn't defined for the type '_CrearFacturaCompraScreenState'.
 - '_CrearFacturaCompraScreenState' is from 'package:vercy_motos/screens/compras/facturas_compras_screen.dart' ('lib/screens/compras/facturas_compras_screen.dart').
            color: AppTheme.primary.withOpacity(0.2),
                   ^^^^^^^^
lib/screens/compras/facturas_compras_screen.dart:1905:41:
Error: The getter 'AppTheme' isn't defined for the type '_CrearFacturaCompraScreenState'.
 - '_CrearFacturaCompraScreenState' is from 'package:vercy_motos/screens/compras/facturas_compras_screen.dart' ('lib/screens/compras/facturas_compras_screen.dart').
                style: TextStyle(color: AppTheme.textPrimary, fontSize: 13),
                                        ^^^^^^^^
lib/screens/compras/facturas_compras_screen.dart:1910:43:
Error: The getter 'AppTheme' isn't defined for the type '_CrearFacturaCompraScreenState'.
 - '_CrearFacturaCompraScreenState' is from 'package:vercy_motos/screens/compras/facturas_compras_screen.dart' ('lib/screens/compras/facturas_compras_screen.dart').
                  style: TextStyle(color: AppTheme.textPrimary, fontSize: 14),
                                          ^^^^^^^^
lib/screens/compras/facturas_compras_screen.dart:1919:30:
Error: The getter 'AppTheme' isn't defined for the type '_CrearFacturaCompraScreenState'.
 - '_CrearFacturaCompraScreenState' is from 'package:vercy_motos/screens/compras/facturas_compras_screen.dart' ('lib/screens/compras/facturas_compras_screen.dart').
                      color: AppTheme.textSecondary,
                             ^^^^^^^^
lib/screens/compras/facturas_compras_screen.dart:1923:32:
Error: The getter 'AppTheme' isn't defined for the type '_CrearFacturaCompraScreenState'.
 - '_CrearFacturaCompraScreenState' is from 'package:vercy_motos/screens/compras/facturas_compras_screen.dart' ('lib/screens/compras/facturas_compras_screen.dart').
                    fillColor: AppTheme.surfaceDark,
                               ^^^^^^^^
lib/screens/compras/facturas_compras_screen.dart:1932:41:
Error: The getter 'id' isn't defined for the type 'Object?'.
 - 'Object' is from 'dart:core'.
                        .where((p) => p.id == value)
                                        ^^
lib/screens/compras/facturas_compras_screen.dart:1973:32:
Error: The getter 'AppTheme' isn't defined for the type '_CrearFacturaCompraScreenState'.
 - '_CrearFacturaCompraScreenState' is from 'package:vercy_motos/screens/compras/facturas_compras_screen.dart' ('lib/screens/compras/facturas_compras_screen.dart').
                        color: AppTheme.surfaceDark,
                               ^^^^^^^^
lib/screens/compras/facturas_compras_screen.dart:1983:38:
Error: The getter 'AppTheme' isn't defined for the type '_CrearFacturaCompraScreenState'.
 - '_CrearFacturaCompraScreenState' is from 'package:vercy_motos/screens/compras/facturas_compras_screen.dart' ('lib/screens/compras/facturas_compras_screen.dart').
                              color: AppTheme.primary,
                                     ^^^^^^^^
lib/screens/compras/facturas_compras_screen.dart:1990:38:
Error: The getter 'AppTheme' isn't defined for the type '_CrearFacturaCompraScreenState'.
 - '_CrearFacturaCompraScreenState' is from 'package:vercy_motos/screens/compras/facturas_compras_screen.dart' ('lib/screens/compras/facturas_compras_screen.dart').
                              color: AppTheme.textSecondary,
                                     ^^^^^^^^
lib/screens/compras/facturas_compras_screen.dart:2006:46:
Error: The getter 'codigo' isn't defined for the type 'Object?'.
 - 'Object' is from 'dart:core'.
                              final cod = (p.codigo ?? '').toLowerCase();
                                             ^^^^^^
lib/screens/compras/facturas_compras_screen.dart:2041:40:
Error: The getter 'AppTheme' isn't defined for the type '_CrearFacturaCompraScreenState'.
 - '_CrearFacturaCompraScreenState' is from 'package:vercy_motos/screens/compras/facturas_compras_screen.dart' ('lib/screens/compras/facturas_compras_screen.dart').
                                color: AppTheme.textPrimary,
                                       ^^^^^^^^
lib/screens/compras/facturas_compras_screen.dart:2052:42:
Error: The getter 'AppTheme' isn't defined for the type '_CrearFacturaCompraScreenState'.
 - '_CrearFacturaCompraScreenState' is from 'package:vercy_motos/screens/compras/facturas_compras_screen.dart' ('lib/screens/compras/facturas_compras_screen.dart').
                                  color: AppTheme.textSecondary,
                                         ^^^^^^^^
lib/screens/compras/facturas_compras_screen.dart:2056:44:
Error: The getter 'AppTheme' isn't defined for the type '_CrearFacturaCompraScreenState'.
 - '_CrearFacturaCompraScreenState' is from 'package:vercy_motos/screens/compras/facturas_compras_screen.dart' ('lib/screens/compras/facturas_compras_screen.dart').
                                fillColor: AppTheme.surfaceDark,
                                           ^^^^^^^^
lib/screens/compras/facturas_compras_screen.dart:2074:40:
Error: The getter 'AppTheme' isn't defined for the type '_CrearFacturaCompraScreenState'.
 - '_CrearFacturaCompraScreenState' is from 'package:vercy_motos/screens/compras/facturas_compras_screen.dart' ('lib/screens/compras/facturas_compras_screen.dart').
                                color: AppTheme.surfaceDark,
                                       ^^^^^^^^
lib/screens/compras/facturas_compras_screen.dart:2096:54:
Error: The getter 'AppTheme' isn't defined for the type '_CrearFacturaCompraScreenState'.
 - '_CrearFacturaCompraScreenState' is from 'package:vercy_motos/screens/compras/facturas_compras_screen.dart' ('lib/screens/compras/facturas_compras_screen.dart').
                                              color: AppTheme.textPrimary,
                                                     ^^^^^^^^
lib/screens/compras/facturas_compras_screen.dart:2121:32:
Error: The getter 'AppTheme' isn't defined for the type '_CrearFacturaCompraScreenState'.
 - '_CrearFacturaCompraScreenState' is from 'package:vercy_motos/screens/compras/facturas_compras_screen.dart' ('lib/screens/compras/facturas_compras_screen.dart').
                        color: AppTheme.surfaceDark,
                               ^^^^^^^^
lib/screens/compras/facturas_compras_screen.dart:2131:38:
Error: The getter 'AppTheme' isn't defined for the type '_CrearFacturaCompraScreenState'.
 - '_CrearFacturaCompraScreenState' is from 'package:vercy_motos/screens/compras/facturas_compras_screen.dart' ('lib/screens/compras/facturas_compras_screen.dart').
                              color: AppTheme.primary,
                                     ^^^^^^^^
lib/screens/compras/facturas_compras_screen.dart:2138:38:
Error: The getter 'AppTheme' isn't defined for the type '_CrearFacturaCompraScreenState'.
 - '_CrearFacturaCompraScreenState' is from 'package:vercy_motos/screens/compras/facturas_compras_screen.dart' ('lib/screens/compras/facturas_compras_screen.dart').
                              color: AppTheme.textSecondary,
                                     ^^^^^^^^
lib/screens/compras/facturas_compras_screen.dart:2156:32:
Error: The method 'filtrarYOrdenarProductos' isn't defined for the type '_CrearFacturaCompraScreenState'.
 - '_CrearFacturaCompraScreenState' is from 'package:vercy_motos/screens/compras/facturas_compras_screen.dart' ('lib/screens/compras/facturas_compras_screen.dart').
                        return filtrarYOrdenarProductos(
                               ^^^^^^^^^^^^^^^^^^^^^^^^
lib/screens/compras/facturas_compras_screen.dart:2186:40:
Error: The getter 'AppTheme' isn't defined for the type '_CrearFacturaCompraScreenState'.
 - '_CrearFacturaCompraScreenState' is from 'package:vercy_motos/screens/compras/facturas_compras_screen.dart' ('lib/screens/compras/facturas_compras_screen.dart').
                                color: AppTheme.textPrimary,
                                       ^^^^^^^^
lib/screens/compras/facturas_compras_screen.dart:2199:42:
Error: The getter 'AppTheme' isn't defined for the type '_CrearFacturaCompraScreenState'.
 - '_CrearFacturaCompraScreenState' is from 'package:vercy_motos/screens/compras/facturas_compras_screen.dart' ('lib/screens/compras/facturas_compras_screen.dart').
                                  color: AppTheme.textSecondary,
                                         ^^^^^^^^
lib/screens/compras/facturas_compras_screen.dart:2203:44:
Error: The getter 'AppTheme' isn't defined for the type '_CrearFacturaCompraScreenState'.
 - '_CrearFacturaCompraScreenState' is from 'package:vercy_motos/screens/compras/facturas_compras_screen.dart' ('lib/screens/compras/facturas_compras_screen.dart').
                                fillColor: AppTheme.surfaceDark,
                                           ^^^^^^^^
lib/screens/compras/facturas_compras_screen.dart:2210:42:
Error: The getter 'AppTheme' isn't defined for the type '_CrearFacturaCompraScreenState'.
 - '_CrearFacturaCompraScreenState' is from 'package:vercy_motos/screens/compras/facturas_compras_screen.dart' ('lib/screens/compras/facturas_compras_screen.dart').
                                  color: AppTheme.textSecondary,
                                         ^^^^^^^^
lib/screens/compras/facturas_compras_screen.dart:2226:40:
Error: The getter 'AppTheme' isn't defined for the type '_CrearFacturaCompraScreenState'.
 - '_CrearFacturaCompraScreenState' is from 'package:vercy_motos/screens/compras/facturas_compras_screen.dart' ('lib/screens/compras/facturas_compras_screen.dart').
                                color: AppTheme.surfaceDark,
                                       ^^^^^^^^
lib/screens/compras/facturas_compras_screen.dart:2248:56:
Error: The getter 'AppTheme' isn't defined for the type '_CrearFacturaCompraScreenState'.
 - '_CrearFacturaCompraScreenState' is from 'package:vercy_motos/screens/compras/facturas_compras_screen.dart' ('lib/screens/compras/facturas_compras_screen.dart').
                                                color: AppTheme.textSecondary
                                                       ^^^^^^^^
lib/screens/compras/facturas_compras_screen.dart:2261:58:
Error: The getter 'AppTheme' isn't defined for the type '_CrearFacturaCompraScreenState'.
 - '_CrearFacturaCompraScreenState' is from 'package:vercy_motos/screens/compras/facturas_compras_screen.dart' ('lib/screens/compras/facturas_compras_screen.dart').
                                                  color: AppTheme.textPrimary,
                                                         ^^^^^^^^
lib/screens/compras/facturas_compras_screen.dart:2272:62:
Error: The getter 'AppTheme' isn't defined for the type '_CrearFacturaCompraScreenState'.
 - '_CrearFacturaCompraScreenState' is from 'package:vercy_motos/screens/compras/facturas_compras_screen.dart' ('lib/screens/compras/facturas_compras_screen.dart').
                                                      color: AppTheme
                                                             ^^^^^^^^
lib/screens/compras/facturas_compras_screen.dart:2281:62:
Error: The getter 'AppTheme' isn't defined for the type '_CrearFacturaCompraScreenState'.
 - '_CrearFacturaCompraScreenState' is from 'package:vercy_motos/screens/compras/facturas_compras_screen.dart' ('lib/screens/compras/facturas_compras_screen.dart').
                                                      color: AppTheme.primary,
                                                             ^^^^^^^^
lib/screens/compras/facturas_compras_screen.dart:2307:24:
Error: The getter 'AppTheme' isn't defined for the type '_CrearFacturaCompraScreenState'.
 - '_CrearFacturaCompraScreenState' is from 'package:vercy_motos/screens/compras/facturas_compras_screen.dart' ('lib/screens/compras/facturas_compras_screen.dart').
                color: AppTheme.primary.withOpacity(0.1),
                       ^^^^^^^^
lib/screens/compras/facturas_compras_screen.dart:2310:26:
Error: The getter 'AppTheme' isn't defined for the type '_CrearFacturaCompraScreenState'.
 - '_CrearFacturaCompraScreenState' is from 'package:vercy_motos/screens/compras/facturas_compras_screen.dart' ('lib/screens/compras/facturas_compras_screen.dart').
                  color: AppTheme.primary.withOpacity(0.3),
                         ^^^^^^^^
lib/screens/compras/facturas_compras_screen.dart:2316:46:
Error: The getter 'AppTheme' isn't defined for the type '_CrearFacturaCompraScreenState'.
 - '_CrearFacturaCompraScreenState' is from 'package:vercy_motos/screens/compras/facturas_compras_screen.dart' ('lib/screens/compras/facturas_compras_screen.dart').
                icon: Icon(Icons.add, color: AppTheme.primary, size: 20),
                                             ^^^^^^^^
lib/screens/compras/facturas_compras_screen.dart:2327:41:
Error: The getter 'AppTheme' isn't defined for the type '_CrearFacturaCompraScreenState'.
 - '_CrearFacturaCompraScreenState' is from 'package:vercy_motos/screens/compras/facturas_compras_screen.dart' ('lib/screens/compras/facturas_compras_screen.dart').
                style: TextStyle(color: AppTheme.textPrimary, fontSize: 13),
                                        ^^^^^^^^
lib/screens/compras/facturas_compras_screen.dart:2337:28:
Error: The getter 'AppTheme' isn't defined for the type '_CrearFacturaCompraScreenState'.
 - '_CrearFacturaCompraScreenState' is from 'package:vercy_motos/screens/compras/facturas_compras_screen.dart' ('lib/screens/compras/facturas_compras_screen.dart').
                    color: AppTheme.textSecondary,
                           ^^^^^^^^
lib/screens/compras/facturas_compras_screen.dart:2341:30:
Error: The getter 'AppTheme' isn't defined for the type '_CrearFacturaCompraScreenState'.
 - '_CrearFacturaCompraScreenState' is from 'package:vercy_motos/screens/compras/facturas_compras_screen.dart' ('lib/screens/compras/facturas_compras_screen.dart').
                  fillColor: AppTheme.surfaceDark,
                             ^^^^^^^^
lib/screens/compras/facturas_compras_screen.dart:2356:41:
Error: The getter 'AppTheme' isn't defined for the type '_CrearFacturaCompraScreenState'.
 - '_CrearFacturaCompraScreenState' is from 'package:vercy_motos/screens/compras/facturas_compras_screen.dart' ('lib/screens/compras/facturas_compras_screen.dart').
                style: TextStyle(color: AppTheme.textPrimary, fontSize: 13),
                                        ^^^^^^^^
lib/screens/compras/facturas_compras_screen.dart:2366:28:
Error: The getter 'AppTheme' isn't defined for the type '_CrearFacturaCompraScreenState'.
 - '_CrearFacturaCompraScreenState' is from 'package:vercy_motos/screens/compras/facturas_compras_screen.dart' ('lib/screens/compras/facturas_compras_screen.dart').
                    color: AppTheme.textSecondary,
                           ^^^^^^^^
lib/screens/compras/facturas_compras_screen.dart:2370:30:
Error: The getter 'AppTheme' isn't defined for the type '_CrearFacturaCompraScreenState'.
 - '_CrearFacturaCompraScreenState' is from 'package:vercy_motos/screens/compras/facturas_compras_screen.dart' ('lib/screens/compras/facturas_compras_screen.dart').
                  fillColor: AppTheme.surfaceDark,
                             ^^^^^^^^
lib/screens/compras/facturas_compras_screen.dart:2402:26:
Error: The getter 'AppTheme' isn't defined for the type '_CrearFacturaCompraScreenState'.
 - '_CrearFacturaCompraScreenState' is from 'package:vercy_motos/screens/compras/facturas_compras_screen.dart' ('lib/screens/compras/facturas_compras_screen.dart').
                  color: AppTheme.surfaceDark.withOpacity(0.5),
                         ^^^^^^^^
lib/screens/compras/facturas_compras_screen.dart:2407:43:
Error: The getter 'AppTheme' isn't defined for the type '_CrearFacturaCompraScreenState'.
 - '_CrearFacturaCompraScreenState' is from 'package:vercy_motos/screens/compras/facturas_compras_screen.dart' ('lib/screens/compras/facturas_compras_screen.dart').
                  style: TextStyle(color: AppTheme.textPrimary, fontSize: 13),
                                          ^^^^^^^^
lib/screens/compras/facturas_compras_screen.dart:2416:26:
Error: The getter 'AppTheme' isn't defined for the type '_CrearFacturaCompraScreenState'.
 - '_CrearFacturaCompraScreenState' is from 'package:vercy_motos/screens/compras/facturas_compras_screen.dart' ('lib/screens/compras/facturas_compras_screen.dart').
                  color: AppTheme.surfaceDark,
                         ^^^^^^^^
lib/screens/compras/facturas_compras_screen.dart:2421:43:
Error: The getter 'AppTheme' isn't defined for the type '_CrearFacturaCompraScreenState'.
 - '_CrearFacturaCompraScreenState' is from 'package:vercy_motos/screens/compras/facturas_compras_screen.dart' ('lib/screens/compras/facturas_compras_screen.dart').
                  style: TextStyle(color: AppTheme.textPrimary, fontSize: 13),
                                          ^^^^^^^^
lib/screens/compras/facturas_compras_screen.dart:2430:34:
Error: The getter 'AppTheme' isn't defined for the type '_CrearFacturaCompraScreenState'.
 - '_CrearFacturaCompraScreenState' is from 'package:vercy_motos/screens/compras/facturas_compras_screen.dart' ('lib/screens/compras/facturas_compras_screen.dart').
                  dropdownColor: AppTheme.cardBg,
                                 ^^^^^^^^
lib/screens/compras/facturas_compras_screen.dart:2443:41:
Error: The getter 'AppTheme' isn't defined for the type '_CrearFacturaCompraScreenState'.
 - '_CrearFacturaCompraScreenState' is from 'package:vercy_motos/screens/compras/facturas_compras_screen.dart' ('lib/screens/compras/facturas_compras_screen.dart').
                style: TextStyle(color: AppTheme.textPrimary, fontSize: 13),
                                        ^^^^^^^^
lib/screens/compras/facturas_compras_screen.dart:2453:28:
Error: The getter 'AppTheme' isn't defined for the type '_CrearFacturaCompraScreenState'.
 - '_CrearFacturaCompraScreenState' is from 'package:vercy_motos/screens/compras/facturas_compras_screen.dart' ('lib/screens/compras/facturas_compras_screen.dart').
                    color: AppTheme.textSecondary,
                           ^^^^^^^^
lib/screens/compras/facturas_compras_screen.dart:2457:30:
Error: The getter 'AppTheme' isn't defined for the type '_CrearFacturaCompraScreenState'.
 - '_CrearFacturaCompraScreenState' is from 'package:vercy_motos/screens/compras/facturas_compras_screen.dart' ('lib/screens/compras/facturas_compras_screen.dart').
                  fillColor: AppTheme.surfaceDark,
                             ^^^^^^^^
lib/screens/compras/facturas_compras_screen.dart:2470:26:
Error: The getter 'AppTheme' isn't defined for the type '_CrearFacturaCompraScreenState'.
 - '_CrearFacturaCompraScreenState' is from 'package:vercy_motos/screens/compras/facturas_compras_screen.dart' ('lib/screens/compras/facturas_compras_screen.dart').
                  color: AppTheme.surfaceDark,
                         ^^^^^^^^
lib/screens/compras/facturas_compras_screen.dart:2475:43:
Error: The getter 'AppTheme' isn't defined for the type '_CrearFacturaCompraScreenState'.
 - '_CrearFacturaCompraScreenState' is from 'package:vercy_motos/screens/compras/facturas_compras_screen.dart' ('lib/screens/compras/facturas_compras_screen.dart').
                  style: TextStyle(color: AppTheme.textPrimary, fontSize: 13),
                                          ^^^^^^^^
lib/screens/compras/facturas_compras_screen.dart:2484:34:
Error: The getter 'AppTheme' isn't defined for the type '_CrearFacturaCompraScreenState'.
 - '_CrearFacturaCompraScreenState' is from 'package:vercy_motos/screens/compras/facturas_compras_screen.dart' ('lib/screens/compras/facturas_compras_screen.dart').
                  dropdownColor: AppTheme.cardBg,
                                 ^^^^^^^^
lib/screens/compras/facturas_compras_screen.dart:2497:41:
Error: The getter 'AppTheme' isn't defined for the type '_CrearFacturaCompraScreenState'.
 - '_CrearFacturaCompraScreenState' is from 'package:vercy_motos/screens/compras/facturas_compras_screen.dart' ('lib/screens/compras/facturas_compras_screen.dart').
                style: TextStyle(color: AppTheme.textPrimary, fontSize: 13),
                                        ^^^^^^^^
lib/screens/compras/facturas_compras_screen.dart:2507:28:
Error: The getter 'AppTheme' isn't defined for the type '_CrearFacturaCompraScreenState'.
 - '_CrearFacturaCompraScreenState' is from 'package:vercy_motos/screens/compras/facturas_compras_screen.dart' ('lib/screens/compras/facturas_compras_screen.dart').
                    color: AppTheme.textSecondary,
                           ^^^^^^^^
lib/screens/compras/facturas_compras_screen.dart:2511:30:
Error: The getter 'AppTheme' isn't defined for the type '_CrearFacturaCompraScreenState'.
 - '_CrearFacturaCompraScreenState' is from 'package:vercy_motos/screens/compras/facturas_compras_screen.dart' ('lib/screens/compras/facturas_compras_screen.dart').
                  fillColor: AppTheme.surfaceDark,
                             ^^^^^^^^
lib/screens/compras/facturas_compras_screen.dart:2525:26:
Error: The getter 'AppTheme' isn't defined for the type '_CrearFacturaCompraScreenState'.
 - '_CrearFacturaCompraScreenState' is from 'package:vercy_motos/screens/compras/facturas_compras_screen.dart' ('lib/screens/compras/facturas_compras_screen.dart').
                  color: AppTheme.primary.withOpacity(0.15),
                         ^^^^^^^^
lib/screens/compras/facturas_compras_screen.dart:2528:28:
Error: The getter 'AppTheme' isn't defined for the type '_CrearFacturaCompraScreenState'.
 - '_CrearFacturaCompraScreenState' is from 'package:vercy_motos/screens/compras/facturas_compras_screen.dart' ('lib/screens/compras/facturas_compras_screen.dart').
                    color: AppTheme.primary.withOpacity(0.3),
                           ^^^^^^^^
lib/screens/compras/facturas_compras_screen.dart:2536:32:
Error: The getter 'AppTheme' isn't defined for the type '_CrearFacturaCompraScreenState'.
 - '_CrearFacturaCompraScreenState' is from 'package:vercy_motos/screens/compras/facturas_compras_screen.dart' ('lib/screens/compras/facturas_compras_screen.dart').
                        color: AppTheme.primary,
                               ^^^^^^^^
lib/screens/compras/facturas_compras_screen.dart:2558:26:
Error: The getter 'AppTheme' isn't defined for the type '_CrearFacturaCompraScreenState'.
 - '_CrearFacturaCompraScreenState' is from 'package:vercy_motos/screens/compras/facturas_compras_screen.dart' ('lib/screens/compras/facturas_compras_screen.dart').
                  color: AppTheme.surfaceDark,
                         ^^^^^^^^
lib/screens/compras/facturas_compras_screen.dart:2563:43:
Error: The getter 'AppTheme' isn't defined for the type '_CrearFacturaCompraScreenState'.
 - '_CrearFacturaCompraScreenState' is from 'package:vercy_motos/screens/compras/facturas_compras_screen.dart' ('lib/screens/compras/facturas_compras_screen.dart').
                  style: TextStyle(color: AppTheme.textPrimary, fontSize: 13),
                                          ^^^^^^^^
lib/screens/compras/facturas_compras_screen.dart:2573:34:
Error: The getter 'AppTheme' isn't defined for the type '_CrearFacturaCompraScreenState'.
 - '_CrearFacturaCompraScreenState' is from 'package:vercy_motos/screens/compras/facturas_compras_screen.dart' ('lib/screens/compras/facturas_compras_screen.dart').
                  dropdownColor: AppTheme.cardBg,
                                 ^^^^^^^^
lib/screens/compras/facturas_compras_screen.dart:2590:28:
Error: The getter 'AppTheme' isn't defined for the type '_CrearFacturaCompraScreenState'.
 - '_CrearFacturaCompraScreenState' is from 'package:vercy_motos/screens/compras/facturas_compras_screen.dart' ('lib/screens/compras/facturas_compras_screen.dart').
                    color: AppTheme.primary,
                           ^^^^^^^^
lib/screens/compras/facturas_compras_screen.dart:2604:28:
Error: The getter 'AppTheme' isn't defined for the type '_CrearFacturaCompraScreenState'.
 - '_CrearFacturaCompraScreenState' is from 'package:vercy_motos/screens/compras/facturas_compras_screen.dart' ('lib/screens/compras/facturas_compras_screen.dart').
                    color: AppTheme.primary,
                           ^^^^^^^^
lib/screens/compras/facturas_compras_screen.dart:2629:28:
Error: The getter 'AppTheme' isn't defined for the type '_CrearFacturaCompraScreenState'.
 - '_CrearFacturaCompraScreenState' is from 'package:vercy_motos/screens/compras/facturas_compras_screen.dart' ('lib/screens/compras/facturas_compras_screen.dart').
                    color: AppTheme.surfaceDark,
                           ^^^^^^^^
lib/screens/compras/facturas_compras_screen.dart:2634:45:
Error: The getter 'AppTheme' isn't defined for the type '_CrearFacturaCompraScreenState'.
 - '_CrearFacturaCompraScreenState' is from 'package:vercy_motos/screens/compras/facturas_compras_screen.dart' ('lib/screens/compras/facturas_compras_screen.dart').
                    style: TextStyle(color: AppTheme.textPrimary, fontSize: 13),
                                            ^^^^^^^^
lib/screens/compras/facturas_compras_screen.dart:2647:32:
Error: The getter 'AppTheme' isn't defined for the type '_CrearFacturaCompraScreenState'.
 - '_CrearFacturaCompraScreenState' is from 'package:vercy_motos/screens/compras/facturas_compras_screen.dart' ('lib/screens/compras/facturas_compras_screen.dart').
                        color: AppTheme.textSecondary,
                               ^^^^^^^^
lib/screens/compras/facturas_compras_screen.dart:2674:28:
Error: The getter 'AppTheme' isn't defined for the type '_CrearFacturaCompraScreenState'.
 - '_CrearFacturaCompraScreenState' is from 'package:vercy_motos/screens/compras/facturas_compras_screen.dart' ('lib/screens/compras/facturas_compras_screen.dart').
                    color: AppTheme.surfaceDark,
                           ^^^^^^^^
lib/screens/compras/facturas_compras_screen.dart:2679:45:
Error: The getter 'AppTheme' isn't defined for the type '_CrearFacturaCompraScreenState'.
 - '_CrearFacturaCompraScreenState' is from 'package:vercy_motos/screens/compras/facturas_compras_screen.dart' ('lib/screens/compras/facturas_compras_screen.dart').
                    style: TextStyle(color: AppTheme.textPrimary, fontSize: 13),
                                            ^^^^^^^^
lib/screens/compras/facturas_compras_screen.dart:2692:32:
Error: The getter 'AppTheme' isn't defined for the type '_CrearFacturaCompraScreenState'.
 - '_CrearFacturaCompraScreenState' is from 'package:vercy_motos/screens/compras/facturas_compras_screen.dart' ('lib/screens/compras/facturas_compras_screen.dart').
                        color: AppTheme.textSecondary,
                               ^^^^^^^^
lib/screens/compras/facturas_compras_screen.dart:2724:24:
Error: The getter 'AppTheme' isn't defined for the type '_CrearFacturaCompraScreenState'.
 - '_CrearFacturaCompraScreenState' is from 'package:vercy_motos/screens/compras/facturas_compras_screen.dart' ('lib/screens/compras/facturas_compras_screen.dart').
                color: AppTheme.textSecondary.withOpacity(0.3),
                       ^^^^^^^^
lib/screens/compras/facturas_compras_screen.dart:2734:28:
Error: The getter 'AppTheme' isn't defined for the type '_CrearFacturaCompraScreenState'.
 - '_CrearFacturaCompraScreenState' is from 'package:vercy_motos/screens/compras/facturas_compras_screen.dart' ('lib/screens/compras/facturas_compras_screen.dart').
                    color: AppTheme.surfaceDark,
                           ^^^^^^^^
lib/screens/compras/facturas_compras_screen.dart:2747:36:
Error: The getter 'AppTheme' isn't defined for the type '_CrearFacturaCompraScreenState'.
 - '_CrearFacturaCompraScreenState' is from 'package:vercy_motos/screens/compras/facturas_compras_screen.dart' ('lib/screens/compras/facturas_compras_screen.dart').
                            color: AppTheme.textSecondary,
                                   ^^^^^^^^
lib/screens/compras/facturas_compras_screen.dart:2757:36:
Error: The getter 'AppTheme' isn't defined for the type '_CrearFacturaCompraScreenState'.
 - '_CrearFacturaCompraScreenState' is from 'package:vercy_motos/screens/compras/facturas_compras_screen.dart' ('lib/screens/compras/facturas_compras_screen.dart').
                            color: AppTheme.textSecondary,
                                   ^^^^^^^^
lib/screens/compras/facturas_compras_screen.dart:2767:36:
Error: The getter 'AppTheme' isn't defined for the type '_CrearFacturaCompraScreenState'.
 - '_CrearFacturaCompraScreenState' is from 'package:vercy_motos/screens/compras/facturas_compras_screen.dart' ('lib/screens/compras/facturas_compras_screen.dart').
                            color: AppTheme.textSecondary,
                                   ^^^^^^^^
lib/screens/compras/facturas_compras_screen.dart:2777:36:
Error: The getter 'AppTheme' isn't defined for the type '_CrearFacturaCompraScreenState'.
 - '_CrearFacturaCompraScreenState' is from 'package:vercy_motos/screens/compras/facturas_compras_screen.dart' ('lib/screens/compras/facturas_compras_screen.dart').
                            color: AppTheme.textSecondary,
                                   ^^^^^^^^
lib/screens/compras/facturas_compras_screen.dart:2796:34:
Error: The getter 'AppTheme' isn't defined for the type '_CrearFacturaCompraScreenState'.
 - '_CrearFacturaCompraScreenState' is from 'package:vercy_motos/screens/compras/facturas_compras_screen.dart' ('lib/screens/compras/facturas_compras_screen.dart').
                          color: AppTheme.textSecondary.withOpacity(0.2),
                                 ^^^^^^^^
lib/screens/compras/facturas_compras_screen.dart:2807:38:
Error: The getter 'AppTheme' isn't defined for the type '_CrearFacturaCompraScreenState'.
 - '_CrearFacturaCompraScreenState' is from 'package:vercy_motos/screens/compras/facturas_compras_screen.dart' ('lib/screens/compras/facturas_compras_screen.dart').
                              color: AppTheme.textPrimary,
                                     ^^^^^^^^
lib/screens/compras/facturas_compras_screen.dart:2817:38:
Error: The getter 'AppTheme' isn't defined for the type '_CrearFacturaCompraScreenState'.
 - '_CrearFacturaCompraScreenState' is from 'package:vercy_motos/screens/compras/facturas_compras_screen.dart' ('lib/screens/compras/facturas_compras_screen.dart').
                              color: AppTheme.textPrimary,
                                     ^^^^^^^^
lib/screens/compras/facturas_compras_screen.dart:2826:38:
Error: The getter 'AppTheme' isn't defined for the type '_CrearFacturaCompraScreenState'.
 - '_CrearFacturaCompraScreenState' is from 'package:vercy_motos/screens/compras/facturas_compras_screen.dart' ('lib/screens/compras/facturas_compras_screen.dart').
                              color: AppTheme.textPrimary,
                                     ^^^^^^^^
lib/screens/compras/facturas_compras_screen.dart:2835:38:
Error: The getter 'AppTheme' isn't defined for the type '_CrearFacturaCompraScreenState'.
 - '_CrearFacturaCompraScreenState' is from 'package:vercy_motos/screens/compras/facturas_compras_screen.dart' ('lib/screens/compras/facturas_compras_screen.dart').
                              color: AppTheme.primary,
                                     ^^^^^^^^
lib/screens/compras/facturas_compras_screen.dart:2893:38:
Error: The getter 'AppTheme' isn't defined for the type '_CrearFacturaCompraScreenState'.
 - '_CrearFacturaCompraScreenState' is from 'package:vercy_motos/screens/compras/facturas_compras_screen.dart' ('lib/screens/compras/facturas_compras_screen.dart').
                              color: AppTheme.error,
                                     ^^^^^^^^
lib/screens/compras/facturas_compras_screen.dart:2917:33:
Error: The getter 'AppTheme' isn't defined for the type '_CrearFacturaCompraScreenState'.
 - '_CrearFacturaCompraScreenState' is from 'package:vercy_motos/screens/compras/facturas_compras_screen.dart' ('lib/screens/compras/facturas_compras_screen.dart').
        style: TextStyle(color: AppTheme.textSecondary, fontSize: 12),
                                ^^^^^^^^
lib/screens/compras/facturas_compras_screen.dart:2927:33:
Error: The getter 'AppTheme' isn't defined for the type '_CrearFacturaCompraScreenState'.
 - '_CrearFacturaCompraScreenState' is from 'package:vercy_motos/screens/compras/facturas_compras_screen.dart' ('lib/screens/compras/facturas_compras_screen.dart').
        style: TextStyle(color: AppTheme.textPrimary, fontSize: 13),
                                ^^^^^^^^
lib/screens/compras/facturas_compras_screen.dart:2932:39:
Error: The getter 'AppTheme' isn't defined for the type '_CrearFacturaCompraScreenState'.
 - '_CrearFacturaCompraScreenState' is from 'package:vercy_motos/screens/compras/facturas_compras_screen.dart' ('lib/screens/compras/facturas_compras_screen.dart').
          hintStyle: TextStyle(color: AppTheme.textSecondary, fontSize: 13),
                                      ^^^^^^^^
lib/screens/compras/facturas_compras_screen.dart:2935:17:
Error: The getter 'AppTheme' isn't defined for the type '_CrearFacturaCompraScreenState'.
 - '_CrearFacturaCompraScreenState' is from 'package:vercy_motos/screens/compras/facturas_compras_screen.dart' ('lib/screens/compras/facturas_compras_screen.dart').
              ? AppTheme.surfaceDark
                ^^^^^^^^
lib/screens/compras/facturas_compras_screen.dart:2936:17:
Error: The getter 'AppTheme' isn't defined for the type '_CrearFacturaCompraScreenState'.
 - '_CrearFacturaCompraScreenState' is from 'package:vercy_motos/screens/compras/facturas_compras_screen.dart' ('lib/screens/compras/facturas_compras_screen.dart').
              : AppTheme.surfaceDark.withOpacity(0.5),
                ^^^^^^^^
lib/screens/compras/facturas_compras_screen.dart:2959:41:
Error: The getter 'AppTheme' isn't defined for the type '_CrearFacturaCompraScreenState'.
 - '_CrearFacturaCompraScreenState' is from 'package:vercy_motos/screens/compras/facturas_compras_screen.dart' ('lib/screens/compras/facturas_compras_screen.dart').
                style: TextStyle(color: AppTheme.textSecondary, fontSize: 14),
                                        ^^^^^^^^
lib/screens/compras/facturas_compras_screen.dart:2965:41:
Error: The getter 'AppTheme' isn't defined for the type '_CrearFacturaCompraScreenState'.
 - '_CrearFacturaCompraScreenState' is from 'package:vercy_motos/screens/compras/facturas_compras_screen.dart' ('lib/screens/compras/facturas_compras_screen.dart').
                style: TextStyle(color: AppTheme.textPrimary, fontSize: 14),
                                        ^^^^^^^^
lib/screens/compras/facturas_compras_screen.dart:2968:47:
Error: The getter 'AppTheme' isn't defined for the type '_CrearFacturaCompraScreenState'.
 - '_CrearFacturaCompraScreenState' is from 'package:vercy_motos/screens/compras/facturas_compras_screen.dart' ('lib/screens/compras/facturas_compras_screen.dart').
                  hintStyle: TextStyle(color: AppTheme.textSecondary),
                                              ^^^^^^^^
lib/screens/compras/facturas_compras_screen.dart:2970:30:
Error: The getter 'AppTheme' isn't defined for the type '_CrearFacturaCompraScreenState'.
 - '_CrearFacturaCompraScreenState' is from 'package:vercy_motos/screens/compras/facturas_compras_screen.dart' ('lib/screens/compras/facturas_compras_screen.dart').
                  fillColor: AppTheme.surfaceDark,
                             ^^^^^^^^
lib/screens/compras/facturas_compras_screen.dart:3005:37:
Error: The getter 'AppTheme' isn't defined for the type '_CrearFacturaCompraScreenState'.
 - '_CrearFacturaCompraScreenState' is from 'package:vercy_motos/screens/compras/facturas_compras_screen.dart' ('lib/screens/compras/facturas_compras_screen.dart').
            style: TextStyle(color: AppTheme.textSecondary, fontSize: 14),
                                    ^^^^^^^^
lib/screens/compras/facturas_compras_screen.dart:3012:37:
Error: The getter 'AppTheme' isn't defined for the type '_CrearFacturaCompraScreenState'.
 - '_CrearFacturaCompraScreenState' is from 'package:vercy_motos/screens/compras/facturas_compras_screen.dart' ('lib/screens/compras/facturas_compras_screen.dart').
            style: TextStyle(color: AppTheme.textPrimary, fontSize: 14),
                                    ^^^^^^^^
lib/screens/compras/facturas_compras_screen.dart:3020:45:
Error: The getter 'AppTheme' isn't defined for the type '_CrearFacturaCompraScreenState'.
 - '_CrearFacturaCompraScreenState' is from 'package:vercy_motos/screens/compras/facturas_compras_screen.dart' ('lib/screens/compras/facturas_compras_screen.dart').
              suffixStyle: TextStyle(color: AppTheme.textSecondary),
                                            ^^^^^^^^
lib/screens/compras/facturas_compras_screen.dart:3022:26:
Error: The getter 'AppTheme' isn't defined for the type '_CrearFacturaCompraScreenState'.
 - '_CrearFacturaCompraScreenState' is from 'package:vercy_motos/screens/compras/facturas_compras_screen.dart' ('lib/screens/compras/facturas_compras_screen.dart').
              fillColor: AppTheme.surfaceDark,
                         ^^^^^^^^
lib/screens/compras/facturas_compras_screen.dart:3040:33:
Error: The getter 'subtotal' isn't defined for the type 'Object?'.
 - 'Object' is from 'dart:core'.
      (sum, item) => sum + item.subtotal,
                                ^^^^^^^^
lib/screens/compras/facturas_compras_screen.dart:3044:33:
Error: The getter 'valorDescuento' isn't defined for the type 'Object?'.
 - 'Object' is from 'dart:core'.
      (sum, item) => sum + item.valorDescuento,
                                ^^^^^^^^^^^^^^
lib/screens/compras/facturas_compras_screen.dart:3060:33:
Error: The getter 'valorImpuesto' isn't defined for the type 'Object?'.
 - 'Object' is from 'dart:core'.
      (sum, item) => sum + item.valorImpuesto,
                                ^^^^^^^^^^^^^
lib/screens/compras/facturas_compras_screen.dart:3094:41:
Error: The getter 'AppTheme' isn't defined for the type '_CrearFacturaCompraScreenState'.
 - '_CrearFacturaCompraScreenState' is from 'package:vercy_motos/screens/compras/facturas_compras_screen.dart' ('lib/screens/compras/facturas_compras_screen.dart').
                style: TextStyle(color: AppTheme.textSecondary, fontSize: 14),
                                        ^^^^^^^^
lib/screens/compras/facturas_compras_screen.dart:3104:41:
Error: The getter 'AppTheme' isn't defined for the type '_CrearFacturaCompraScreenState'.
 - '_CrearFacturaCompraScreenState' is from 'package:vercy_motos/screens/compras/facturas_compras_screen.dart' ('lib/screens/compras/facturas_compras_screen.dart').
                style: TextStyle(color: AppTheme.textPrimary, fontSize: 12),
                                        ^^^^^^^^
lib/screens/compras/facturas_compras_screen.dart:3112:30:
Error: The getter 'AppTheme' isn't defined for the type '_CrearFacturaCompraScreenState'.
 - '_CrearFacturaCompraScreenState' is from 'package:vercy_motos/screens/compras/facturas_compras_screen.dart' ('lib/screens/compras/facturas_compras_screen.dart').
                  fillColor: AppTheme.surfaceDark,
                             ^^^^^^^^
lib/screens/compras/facturas_compras_screen.dart:3118:32:
Error: The getter 'AppTheme' isn't defined for the type '_CrearFacturaCompraScreenState'.
 - '_CrearFacturaCompraScreenState' is from 'package:vercy_motos/screens/compras/facturas_compras_screen.dart' ('lib/screens/compras/facturas_compras_screen.dart').
                dropdownColor: AppTheme.cardBg,
                               ^^^^^^^^
lib/screens/compras/facturas_compras_screen.dart:3139:41:
Error: The getter 'AppTheme' isn't defined for the type '_CrearFacturaCompraScreenState'.
 - '_CrearFacturaCompraScreenState' is from 'package:vercy_motos/screens/compras/facturas_compras_screen.dart' ('lib/screens/compras/facturas_compras_screen.dart').
                style: TextStyle(color: AppTheme.textPrimary, fontSize: 13),
                                        ^^^^^^^^
lib/screens/compras/facturas_compras_screen.dart:3147:49:
Error: The getter 'AppTheme' isn't defined for the type '_CrearFacturaCompraScreenState'.
 - '_CrearFacturaCompraScreenState' is from 'package:vercy_motos/screens/compras/facturas_compras_screen.dart' ('lib/screens/compras/facturas_compras_screen.dart').
                  prefixStyle: TextStyle(color: AppTheme.textSecondary),
                                                ^^^^^^^^
lib/screens/compras/facturas_compras_screen.dart:3149:30:
Error: The getter 'AppTheme' isn't defined for the type '_CrearFacturaCompraScreenState'.
 - '_CrearFacturaCompraScreenState' is from 'package:vercy_motos/screens/compras/facturas_compras_screen.dart' ('lib/screens/compras/facturas_compras_screen.dart').
                  fillColor: AppTheme.surfaceDark,
                             ^^^^^^^^
lib/screens/compras/facturas_compras_screen.dart:3166:24:
Error: The getter 'AppTheme' isn't defined for the type '_CrearFacturaCompraScreenState'.
 - '_CrearFacturaCompraScreenState' is from 'package:vercy_motos/screens/compras/facturas_compras_screen.dart' ('lib/screens/compras/facturas_compras_screen.dart').
        Divider(color: AppTheme.primary.withOpacity(0.3)),
                       ^^^^^^^^
lib/screens/compras/facturas_compras_screen.dart:3174:24:
Error: The getter 'AppTheme' isn't defined for the type '_CrearFacturaCompraScreenState'.
 - '_CrearFacturaCompraScreenState' is from 'package:vercy_motos/screens/compras/facturas_compras_screen.dart' ('lib/screens/compras/facturas_compras_screen.dart').
                color: AppTheme.textPrimary,
                       ^^^^^^^^
lib/screens/compras/facturas_compras_screen.dart:3182:24:
Error: The getter 'AppTheme' isn't defined for the type '_CrearFacturaCompraScreenState'.
 - '_CrearFacturaCompraScreenState' is from 'package:vercy_motos/screens/compras/facturas_compras_screen.dart' ('lib/screens/compras/facturas_compras_screen.dart').
                color: AppTheme.surfaceDark,
                       ^^^^^^^^
lib/screens/compras/facturas_compras_screen.dart:3188:26:
Error: The getter 'AppTheme' isn't defined for the type '_CrearFacturaCompraScreenState'.
 - '_CrearFacturaCompraScreenState' is from 'package:vercy_motos/screens/compras/facturas_compras_screen.dart' ('lib/screens/compras/facturas_compras_screen.dart').
                  color: AppTheme.primary,
                         ^^^^^^^^
lib/screens/compras/facturas_compras_screen.dart:3212:37:
Error: The getter 'AppTheme' isn't defined for the type '_CrearFacturaCompraScreenState'.
 - '_CrearFacturaCompraScreenState' is from 'package:vercy_motos/screens/compras/facturas_compras_screen.dart' ('lib/screens/compras/facturas_compras_screen.dart').
            style: TextStyle(color: AppTheme.textSecondary, fontSize: 14),
                                    ^^^^^^^^
lib/screens/compras/facturas_compras_screen.dart:3218:22:
Error: The getter 'AppTheme' isn't defined for the type '_CrearFacturaCompraScreenState'.
 - '_CrearFacturaCompraScreenState' is from 'package:vercy_motos/screens/compras/facturas_compras_screen.dart' ('lib/screens/compras/facturas_compras_screen.dart').
              color: AppTheme.surfaceDark,
                     ^^^^^^^^
lib/screens/compras/facturas_compras_screen.dart:3226:23:
Error: The getter 'AppTheme' isn't defined for the type '_CrearFacturaCompraScreenState'.
 - '_CrearFacturaCompraScreenState' is from 'package:vercy_motos/screens/compras/facturas_compras_screen.dart' ('lib/screens/compras/facturas_compras_screen.dart').
                    : AppTheme.textPrimary,
                      ^^^^^^^^
lib/screens/compras/facturas_compras_screen.dart:3325:37:
Error: 'Proveedor' isn't a type.
            DropdownButtonFormField<Proveedor>(
                                    ^^^^^^^^^
lib/screens/compras/facturas_compras_screen.dart:3347:34:
Error: 'Proveedor' isn't a type.
                DropdownMenuItem<Proveedor>(
                                 ^^^^^^^^^
lib/screens/compras/facturas_compras_screen.dart:3355:43:
Error: 'Proveedor' isn't a type.
                  return DropdownMenuItem<Proveedor>(
                                          ^^^^^^^^^
lib/screens/compras/facturas_compras_screen.dart:3364:27:
Error: 'Proveedor' isn't a type.
              onChanged: (Proveedor? valor) {
                          ^^^^^^^^^
lib/screens/compras/facturas_compras_screen.dart:3243:14:
Error: The getter 'AppTheme' isn't defined for the type '_CrearFacturaCompraScreenState'.
 - '_CrearFacturaCompraScreenState' is from 'package:vercy_motos/screens/compras/facturas_compras_screen.dart' ('lib/screens/compras/facturas_compras_screen.dart').
      color: AppTheme.cardBg,
             ^^^^^^^^
lib/screens/compras/facturas_compras_screen.dart:3252:24:
Error: The getter 'AppTheme' isn't defined for the type '_CrearFacturaCompraScreenState'.
 - '_CrearFacturaCompraScreenState' is from 'package:vercy_motos/screens/compras/facturas_compras_screen.dart' ('lib/screens/compras/facturas_compras_screen.dart').
                color: AppTheme.textPrimary,
                       ^^^^^^^^
lib/screens/compras/facturas_compras_screen.dart:3307:39:
Error: The getter 'AppTheme' isn't defined for the type '_CrearFacturaCompraScreenState'.
 - '_CrearFacturaCompraScreenState' is from 'package:vercy_motos/screens/compras/facturas_compras_screen.dart' ('lib/screens/compras/facturas_compras_screen.dart').
              style: TextStyle(color: AppTheme.textPrimary),
                                      ^^^^^^^^
lib/screens/compras/facturas_compras_screen.dart:3310:46:
Error: The getter 'AppTheme' isn't defined for the type '_CrearFacturaCompraScreenState'.
 - '_CrearFacturaCompraScreenState' is from 'package:vercy_motos/screens/compras/facturas_compras_screen.dart' ('lib/screens/compras/facturas_compras_screen.dart').
                labelStyle: TextStyle(color: AppTheme.textSecondary),
                                             ^^^^^^^^
lib/screens/compras/facturas_compras_screen.dart:3314:28:
Error: The getter 'AppTheme' isn't defined for the type '_CrearFacturaCompraScreenState'.
 - '_CrearFacturaCompraScreenState' is from 'package:vercy_motos/screens/compras/facturas_compras_screen.dart' ('lib/screens/compras/facturas_compras_screen.dart').
                    color: AppTheme.textSecondary.withOpacity(0.3),
                           ^^^^^^^^
lib/screens/compras/facturas_compras_screen.dart:3318:49:
Error: The getter 'AppTheme' isn't defined for the type '_CrearFacturaCompraScreenState'.
 - '_CrearFacturaCompraScreenState' is from 'package:vercy_motos/screens/compras/facturas_compras_screen.dart' ('lib/screens/compras/facturas_compras_screen.dart').
                  borderSide: BorderSide(color: AppTheme.primary),
                                                ^^^^^^^^
lib/screens/compras/facturas_compras_screen.dart:3327:39:
Error: The getter 'AppTheme' isn't defined for the type '_CrearFacturaCompraScreenState'.
 - '_CrearFacturaCompraScreenState' is from 'package:vercy_motos/screens/compras/facturas_compras_screen.dart' ('lib/screens/compras/facturas_compras_screen.dart').
              style: TextStyle(color: AppTheme.textPrimary),
                                      ^^^^^^^^
lib/screens/compras/facturas_compras_screen.dart:3330:46:
Error: The getter 'AppTheme' isn't defined for the type '_CrearFacturaCompraScreenState'.
 - '_CrearFacturaCompraScreenState' is from 'package:vercy_motos/screens/compras/facturas_compras_screen.dart' ('lib/screens/compras/facturas_compras_screen.dart').
                labelStyle: TextStyle(color: AppTheme.textSecondary),
                                             ^^^^^^^^
lib/screens/compras/facturas_compras_screen.dart:3333:26:
Error: The getter 'AppTheme' isn't defined for the type '_CrearFacturaCompraScreenState'.
 - '_CrearFacturaCompraScreenState' is from 'package:vercy_motos/screens/compras/facturas_compras_screen.dart' ('lib/screens/compras/facturas_compras_screen.dart').
                  color: AppTheme.textSecondary.withOpacity(0.7),
                         ^^^^^^^^
lib/screens/compras/facturas_compras_screen.dart:3338:28:
Error: The getter 'AppTheme' isn't defined for the type '_CrearFacturaCompraScreenState'.
 - '_CrearFacturaCompraScreenState' is from 'package:vercy_motos/screens/compras/facturas_compras_screen.dart' ('lib/screens/compras/facturas_compras_screen.dart').
                    color: AppTheme.textSecondary.withOpacity(0.3),
                           ^^^^^^^^
lib/screens/compras/facturas_compras_screen.dart:3342:49:
Error: The getter 'AppTheme' isn't defined for the type '_CrearFacturaCompraScreenState'.
 - '_CrearFacturaCompraScreenState' is from 'package:vercy_motos/screens/compras/facturas_compras_screen.dart' ('lib/screens/compras/facturas_compras_screen.dart').
                  borderSide: BorderSide(color: AppTheme.primary),
                                                ^^^^^^^^
lib/screens/compras/facturas_compras_screen.dart:3345:30:
Error: The getter 'AppTheme' isn't defined for the type '_CrearFacturaCompraScreenState'.
 - '_CrearFacturaCompraScreenState' is from 'package:vercy_motos/screens/compras/facturas_compras_screen.dart' ('lib/screens/compras/facturas_compras_screen.dart').
              dropdownColor: AppTheme.cardBg,
                             ^^^^^^^^
lib/screens/compras/facturas_compras_screen.dart:3351:45:
Error: The getter 'AppTheme' isn't defined for the type '_CrearFacturaCompraScreenState'.
 - '_CrearFacturaCompraScreenState' is from 'package:vercy_motos/screens/compras/facturas_compras_screen.dart' ('lib/screens/compras/facturas_compras_screen.dart').
                    style: TextStyle(color: AppTheme.textSecondary),
                                            ^^^^^^^^
lib/screens/compras/facturas_compras_screen.dart:3358:33:
Error: The getter 'nombre' isn't defined for the type 'Object?'.
 - 'Object' is from 'dart:core'.
                      proveedor.nombre,
                                ^^^^^^
lib/screens/compras/facturas_compras_screen.dart:3359:47:
Error: The getter 'AppTheme' isn't defined for the type '_CrearFacturaCompraScreenState'.
 - '_CrearFacturaCompraScreenState' is from 'package:vercy_motos/screens/compras/facturas_compras_screen.dart' ('lib/screens/compras/facturas_compras_screen.dart').
                      style: TextStyle(color: AppTheme.textPrimary),
                                              ^^^^^^^^
lib/screens/compras/facturas_compras_screen.dart:3380:39:
Error: The getter 'AppTheme' isn't defined for the type '_CrearFacturaCompraScreenState'.
 - '_CrearFacturaCompraScreenState' is from 'package:vercy_motos/screens/compras/facturas_compras_screen.dart' ('lib/screens/compras/facturas_compras_screen.dart').
              style: TextStyle(color: AppTheme.textPrimary),
                                      ^^^^^^^^
lib/screens/compras/facturas_compras_screen.dart:3384:46:
Error: The getter 'AppTheme' isn't defined for the type '_CrearFacturaCompraScreenState'.
 - '_CrearFacturaCompraScreenState' is from 'package:vercy_motos/screens/compras/facturas_compras_screen.dart' ('lib/screens/compras/facturas_compras_screen.dart').
                labelStyle: TextStyle(color: AppTheme.textSecondary),
                                             ^^^^^^^^
lib/screens/compras/facturas_compras_screen.dart:3389:26:
Error: The getter 'AppTheme' isn't defined for the type '_CrearFacturaCompraScreenState'.
 - '_CrearFacturaCompraScreenState' is from 'package:vercy_motos/screens/compras/facturas_compras_screen.dart' ('lib/screens/compras/facturas_compras_screen.dart').
                  color: AppTheme.textSecondary.withOpacity(0.7),
                         ^^^^^^^^
lib/screens/compras/facturas_compras_screen.dart:3394:28:
Error: The getter 'AppTheme' isn't defined for the type '_CrearFacturaCompraScreenState'.
 - '_CrearFacturaCompraScreenState' is from 'package:vercy_motos/screens/compras/facturas_compras_screen.dart' ('lib/screens/compras/facturas_compras_screen.dart').
                    color: AppTheme.textSecondary.withOpacity(0.3),
                           ^^^^^^^^
lib/screens/compras/facturas_compras_screen.dart:3398:49:
Error: The getter 'AppTheme' isn't defined for the type '_CrearFacturaCompraScreenState'.
 - '_CrearFacturaCompraScreenState' is from 'package:vercy_motos/screens/compras/facturas_compras_screen.dart' ('lib/screens/compras/facturas_compras_screen.dart').
                  borderSide: BorderSide(color: AppTheme.primary),
                                                ^^^^^^^^
lib/screens/compras/facturas_compras_screen.dart:3402:28:
Error: The getter 'AppTheme' isn't defined for the type '_CrearFacturaCompraScreenState'.
 - '_CrearFacturaCompraScreenState' is from 'package:vercy_motos/screens/compras/facturas_compras_screen.dart' ('lib/screens/compras/facturas_compras_screen.dart').
                    color: AppTheme.textSecondary.withOpacity(0.1),
                           ^^^^^^^^
lib/screens/compras/facturas_compras_screen.dart:3410:39:
Error: The getter 'AppTheme' isn't defined for the type '_CrearFacturaCompraScreenState'.
 - '_CrearFacturaCompraScreenState' is from 'package:vercy_motos/screens/compras/facturas_compras_screen.dart' ('lib/screens/compras/facturas_compras_screen.dart').
              style: TextStyle(color: AppTheme.textPrimary),
                                      ^^^^^^^^
lib/screens/compras/facturas_compras_screen.dart:3414:46:
Error: The getter 'AppTheme' isn't defined for the type '_CrearFacturaCompraScreenState'.
 - '_CrearFacturaCompraScreenState' is from 'package:vercy_motos/screens/compras/facturas_compras_screen.dart' ('lib/screens/compras/facturas_compras_screen.dart').
                labelStyle: TextStyle(color: AppTheme.textSecondary),
                                             ^^^^^^^^
lib/screens/compras/facturas_compras_screen.dart:3419:26:
Error: The getter 'AppTheme' isn't defined for the type '_CrearFacturaCompraScreenState'.
 - '_CrearFacturaCompraScreenState' is from 'package:vercy_motos/screens/compras/facturas_compras_screen.dart' ('lib/screens/compras/facturas_compras_screen.dart').
                  color: AppTheme.textSecondary.withOpacity(0.7),
                         ^^^^^^^^
lib/screens/compras/facturas_compras_screen.dart:3424:28:
Error: The getter 'AppTheme' isn't defined for the type '_CrearFacturaCompraScreenState'.
 - '_CrearFacturaCompraScreenState' is from 'package:vercy_motos/screens/compras/facturas_compras_screen.dart' ('lib/screens/compras/facturas_compras_screen.dart').
                    color: AppTheme.textSecondary.withOpacity(0.3),
                           ^^^^^^^^
lib/screens/compras/facturas_compras_screen.dart:3428:49:
Error: The getter 'AppTheme' isn't defined for the type '_CrearFacturaCompraScreenState'.
 - '_CrearFacturaCompraScreenState' is from 'package:vercy_motos/screens/compras/facturas_compras_screen.dart' ('lib/screens/compras/facturas_compras_screen.dart').
                  borderSide: BorderSide(color: AppTheme.primary),
                                                ^^^^^^^^
lib/screens/compras/facturas_compras_screen.dart:3432:28:
Error: The getter 'AppTheme' isn't defined for the type '_CrearFacturaCompraScreenState'.
 - '_CrearFacturaCompraScreenState' is from 'package:vercy_motos/screens/compras/facturas_compras_screen.dart' ('lib/screens/compras/facturas_compras_screen.dart').
                    color: AppTheme.textSecondary.withOpacity(0.1),
                           ^^^^^^^^
lib/screens/compras/facturas_compras_screen.dart:3438:28:
Error: The getter 'AppTheme' isn't defined for the type '_CrearFacturaCompraScreenState'.
 - '_CrearFacturaCompraScreenState' is from 'package:vercy_motos/screens/compras/facturas_compras_screen.dart' ('lib/screens/compras/facturas_compras_screen.dart').
            Divider(color: AppTheme.textSecondary.withOpacity(0.3)),
                           ^^^^^^^^
lib/screens/compras/facturas_compras_screen.dart:3444:24:
Error: The getter 'AppTheme' isn't defined for the type '_CrearFacturaCompraScreenState'.
 - '_CrearFacturaCompraScreenState' is from 'package:vercy_motos/screens/compras/facturas_compras_screen.dart' ('lib/screens/compras/facturas_compras_screen.dart').
                color: AppTheme.textPrimary,
                       ^^^^^^^^
lib/screens/compras/facturas_compras_screen.dart:3452:39:
Error: The getter 'AppTheme' isn't defined for the type '_CrearFacturaCompraScreenState'.
 - '_CrearFacturaCompraScreenState' is from 'package:vercy_motos/screens/compras/facturas_compras_screen.dart' ('lib/screens/compras/facturas_compras_screen.dart').
              style: TextStyle(color: AppTheme.textSecondary, fontSize: 12),
                                      ^^^^^^^^
lib/screens/compras/facturas_compras_screen.dart:3460:45:
Error: The getter 'AppTheme' isn't defined for the type '_CrearFacturaCompraScreenState'.
 - '_CrearFacturaCompraScreenState' is from 'package:vercy_motos/screens/compras/facturas_compras_screen.dart' ('lib/screens/compras/facturas_compras_screen.dart').
                    style: TextStyle(color: AppTheme.textPrimary),
                                            ^^^^^^^^
lib/screens/compras/facturas_compras_screen.dart:3464:52:
Error: The getter 'AppTheme' isn't defined for the type '_CrearFacturaCompraScreenState'.
 - '_CrearFacturaCompraScreenState' is from 'package:vercy_motos/screens/compras/facturas_compras_screen.dart' ('lib/screens/compras/facturas_compras_screen.dart').
                      labelStyle: TextStyle(color: AppTheme.textSecondary),
                                                   ^^^^^^^^
lib/screens/compras/facturas_compras_screen.dart:3466:53:
Error: The getter 'AppTheme' isn't defined for the type '_CrearFacturaCompraScreenState'.
 - '_CrearFacturaCompraScreenState' is from 'package:vercy_motos/screens/compras/facturas_compras_screen.dart' ('lib/screens/compras/facturas_compras_screen.dart').
                      suffixStyle: TextStyle(color: AppTheme.textSecondary),
                                                    ^^^^^^^^
lib/screens/compras/facturas_compras_screen.dart:3469:32:
Error: The getter 'AppTheme' isn't defined for the type '_CrearFacturaCompraScreenState'.
 - '_CrearFacturaCompraScreenState' is from 'package:vercy_motos/screens/compras/facturas_compras_screen.dart' ('lib/screens/compras/facturas_compras_screen.dart').
                        color: AppTheme.textSecondary,
                               ^^^^^^^^
lib/screens/compras/facturas_compras_screen.dart:3485:45:
Error: The getter 'AppTheme' isn't defined for the type '_CrearFacturaCompraScreenState'.
 - '_CrearFacturaCompraScreenState' is from 'package:vercy_motos/screens/compras/facturas_compras_screen.dart' ('lib/screens/compras/facturas_compras_screen.dart').
                    style: TextStyle(color: AppTheme.textPrimary),
                                            ^^^^^^^^
lib/screens/compras/facturas_compras_screen.dart:3489:52:
Error: The getter 'AppTheme' isn't defined for the type '_CrearFacturaCompraScreenState'.
 - '_CrearFacturaCompraScreenState' is from 'package:vercy_motos/screens/compras/facturas_compras_screen.dart' ('lib/screens/compras/facturas_compras_screen.dart').
                      labelStyle: TextStyle(color: AppTheme.textSecondary),
                                                   ^^^^^^^^
lib/screens/compras/facturas_compras_screen.dart:3491:53:
Error: The getter 'AppTheme' isn't defined for the type '_CrearFacturaCompraScreenState'.
 - '_CrearFacturaCompraScreenState' is from 'package:vercy_motos/screens/compras/facturas_compras_screen.dart' ('lib/screens/compras/facturas_compras_screen.dart').
                      suffixStyle: TextStyle(color: AppTheme.textSecondary),
                                                    ^^^^^^^^
lib/screens/compras/facturas_compras_screen.dart:3494:32:
Error: The getter 'AppTheme' isn't defined for the type '_CrearFacturaCompraScreenState'.
 - '_CrearFacturaCompraScreenState' is from 'package:vercy_motos/screens/compras/facturas_compras_screen.dart' ('lib/screens/compras/facturas_compras_screen.dart').
                        color: AppTheme.textSecondary,
                               ^^^^^^^^
lib/screens/compras/facturas_compras_screen.dart:3510:45:
Error: The getter 'AppTheme' isn't defined for the type '_CrearFacturaCompraScreenState'.
 - '_CrearFacturaCompraScreenState' is from 'package:vercy_motos/screens/compras/facturas_compras_screen.dart' ('lib/screens/compras/facturas_compras_screen.dart').
                    style: TextStyle(color: AppTheme.textPrimary),
                                            ^^^^^^^^
lib/screens/compras/facturas_compras_screen.dart:3514:52:
Error: The getter 'AppTheme' isn't defined for the type '_CrearFacturaCompraScreenState'.
 - '_CrearFacturaCompraScreenState' is from 'package:vercy_motos/screens/compras/facturas_compras_screen.dart' ('lib/screens/compras/facturas_compras_screen.dart').
                      labelStyle: TextStyle(color: AppTheme.textSecondary),
                                                   ^^^^^^^^
lib/screens/compras/facturas_compras_screen.dart:3516:53:
Error: The getter 'AppTheme' isn't defined for the type '_CrearFacturaCompraScreenState'.
 - '_CrearFacturaCompraScreenState' is from 'package:vercy_motos/screens/compras/facturas_compras_screen.dart' ('lib/screens/compras/facturas_compras_screen.dart').
                      suffixStyle: TextStyle(color: AppTheme.textSecondary),
                                                    ^^^^^^^^
lib/screens/compras/facturas_compras_screen.dart:3519:32:
Error: The getter 'AppTheme' isn't defined for the type '_CrearFacturaCompraScreenState'.
 - '_CrearFacturaCompraScreenState' is from 'package:vercy_motos/screens/compras/facturas_compras_screen.dart' ('lib/screens/compras/facturas_compras_screen.dart').
                        color: AppTheme.textSecondary,
                               ^^^^^^^^
lib/screens/compras/facturas_compras_screen.dart:3541:14:
Error: The getter 'AppTheme' isn't defined for the type '_CrearFacturaCompraScreenState'.
 - '_CrearFacturaCompraScreenState' is from 'package:vercy_motos/screens/compras/facturas_compras_screen.dart' ('lib/screens/compras/facturas_compras_screen.dart').
      color: AppTheme.cardBg,
             ^^^^^^^^
lib/screens/compras/facturas_compras_screen.dart:3550:24:
Error: The getter 'AppTheme' isn't defined for the type '_CrearFacturaCompraScreenState'.
 - '_CrearFacturaCompraScreenState' is from 'package:vercy_motos/screens/compras/facturas_compras_screen.dart' ('lib/screens/compras/facturas_compras_screen.dart').
                color: AppTheme.textPrimary,
                       ^^^^^^^^
lib/screens/compras/facturas_compras_screen.dart:3562:47:
Error: The getter 'AppTheme' isn't defined for the type '_CrearFacturaCompraScreenState'.
 - '_CrearFacturaCompraScreenState' is from 'package:vercy_motos/screens/compras/facturas_compras_screen.dart' ('lib/screens/compras/facturas_compras_screen.dart').
                      style: TextStyle(color: AppTheme.textPrimary),
                                              ^^^^^^^^
lib/screens/compras/facturas_compras_screen.dart:3566:47:
Error: The getter 'AppTheme' isn't defined for the type '_CrearFacturaCompraScreenState'.
 - '_CrearFacturaCompraScreenState' is from 'package:vercy_motos/screens/compras/facturas_compras_screen.dart' ('lib/screens/compras/facturas_compras_screen.dart').
                      style: TextStyle(color: AppTheme.textSecondary),
                                              ^^^^^^^^
lib/screens/compras/facturas_compras_screen.dart:3570:30:
Error: The getter 'AppTheme' isn't defined for the type '_CrearFacturaCompraScreenState'.
 - '_CrearFacturaCompraScreenState' is from 'package:vercy_motos/screens/compras/facturas_compras_screen.dart' ('lib/screens/compras/facturas_compras_screen.dart').
                      color: AppTheme.primary,
                             ^^^^^^^^
lib/screens/compras/facturas_compras_screen.dart:3579:47:
Error: The getter 'AppTheme' isn't defined for the type '_CrearFacturaCompraScreenState'.
 - '_CrearFacturaCompraScreenState' is from 'package:vercy_motos/screens/compras/facturas_compras_screen.dart' ('lib/screens/compras/facturas_compras_screen.dart').
                      style: TextStyle(color: AppTheme.textPrimary),
                                              ^^^^^^^^
lib/screens/compras/facturas_compras_screen.dart:3583:47:
Error: The getter 'AppTheme' isn't defined for the type '_CrearFacturaCompraScreenState'.
 - '_CrearFacturaCompraScreenState' is from 'package:vercy_motos/screens/compras/facturas_compras_screen.dart' ('lib/screens/compras/facturas_compras_screen.dart').
                      style: TextStyle(color: AppTheme.textSecondary),
                                              ^^^^^^^^
lib/screens/compras/facturas_compras_screen.dart:3585:55:
Error: The getter 'AppTheme' isn't defined for the type '_CrearFacturaCompraScreenState'.
 - '_CrearFacturaCompraScreenState' is from 'package:vercy_motos/screens/compras/facturas_compras_screen.dart' ('lib/screens/compras/facturas_compras_screen.dart').
                    leading: Icon(Icons.event, color: AppTheme.primary),
                                                      ^^^^^^^^
lib/screens/compras/facturas_compras_screen.dart:3599:14:
Error: The getter 'AppTheme' isn't defined for the type '_CrearFacturaCompraScreenState'.
 - '_CrearFacturaCompraScreenState' is from 'package:vercy_motos/screens/compras/facturas_compras_screen.dart' ('lib/screens/compras/facturas_compras_screen.dart').
      color: AppTheme.cardBg,
             ^^^^^^^^
lib/screens/compras/facturas_compras_screen.dart:3611:28:
Error: The getter 'AppTheme' isn't defined for the type '_CrearFacturaCompraScreenState'.
 - '_CrearFacturaCompraScreenState' is from 'package:vercy_motos/screens/compras/facturas_compras_screen.dart' ('lib/screens/compras/facturas_compras_screen.dart').
                    color: AppTheme.textPrimary,
                           ^^^^^^^^
lib/screens/compras/facturas_compras_screen.dart:3621:38:
Error: The getter 'AppTheme' isn't defined for the type '_CrearFacturaCompraScreenState'.
 - '_CrearFacturaCompraScreenState' is from 'package:vercy_motos/screens/compras/facturas_compras_screen.dart' ('lib/screens/compras/facturas_compras_screen.dart').
                    backgroundColor: AppTheme.primary,
                                     ^^^^^^^^
lib/screens/compras/facturas_compras_screen.dart:3637:32:
Error: The getter 'AppTheme' isn't defined for the type '_CrearFacturaCompraScreenState'.
 - '_CrearFacturaCompraScreenState' is from 'package:vercy_motos/screens/compras/facturas_compras_screen.dart' ('lib/screens/compras/facturas_compras_screen.dart').
                        color: AppTheme.textSecondary,
                               ^^^^^^^^
lib/screens/compras/facturas_compras_screen.dart:3642:49:
Error: The getter 'AppTheme' isn't defined for the type '_CrearFacturaCompraScreenState'.
 - '_CrearFacturaCompraScreenState' is from 'package:vercy_motos/screens/compras/facturas_compras_screen.dart' ('lib/screens/compras/facturas_compras_screen.dart').
                        style: TextStyle(color: AppTheme.textSecondary),
                                                ^^^^^^^^
lib/screens/compras/facturas_compras_screen.dart:3653:26:
Error: The getter 'AppTheme' isn't defined for the type '_CrearFacturaCompraScreenState'.
 - '_CrearFacturaCompraScreenState' is from 'package:vercy_motos/screens/compras/facturas_compras_screen.dart' ('lib/screens/compras/facturas_compras_screen.dart').
                  color: AppTheme.backgroundDark,
                         ^^^^^^^^
lib/screens/compras/facturas_compras_screen.dart:3658:47:
Error: The getter 'AppTheme' isn't defined for the type '_CrearFacturaCompraScreenState'.
 - '_CrearFacturaCompraScreenState' is from 'package:vercy_motos/screens/compras/facturas_compras_screen.dart' ('lib/screens/compras/facturas_compras_screen.dart').
                      style: TextStyle(color: AppTheme.textPrimary),
                                              ^^^^^^^^
lib/screens/compras/facturas_compras_screen.dart:3662:47:
Error: The getter 'AppTheme' isn't defined for the type '_CrearFacturaCompraScreenState'.
 - '_CrearFacturaCompraScreenState' is from 'package:vercy_motos/screens/compras/facturas_compras_screen.dart' ('lib/screens/compras/facturas_compras_screen.dart').
                      style: TextStyle(color: AppTheme.textSecondary),
                                              ^^^^^^^^
lib/screens/compras/facturas_compras_screen.dart:3670:36:
Error: The getter 'AppTheme' isn't defined for the type '_CrearFacturaCompraScreenState'.
 - '_CrearFacturaCompraScreenState' is from 'package:vercy_motos/screens/compras/facturas_compras_screen.dart' ('lib/screens/compras/facturas_compras_screen.dart').
                            color: AppTheme.primary,
                                   ^^^^^^^^
lib/screens/compras/facturas_compras_screen.dart:3693:33:
Error: The getter 'subtotal' isn't defined for the type 'Object?'.
 - 'Object' is from 'dart:core'.
      (sum, item) => sum + item.subtotal,
                                ^^^^^^^^
lib/screens/compras/facturas_compras_screen.dart:3697:33:
Error: The getter 'valorDescuento' isn't defined for the type 'Object?'.
 - 'Object' is from 'dart:core'.
      (sum, item) => sum + item.valorDescuento,
                                ^^^^^^^^^^^^^^
lib/screens/compras/facturas_compras_screen.dart:3714:33:
Error: The getter 'valorImpuesto' isn't defined for the type 'Object?'.
 - 'Object' is from 'dart:core'.
      (sum, item) => sum + item.valorImpuesto,
                                ^^^^^^^^^^^^^
lib/screens/compras/facturas_compras_screen.dart:3732:14:
Error: The getter 'AppTheme' isn't defined for the type '_CrearFacturaCompraScreenState'.
 - '_CrearFacturaCompraScreenState' is from 'package:vercy_motos/screens/compras/facturas_compras_screen.dart' ('lib/screens/compras/facturas_compras_screen.dart').
      color: AppTheme.cardBg,
             ^^^^^^^^
lib/screens/compras/facturas_compras_screen.dart:3744:28:
Error: The getter 'AppTheme' isn't defined for the type '_CrearFacturaCompraScreenState'.
 - '_CrearFacturaCompraScreenState' is from 'package:vercy_motos/screens/compras/facturas_compras_screen.dart' ('lib/screens/compras/facturas_compras_screen.dart').
                    color: AppTheme.textPrimary,
                           ^^^^^^^^
lib/screens/compras/facturas_compras_screen.dart:3767:43:
Error: The getter 'AppTheme' isn't defined for the type '_CrearFacturaCompraScreenState'.
 - '_CrearFacturaCompraScreenState' is from 'package:vercy_motos/screens/compras/facturas_compras_screen.dart' ('lib/screens/compras/facturas_compras_screen.dart').
                  style: TextStyle(color: AppTheme.textSecondary, fontSize: 14),
                                          ^^^^^^^^
lib/screens/compras/facturas_compras_screen.dart:3777:42:
Error: The getter 'AppTheme' isn't defined for the type '_CrearFacturaCompraScreenState'.
 - '_CrearFacturaCompraScreenState' is from 'package:vercy_motos/screens/compras/facturas_compras_screen.dart' ('lib/screens/compras/facturas_compras_screen.dart').
                          dropdownColor: AppTheme.cardBg,
                                         ^^^^^^^^
lib/screens/compras/facturas_compras_screen.dart:3779:36:
Error: The getter 'AppTheme' isn't defined for the type '_CrearFacturaCompraScreenState'.
 - '_CrearFacturaCompraScreenState' is from 'package:vercy_motos/screens/compras/facturas_compras_screen.dart' ('lib/screens/compras/facturas_compras_screen.dart').
                            color: AppTheme.textPrimary,
                                   ^^^^^^^^
lib/screens/compras/facturas_compras_screen.dart:3811:36:
Error: The getter 'AppTheme' isn't defined for the type '_CrearFacturaCompraScreenState'.
 - '_CrearFacturaCompraScreenState' is from 'package:vercy_motos/screens/compras/facturas_compras_screen.dart' ('lib/screens/compras/facturas_compras_screen.dart').
                            color: AppTheme.textPrimary,
                                   ^^^^^^^^
lib/screens/compras/facturas_compras_screen.dart:3824:57:
Error: The getter 'AppTheme' isn't defined for the type '_CrearFacturaCompraScreenState'.
 - '_CrearFacturaCompraScreenState' is from 'package:vercy_motos/screens/compras/facturas_compras_screen.dart' ('lib/screens/compras/facturas_compras_screen.dart').
                            hintStyle: TextStyle(color: AppTheme.textSecondary),
                                                        ^^^^^^^^
lib/screens/compras/facturas_compras_screen.dart:3856:28:
Error: The getter 'AppTheme' isn't defined for the type '_CrearFacturaCompraScreenState'.
 - '_CrearFacturaCompraScreenState' is from 'package:vercy_motos/screens/compras/facturas_compras_screen.dart' ('lib/screens/compras/facturas_compras_screen.dart').
            Divider(color: AppTheme.primary.withOpacity(0.5)),
                           ^^^^^^^^
lib/screens/compras/facturas_compras_screen.dart:3864:28:
Error: The getter 'AppTheme' isn't defined for the type '_CrearFacturaCompraScreenState'.
 - '_CrearFacturaCompraScreenState' is from 'package:vercy_motos/screens/compras/facturas_compras_screen.dart' ('lib/screens/compras/facturas_compras_screen.dart').
                    color: AppTheme.primary,
                           ^^^^^^^^
lib/screens/compras/facturas_compras_screen.dart:3872:28:
Error: The getter 'AppTheme' isn't defined for the type '_CrearFacturaCompraScreenState'.
 - '_CrearFacturaCompraScreenState' is from 'package:vercy_motos/screens/compras/facturas_compras_screen.dart' ('lib/screens/compras/facturas_compras_screen.dart').
                    color: AppTheme.primary,
                           ^^^^^^^^
lib/screens/compras/facturas_compras_screen.dart:3897:37:
Error: The getter 'AppTheme' isn't defined for the type '_CrearFacturaCompraScreenState'.
 - '_CrearFacturaCompraScreenState' is from 'package:vercy_motos/screens/compras/facturas_compras_screen.dart' ('lib/screens/compras/facturas_compras_screen.dart').
            style: TextStyle(color: AppTheme.textSecondary, fontSize: 14),
                                    ^^^^^^^^
lib/screens/compras/facturas_compras_screen.dart:3902:53:
Error: The getter 'AppTheme' isn't defined for the type '_CrearFacturaCompraScreenState'.
 - '_CrearFacturaCompraScreenState' is from 'package:vercy_motos/screens/compras/facturas_compras_screen.dart' ('lib/screens/compras/facturas_compras_screen.dart').
              color: isNegative ? Colors.red[300] : AppTheme.textPrimary,
                                                    ^^^^^^^^
lib/screens/compras/facturas_compras_screen.dart:3919:20:
Error: The getter 'AppTheme' isn't defined for the type '_CrearFacturaCompraScreenState'.
 - '_CrearFacturaCompraScreenState' is from 'package:vercy_motos/screens/compras/facturas_compras_screen.dart' ('lib/screens/compras/facturas_compras_screen.dart').
            color: AppTheme.cardBg,
                   ^^^^^^^^
lib/screens/compras/facturas_compras_screen.dart:3928:30:
Error: The getter 'AppTheme' isn't defined for the type '_CrearFacturaCompraScreenState'.
 - '_CrearFacturaCompraScreenState' is from 'package:vercy_motos/screens/compras/facturas_compras_screen.dart' ('lib/screens/compras/facturas_compras_screen.dart').
                      color: AppTheme.textPrimary,
                             ^^^^^^^^
lib/screens/compras/facturas_compras_screen.dart:3937:45:
Error: The getter 'AppTheme' isn't defined for the type '_CrearFacturaCompraScreenState'.
 - '_CrearFacturaCompraScreenState' is from 'package:vercy_motos/screens/compras/facturas_compras_screen.dart' ('lib/screens/compras/facturas_compras_screen.dart').
                    style: TextStyle(color: AppTheme.textPrimary),
                                            ^^^^^^^^
lib/screens/compras/facturas_compras_screen.dart:3940:51:
Error: The getter 'AppTheme' isn't defined for the type '_CrearFacturaCompraScreenState'.
 - '_CrearFacturaCompraScreenState' is from 'package:vercy_motos/screens/compras/facturas_compras_screen.dart' ('lib/screens/compras/facturas_compras_screen.dart').
                      hintStyle: TextStyle(color: AppTheme.textSecondary),
                                                  ^^^^^^^^
lib/screens/compras/facturas_compras_screen.dart:3944:34:
Error: The getter 'AppTheme' isn't defined for the type '_CrearFacturaCompraScreenState'.
 - '_CrearFacturaCompraScreenState' is from 'package:vercy_motos/screens/compras/facturas_compras_screen.dart' ('lib/screens/compras/facturas_compras_screen.dart').
                          color: AppTheme.textSecondary.withOpacity(0.3),
                                 ^^^^^^^^
lib/screens/compras/facturas_compras_screen.dart:3948:55:
Error: The getter 'AppTheme' isn't defined for the type '_CrearFacturaCompraScreenState'.
 - '_CrearFacturaCompraScreenState' is from 'package:vercy_motos/screens/compras/facturas_compras_screen.dart' ('lib/screens/compras/facturas_compras_screen.dart').
                        borderSide: BorderSide(color: AppTheme.primary),
                                                      ^^^^^^^^
lib/screens/compras/facturas_compras_screen.dart:3962:20:
Error: The getter 'AppTheme' isn't defined for the type '_CrearFacturaCompraScreenState'.
 - '_CrearFacturaCompraScreenState' is from 'package:vercy_motos/screens/compras/facturas_compras_screen.dart' ('lib/screens/compras/facturas_compras_screen.dart').
            color: AppTheme.cardBg,
                   ^^^^^^^^
lib/screens/compras/facturas_compras_screen.dart:3971:30:
Error: The getter 'AppTheme' isn't defined for the type '_CrearFacturaCompraScreenState'.
 - '_CrearFacturaCompraScreenState' is from 'package:vercy_motos/screens/compras/facturas_compras_screen.dart' ('lib/screens/compras/facturas_compras_screen.dart').
                      color: AppTheme.textPrimary,
                             ^^^^^^^^
lib/screens/compras/facturas_compras_screen.dart:3982:45:
Error: The getter 'AppTheme' isn't defined for the type '_CrearFacturaCompraScreenState'.
 - '_CrearFacturaCompraScreenState' is from 'package:vercy_motos/screens/compras/facturas_compras_screen.dart' ('lib/screens/compras/facturas_compras_screen.dart').
                    style: TextStyle(color: AppTheme.textPrimary),
                                            ^^^^^^^^
lib/screens/compras/facturas_compras_screen.dart:3985:52:
Error: The getter 'AppTheme' isn't defined for the type '_CrearFacturaCompraScreenState'.
 - '_CrearFacturaCompraScreenState' is from 'package:vercy_motos/screens/compras/facturas_compras_screen.dart' ('lib/screens/compras/facturas_compras_screen.dart').
                      labelStyle: TextStyle(color: AppTheme.textSecondary),
                                                   ^^^^^^^^
lib/screens/compras/facturas_compras_screen.dart:3989:34:
Error: The getter 'AppTheme' isn't defined for the type '_CrearFacturaCompraScreenState'.
 - '_CrearFacturaCompraScreenState' is from 'package:vercy_motos/screens/compras/facturas_compras_screen.dart' ('lib/screens/compras/facturas_compras_screen.dart').
                          color: AppTheme.textSecondary.withOpacity(0.3),
                                 ^^^^^^^^
lib/screens/compras/facturas_compras_screen.dart:3993:55:
Error: The getter 'AppTheme' isn't defined for the type '_CrearFacturaCompraScreenState'.
 - '_CrearFacturaCompraScreenState' is from 'package:vercy_motos/screens/compras/facturas_compras_screen.dart' ('lib/screens/compras/facturas_compras_screen.dart').
                        borderSide: BorderSide(color: AppTheme.primary),
                                                      ^^^^^^^^
lib/screens/compras/facturas_compras_screen.dart:4004:45:
Error: The getter 'AppTheme' isn't defined for the type '_CrearFacturaCompraScreenState'.
 - '_CrearFacturaCompraScreenState' is from 'package:vercy_motos/screens/compras/facturas_compras_screen.dart' ('lib/screens/compras/facturas_compras_screen.dart').
                    style: TextStyle(color: AppTheme.textPrimary),
                                            ^^^^^^^^
lib/screens/compras/facturas_compras_screen.dart:4007:52:
Error: The getter 'AppTheme' isn't defined for the type '_CrearFacturaCompraScreenState'.
 - '_CrearFacturaCompraScreenState' is from 'package:vercy_motos/screens/compras/facturas_compras_screen.dart' ('lib/screens/compras/facturas_compras_screen.dart').
                      labelStyle: TextStyle(color: AppTheme.textSecondary),
                                                   ^^^^^^^^
lib/screens/compras/facturas_compras_screen.dart:4011:34:
Error: The getter 'AppTheme' isn't defined for the type '_CrearFacturaCompraScreenState'.
 - '_CrearFacturaCompraScreenState' is from 'package:vercy_motos/screens/compras/facturas_compras_screen.dart' ('lib/screens/compras/facturas_compras_screen.dart').
                          color: AppTheme.textSecondary.withOpacity(0.3),
                                 ^^^^^^^^
lib/screens/compras/facturas_compras_screen.dart:4015:55:
Error: The getter 'AppTheme' isn't defined for the type '_CrearFacturaCompraScreenState'.
 - '_CrearFacturaCompraScreenState' is from 'package:vercy_motos/screens/compras/facturas_compras_screen.dart' ('lib/screens/compras/facturas_compras_screen.dart').
                        borderSide: BorderSide(color: AppTheme.primary),
                                                      ^^^^^^^^
lib/screens/compras/facturas_compras_screen.dart:4026:45:
Error: The getter 'AppTheme' isn't defined for the type '_CrearFacturaCompraScreenState'.
 - '_CrearFacturaCompraScreenState' is from 'package:vercy_motos/screens/compras/facturas_compras_screen.dart' ('lib/screens/compras/facturas_compras_screen.dart').
                    style: TextStyle(color: AppTheme.textPrimary),
                                            ^^^^^^^^
lib/screens/compras/facturas_compras_screen.dart:4029:52:
Error: The getter 'AppTheme' isn't defined for the type '_CrearFacturaCompraScreenState'.
 - '_CrearFacturaCompraScreenState' is from 'package:vercy_motos/screens/compras/facturas_compras_screen.dart' ('lib/screens/compras/facturas_compras_screen.dart').
                      labelStyle: TextStyle(color: AppTheme.textSecondary),
                                                   ^^^^^^^^
lib/screens/compras/facturas_compras_screen.dart:4033:34:
Error: The getter 'AppTheme' isn't defined for the type '_CrearFacturaCompraScreenState'.
 - '_CrearFacturaCompraScreenState' is from 'package:vercy_motos/screens/compras/facturas_compras_screen.dart' ('lib/screens/compras/facturas_compras_screen.dart').
                          color: AppTheme.textSecondary.withOpacity(0.3),
                                 ^^^^^^^^
lib/screens/compras/facturas_compras_screen.dart:4037:55:
Error: The getter 'AppTheme' isn't defined for the type '_CrearFacturaCompraScreenState'.
 - '_CrearFacturaCompraScreenState' is from 'package:vercy_motos/screens/compras/facturas_compras_screen.dart' ('lib/screens/compras/facturas_compras_screen.dart').
                        borderSide: BorderSide(color: AppTheme.primary),
                                                      ^^^^^^^^
lib/screens/compras/facturas_compras_screen.dart:4061:37:
Error: The getter 'AppTheme' isn't defined for the type '_CrearFacturaCompraScreenState'.
 - '_CrearFacturaCompraScreenState' is from 'package:vercy_motos/screens/compras/facturas_compras_screen.dart' ('lib/screens/compras/facturas_compras_screen.dart').
            side: BorderSide(color: AppTheme.primary),
                                    ^^^^^^^^
lib/screens/compras/facturas_compras_screen.dart:4070:22:
Error: The getter 'AppTheme' isn't defined for the type '_CrearFacturaCompraScreenState'.
 - '_CrearFacturaCompraScreenState' is from 'package:vercy_motos/screens/compras/facturas_compras_screen.dart' ('lib/screens/compras/facturas_compras_screen.dart').
              color: AppTheme.primary,
                     ^^^^^^^^
lib/screens/compras/facturas_compras_screen.dart:4082:30:
Error: The getter 'AppTheme' isn't defined for the type '_CrearFacturaCompraScreenState'.
 - '_CrearFacturaCompraScreenState' is from 'package:vercy_motos/screens/compras/facturas_compras_screen.dart' ('lib/screens/compras/facturas_compras_screen.dart').
            backgroundColor: AppTheme.primary,
                             ^^^^^^^^
lib/screens/compras/facturas_compras_screen.dart:4242:18:
Error: The method 'ItemFacturaCompra' isn't defined for the type '_CrearFacturaCompraScreenState'.
 - '_CrearFacturaCompraScreenState' is from 'package:vercy_motos/screens/compras/facturas_compras_screen.dart' ('lib/screens/compras/facturas_compras_screen.dart').
    final item = ItemFacturaCompra(
                 ^^^^^^^^^^^^^^^^^
lib/screens/compras/facturas_compras_screen.dart:4302:36:
Error: The method 'toJson' isn't defined for the type 'Object?'.
 - 'Object' is from 'dart:core'.
      'items': _items.map((i) => i.toJson()).toList(),
                                   ^^^^^^
lib/screens/compras/facturas_compras_screen.dart:4336:53:
Error: The getter 'LogLevel' isn't defined for the type '_CrearFacturaCompraScreenState'.
 - '_CrearFacturaCompraScreenState' is from 'package:vercy_motos/screens/compras/facturas_compras_screen.dart' ('lib/screens/compras/facturas_compras_screen.dart').
      appLog('Error guardando borrador: $e', level: LogLevel.error);
                                                    ^^^^^^^^
lib/screens/compras/facturas_compras_screen.dart:4336:7:
Error: The method 'appLog' isn't defined for the type '_CrearFacturaCompraScreenState'.
 - '_CrearFacturaCompraScreenState' is from 'package:vercy_motos/screens/compras/facturas_compras_screen.dart' ('lib/screens/compras/facturas_compras_screen.dart').
      appLog('Error guardando borrador: $e', level: LogLevel.error);
      ^^^^^^
lib/screens/compras/facturas_compras_screen.dart:4365:28:
Error: The getter 'AppTheme' isn't defined for the type '_CrearFacturaCompraScreenState'.
 - '_CrearFacturaCompraScreenState' is from 'package:vercy_motos/screens/compras/facturas_compras_screen.dart' ('lib/screens/compras/facturas_compras_screen.dart').
          backgroundColor: AppTheme.cardBg,
                           ^^^^^^^^
lib/screens/compras/facturas_compras_screen.dart:4368:37:
Error: The getter 'AppTheme' isn't defined for the type '_CrearFacturaCompraScreenState'.
 - '_CrearFacturaCompraScreenState' is from 'package:vercy_motos/screens/compras/facturas_compras_screen.dart' ('lib/screens/compras/facturas_compras_screen.dart').
            style: TextStyle(color: AppTheme.textPrimary, fontWeight: FontWeight.bold),
                                    ^^^^^^^^
lib/screens/compras/facturas_compras_screen.dart:4386:68:
Error: The getter 'AppTheme' isn't defined for the type '_CrearFacturaCompraScreenState'.
 - '_CrearFacturaCompraScreenState' is from 'package:vercy_motos/screens/compras/facturas_compras_screen.dart' ('lib/screens/compras/facturas_compras_screen.dart').
                  leading: Icon(Icons.description_outlined, color: AppTheme.primary),
                                                                   ^^^^^^^^
lib/screens/compras/facturas_compras_screen.dart:4387:66:
Error: The getter 'AppTheme' isn't defined for the type '_CrearFacturaCompraScreenState'.
 - '_CrearFacturaCompraScreenState' is from 'package:vercy_motos/screens/compras/facturas_compras_screen.dart' ('lib/screens/compras/facturas_compras_screen.dart').
                  title: Text(proveedor, style: TextStyle(color: AppTheme.textPrimary)),
                                                                 ^^^^^^^^
lib/screens/compras/facturas_compras_screen.dart:4390:45:
Error: The getter 'AppTheme' isn't defined for the type '_CrearFacturaCompraScreenState'.
 - '_CrearFacturaCompraScreenState' is from 'package:vercy_motos/screens/compras/facturas_compras_screen.dart' ('lib/screens/compras/facturas_compras_screen.dart').
                    style: TextStyle(color: AppTheme.textSecondary, fontSize: 12),
                                            ^^^^^^^^
lib/screens/compras/facturas_compras_screen.dart:4418:61:
Error: The getter 'AppTheme' isn't defined for the type '_CrearFacturaCompraScreenState'.
 - '_CrearFacturaCompraScreenState' is from 'package:vercy_motos/screens/compras/facturas_compras_screen.dart' ('lib/screens/compras/facturas_compras_screen.dart').
              child: Text('Cerrar', style: TextStyle(color: AppTheme.textSecondary)),
                                                            ^^^^^^^^
lib/screens/compras/facturas_compras_screen.dart:4428:54:
Error: The getter 'LogLevel' isn't defined for the type '_CrearFacturaCompraScreenState'.
 - '_CrearFacturaCompraScreenState' is from 'package:vercy_motos/screens/compras/facturas_compras_screen.dart' ('lib/screens/compras/facturas_compras_screen.dart').
      appLog('Error cargando borradores: $e', level: LogLevel.error);
                                                     ^^^^^^^^
lib/screens/compras/facturas_compras_screen.dart:4428:7:
Error: The method 'appLog' isn't defined for the type '_CrearFacturaCompraScreenState'.
 - '_CrearFacturaCompraScreenState' is from 'package:vercy_motos/screens/compras/facturas_compras_screen.dart' ('lib/screens/compras/facturas_compras_screen.dart').
      appLog('Error cargando borradores: $e', level: LogLevel.error);
      ^^^^^^
lib/screens/compras/facturas_compras_screen.dart:4441:50:
Error: The getter 'id' isn't defined for the type 'Object?'.
 - 'Object' is from 'dart:core'.
        final prov = _proveedores.where((p) => p.id == b['proveedorId']).firstOrNull;
                                                 ^^
lib/screens/compras/facturas_compras_screen.dart:4448:24:
Error: The getter 'ItemFacturaCompra' isn't defined for the type '_CrearFacturaCompraScreenState'.
 - '_CrearFacturaCompraScreenState' is from 'package:vercy_motos/screens/compras/facturas_compras_screen.dart' ('lib/screens/compras/facturas_compras_screen.dart').
            _items.add(ItemFacturaCompra.fromJson(item as Map<String, dynamic>));
                       ^^^^^^^^^^^^^^^^^
lib/screens/compras/facturas_compras_screen.dart:4541:18:
Error: 'ItemFacturaCompra' isn't a type.
      final List<ItemFacturaCompra> itemsVerificados = _items.map((item) {
                 ^^^^^^^^^^^^^^^^^
lib/screens/compras/facturas_compras_screen.dart:4674:43:
Error: 'DatosCacheProvider' isn't a type.
        final cacheProvider = Provider.of<DatosCacheProvider>(
                                          ^^^^^^^^^^^^^^^^^^
lib/screens/compras/facturas_compras_screen.dart:4492:70:
Error: The getter 'subtotal' isn't defined for the type 'Object?'.
 - 'Object' is from 'dart:core'.
      final total = _items.fold<double>(0, (sum, item) => sum + item.subtotal);
                                                                     ^^^^^^^^
lib/screens/compras/facturas_compras_screen.dart:4522:55:
Error: The getter 'subtotal' isn't defined for the type 'Object?'.
 - 'Object' is from 'dart:core'.
      bool itemsValidos = _items.every((item) => item.subtotal > 0);
                                                      ^^^^^^^^
lib/screens/compras/facturas_compras_screen.dart:4543:41:
Error: The getter 'cantidad' isn't defined for the type 'Object?'.
 - 'Object' is from 'dart:core'.
        double subtotalCalculado = item.cantidad * item.precioUnitario;
                                        ^^^^^^^^
lib/screens/compras/facturas_compras_screen.dart:4543:57:
Error: The getter 'precioUnitario' isn't defined for the type 'Object?'.
 - 'Object' is from 'dart:core'.
        double subtotalCalculado = item.cantidad * item.precioUnitario;
                                                        ^^^^^^^^^^^^^^
lib/screens/compras/facturas_compras_screen.dart:4550:39:
Error: The getter 'subtotal' isn't defined for the type 'Object?'.
 - 'Object' is from 'dart:core'.
        if (subtotalCalculado != item.subtotal) {
                                      ^^^^^^^^
lib/screens/compras/facturas_compras_screen.dart:4553:33:
Error: The getter 'ingredienteId' isn't defined for the type 'Object?'.
 - 'Object' is from 'dart:core'.
            ingredienteId: item.ingredienteId,
                                ^^^^^^^^^^^^^
lib/screens/compras/facturas_compras_screen.dart:4554:37:
Error: The getter 'ingredienteNombre' isn't defined for the type 'Object?'.
 - 'Object' is from 'dart:core'.
            ingredienteNombre: item.ingredienteNombre,
                                    ^^^^^^^^^^^^^^^^^
lib/screens/compras/facturas_compras_screen.dart:4555:28:
Error: The getter 'cantidad' isn't defined for the type 'Object?'.
 - 'Object' is from 'dart:core'.
            cantidad: item.cantidad,
                           ^^^^^^^^
lib/screens/compras/facturas_compras_screen.dart:4556:26:
Error: The getter 'unidad' isn't defined for the type 'Object?'.
 - 'Object' is from 'dart:core'.
            unidad: item.unidad,
                         ^^^^^^
lib/screens/compras/facturas_compras_screen.dart:4557:34:
Error: The getter 'precioUnitario' isn't defined for the type 'Object?'.
 - 'Object' is from 'dart:core'.
            precioUnitario: item.precioUnitario,
                                 ^^^^^^^^^^^^^^
lib/screens/compras/facturas_compras_screen.dart:4559:38:
Error: The getter 'porcentajeImpuesto' isn't defined for the type 'Object?'.
 - 'Object' is from 'dart:core'.
            porcentajeImpuesto: item.porcentajeImpuesto,
                                     ^^^^^^^^^^^^^^^^^^
lib/screens/compras/facturas_compras_screen.dart:4560:33:
Error: The getter 'valorImpuesto' isn't defined for the type 'Object?'.
 - 'Object' is from 'dart:core'.
            valorImpuesto: item.valorImpuesto,
                                ^^^^^^^^^^^^^
lib/screens/compras/facturas_compras_screen.dart:4561:39:
Error: The getter 'porcentajeDescuento' isn't defined for the type 'Object?'.
 - 'Object' is from 'dart:core'.
            porcentajeDescuento: item.porcentajeDescuento,
                                      ^^^^^^^^^^^^^^^^^^^
lib/screens/compras/facturas_compras_screen.dart:4562:34:
Error: The getter 'valorDescuento' isn't defined for the type 'Object?'.
 - 'Object' is from 'dart:core'.
            valorDescuento: item.valorDescuento,
                                 ^^^^^^^^^^^^^^
lib/screens/compras/facturas_compras_screen.dart:4563:27:
Error: The getter 'destino' isn't defined for the type 'Object?'.
 - 'Object' is from 'dart:core'.
            destino: item.destino, // 📦 Preservar destino
                          ^^^^^^^
lib/screens/compras/facturas_compras_screen.dart:4564:35:
Error: The getter 'cantidadAlmacen' isn't defined for the type 'Object?'.
 - 'Object' is from 'dart:core'.
            cantidadAlmacen: item.cantidadAlmacen, // 📦 Preservar cantidad almacén
                                  ^^^^^^^^^^^^^^^
lib/screens/compras/facturas_compras_screen.dart:4565:34:
Error: The getter 'cantidadBodega' isn't defined for the type 'Object?'.
 - 'Object' is from 'dart:core'.
            cantidadBodega: item.cantidadBodega, // 📦 Preservar cantidad bodega
                                 ^^^^^^^^^^^^^^
lib/screens/compras/facturas_compras_screen.dart:4552:18:
Error: The method 'ItemFacturaCompra' isn't defined for the type '_CrearFacturaCompraScreenState'.
 - '_CrearFacturaCompraScreenState' is from 'package:vercy_motos/screens/compras/facturas_compras_screen.dart' ('lib/screens/compras/facturas_compras_screen.dart').
          return ItemFacturaCompra(
                 ^^^^^^^^^^^^^^^^^
lib/screens/compras/facturas_compras_screen.dart:4574:35:
Error: The getter 'subtotal' isn't defined for the type 'Object?'.
 - 'Object' is from 'dart:core'.
        (sum, item) => sum + item.subtotal,
                                  ^^^^^^^^
lib/screens/compras/facturas_compras_screen.dart:4578:35:
Error: The getter 'valorDescuento' isn't defined for the type 'Object?'.
 - 'Object' is from 'dart:core'.
        (sum, item) => sum + item.valorDescuento,
                                  ^^^^^^^^^^^^^^
lib/screens/compras/facturas_compras_screen.dart:4583:35:
Error: The getter 'valorImpuesto' isn't defined for the type 'Object?'.
 - 'Object' is from 'dart:core'.
        (sum, item) => sum + item.valorImpuesto,
                                  ^^^^^^^^^^^^^
lib/screens/compras/facturas_compras_screen.dart:4618:37:
Error: The getter 'subtotal' isn't defined for the type 'Object?'.
 - 'Object' is from 'dart:core'.
          (sum, item) => sum + item.subtotal,
                                    ^^^^^^^^
lib/screens/compras/facturas_compras_screen.dart:4625:23:
Error: The method 'FacturaCompra' isn't defined for the type '_CrearFacturaCompraScreenState'.
 - '_CrearFacturaCompraScreenState' is from 'package:vercy_motos/screens/compras/facturas_compras_screen.dart' ('lib/screens/compras/facturas_compras_screen.dart').
      final factura = FacturaCompra(
                      ^^^^^^^^^^^^^
lib/screens/compras/facturas_compras_screen.dart:4679:9:
Error: The method 'appLog' isn't defined for the type '_CrearFacturaCompraScreenState'.
 - '_CrearFacturaCompraScreenState' is from 'package:vercy_motos/screens/compras/facturas_compras_screen.dart' ('lib/screens/compras/facturas_compras_screen.dart').
        appLog('✅ Cache de productos actualizado después de la compra');
        ^^^^^^
lib/screens/compras/facturas_compras_screen.dart:4681:9:
Error: The method 'appLog' isn't defined for the type '_CrearFacturaCompraScreenState'.
 - '_CrearFacturaCompraScreenState' is from 'package:vercy_motos/screens/compras/facturas_compras_screen.dart' ('lib/screens/compras/facturas_compras_screen.dart').
        appLog('⚠️ Error refrescando cache (no crítico): $e');
        ^^^^^^
lib/screens/compras/facturas_compras_screen.dart:4745:5:
Error: 'FacturaCompra' isn't a type.
    FacturaCompra factura, {
    ^^^^^^^^^^^^^
lib/screens/compras/facturas_compras_screen.dart:4746:10:
Error: 'ItemFacturaCompra' isn't a type.
    List<ItemFacturaCompra>? itemsOriginales,
         ^^^^^^^^^^^^^^^^^
lib/screens/compras/facturas_compras_screen.dart:4761:13:
Error: The method 'appLog' isn't defined for the type '_CrearFacturaCompraScreenState'.
 - '_CrearFacturaCompraScreenState' is from 'package:vercy_motos/screens/compras/facturas_compras_screen.dart' ('lib/screens/compras/facturas_compras_screen.dart').
            appLog('⚠️ Producto no encontrado: ${item.ingredienteId}');
            ^^^^^^
lib/screens/compras/facturas_compras_screen.dart:4766:11:
Error: The method 'appLog' isn't defined for the type '_CrearFacturaCompraScreenState'.
 - '_CrearFacturaCompraScreenState' is from 'package:vercy_motos/screens/compras/facturas_compras_screen.dart' ('lib/screens/compras/facturas_compras_screen.dart').
          appLog('📥 Producto obtenido: ${productoCompleto.nombre}');
          ^^^^^^
lib/screens/compras/facturas_compras_screen.dart:4767:11:
Error: The method 'appLog' isn't defined for the type '_CrearFacturaCompraScreenState'.
 - '_CrearFacturaCompraScreenState' is from 'package:vercy_motos/screens/compras/facturas_compras_screen.dart' ('lib/screens/compras/facturas_compras_screen.dart').
          appLog('   - ID: ${productoCompleto.id}');
          ^^^^^^
lib/screens/compras/facturas_compras_screen.dart:4768:11:
Error: The method 'appLog' isn't defined for the type '_CrearFacturaCompraScreenState'.
 - '_CrearFacturaCompraScreenState' is from 'package:vercy_motos/screens/compras/facturas_compras_screen.dart' ('lib/screens/compras/facturas_compras_screen.dart').
          appLog('   - Almacén actual: ${productoCompleto.almacen}');
          ^^^^^^
lib/screens/compras/facturas_compras_screen.dart:4769:11:
Error: The method 'appLog' isn't defined for the type '_CrearFacturaCompraScreenState'.
 - '_CrearFacturaCompraScreenState' is from 'package:vercy_motos/screens/compras/facturas_compras_screen.dart' ('lib/screens/compras/facturas_compras_screen.dart').
          appLog('   - Bodega actual: ${productoCompleto.bodega}');
          ^^^^^^
lib/screens/compras/facturas_compras_screen.dart:4770:11:
Error: The method 'appLog' isn't defined for the type '_CrearFacturaCompraScreenState'.
 - '_CrearFacturaCompraScreenState' is from 'package:vercy_motos/screens/compras/facturas_compras_screen.dart' ('lib/screens/compras/facturas_compras_screen.dart').
          appLog('   - Destino item: ${item.destino}');
          ^^^^^^
lib/screens/compras/facturas_compras_screen.dart:4771:11:
Error: The method 'appLog' isn't defined for the type '_CrearFacturaCompraScreenState'.
 - '_CrearFacturaCompraScreenState' is from 'package:vercy_motos/screens/compras/facturas_compras_screen.dart' ('lib/screens/compras/facturas_compras_screen.dart').
          appLog('   - cantidadAlmacen item: ${item.cantidadAlmacen}');
          ^^^^^^
lib/screens/compras/facturas_compras_screen.dart:4772:11:
Error: The method 'appLog' isn't defined for the type '_CrearFacturaCompraScreenState'.
 - '_CrearFacturaCompraScreenState' is from 'package:vercy_motos/screens/compras/facturas_compras_screen.dart' ('lib/screens/compras/facturas_compras_screen.dart').
          appLog('   - cantidadBodega item: ${item.cantidadBodega}');
          ^^^^^^
lib/screens/compras/facturas_compras_screen.dart:4806:13:
Error: The method 'appLog' isn't defined for the type '_CrearFacturaCompraScreenState'.
 - '_CrearFacturaCompraScreenState' is from 'package:vercy_motos/screens/compras/facturas_compras_screen.dart' ('lib/screens/compras/facturas_compras_screen.dart').
            appLog('📦 PARTE Y PARTE: ${item.ingredienteNombre} - Almacén: +$cantidadParaAlmacen, Bodega: +$cantidadParaBodega');
            ^^^^^^
lib/screens/compras/facturas_compras_screen.dart:4809:32:
Error: The method 'MovimientoInventario' isn't defined for the type '_CrearFacturaCompraScreenState'.
 - '_CrearFacturaCompraScreenState' is from 'package:vercy_motos/screens/compras/facturas_compras_screen.dart' ('lib/screens/compras/facturas_compras_screen.dart').
            final movimiento = MovimientoInventario(
                               ^^^^^^^^^^^^^^^^^^^^
lib/screens/compras/facturas_compras_screen.dart:4834:15:
Error: The method 'appLog' isn't defined for the type '_CrearFacturaCompraScreenState'.
 - '_CrearFacturaCompraScreenState' is from 'package:vercy_motos/screens/compras/facturas_compras_screen.dart' ('lib/screens/compras/facturas_compras_screen.dart').
              appLog(
              ^^^^^^
lib/screens/compras/facturas_compras_screen.dart:4838:15:
Error: The method 'appLog' isn't defined for the type '_CrearFacturaCompraScreenState'.
 - '_CrearFacturaCompraScreenState' is from 'package:vercy_motos/screens/compras/facturas_compras_screen.dart' ('lib/screens/compras/facturas_compras_screen.dart').
              appLog(
              ^^^^^^
lib/screens/compras/facturas_compras_screen.dart:4852:17:
Error: The method 'appLog' isn't defined for the type '_CrearFacturaCompraScreenState'.
 - '_CrearFacturaCompraScreenState' is from 'package:vercy_motos/screens/compras/facturas_compras_screen.dart' ('lib/screens/compras/facturas_compras_screen.dart').
                appLog(
                ^^^^^^
lib/screens/compras/facturas_compras_screen.dart:4856:17:
Error: The method 'appLog' isn't defined for the type '_CrearFacturaCompraScreenState'.
 - '_CrearFacturaCompraScreenState' is from 'package:vercy_motos/screens/compras/facturas_compras_screen.dart' ('lib/screens/compras/facturas_compras_screen.dart').
                appLog(
                ^^^^^^
lib/screens/compras/facturas_compras_screen.dart:4871:30:
Error: The method 'MovimientoInventario' isn't defined for the type '_CrearFacturaCompraScreenState'.
 - '_CrearFacturaCompraScreenState' is from 'package:vercy_motos/screens/compras/facturas_compras_screen.dart' ('lib/screens/compras/facturas_compras_screen.dart').
          final movimiento = MovimientoInventario(
                             ^^^^^^^^^^^^^^^^^^^^
lib/screens/compras/facturas_compras_screen.dart:4896:13:
Error: The method 'appLog' isn't defined for the type '_CrearFacturaCompraScreenState'.
 - '_CrearFacturaCompraScreenState' is from 'package:vercy_motos/screens/compras/facturas_compras_screen.dart' ('lib/screens/compras/facturas_compras_screen.dart').
            appLog(
            ^^^^^^
lib/screens/compras/facturas_compras_screen.dart:4900:13:
Error: The method 'appLog' isn't defined for the type '_CrearFacturaCompraScreenState'.
 - '_CrearFacturaCompraScreenState' is from 'package:vercy_motos/screens/compras/facturas_compras_screen.dart' ('lib/screens/compras/facturas_compras_screen.dart').
            appLog(
            ^^^^^^
lib/screens/compras/facturas_compras_screen.dart:4912:13:
Error: The method 'appLog' isn't defined for the type '_CrearFacturaCompraScreenState'.
 - '_CrearFacturaCompraScreenState' is from 'package:vercy_motos/screens/compras/facturas_compras_screen.dart' ('lib/screens/compras/facturas_compras_screen.dart').
            appLog(
            ^^^^^^
lib/screens/compras/facturas_compras_screen.dart:4918:15:
Error: The method 'appLog' isn't defined for the type '_CrearFacturaCompraScreenState'.
 - '_CrearFacturaCompraScreenState' is from 'package:vercy_motos/screens/compras/facturas_compras_screen.dart' ('lib/screens/compras/facturas_compras_screen.dart').
              appLog(
              ^^^^^^
lib/screens/compras/facturas_compras_screen.dart:4922:15:
Error: The method 'appLog' isn't defined for the type '_CrearFacturaCompraScreenState'.
 - '_CrearFacturaCompraScreenState' is from 'package:vercy_motos/screens/compras/facturas_compras_screen.dart' ('lib/screens/compras/facturas_compras_screen.dart').
              appLog(
              ^^^^^^
lib/screens/compras/facturas_compras_screen.dart:4930:11:
Error: The method 'appLog' isn't defined for the type '_CrearFacturaCompraScreenState'.
 - '_CrearFacturaCompraScreenState' is from 'package:vercy_motos/screens/compras/facturas_compras_screen.dart' ('lib/screens/compras/facturas_compras_screen.dart').
          appLog('⚠️ Error registrando movimiento para ${item.ingredienteId}: $e');
          ^^^^^^
lib/screens/compras/facturas_compras_screen.dart:4935:7:
Error: The method 'appLog' isn't defined for the type '_CrearFacturaCompraScreenState'.
 - '_CrearFacturaCompraScreenState' is from 'package:vercy_motos/screens/compras/facturas_compras_screen.dart' ('lib/screens/compras/facturas_compras_screen.dart').
      appLog('⚠️ Error general en registro de movimientos: $e');
      ^^^^^^
lib/screens/compras/facturas_compras_screen.dart:4940:42:
Error: 'FacturaCompra' isn't a type.
  Future<void> _actualizarCostoProductos(FacturaCompra factura) async {
                                         ^^^^^^^^^^^^^
lib/screens/compras/facturas_compras_screen.dart:4945:11:
Error: 'Producto' isn't a type.
          Producto? producto;
          ^^^^^^^^
lib/screens/compras/facturas_compras_screen.dart:4947:55:
Error: The getter 'id' isn't defined for the type 'Object?'.
 - 'Object' is from 'dart:core'.
            producto = _productos.firstWhere((p) => p.id == item.ingredienteId);
                                                      ^^
lib/screens/compras/facturas_compras_screen.dart:4953:11:
Error: The method 'appLog' isn't defined for the type '_CrearFacturaCompraScreenState'.
 - '_CrearFacturaCompraScreenState' is from 'package:vercy_motos/screens/compras/facturas_compras_screen.dart' ('lib/screens/compras/facturas_compras_screen.dart').
          appLog(
          ^^^^^^
lib/screens/compras/facturas_compras_screen.dart:4969:15:
Error: The method 'appLog' isn't defined for the type '_CrearFacturaCompraScreenState'.
 - '_CrearFacturaCompraScreenState' is from 'package:vercy_motos/screens/compras/facturas_compras_screen.dart' ('lib/screens/compras/facturas_compras_screen.dart').
              appLog(
              ^^^^^^
lib/screens/compras/facturas_compras_screen.dart:4989:9:
Error: 'FacturaCompra' isn't a type.
  final FacturaCompra factura;
        ^^^^^^^^^^^^^
lib/screens/compras/facturas_compras_screen.dart:4994:27:
Error: 'FacturaCompra' isn't a type.
  bool _estaFacturaPagada(FacturaCompra factura) {
                          ^^^^^^^^^^^^^
lib/screens/compras/facturas_compras_screen.dart:5001:24:
Error: The getter 'AppTheme' isn't defined for the type 'DetalleFacturaCompraScreen'.
 - 'DetalleFacturaCompraScreen' is from 'package:vercy_motos/screens/compras/facturas_compras_screen.dart' ('lib/screens/compras/facturas_compras_screen.dart').
      backgroundColor: AppTheme.backgroundDark,
                       ^^^^^^^^
lib/screens/compras/facturas_compras_screen.dart:5006:20:
Error: The getter 'AppTheme' isn't defined for the type 'DetalleFacturaCompraScreen'.
 - 'DetalleFacturaCompraScreen' is from 'package:vercy_motos/screens/compras/facturas_compras_screen.dart' ('lib/screens/compras/facturas_compras_screen.dart').
            color: AppTheme.textPrimary,
                   ^^^^^^^^
lib/screens/compras/facturas_compras_screen.dart:5010:26:
Error: The getter 'AppTheme' isn't defined for the type 'DetalleFacturaCompraScreen'.
 - 'DetalleFacturaCompraScreen' is from 'package:vercy_motos/screens/compras/facturas_compras_screen.dart' ('lib/screens/compras/facturas_compras_screen.dart').
        backgroundColor: AppTheme.backgroundDark,
                         ^^^^^^^^
lib/screens/compras/facturas_compras_screen.dart:5012:41:
Error: The getter 'AppTheme' isn't defined for the type 'DetalleFacturaCompraScreen'.
 - 'DetalleFacturaCompraScreen' is from 'package:vercy_motos/screens/compras/facturas_compras_screen.dart' ('lib/screens/compras/facturas_compras_screen.dart').
        iconTheme: IconThemeData(color: AppTheme.textPrimary),
                                        ^^^^^^^^
lib/screens/compras/facturas_compras_screen.dart:5032:14:
Error: The getter 'AppTheme' isn't defined for the type 'DetalleFacturaCompraScreen'.
 - 'DetalleFacturaCompraScreen' is from 'package:vercy_motos/screens/compras/facturas_compras_screen.dart' ('lib/screens/compras/facturas_compras_screen.dart').
      color: AppTheme.cardBg,
             ^^^^^^^^
lib/screens/compras/facturas_compras_screen.dart:5041:24:
Error: The getter 'AppTheme' isn't defined for the type 'DetalleFacturaCompraScreen'.
 - 'DetalleFacturaCompraScreen' is from 'package:vercy_motos/screens/compras/facturas_compras_screen.dart' ('lib/screens/compras/facturas_compras_screen.dart').
                color: AppTheme.textPrimary,
                       ^^^^^^^^
lib/screens/compras/facturas_compras_screen.dart:5068:43:
Error: The getter 'AppTheme' isn't defined for the type 'DetalleFacturaCompraScreen'.
 - 'DetalleFacturaCompraScreen' is from 'package:vercy_motos/screens/compras/facturas_compras_screen.dart' ('lib/screens/compras/facturas_compras_screen.dart').
                  style: TextStyle(color: AppTheme.textSecondary),
                                          ^^^^^^^^
lib/screens/compras/facturas_compras_screen.dart:5083:43:
Error: The getter 'AppTheme' isn't defined for the type 'DetalleFacturaCompraScreen'.
 - 'DetalleFacturaCompraScreen' is from 'package:vercy_motos/screens/compras/facturas_compras_screen.dart' ('lib/screens/compras/facturas_compras_screen.dart').
                  style: TextStyle(color: AppTheme.textSecondary),
                                          ^^^^^^^^
lib/screens/compras/facturas_compras_screen.dart:5102:31:
Error: The getter 'AppTheme' isn't defined for the type 'DetalleFacturaCompraScreen'.
 - 'DetalleFacturaCompraScreen' is from 'package:vercy_motos/screens/compras/facturas_compras_screen.dart' ('lib/screens/compras/facturas_compras_screen.dart').
                            : AppTheme.textSecondary,
                              ^^^^^^^^
lib/screens/compras/facturas_compras_screen.dart:5118:14:
Error: The getter 'AppTheme' isn't defined for the type 'DetalleFacturaCompraScreen'.
 - 'DetalleFacturaCompraScreen' is from 'package:vercy_motos/screens/compras/facturas_compras_screen.dart' ('lib/screens/compras/facturas_compras_screen.dart').
      color: AppTheme.cardBg,
             ^^^^^^^^
lib/screens/compras/facturas_compras_screen.dart:5127:24:
Error: The getter 'AppTheme' isn't defined for the type 'DetalleFacturaCompraScreen'.
 - 'DetalleFacturaCompraScreen' is from 'package:vercy_motos/screens/compras/facturas_compras_screen.dart' ('lib/screens/compras/facturas_compras_screen.dart').
                color: AppTheme.textPrimary,
                       ^^^^^^^^
lib/screens/compras/facturas_compras_screen.dart:5135:24:
Error: The getter 'AppTheme' isn't defined for the type 'DetalleFacturaCompraScreen'.
 - 'DetalleFacturaCompraScreen' is from 'package:vercy_motos/screens/compras/facturas_compras_screen.dart' ('lib/screens/compras/facturas_compras_screen.dart').
                color: AppTheme.backgroundDark,
                       ^^^^^^^^
lib/screens/compras/facturas_compras_screen.dart:5140:45:
Error: The getter 'AppTheme' isn't defined for the type 'DetalleFacturaCompraScreen'.
 - 'DetalleFacturaCompraScreen' is from 'package:vercy_motos/screens/compras/facturas_compras_screen.dart' ('lib/screens/compras/facturas_compras_screen.dart').
                    style: TextStyle(color: AppTheme.textPrimary),
                                            ^^^^^^^^
lib/screens/compras/facturas_compras_screen.dart:5144:45:
Error: The getter 'AppTheme' isn't defined for the type 'DetalleFacturaCompraScreen'.
 - 'DetalleFacturaCompraScreen' is from 'package:vercy_motos/screens/compras/facturas_compras_screen.dart' ('lib/screens/compras/facturas_compras_screen.dart').
                    style: TextStyle(color: AppTheme.textSecondary),
                                            ^^^^^^^^
lib/screens/compras/facturas_compras_screen.dart:5149:30:
Error: The getter 'AppTheme' isn't defined for the type 'DetalleFacturaCompraScreen'.
 - 'DetalleFacturaCompraScreen' is from 'package:vercy_motos/screens/compras/facturas_compras_screen.dart' ('lib/screens/compras/facturas_compras_screen.dart').
                      color: AppTheme.primary,
                             ^^^^^^^^
lib/screens/compras/facturas_compras_screen.dart:5164:14:
Error: The getter 'AppTheme' isn't defined for the type 'DetalleFacturaCompraScreen'.
 - 'DetalleFacturaCompraScreen' is from 'package:vercy_motos/screens/compras/facturas_compras_screen.dart' ('lib/screens/compras/facturas_compras_screen.dart').
      color: AppTheme.cardBg,
             ^^^^^^^^
lib/screens/compras/facturas_compras_screen.dart:5173:24:
Error: The getter 'AppTheme' isn't defined for the type 'DetalleFacturaCompraScreen'.
 - 'DetalleFacturaCompraScreen' is from 'package:vercy_motos/screens/compras/facturas_compras_screen.dart' ('lib/screens/compras/facturas_compras_screen.dart').
                color: AppTheme.textPrimary,
                       ^^^^^^^^
lib/screens/compras/facturas_compras_screen.dart:5185:28:
Error: The getter 'AppTheme' isn't defined for the type 'DetalleFacturaCompraScreen'.
 - 'DetalleFacturaCompraScreen' is from 'package:vercy_motos/screens/compras/facturas_compras_screen.dart' ('lib/screens/compras/facturas_compras_screen.dart').
                    color: AppTheme.textPrimary,
                           ^^^^^^^^
lib/screens/compras/facturas_compras_screen.dart:5193:28:
Error: The getter 'AppTheme' isn't defined for the type 'DetalleFacturaCompraScreen'.
 - 'DetalleFacturaCompraScreen' is from 'package:vercy_motos/screens/compras/facturas_compras_screen.dart' ('lib/screens/compras/facturas_compras_screen.dart').
                    color: AppTheme.primary,
                           ^^^^^^^^
lib/screens/compras/facturas_compras_screen.dart:5204:24:
Error: The getter 'AppTheme' isn't defined for the type 'DetalleFacturaCompraScreen'.
 - 'DetalleFacturaCompraScreen' is from 'package:vercy_motos/screens/compras/facturas_compras_screen.dart' ('lib/screens/compras/facturas_compras_screen.dart').
                color: AppTheme.textSecondary,
                       ^^^^^^^^
lib/screens/compras/facturas_compras_screen.dart:5221:47:
Error: The getter 'AppTheme' isn't defined for the type 'DetalleFacturaCompraScreen'.
 - 'DetalleFacturaCompraScreen' is from 'package:vercy_motos/screens/compras/facturas_compras_screen.dart' ('lib/screens/compras/facturas_compras_screen.dart').
          Text(label, style: TextStyle(color: AppTheme.textSecondary)),
                                              ^^^^^^^^
lib/screens/compras/facturas_compras_screen.dart:5222:47:
Error: The getter 'AppTheme' isn't defined for the type 'DetalleFacturaCompraScreen'.
 - 'DetalleFacturaCompraScreen' is from 'package:vercy_motos/screens/compras/facturas_compras_screen.dart' ('lib/screens/compras/facturas_compras_screen.dart').
          Text(value, style: TextStyle(color: AppTheme.textPrimary)),
                                              ^^^^^^^^
lib/screens/compras/facturas_compras_screen.dart:5277:14:
Error: 'Producto' isn't a type.
  final List<Producto> productos;
             ^^^^^^^^
lib/screens/compras/facturas_compras_screen.dart:5278:18:
Error: 'ItemFacturaCompra' isn't a type.
  final Function(ItemFacturaCompra) onItemAgregado;
                 ^^^^^^^^^^^^^^^^^
lib/screens/compras/facturas_compras_screen.dart:5291:3:
Error: 'Producto' isn't a type.
  Producto? _productoSeleccionado;
  ^^^^^^^^
lib/screens/compras/facturas_compras_screen.dart:5315:23:
Error: The getter 'nombre' isn't defined for the type 'Object?'.
 - 'Object' is from 'dart:core'.
      return producto.nombre.toLowerCase().contains(
                      ^^^^^^
lib/screens/compras/facturas_compras_screen.dart:5318:21:
Error: The getter 'categoria' isn't defined for the type 'Object?'.
 - 'Object' is from 'dart:core'.
          (producto.categoria?.nombre.toLowerCase().contains(
                    ^^^^^^^^^
lib/screens/compras/facturas_compras_screen.dart:5360:24:
Error: The getter 'AppTheme' isn't defined for the type '_DialogoAgregarItemState'.
 - '_DialogoAgregarItemState' is from 'package:vercy_motos/screens/compras/facturas_compras_screen.dart' ('lib/screens/compras/facturas_compras_screen.dart').
      backgroundColor: AppTheme.cardBg,
                       ^^^^^^^^
lib/screens/compras/facturas_compras_screen.dart:5378:28:
Error: The getter 'AppTheme' isn't defined for the type '_DialogoAgregarItemState'.
 - '_DialogoAgregarItemState' is from 'package:vercy_motos/screens/compras/facturas_compras_screen.dart' ('lib/screens/compras/facturas_compras_screen.dart').
                    color: AppTheme.textPrimary,
                           ^^^^^^^^
lib/screens/compras/facturas_compras_screen.dart:5385:50:
Error: The getter 'AppTheme' isn't defined for the type '_DialogoAgregarItemState'.
 - '_DialogoAgregarItemState' is from 'package:vercy_motos/screens/compras/facturas_compras_screen.dart' ('lib/screens/compras/facturas_compras_screen.dart').
                  icon: Icon(Icons.close, color: AppTheme.textSecondary),
                                                 ^^^^^^^^
lib/screens/compras/facturas_compras_screen.dart:5393:39:
Error: The getter 'AppTheme' isn't defined for the type '_DialogoAgregarItemState'.
 - '_DialogoAgregarItemState' is from 'package:vercy_motos/screens/compras/facturas_compras_screen.dart' ('lib/screens/compras/facturas_compras_screen.dart').
              style: TextStyle(color: AppTheme.textPrimary),
                                      ^^^^^^^^
lib/screens/compras/facturas_compras_screen.dart:5396:45:
Error: The getter 'AppTheme' isn't defined for the type '_DialogoAgregarItemState'.
 - '_DialogoAgregarItemState' is from 'package:vercy_motos/screens/compras/facturas_compras_screen.dart' ('lib/screens/compras/facturas_compras_screen.dart').
                hintStyle: TextStyle(color: AppTheme.textSecondary),
                                            ^^^^^^^^
lib/screens/compras/facturas_compras_screen.dart:5397:55:
Error: The getter 'AppTheme' isn't defined for the type '_DialogoAgregarItemState'.
 - '_DialogoAgregarItemState' is from 'package:vercy_motos/screens/compras/facturas_compras_screen.dart' ('lib/screens/compras/facturas_compras_screen.dart').
                prefixIcon: Icon(Icons.search, color: AppTheme.textSecondary),
                                                      ^^^^^^^^
lib/screens/compras/facturas_compras_screen.dart:5421:32:
Error: The getter 'AppTheme' isn't defined for the type '_DialogoAgregarItemState'.
 - '_DialogoAgregarItemState' is from 'package:vercy_motos/screens/compras/facturas_compras_screen.dart' ('lib/screens/compras/facturas_compras_screen.dart').
                        color: AppTheme.textPrimary,
                               ^^^^^^^^
lib/screens/compras/facturas_compras_screen.dart:5443:55:
Error: The getter 'AppTheme' isn't defined for the type '_DialogoAgregarItemState'.
 - '_DialogoAgregarItemState' is from 'package:vercy_motos/screens/compras/facturas_compras_screen.dart' ('lib/screens/compras/facturas_compras_screen.dart').
                              style: TextStyle(color: AppTheme.textPrimary),
                                                      ^^^^^^^^
lib/screens/compras/facturas_compras_screen.dart:5447:55:
Error: The getter 'AppTheme' isn't defined for the type '_DialogoAgregarItemState'.
 - '_DialogoAgregarItemState' is from 'package:vercy_motos/screens/compras/facturas_compras_screen.dart' ('lib/screens/compras/facturas_compras_screen.dart').
                              style: TextStyle(color: AppTheme.textSecondary),
                                                      ^^^^^^^^
lib/screens/compras/facturas_compras_screen.dart:5452:40:
Error: The getter 'AppTheme' isn't defined for the type '_DialogoAgregarItemState'.
 - '_DialogoAgregarItemState' is from 'package:vercy_motos/screens/compras/facturas_compras_screen.dart' ('lib/screens/compras/facturas_compras_screen.dart').
                                color: AppTheme.textSecondary,
                                       ^^^^^^^^
lib/screens/compras/facturas_compras_screen.dart:5457:48:
Error: The getter 'AppTheme' isn't defined for the type '_DialogoAgregarItemState'.
 - '_DialogoAgregarItemState' is from 'package:vercy_motos/screens/compras/facturas_compras_screen.dart' ('lib/screens/compras/facturas_compras_screen.dart').
                            selectedTileColor: AppTheme.primary.withOpacity(
                                               ^^^^^^^^
lib/screens/compras/facturas_compras_screen.dart:5478:34:
Error: The getter 'AppTheme' isn't defined for the type '_DialogoAgregarItemState'.
 - '_DialogoAgregarItemState' is from 'package:vercy_motos/screens/compras/facturas_compras_screen.dart' ('lib/screens/compras/facturas_compras_screen.dart').
                          color: AppTheme.cardBg,
                                 ^^^^^^^^
lib/screens/compras/facturas_compras_screen.dart:5489:40:
Error: The getter 'AppTheme' isn't defined for the type '_DialogoAgregarItemState'.
 - '_DialogoAgregarItemState' is from 'package:vercy_motos/screens/compras/facturas_compras_screen.dart' ('lib/screens/compras/facturas_compras_screen.dart').
                                color: AppTheme.textPrimary,
                                       ^^^^^^^^
lib/screens/compras/facturas_compras_screen.dart:5503:42:
Error: The getter 'AppTheme' isn't defined for the type '_DialogoAgregarItemState'.
 - '_DialogoAgregarItemState' is from 'package:vercy_motos/screens/compras/facturas_compras_screen.dart' ('lib/screens/compras/facturas_compras_screen.dart').
                                  color: AppTheme.textSecondary,
                                         ^^^^^^^^
lib/screens/compras/facturas_compras_screen.dart:5515:50:
Error: The getter 'AppTheme' isn't defined for the type '_DialogoAgregarItemState'.
 - '_DialogoAgregarItemState' is from 'package:vercy_motos/screens/compras/facturas_compras_screen.dart' ('lib/screens/compras/facturas_compras_screen.dart').
                                          color: AppTheme.textPrimary,
                                                 ^^^^^^^^
lib/screens/compras/facturas_compras_screen.dart:5526:50:
Error: The getter 'AppTheme' isn't defined for the type '_DialogoAgregarItemState'.
 - '_DialogoAgregarItemState' is from 'package:vercy_motos/screens/compras/facturas_compras_screen.dart' ('lib/screens/compras/facturas_compras_screen.dart').
                                          color: AppTheme.textSecondary,
                                                 ^^^^^^^^
lib/screens/compras/facturas_compras_screen.dart:5546:48:
Error: The getter 'AppTheme' isn't defined for the type '_DialogoAgregarItemState'.
 - '_DialogoAgregarItemState' is from 'package:vercy_motos/screens/compras/facturas_compras_screen.dart' ('lib/screens/compras/facturas_compras_screen.dart').
                                  activeColor: AppTheme.primary,
                                               ^^^^^^^^
lib/screens/compras/facturas_compras_screen.dart:5547:53:
Error: The getter 'AppTheme' isn't defined for the type '_DialogoAgregarItemState'.
 - '_DialogoAgregarItemState' is from 'package:vercy_motos/screens/compras/facturas_compras_screen.dart' ('lib/screens/compras/facturas_compras_screen.dart').
                                  activeTrackColor: AppTheme.primary
                                                    ^^^^^^^^
lib/screens/compras/facturas_compras_screen.dart:5558:55:
Error: The getter 'AppTheme' isn't defined for the type '_DialogoAgregarItemState'.
 - '_DialogoAgregarItemState' is from 'package:vercy_motos/screens/compras/facturas_compras_screen.dart' ('lib/screens/compras/facturas_compras_screen.dart').
                              style: TextStyle(color: AppTheme.textPrimary),
                                                      ^^^^^^^^
lib/screens/compras/facturas_compras_screen.dart:5563:42:
Error: The getter 'AppTheme' isn't defined for the type '_DialogoAgregarItemState'.
 - '_DialogoAgregarItemState' is from 'package:vercy_motos/screens/compras/facturas_compras_screen.dart' ('lib/screens/compras/facturas_compras_screen.dart').
                                  color: AppTheme.textSecondary,
                                         ^^^^^^^^
lib/screens/compras/facturas_compras_screen.dart:5567:42:
Error: The getter 'AppTheme' isn't defined for the type '_DialogoAgregarItemState'.
 - '_DialogoAgregarItemState' is from 'package:vercy_motos/screens/compras/facturas_compras_screen.dart' ('lib/screens/compras/facturas_compras_screen.dart').
                                  color: AppTheme.textSecondary,
                                         ^^^^^^^^
lib/screens/compras/facturas_compras_screen.dart:5577:44:
Error: The getter 'AppTheme' isn't defined for the type '_DialogoAgregarItemState'.
 - '_DialogoAgregarItemState' is from 'package:vercy_motos/screens/compras/facturas_compras_screen.dart' ('lib/screens/compras/facturas_compras_screen.dart').
                                    color: AppTheme.primary,
                                           ^^^^^^^^
lib/screens/compras/facturas_compras_screen.dart:5590:57:
Error: The getter 'AppTheme' isn't defined for the type '_DialogoAgregarItemState'.
 - '_DialogoAgregarItemState' is from 'package:vercy_motos/screens/compras/facturas_compras_screen.dart' ('lib/screens/compras/facturas_compras_screen.dart').
                                style: TextStyle(color: AppTheme.textPrimary),
                                                        ^^^^^^^^
lib/screens/compras/facturas_compras_screen.dart:5595:44:
Error: The getter 'AppTheme' isn't defined for the type '_DialogoAgregarItemState'.
 - '_DialogoAgregarItemState' is from 'package:vercy_motos/screens/compras/facturas_compras_screen.dart' ('lib/screens/compras/facturas_compras_screen.dart').
                                    color: AppTheme.textSecondary,
                                           ^^^^^^^^
lib/screens/compras/facturas_compras_screen.dart:5599:44:
Error: The getter 'AppTheme' isn't defined for the type '_DialogoAgregarItemState'.
 - '_DialogoAgregarItemState' is from 'package:vercy_motos/screens/compras/facturas_compras_screen.dart' ('lib/screens/compras/facturas_compras_screen.dart').
                                    color: AppTheme.textSecondary,
                                           ^^^^^^^^
lib/screens/compras/facturas_compras_screen.dart:5603:44:
Error: The getter 'AppTheme' isn't defined for the type '_DialogoAgregarItemState'.
 - '_DialogoAgregarItemState' is from 'package:vercy_motos/screens/compras/facturas_compras_screen.dart' ('lib/screens/compras/facturas_compras_screen.dart').
                                    color: AppTheme.textSecondary,
                                           ^^^^^^^^
lib/screens/compras/facturas_compras_screen.dart:5614:46:
Error: The getter 'AppTheme' isn't defined for the type '_DialogoAgregarItemState'.
 - '_DialogoAgregarItemState' is from 'package:vercy_motos/screens/compras/facturas_compras_screen.dart' ('lib/screens/compras/facturas_compras_screen.dart').
                                      color: AppTheme.primary,
                                             ^^^^^^^^
lib/screens/compras/facturas_compras_screen.dart:5624:57:
Error: The getter 'AppTheme' isn't defined for the type '_DialogoAgregarItemState'.
 - '_DialogoAgregarItemState' is from 'package:vercy_motos/screens/compras/facturas_compras_screen.dart' ('lib/screens/compras/facturas_compras_screen.dart').
                                style: TextStyle(color: AppTheme.textPrimary),
                                                        ^^^^^^^^
lib/screens/compras/facturas_compras_screen.dart:5629:44:
Error: The getter 'AppTheme' isn't defined for the type '_DialogoAgregarItemState'.
 - '_DialogoAgregarItemState' is from 'package:vercy_motos/screens/compras/facturas_compras_screen.dart' ('lib/screens/compras/facturas_compras_screen.dart').
                                    color: AppTheme.textSecondary,
                                           ^^^^^^^^
lib/screens/compras/facturas_compras_screen.dart:5633:44:
Error: The getter 'AppTheme' isn't defined for the type '_DialogoAgregarItemState'.
 - '_DialogoAgregarItemState' is from 'package:vercy_motos/screens/compras/facturas_compras_screen.dart' ('lib/screens/compras/facturas_compras_screen.dart').
                                    color: AppTheme.textSecondary,
                                           ^^^^^^^^
lib/screens/compras/facturas_compras_screen.dart:5638:44:
Error: The getter 'AppTheme' isn't defined for the type '_DialogoAgregarItemState'.
 - '_DialogoAgregarItemState' is from 'package:vercy_motos/screens/compras/facturas_compras_screen.dart' ('lib/screens/compras/facturas_compras_screen.dart').
                                    color: AppTheme.textSecondary,
                                           ^^^^^^^^
lib/screens/compras/facturas_compras_screen.dart:5649:46:
Error: The getter 'AppTheme' isn't defined for the type '_DialogoAgregarItemState'.
 - '_DialogoAgregarItemState' is from 'package:vercy_motos/screens/compras/facturas_compras_screen.dart' ('lib/screens/compras/facturas_compras_screen.dart').
                                      color: AppTheme.primary,
                                             ^^^^^^^^
lib/screens/compras/facturas_compras_screen.dart:5667:46:
Error: The getter 'AppTheme' isn't defined for the type '_DialogoAgregarItemState'.
 - '_DialogoAgregarItemState' is from 'package:vercy_motos/screens/compras/facturas_compras_screen.dart' ('lib/screens/compras/facturas_compras_screen.dart').
                                      color: AppTheme.textPrimary,
                                             ^^^^^^^^
lib/screens/compras/facturas_compras_screen.dart:5673:48:
Error: The getter 'AppTheme' isn't defined for the type '_DialogoAgregarItemState'.
 - '_DialogoAgregarItemState' is from 'package:vercy_motos/screens/compras/facturas_compras_screen.dart' ('lib/screens/compras/facturas_compras_screen.dart').
                                        color: AppTheme.textSecondary,
                                               ^^^^^^^^
lib/screens/compras/facturas_compras_screen.dart:5677:48:
Error: The getter 'AppTheme' isn't defined for the type '_DialogoAgregarItemState'.
 - '_DialogoAgregarItemState' is from 'package:vercy_motos/screens/compras/facturas_compras_screen.dart' ('lib/screens/compras/facturas_compras_screen.dart').
                                        color: AppTheme.textSecondary,
                                               ^^^^^^^^
lib/screens/compras/facturas_compras_screen.dart:5681:48:
Error: The getter 'AppTheme' isn't defined for the type '_DialogoAgregarItemState'.
 - '_DialogoAgregarItemState' is from 'package:vercy_motos/screens/compras/facturas_compras_screen.dart' ('lib/screens/compras/facturas_compras_screen.dart').
                                        color: AppTheme.textSecondary,
                                               ^^^^^^^^
lib/screens/compras/facturas_compras_screen.dart:5692:50:
Error: The getter 'AppTheme' isn't defined for the type '_DialogoAgregarItemState'.
 - '_DialogoAgregarItemState' is from 'package:vercy_motos/screens/compras/facturas_compras_screen.dart' ('lib/screens/compras/facturas_compras_screen.dart').
                                          color: AppTheme.primary,
                                                 ^^^^^^^^
lib/screens/compras/facturas_compras_screen.dart:5706:46:
Error: The getter 'AppTheme' isn't defined for the type '_DialogoAgregarItemState'.
 - '_DialogoAgregarItemState' is from 'package:vercy_motos/screens/compras/facturas_compras_screen.dart' ('lib/screens/compras/facturas_compras_screen.dart').
                                      color: AppTheme.textPrimary,
                                             ^^^^^^^^
lib/screens/compras/facturas_compras_screen.dart:5712:48:
Error: The getter 'AppTheme' isn't defined for the type '_DialogoAgregarItemState'.
 - '_DialogoAgregarItemState' is from 'package:vercy_motos/screens/compras/facturas_compras_screen.dart' ('lib/screens/compras/facturas_compras_screen.dart').
                                        color: AppTheme.textSecondary,
                                               ^^^^^^^^
lib/screens/compras/facturas_compras_screen.dart:5716:48:
Error: The getter 'AppTheme' isn't defined for the type '_DialogoAgregarItemState'.
 - '_DialogoAgregarItemState' is from 'package:vercy_motos/screens/compras/facturas_compras_screen.dart' ('lib/screens/compras/facturas_compras_screen.dart').
                                        color: AppTheme.textSecondary,
                                               ^^^^^^^^
lib/screens/compras/facturas_compras_screen.dart:5726:50:
Error: The getter 'AppTheme' isn't defined for the type '_DialogoAgregarItemState'.
 - '_DialogoAgregarItemState' is from 'package:vercy_motos/screens/compras/facturas_compras_screen.dart' ('lib/screens/compras/facturas_compras_screen.dart').
                                          color: AppTheme.primary,
                                                 ^^^^^^^^
lib/screens/compras/facturas_compras_screen.dart:5756:52:
Error: The getter 'AppTheme' isn't defined for the type '_DialogoAgregarItemState'.
 - '_DialogoAgregarItemState' is from 'package:vercy_motos/screens/compras/facturas_compras_screen.dart' ('lib/screens/compras/facturas_compras_screen.dart').
                                            color: AppTheme.textPrimary,
                                                   ^^^^^^^^
lib/screens/compras/facturas_compras_screen.dart:5763:52:
Error: The getter 'AppTheme' isn't defined for the type '_DialogoAgregarItemState'.
 - '_DialogoAgregarItemState' is from 'package:vercy_motos/screens/compras/facturas_compras_screen.dart' ('lib/screens/compras/facturas_compras_screen.dart').
                                            color: AppTheme.textPrimary,
                                                   ^^^^^^^^
lib/screens/compras/facturas_compras_screen.dart:5791:44:
Error: The getter 'AppTheme' isn't defined for the type '_DialogoAgregarItemState'.
 - '_DialogoAgregarItemState' is from 'package:vercy_motos/screens/compras/facturas_compras_screen.dart' ('lib/screens/compras/facturas_compras_screen.dart').
                                    color: AppTheme.textSecondary.withOpacity(
                                           ^^^^^^^^
lib/screens/compras/facturas_compras_screen.dart:5803:50:
Error: The getter 'AppTheme' isn't defined for the type '_DialogoAgregarItemState'.
 - '_DialogoAgregarItemState' is from 'package:vercy_motos/screens/compras/facturas_compras_screen.dart' ('lib/screens/compras/facturas_compras_screen.dart').
                                          color: AppTheme.primary,
                                                 ^^^^^^^^
lib/screens/compras/facturas_compras_screen.dart:5811:50:
Error: The getter 'AppTheme' isn't defined for the type '_DialogoAgregarItemState'.
 - '_DialogoAgregarItemState' is from 'package:vercy_motos/screens/compras/facturas_compras_screen.dart' ('lib/screens/compras/facturas_compras_screen.dart').
                                          color: AppTheme.primary,
                                                 ^^^^^^^^
lib/screens/compras/facturas_compras_screen.dart:5838:45:
Error: The getter 'AppTheme' isn't defined for the type '_DialogoAgregarItemState'.
 - '_DialogoAgregarItemState' is from 'package:vercy_motos/screens/compras/facturas_compras_screen.dart' ('lib/screens/compras/facturas_compras_screen.dart').
                    style: TextStyle(color: AppTheme.textSecondary),
                                            ^^^^^^^^
lib/screens/compras/facturas_compras_screen.dart:5845:38:
Error: The getter 'AppTheme' isn't defined for the type '_DialogoAgregarItemState'.
 - '_DialogoAgregarItemState' is from 'package:vercy_motos/screens/compras/facturas_compras_screen.dart' ('lib/screens/compras/facturas_compras_screen.dart').
                    backgroundColor: AppTheme.primary,
                                     ^^^^^^^^
lib/screens/compras/facturas_compras_screen.dart:5888:37:
Error: The getter 'AppTheme' isn't defined for the type '_DialogoAgregarItemState'.
 - '_DialogoAgregarItemState' is from 'package:vercy_motos/screens/compras/facturas_compras_screen.dart' ('lib/screens/compras/facturas_compras_screen.dart').
            style: TextStyle(color: AppTheme.textSecondary, fontSize: 13),
                                    ^^^^^^^^
lib/screens/compras/facturas_compras_screen.dart:5893:53:
Error: The getter 'AppTheme' isn't defined for the type '_DialogoAgregarItemState'.
 - '_DialogoAgregarItemState' is from 'package:vercy_motos/screens/compras/facturas_compras_screen.dart' ('lib/screens/compras/facturas_compras_screen.dart').
              color: isNegative ? Colors.red[300] : AppTheme.textPrimary,
                                                    ^^^^^^^^
lib/screens/compras/facturas_compras_screen.dart:5915:18:
Error: The method 'ItemFacturaCompra' isn't defined for the type '_DialogoAgregarItemState'.
 - '_DialogoAgregarItemState' is from 'package:vercy_motos/screens/compras/facturas_compras_screen.dart' ('lib/screens/compras/facturas_compras_screen.dart').
    final item = ItemFacturaCompra(
                 ^^^^^^^^^^^^^^^^^
lib/screens/reportes/clientes_list_screen.dart:19:9:
Error: 'ClienteService' isn't a type.
  final ClienteService _clienteService = ClienteService();
        ^^^^^^^^^^^^^^
lib/screens/reportes/clientes_list_screen.dart:19:42:
Error: Method not found: 'ClienteService'.
  final ClienteService _clienteService = ClienteService();
                                         ^^^^^^^^^^^^^^
lib/screens/reportes/clientes_list_screen.dart:22:8:
Error: 'Cliente' isn't a type.
  List<Cliente> _clientes = [];
       ^^^^^^^
lib/screens/reportes/clientes_list_screen.dart:23:8:
Error: 'Cliente' isn't a type.
  List<Cliente> _clientesFiltrados = [];
       ^^^^^^^
lib/screens/reportes/clientes_list_screen.dart:53:24:
Error: Too many positional arguments: 0 allowed, but 1 found.
          content: Text('Error al cargar clientes: $e'),
                       ^
lib/screens/reportes/clientes_list_screen.dart:61:10:
Error: 'Cliente' isn't a type.
    List<Cliente> filtrados = List.from(_clientes);
         ^^^^^^^
lib/screens/reportes/clientes_list_screen.dart:65:44:
Error: The getter 'estado' isn't defined for the type 'Object?'.
 - 'Object' is from 'dart:core'.
      filtrados = filtrados.where((c) => c.estado == 'activo').toList();
                                           ^^^^^^
lib/screens/reportes/clientes_list_screen.dart:67:44:
Error: The getter 'estado' isn't defined for the type 'Object?'.
 - 'Object' is from 'dart:core'.
      filtrados = filtrados.where((c) => c.estado == 'bloqueado').toList();
                                           ^^^^^^
lib/screens/reportes/clientes_list_screen.dart:74:18:
Error: The getter 'nombreCompleto' isn't defined for the type 'Object?'.
 - 'Object' is from 'dart:core'.
        return c.nombreCompleto.toLowerCase().contains(query) ||
                 ^^^^^^^^^^^^^^
lib/screens/reportes/clientes_list_screen.dart:75:15:
Error: The getter 'numeroIdentificacion' isn't defined for the type 'Object?'.
 - 'Object' is from 'dart:core'.
            c.numeroIdentificacion.toLowerCase().contains(query) ||
              ^^^^^^^^^^^^^^^^^^^^
lib/screens/reportes/clientes_list_screen.dart:76:16:
Error: The getter 'correo' isn't defined for the type 'Object?'.
 - 'Object' is from 'dart:core'.
            (c.correo?.toLowerCase().contains(query) ?? false);
               ^^^^^^
lib/screens/reportes/clientes_list_screen.dart:82:7:
Error: The method 'resetPagina' isn't defined for the type '_ClientesListScreenState'.
 - '_ClientesListScreenState' is from 'package:vercy_motos/screens/reportes/clientes_list_screen.dart' ('lib/screens/reportes/clientes_list_screen.dart').
      resetPagina();
      ^^^^^^^^^^^
lib/screens/reportes/clientes_list_screen.dart:83:7:
Error: The method 'resetPagina' isn't defined for the type '_ClientesListScreenState'.
 - '_ClientesListScreenState' is from 'package:vercy_motos/screens/reportes/clientes_list_screen.dart' ('lib/screens/reportes/clientes_list_screen.dart').
      resetPagina();
      ^^^^^^^^^^^
lib/screens/reportes/clientes_list_screen.dart:102:24:
Error: The getter 'AppTheme' isn't defined for the type '_ClientesListScreenState'.
 - '_ClientesListScreenState' is from 'package:vercy_motos/screens/reportes/clientes_list_screen.dart' ('lib/screens/reportes/clientes_list_screen.dart').
                color: AppTheme.textPrimary,
                       ^^^^^^^^
lib/screens/reportes/clientes_list_screen.dart:97:17:
Error: Too many positional arguments: 0 allowed, but 1 found.
            Text(
                ^
lib/screens/reportes/clientes_list_screen.dart:111:63:
Error: The getter 'AppTheme' isn't defined for the type '_ClientesListScreenState'.
 - '_ClientesListScreenState' is from 'package:vercy_motos/screens/reportes/clientes_list_screen.dart' ('lib/screens/reportes/clientes_list_screen.dart').
                      child: CircularProgressIndicator(color: AppTheme.primary),
                                                              ^^^^^^^^
lib/screens/reportes/clientes_list_screen.dart:89:12:
Error: The method 'VercySidebarLayout' isn't defined for the type '_ClientesListScreenState'.
 - '_ClientesListScreenState' is from 'package:vercy_motos/screens/reportes/clientes_list_screen.dart' ('lib/screens/reportes/clientes_list_screen.dart').
    return VercySidebarLayout(
           ^^^^^^^^^^^^^^^^^^
lib/screens/reportes/clientes_list_screen.dart:127:16:
Error: The getter 'AppTheme' isn't defined for the type '_ClientesListScreenState'.
 - '_ClientesListScreenState' is from 'package:vercy_motos/screens/reportes/clientes_list_screen.dart' ('lib/screens/reportes/clientes_list_screen.dart').
        color: AppTheme.cardBg,
               ^^^^^^^^
lib/screens/reportes/clientes_list_screen.dart:138:39:
Error: The getter 'AppTheme' isn't defined for the type '_ClientesListScreenState'.
 - '_ClientesListScreenState' is from 'package:vercy_motos/screens/reportes/clientes_list_screen.dart' ('lib/screens/reportes/clientes_list_screen.dart').
              style: TextStyle(color: AppTheme.textPrimary),
                                      ^^^^^^^^
lib/screens/reportes/clientes_list_screen.dart:153:49:
Error: The getter 'AppTheme' isn't defined for the type '_ClientesListScreenState'.
 - '_ClientesListScreenState' is from 'package:vercy_motos/screens/reportes/clientes_list_screen.dart' ('lib/screens/reportes/clientes_list_screen.dart').
                  borderSide: BorderSide(color: AppTheme.primary, width: 2),
                                                ^^^^^^^^
lib/screens/reportes/clientes_list_screen.dart:160:28:
Error: The getter 'AppTheme' isn't defined for the type '_ClientesListScreenState'.
 - '_ClientesListScreenState' is from 'package:vercy_motos/screens/reportes/clientes_list_screen.dart' ('lib/screens/reportes/clientes_list_screen.dart').
                fillColor: AppTheme.surfaceDark,
                           ^^^^^^^^
lib/screens/reportes/clientes_list_screen.dart:170:22:
Error: The getter 'AppTheme' isn't defined for the type '_ClientesListScreenState'.
 - '_ClientesListScreenState' is from 'package:vercy_motos/screens/reportes/clientes_list_screen.dart' ('lib/screens/reportes/clientes_list_screen.dart').
              color: AppTheme.surfaceDark,
                     ^^^^^^^^
lib/screens/reportes/clientes_list_screen.dart:177:32:
Error: The getter 'AppTheme' isn't defined for the type '_ClientesListScreenState'.
 - '_ClientesListScreenState' is from 'package:vercy_motos/screens/reportes/clientes_list_screen.dart' ('lib/screens/reportes/clientes_list_screen.dart').
                dropdownColor: AppTheme.cardBg,
                               ^^^^^^^^
lib/screens/reportes/clientes_list_screen.dart:178:41:
Error: The getter 'AppTheme' isn't defined for the type '_ClientesListScreenState'.
 - '_ClientesListScreenState' is from 'package:vercy_motos/screens/reportes/clientes_list_screen.dart' ('lib/screens/reportes/clientes_list_screen.dart').
                style: TextStyle(color: AppTheme.textPrimary),
                                        ^^^^^^^^
lib/screens/reportes/clientes_list_screen.dart:183:32:
Error: Too many positional arguments: 0 allowed, but 1 found.
                    child: Text('Todos los estados'),
                               ^
lib/screens/reportes/clientes_list_screen.dart:185:65:
Error: Too many positional arguments: 0 allowed, but 1 found.
                  DropdownMenuItem(value: 'activos', child: Text('Activos')),
                                                                ^
lib/screens/reportes/clientes_list_screen.dart:188:32:
Error: Too many positional arguments: 0 allowed, but 1 found.
                    child: Text('Bloqueados'),
                               ^
lib/screens/reportes/clientes_list_screen.dart:202:22:
Error: The getter 'AppTheme' isn't defined for the type '_ClientesListScreenState'.
 - '_ClientesListScreenState' is from 'package:vercy_motos/screens/reportes/clientes_list_screen.dart' ('lib/screens/reportes/clientes_list_screen.dart').
              color: AppTheme.primary,
                     ^^^^^^^^
lib/screens/reportes/clientes_list_screen.dart:213:15:
Error: Too many positional arguments: 0 allowed, but 1 found.
          Text(
              ^
lib/screens/reportes/clientes_list_screen.dart:222:24:
Error: Too many positional arguments: 0 allowed, but 1 found.
            label: Text(
                       ^
lib/screens/reportes/clientes_list_screen.dart:242:24:
Error: Too many positional arguments: 0 allowed, but 1 found.
            label: Text(
                       ^
lib/screens/reportes/clientes_list_screen.dart:250:32:
Error: The getter 'AppTheme' isn't defined for the type '_ClientesListScreenState'.
 - '_ClientesListScreenState' is from 'package:vercy_motos/screens/reportes/clientes_list_screen.dart' ('lib/screens/reportes/clientes_list_screen.dart').
              backgroundColor: AppTheme.primary,
                               ^^^^^^^^
lib/screens/reportes/clientes_list_screen.dart:269:15:
Error: Too many positional arguments: 0 allowed, but 1 found.
          Text(
              ^
lib/screens/reportes/clientes_list_screen.dart:279:24:
Error: Too many positional arguments: 0 allowed, but 1 found.
            label: Text(
                       ^
lib/screens/reportes/clientes_list_screen.dart:284:32:
Error: The getter 'AppTheme' isn't defined for the type '_ClientesListScreenState'.
 - '_ClientesListScreenState' is from 'package:vercy_motos/screens/reportes/clientes_list_screen.dart' ('lib/screens/reportes/clientes_list_screen.dart').
              backgroundColor: AppTheme.primary,
                               ^^^^^^^^
lib/screens/reportes/clientes_list_screen.dart:300:16:
Error: The getter 'AppTheme' isn't defined for the type '_ClientesListScreenState'.
 - '_ClientesListScreenState' is from 'package:vercy_motos/screens/reportes/clientes_list_screen.dart' ('lib/screens/reportes/clientes_list_screen.dart').
        color: AppTheme.cardBg,
               ^^^^^^^^
lib/screens/reportes/clientes_list_screen.dart:310:26:
Error: The method 'paginarLista' isn't defined for the type '_ClientesListScreenState'.
 - '_ClientesListScreenState' is from 'package:vercy_motos/screens/reportes/clientes_list_screen.dart' ('lib/screens/reportes/clientes_list_screen.dart').
              itemCount: paginarLista(_clientesFiltrados).length,
                         ^^^^^^^^^^^^
lib/screens/reportes/clientes_list_screen.dart:313:33:
Error: The method 'paginarLista' isn't defined for the type '_ClientesListScreenState'.
 - '_ClientesListScreenState' is from 'package:vercy_motos/screens/reportes/clientes_list_screen.dart' ('lib/screens/reportes/clientes_list_screen.dart').
                final cliente = paginarLista(_clientesFiltrados)[index];
                                ^^^^^^^^^^^^
lib/screens/reportes/clientes_list_screen.dart:320:26:
Error: The getter 'AppTheme' isn't defined for the type '_ClientesListScreenState'.
 - '_ClientesListScreenState' is from 'package:vercy_motos/screens/reportes/clientes_list_screen.dart' ('lib/screens/reportes/clientes_list_screen.dart').
            accentColor: AppTheme.primary,
                         ^^^^^^^^
lib/screens/reportes/clientes_list_screen.dart:318:11:
Error: The method 'buildPaginacion' isn't defined for the type '_ClientesListScreenState'.
 - '_ClientesListScreenState' is from 'package:vercy_motos/screens/reportes/clientes_list_screen.dart' ('lib/screens/reportes/clientes_list_screen.dart').
          buildPaginacion(
          ^^^^^^^^^^^^^^^
lib/screens/reportes/clientes_list_screen.dart:327:28:
Error: 'Cliente' isn't a type.
  Widget _buildClienteItem(Cliente cliente) {
                           ^^^^^^^
lib/screens/reportes/clientes_list_screen.dart:354:24:
Error: The getter 'AppTheme' isn't defined for the type '_ClientesListScreenState'.
 - '_ClientesListScreenState' is from 'package:vercy_motos/screens/reportes/clientes_list_screen.dart' ('lib/screens/reportes/clientes_list_screen.dart').
                color: AppTheme.textPrimary,
                       ^^^^^^^^
lib/screens/reportes/clientes_list_screen.dart:349:24:
Error: Too many positional arguments: 0 allowed, but 1 found.
            child: Text(
                       ^
lib/screens/reportes/clientes_list_screen.dart:360:26:
Error: Too many positional arguments: 0 allowed, but 1 found.
              label: Text(
                         ^
lib/screens/reportes/clientes_list_screen.dart:377:19:
Error: Too many positional arguments: 0 allowed, but 1 found.
              Text(
                  ^
lib/screens/reportes/clientes_list_screen.dart:382:21:
Error: Too many positional arguments: 0 allowed, but 1 found.
                Text(
                    ^
lib/screens/reportes/clientes_list_screen.dart:394:21:
Error: Too many positional arguments: 0 allowed, but 1 found.
                Text(
                    ^
lib/screens/reportes/clientes_list_screen.dart:407:21:
Error: Too many positional arguments: 0 allowed, but 1 found.
                Text(
                    ^
lib/screens/reportes/clientes_list_screen.dart:426:28:
Error: Too many positional arguments: 0 allowed, but 1 found.
                child: Text(
                           ^
lib/screens/reportes/clientes_list_screen.dart:444:30:
Error: Too many positional arguments: 0 allowed, but 1 found.
                  child: Text(
                             ^
lib/screens/reportes/clientes_list_screen.dart:458:49:
Error: The getter 'AppTheme' isn't defined for the type '_ClientesListScreenState'.
 - '_ClientesListScreenState' is from 'package:vercy_motos/screens/reportes/clientes_list_screen.dart' ('lib/screens/reportes/clientes_list_screen.dart').
            icon: Icon(Icons.visibility, color: AppTheme.primary),
                                                ^^^^^^^^
lib/screens/reportes/clientes_list_screen.dart:485:28:
Error: 'Cliente' isn't a type.
  void _navegarAFormulario(Cliente? cliente) async {
                           ^^^^^^^
lib/screens/reportes/clientes_list_screen.dart:497:20:
Error: 'Cliente' isn't a type.
  void _verDetalle(Cliente cliente) {
                   ^^^^^^^
lib/screens/reportes/clientes_list_screen.dart:501:30:
Error: 'Cliente' isn't a type.
  Future<void> _toggleEstado(Cliente cliente) async {
                             ^^^^^^^
lib/screens/reportes/clientes_list_screen.dart:511:26:
Error: Too many positional arguments: 0 allowed, but 1 found.
            content: Text('Cliente bloqueado'),
                         ^
lib/screens/reportes/clientes_list_screen.dart:520:26:
Error: Too many positional arguments: 0 allowed, but 1 found.
            content: Text('Cliente activado'),
                         ^
lib/screens/reportes/clientes_list_screen.dart:529:31:
Error: Too many positional arguments: 0 allowed, but 1 found.
        SnackBar(content: Text('Error: $e'), backgroundColor: Colors.red),
                              ^
lib/screens/reportes/clientes_list_screen.dart:539:20:
Error: Too many positional arguments: 0 allowed, but 1 found.
        title: Text('Motivo de bloqueo'),
                   ^
lib/screens/reportes/clientes_list_screen.dart:551:24:
Error: Too many positional arguments: 0 allowed, but 1 found.
            child: Text('Cancelar'),
                       ^
lib/screens/reportes/clientes_list_screen.dart:555:24:
Error: Too many positional arguments: 0 allowed, but 1 found.
            child: Text('Bloquear'),
                       ^
lib/screens/reportes/clientes_list_screen.dart:563:35:
Error: 'Cliente' isn't a type.
  Future<void> _confirmarEliminar(Cliente cliente) async {
                                  ^^^^^^^
lib/screens/reportes/clientes_list_screen.dart:564:29:
Error: The getter 'DialogoConfirmacion' isn't defined for the type '_ClientesListScreenState'.
 - '_ClientesListScreenState' is from 'package:vercy_motos/screens/reportes/clientes_list_screen.dart' ('lib/screens/reportes/clientes_list_screen.dart').
    final confirmar = await DialogoConfirmacion.confirmarDeshabilitacion(
                            ^^^^^^^^^^^^^^^^^^^
lib/screens/reportes/clientes_list_screen.dart:576:26:
Error: Too many positional arguments: 0 allowed, but 1 found.
            content: Text('Cliente deshabilitado exitosamente'),
                         ^
lib/screens/reportes/clientes_list_screen.dart:584:26:
Error: Too many positional arguments: 0 allowed, but 1 found.
            content: Text('Error al deshabilitar: $e'),
                         ^
lib/screens/reportes/clientes_list_screen.dart:601:28:
Error: The getter 'AppTheme' isn't defined for the type '_ClientesListScreenState'.
 - '_ClientesListScreenState' is from 'package:vercy_motos/screens/reportes/clientes_list_screen.dart' ('lib/screens/reportes/clientes_list_screen.dart').
          backgroundColor: AppTheme.cardBg,
                           ^^^^^^^^
lib/screens/reportes/clientes_list_screen.dart:618:41:
Error: The getter 'AppTheme' isn't defined for the type '_ClientesListScreenState'.
 - '_ClientesListScreenState' is from 'package:vercy_motos/screens/reportes/clientes_list_screen.dart' ('lib/screens/reportes/clientes_list_screen.dart').
                style: TextStyle(color: AppTheme.textPrimary, fontSize: 18),
                                        ^^^^^^^^
lib/screens/reportes/clientes_list_screen.dart:616:19:
Error: Too many positional arguments: 0 allowed, but 1 found.
              Text(
                  ^
lib/screens/reportes/clientes_list_screen.dart:630:57:
Error: The getter 'AppTheme' isn't defined for the type '_ClientesListScreenState'.
 - '_ClientesListScreenState' is from 'package:vercy_motos/screens/reportes/clientes_list_screen.dart' ('lib/screens/reportes/clientes_list_screen.dart').
                  style: TextStyle(fontSize: 14, color: AppTheme.textSecondary),
                                                        ^^^^^^^^
lib/screens/reportes/clientes_list_screen.dart:628:21:
Error: Too many positional arguments: 0 allowed, but 1 found.
                Text(
                    ^
lib/screens/reportes/clientes_list_screen.dart:638:28:
Error: The getter 'AppTheme' isn't defined for the type '_ClientesListScreenState'.
 - '_ClientesListScreenState' is from 'package:vercy_motos/screens/reportes/clientes_list_screen.dart' ('lib/screens/reportes/clientes_list_screen.dart').
                    color: AppTheme.textPrimary,
                           ^^^^^^^^
lib/screens/reportes/clientes_list_screen.dart:633:21:
Error: Too many positional arguments: 0 allowed, but 1 found.
                Text(
                    ^
lib/screens/reportes/clientes_list_screen.dart:645:28:
Error: The getter 'AppTheme' isn't defined for the type '_ClientesListScreenState'.
 - '_ClientesListScreenState' is from 'package:vercy_motos/screens/reportes/clientes_list_screen.dart' ('lib/screens/reportes/clientes_list_screen.dart').
                    color: AppTheme.surfaceDark,
                           ^^^^^^^^
lib/screens/reportes/clientes_list_screen.dart:649:30:
Error: Too many positional arguments: 0 allowed, but 1 found.
                  child: Text(
                             ^
lib/screens/reportes/clientes_list_screen.dart:673:28:
Error: The getter 'AppTheme' isn't defined for the type '_ClientesListScreenState'.
 - '_ClientesListScreenState' is from 'package:vercy_motos/screens/reportes/clientes_list_screen.dart' ('lib/screens/reportes/clientes_list_screen.dart').
                    color: AppTheme.textPrimary,
                           ^^^^^^^^
lib/screens/reportes/clientes_list_screen.dart:668:21:
Error: Too many positional arguments: 0 allowed, but 1 found.
                Text(
                    ^
lib/screens/reportes/clientes_list_screen.dart:680:28:
Error: The getter 'AppTheme' isn't defined for the type '_ClientesListScreenState'.
 - '_ClientesListScreenState' is from 'package:vercy_motos/screens/reportes/clientes_list_screen.dart' ('lib/screens/reportes/clientes_list_screen.dart').
                    color: AppTheme.surfaceDark,
                           ^^^^^^^^
lib/screens/reportes/clientes_list_screen.dart:684:30:
Error: Too many positional arguments: 0 allowed, but 1 found.
                  child: Text(
                             ^
lib/screens/reportes/clientes_list_screen.dart:710:36:
Error: Too many positional arguments: 0 allowed, but 1 found.
                        child: Text(
                                   ^
lib/screens/reportes/clientes_list_screen.dart:724:63:
Error: The getter 'AppTheme' isn't defined for the type '_ClientesListScreenState'.
 - '_ClientesListScreenState' is from 'package:vercy_motos/screens/reportes/clientes_list_screen.dart' ('lib/screens/reportes/clientes_list_screen.dart').
              child: Text('Cancelar', style: TextStyle(color: AppTheme.textSecondary)),
                                                              ^^^^^^^^
lib/screens/reportes/clientes_list_screen.dart:724:26:
Error: Too many positional arguments: 0 allowed, but 1 found.
              child: Text('Cancelar', style: TextStyle(color: AppTheme.textSecondary)),
                         ^
lib/screens/reportes/clientes_list_screen.dart:732:26:
Error: Too many positional arguments: 0 allowed, but 1 found.
              label: Text(
                         ^
lib/screens/reportes/clientes_list_screen.dart:767:26:
Error: Too many positional arguments: 0 allowed, but 1 found.
            content: Text('Error: ${e.toString()}'),
                         ^
lib/screens/reportes/clientes_list_screen.dart:836:26:
Error: Too many positional arguments: 0 allowed, but 1 found.
            content: Text('No se seleccionó ningún archivo'),
                         ^
lib/screens/reportes/clientes_list_screen.dart:859:7:
Error: The getter 'DialogoConfirmacion' isn't defined for the type '_ClientesListScreenState'.
 - '_ClientesListScreenState' is from 'package:vercy_motos/screens/reportes/clientes_list_screen.dart' ('lib/screens/reportes/clientes_list_screen.dart').
      DialogoConfirmacion.cerrarCarga(context);
      ^^^^^^^^^^^^^^^^^^^
lib/screens/reportes/clientes_list_screen.dart:865:7:
Error: The getter 'DialogoConfirmacion' isn't defined for the type '_ClientesListScreenState'.
 - '_ClientesListScreenState' is from 'package:vercy_motos/screens/reportes/clientes_list_screen.dart' ('lib/screens/reportes/clientes_list_screen.dart').
      DialogoConfirmacion.mostrarCarga(context, mensaje: 'Cargando clientes...');
      ^^^^^^^^^^^^^^^^^^^
lib/screens/reportes/clientes_list_screen.dart:870:61:
Error: Undefined name 'AppTheme'.
                      style: TextStyle(fontSize: 12, color: AppTheme.textSecondary),
                                                            ^^^^^^^^
lib/screens/reportes/clientes_list_screen.dart:870:30:
Error: Constant expression expected.
                      style: TextStyle(fontSize: 12, color: AppTheme.textSecondary),
                             ^^^^^^^^^
lib/screens/reportes/clientes_list_screen.dart:887:31:
Error: Undefined name '_clienteService'.
      final resultado = await _clienteService.cargarClientesMasivosBytes(
                              ^^^^^^^^^^^^^^^
lib/screens/reportes/clientes_list_screen.dart:892:11:
Error: Undefined name 'mounted'.
      if (mounted) {
          ^^^^^^^
lib/screens/reportes/clientes_list_screen.dart:894:22:
Error: Undefined name 'context'.
        Navigator.of(context).pop();
                     ^^^^^^^
lib/screens/reportes/clientes_list_screen.dart:898:15:
Error: Method not found: '_cargarClientes'.
        await _cargarClientes();
              ^^^^^^^^^^^^^^^
lib/screens/reportes/clientes_list_screen.dart:902:11:
Error: Undefined name 'mounted'.
      if (mounted) {
          ^^^^^^^
lib/screens/reportes/clientes_list_screen.dart:904:22:
Error: Undefined name 'context'.
        Navigator.of(context).pop();
                     ^^^^^^^
lib/screens/reportes/clientes_list_screen.dart:906:30:
Error: Undefined name 'context'.
        ScaffoldMessenger.of(context).showSnackBar(
                             ^^^^^^^
lib/screens/reportes/clientes_list_screen.dart:919:31:
Error: Undefined name '_clienteService'.
      final resultado = await _clienteService.cargarClientesMasivosPath(
                              ^^^^^^^^^^^^^^^
lib/screens/reportes/clientes_list_screen.dart:923:11:
Error: Undefined name 'mounted'.
      if (mounted) {
          ^^^^^^^
lib/screens/reportes/clientes_list_screen.dart:925:22:
Error: Undefined name 'context'.
        Navigator.of(context).pop();
                     ^^^^^^^
lib/screens/reportes/clientes_list_screen.dart:929:15:
Error: Method not found: '_cargarClientes'.
        await _cargarClientes();
              ^^^^^^^^^^^^^^^
lib/screens/reportes/clientes_list_screen.dart:933:11:
Error: Undefined name 'mounted'.
      if (mounted) {
          ^^^^^^^
lib/screens/reportes/clientes_list_screen.dart:935:22:
Error: Undefined name 'context'.
        Navigator.of(context).pop();
                     ^^^^^^^
lib/screens/reportes/clientes_list_screen.dart:937:30:
Error: Undefined name 'context'.
        ScaffoldMessenger.of(context).showSnackBar(
                             ^^^^^^^
lib/screens/reportes/clientes_list_screen.dart:954:16:
Error: Undefined name 'context'.
      context: context,
               ^^^^^^^
lib/screens/reportes/clientes_list_screen.dart:956:26:
Error: Undefined name 'AppTheme'.
        backgroundColor: AppTheme.cardBg,
                         ^^^^^^^^
lib/screens/reportes/clientes_list_screen.dart:1002:65:
Error: Undefined name 'AppTheme'.
                          style: TextStyle(fontSize: 12, color: AppTheme.textSecondary),
                                                                ^^^^^^^^
lib/screens/reportes/clientes_list_screen.dart:1023:28:
Error: Undefined name 'AppTheme'.
                    color: AppTheme.surfaceDark,
                           ^^^^^^^^
lib/screens/reportes/clientes_list_screen.dart:1045:61:
Error: Undefined name 'AppTheme'.
                      style: TextStyle(fontSize: 11, color: AppTheme.textSecondary),
                                                            ^^^^^^^^
lib/screens/reportes/clientes_list_screen.dart:1056:32:
Error: Undefined name 'AppTheme'.
              backgroundColor: AppTheme.primary,
                               ^^^^^^^^
lib/screens/reportes/cliente_form_screen.dart:8:9:
Error: 'Cliente' isn't a type.
  final Cliente? cliente;
        ^^^^^^^
lib/screens/reportes/cliente_form_screen.dart:17:9:
Error: 'ClienteService' isn't a type.
  final ClienteService _clienteService = ClienteService();
        ^^^^^^^^^^^^^^
lib/screens/reportes/cliente_form_screen.dart:17:42:
Error: Method not found: 'ClienteService'.
  final ClienteService _clienteService = ClienteService();
                                         ^^^^^^^^^^^^^^
lib/screens/reportes/cliente_form_screen.dart:18:9:
Error: 'ColombiaLocationService' isn't a type.
  final ColombiaLocationService _locationService = ColombiaLocationService();
        ^^^^^^^^^^^^^^^^^^^^^^^
lib/screens/reportes/cliente_form_screen.dart:18:52:
Error: Method not found: 'ColombiaLocationService'.
  final ColombiaLocationService _locationService = ColombiaLocationService();
                                                   ^^^^^^^^^^^^^^^^^^^^^^^
lib/screens/reportes/cliente_form_screen.dart:22:8:
Error: 'Departamento' isn't a type.
  List<Departamento> _departamentos = [];
       ^^^^^^^^^^^^
lib/screens/reportes/cliente_form_screen.dart:23:8:
Error: 'Municipio' isn't a type.
  List<Municipio> _municipios = [];
       ^^^^^^^^^
lib/screens/reportes/cliente_form_screen.dart:24:3:
Error: 'Departamento' isn't a type.
  Departamento? _selectedDepartamento;
  ^^^^^^^^^^^^
lib/screens/reportes/cliente_form_screen.dart:25:3:
Error: 'Municipio' isn't a type.
  Municipio? _selectedMunicipio;
  ^^^^^^^^^
lib/screens/reportes/cliente_form_screen.dart:89:22:
Error: The getter 'name' isn't defined for the type 'Object?'.
 - 'Object' is from 'dart:core'.
            (d) => d.name.toLowerCase() == depName,
                     ^^^^
lib/screens/reportes/cliente_form_screen.dart:98:26:
Error: The getter 'name' isn't defined for the type 'Object?'.
 - 'Object' is from 'dart:core'.
                (m) => m.name.toLowerCase() == cityName,
                         ^^^^
lib/screens/reportes/cliente_form_screen.dart:207:43:
Error: The getter 'AppTheme' isn't defined for the type '_ClienteFormScreenState'.
 - '_ClienteFormScreenState' is from 'package:vercy_motos/screens/reportes/cliente_form_screen.dart' ('lib/screens/reportes/cliente_form_screen.dart').
            borderSide: BorderSide(color: AppTheme.primary, width: 2),
                                          ^^^^^^^^
lib/screens/reportes/cliente_form_screen.dart:219:39:
Error: The getter 'AppTheme' isn't defined for the type '_ClienteFormScreenState'.
 - '_ClienteFormScreenState' is from 'package:vercy_motos/screens/reportes/cliente_form_screen.dart' ('lib/screens/reportes/cliente_form_screen.dart').
          textStyle: TextStyle(color: AppTheme.textPrimary),
                                      ^^^^^^^^
lib/screens/reportes/cliente_form_screen.dart:223:26:
Error: The getter 'AppTheme' isn't defined for the type '_ClienteFormScreenState'.
 - '_ClienteFormScreenState' is from 'package:vercy_motos/screens/reportes/cliente_form_screen.dart' ('lib/screens/reportes/cliente_form_screen.dart').
        backgroundColor: AppTheme.backgroundDark,
                         ^^^^^^^^
lib/screens/reportes/cliente_form_screen.dart:226:28:
Error: The getter 'AppTheme' isn't defined for the type '_ClienteFormScreenState'.
 - '_ClienteFormScreenState' is from 'package:vercy_motos/screens/reportes/cliente_form_screen.dart' ('lib/screens/reportes/cliente_form_screen.dart').
          backgroundColor: AppTheme.cardBg,
                           ^^^^^^^^
lib/screens/reportes/cliente_form_screen.dart:260:16:
Error: The getter 'AppTheme' isn't defined for the type '_ClienteFormScreenState'.
 - '_ClienteFormScreenState' is from 'package:vercy_motos/screens/reportes/cliente_form_screen.dart' ('lib/screens/reportes/cliente_form_screen.dart').
        color: AppTheme.cardBg,
               ^^^^^^^^
lib/screens/reportes/cliente_form_screen.dart:273:22:
Error: The getter 'AppTheme' isn't defined for the type '_ClienteFormScreenState'.
 - '_ClienteFormScreenState' is from 'package:vercy_motos/screens/reportes/cliente_form_screen.dart' ('lib/screens/reportes/cliente_form_screen.dart').
              color: AppTheme.primary.withOpacity(0.3),
                     ^^^^^^^^
lib/screens/reportes/cliente_form_screen.dart:278:36:
Error: The getter 'AppTheme' isn't defined for the type '_ClienteFormScreenState'.
 - '_ClienteFormScreenState' is from 'package:vercy_motos/screens/reportes/cliente_form_screen.dart' ('lib/screens/reportes/cliente_form_screen.dart').
                Icon(icono, color: AppTheme.primary),
                                   ^^^^^^^^
lib/screens/reportes/cliente_form_screen.dart:528:25:
Error: 'Departamento' isn't a type.
    return Autocomplete<Departamento>(
                        ^^^^^^^^^^^^
lib/screens/reportes/cliente_form_screen.dart:543:20:
Error: 'Departamento' isn't a type.
      onSelected: (Departamento departamento) {
                   ^^^^^^^^^^^^
lib/screens/reportes/cliente_form_screen.dart:515:24:
Error: The getter 'AppTheme' isn't defined for the type '_ClienteFormScreenState'.
 - '_ClienteFormScreenState' is from 'package:vercy_motos/screens/reportes/cliente_form_screen.dart' ('lib/screens/reportes/cliente_form_screen.dart').
                color: AppTheme.primary,
                       ^^^^^^^^
lib/screens/reportes/cliente_form_screen.dart:538:24:
Error: The getter 'name' isn't defined for the type 'Object?'.
 - 'Object' is from 'dart:core'.
          (dep) => dep.name.toLowerCase().contains(
                       ^^^^
lib/screens/reportes/cliente_form_screen.dart:553:35:
Error: The getter 'AppTheme' isn't defined for the type '_ClienteFormScreenState'.
 - '_ClienteFormScreenState' is from 'package:vercy_motos/screens/reportes/cliente_form_screen.dart' ('lib/screens/reportes/cliente_form_screen.dart').
          style: TextStyle(color: AppTheme.textPrimary),
                                  ^^^^^^^^
lib/screens/reportes/cliente_form_screen.dart:529:44:
Error: The getter 'name' isn't defined for the type 'Object?'.
 - 'Object' is from 'dart:core'.
      displayStringForOption: (dep) => dep.name,
                                           ^^^^
lib/screens/reportes/cliente_form_screen.dart:584:20:
Error: The getter 'AppTheme' isn't defined for the type '_ClienteFormScreenState'.
 - '_ClienteFormScreenState' is from 'package:vercy_motos/screens/reportes/cliente_form_screen.dart' ('lib/screens/reportes/cliente_form_screen.dart').
            color: AppTheme.cardElevated,
                   ^^^^^^^^
lib/screens/reportes/cliente_form_screen.dart:601:47:
Error: The getter 'AppTheme' isn't defined for the type '_ClienteFormScreenState'.
 - '_ClienteFormScreenState' is from 'package:vercy_motos/screens/reportes/cliente_form_screen.dart' ('lib/screens/reportes/cliente_form_screen.dart').
                      style: TextStyle(color: AppTheme.textPrimary),
                                              ^^^^^^^^
lib/screens/reportes/cliente_form_screen.dart:606:30:
Error: The getter 'AppTheme' isn't defined for the type '_ClienteFormScreenState'.
 - '_ClienteFormScreenState' is from 'package:vercy_motos/screens/reportes/cliente_form_screen.dart' ('lib/screens/reportes/cliente_form_screen.dart').
                      color: AppTheme.primary,
                             ^^^^^^^^
lib/screens/reportes/cliente_form_screen.dart:608:33:
Error: The getter 'AppTheme' isn't defined for the type '_ClienteFormScreenState'.
 - '_ClienteFormScreenState' is from 'package:vercy_motos/screens/reportes/cliente_form_screen.dart' ('lib/screens/reportes/cliente_form_screen.dart').
                    hoverColor: AppTheme.primary.withOpacity(0.3),
                                ^^^^^^^^
lib/screens/reportes/cliente_form_screen.dart:663:25:
Error: 'Municipio' isn't a type.
    return Autocomplete<Municipio>(
                        ^^^^^^^^^
lib/screens/reportes/cliente_form_screen.dart:678:20:
Error: 'Municipio' isn't a type.
      onSelected: (Municipio municipio) {
                   ^^^^^^^^^
lib/screens/reportes/cliente_form_screen.dart:636:24:
Error: The getter 'AppTheme' isn't defined for the type '_ClienteFormScreenState'.
 - '_ClienteFormScreenState' is from 'package:vercy_motos/screens/reportes/cliente_form_screen.dart' ('lib/screens/reportes/cliente_form_screen.dart').
                color: AppTheme.primary,
                       ^^^^^^^^
lib/screens/reportes/cliente_form_screen.dart:673:24:
Error: The getter 'name' isn't defined for the type 'Object?'.
 - 'Object' is from 'dart:core'.
          (mun) => mun.name.toLowerCase().contains(
                       ^^^^
lib/screens/reportes/cliente_form_screen.dart:687:35:
Error: The getter 'AppTheme' isn't defined for the type '_ClienteFormScreenState'.
 - '_ClienteFormScreenState' is from 'package:vercy_motos/screens/reportes/cliente_form_screen.dart' ('lib/screens/reportes/cliente_form_screen.dart').
          style: TextStyle(color: AppTheme.textPrimary),
                                  ^^^^^^^^
lib/screens/reportes/cliente_form_screen.dart:664:44:
Error: The getter 'name' isn't defined for the type 'Object?'.
 - 'Object' is from 'dart:core'.
      displayStringForOption: (mun) => mun.name,
                                           ^^^^
lib/screens/reportes/cliente_form_screen.dart:716:20:
Error: The getter 'AppTheme' isn't defined for the type '_ClienteFormScreenState'.
 - '_ClienteFormScreenState' is from 'package:vercy_motos/screens/reportes/cliente_form_screen.dart' ('lib/screens/reportes/cliente_form_screen.dart').
            color: AppTheme.cardElevated,
                   ^^^^^^^^
lib/screens/reportes/cliente_form_screen.dart:733:47:
Error: The getter 'AppTheme' isn't defined for the type '_ClienteFormScreenState'.
 - '_ClienteFormScreenState' is from 'package:vercy_motos/screens/reportes/cliente_form_screen.dart' ('lib/screens/reportes/cliente_form_screen.dart').
                      style: TextStyle(color: AppTheme.textPrimary),
                                              ^^^^^^^^
lib/screens/reportes/cliente_form_screen.dart:738:30:
Error: The getter 'AppTheme' isn't defined for the type '_ClienteFormScreenState'.
 - '_ClienteFormScreenState' is from 'package:vercy_motos/screens/reportes/cliente_form_screen.dart' ('lib/screens/reportes/cliente_form_screen.dart').
                      color: AppTheme.primary,
                             ^^^^^^^^
lib/screens/reportes/cliente_form_screen.dart:740:33:
Error: The getter 'AppTheme' isn't defined for the type '_ClienteFormScreenState'.
 - '_ClienteFormScreenState' is from 'package:vercy_motos/screens/reportes/cliente_form_screen.dart' ('lib/screens/reportes/cliente_form_screen.dart').
                    hoverColor: AppTheme.primary.withOpacity(0.3),
                                ^^^^^^^^
lib/screens/reportes/cliente_form_screen.dart:870:16:
Error: The getter 'AppTheme' isn't defined for the type '_ClienteFormScreenState'.
 - '_ClienteFormScreenState' is from 'package:vercy_motos/screens/reportes/cliente_form_screen.dart' ('lib/screens/reportes/cliente_form_screen.dart').
        color: AppTheme.cardBg,
               ^^^^^^^^
lib/screens/reportes/cliente_form_screen.dart:907:34:
Error: The getter 'AppTheme' isn't defined for the type '_ClienteFormScreenState'.
 - '_ClienteFormScreenState' is from 'package:vercy_motos/screens/reportes/cliente_form_screen.dart' ('lib/screens/reportes/cliente_form_screen.dart').
                backgroundColor: AppTheme.primary,
                                 ^^^^^^^^
lib/screens/reportes/cliente_form_screen.dart:971:7:
Error: 'Cliente' isn't a type.
      Cliente clienteGuardado;
      ^^^^^^^
lib/screens/reportes/cliente_form_screen.dart:931:23:
Error: The method 'Cliente' isn't defined for the type '_ClienteFormScreenState'.
 - '_ClienteFormScreenState' is from 'package:vercy_motos/screens/reportes/cliente_form_screen.dart' ('lib/screens/reportes/cliente_form_screen.dart').
      final cliente = Cliente(
                      ^^^^^^^
lib/screens/compras/cotizaciones_list_screen.dart:22:9:
Error: 'CotizacionService' isn't a type.
  final CotizacionService _cotizacionService = CotizacionService();
        ^^^^^^^^^^^^^^^^^
lib/screens/compras/cotizaciones_list_screen.dart:22:48:
Error: Method not found: 'CotizacionService'.
  final CotizacionService _cotizacionService = CotizacionService();
                                               ^^^^^^^^^^^^^^^^^
lib/screens/compras/cotizaciones_list_screen.dart:23:9:
Error: 'FacturaService' isn't a type.
  final FacturaService _facturaService = FacturaService();
        ^^^^^^^^^^^^^^
lib/screens/compras/cotizaciones_list_screen.dart:23:42:
Error: Method not found: 'FacturaService'.
  final FacturaService _facturaService = FacturaService();
                                         ^^^^^^^^^^^^^^
lib/screens/compras/cotizaciones_list_screen.dart:24:9:
Error: 'ClienteService' isn't a type.
  final ClienteService _clienteService = ClienteService();
        ^^^^^^^^^^^^^^
lib/screens/compras/cotizaciones_list_screen.dart:24:42:
Error: Method not found: 'ClienteService'.
  final ClienteService _clienteService = ClienteService();
                                         ^^^^^^^^^^^^^^
lib/screens/compras/cotizaciones_list_screen.dart:25:9:
Error: 'PDFService' isn't a type.
  final PDFService _pdfService = PDFService();
        ^^^^^^^^^^
lib/screens/compras/cotizaciones_list_screen.dart:25:34:
Error: Method not found: 'PDFService'.
  final PDFService _pdfService = PDFService();
                                 ^^^^^^^^^^
lib/screens/compras/cotizaciones_list_screen.dart:28:8:
Error: 'Cotizacion' isn't a type.
  List<Cotizacion> _cotizaciones = [];
       ^^^^^^^^^^
lib/screens/compras/cotizaciones_list_screen.dart:29:8:
Error: 'Cotizacion' isn't a type.
  List<Cotizacion> _cotizacionesFiltradas = [];
       ^^^^^^^^^^
lib/screens/compras/cotizaciones_list_screen.dart:68:10:
Error: 'Cotizacion' isn't a type.
    List<Cotizacion> filtradas = List.from(_cotizaciones);
         ^^^^^^^^^^
lib/screens/compras/cotizaciones_list_screen.dart:72:44:
Error: The getter 'estado' isn't defined for the type 'Object?'.
 - 'Object' is from 'dart:core'.
      filtradas = filtradas.where((c) => c.estado == _filtroEstado).toList();
                                           ^^^^^^
lib/screens/compras/cotizaciones_list_screen.dart:79:18:
Error: The getter 'clienteId' isn't defined for the type 'Object?'.
 - 'Object' is from 'dart:core'.
        return c.clienteId.toLowerCase().contains(query) ||
                 ^^^^^^^^^
lib/screens/compras/cotizaciones_list_screen.dart:80:15:
Error: The getter 'descripcion' isn't defined for the type 'Object?'.
 - 'Object' is from 'dart:core'.
            c.descripcion?.toLowerCase().contains(query) == true;
              ^^^^^^^^^^^
lib/screens/compras/cotizaciones_list_screen.dart:85:32:
Error: The getter 'fecha' isn't defined for the type 'Object?'.
 - 'Object' is from 'dart:core'.
    filtradas.sort((a, b) => b.fecha.compareTo(a.fecha));
                               ^^^^^
lib/screens/compras/cotizaciones_list_screen.dart:85:50:
Error: The getter 'fecha' isn't defined for the type 'Object?'.
 - 'Object' is from 'dart:core'.
    filtradas.sort((a, b) => b.fecha.compareTo(a.fecha));
                                                 ^^^^^
lib/screens/compras/cotizaciones_list_screen.dart:87:5:
Error: The method 'resetPagina' isn't defined for the type '_CotizacionesListScreenState'.
 - '_CotizacionesListScreenState' is from 'package:vercy_motos/screens/compras/cotizaciones_list_screen.dart' ('lib/screens/compras/cotizaciones_list_screen.dart').
    resetPagina();
    ^^^^^^^^^^^
lib/screens/compras/cotizaciones_list_screen.dart:96:26:
Error: The getter 'AppTheme' isn't defined for the type '_CotizacionesListScreenState'.
 - '_CotizacionesListScreenState' is from 'package:vercy_motos/screens/compras/cotizaciones_list_screen.dart' ('lib/screens/compras/cotizaciones_list_screen.dart').
        backgroundColor: AppTheme.backgroundDark,
                         ^^^^^^^^
lib/screens/compras/cotizaciones_list_screen.dart:113:28:
Error: The getter 'AppTheme' isn't defined for the type '_CotizacionesListScreenState'.
 - '_CotizacionesListScreenState' is from 'package:vercy_motos/screens/compras/cotizaciones_list_screen.dart' ('lib/screens/compras/cotizaciones_list_screen.dart').
          backgroundColor: AppTheme.primary,
                           ^^^^^^^^
lib/screens/compras/cotizaciones_list_screen.dart:93:12:
Error: The method 'VercySidebarLayout' isn't defined for the type '_CotizacionesListScreenState'.
 - '_CotizacionesListScreenState' is from 'package:vercy_motos/screens/compras/cotizaciones_list_screen.dart' ('lib/screens/compras/cotizaciones_list_screen.dart').
    return VercySidebarLayout(
           ^^^^^^^^^^^^^^^^^^
lib/screens/compras/cotizaciones_list_screen.dart:125:16:
Error: The getter 'AppTheme' isn't defined for the type '_CotizacionesListScreenState'.
 - '_CotizacionesListScreenState' is from 'package:vercy_motos/screens/compras/cotizaciones_list_screen.dart' ('lib/screens/compras/cotizaciones_list_screen.dart').
        color: AppTheme.cardBg,
               ^^^^^^^^
lib/screens/compras/cotizaciones_list_screen.dart:132:44:
Error: The getter 'AppTheme' isn't defined for the type '_CotizacionesListScreenState'.
 - '_CotizacionesListScreenState' is from 'package:vercy_motos/screens/compras/cotizaciones_list_screen.dart' ('lib/screens/compras/cotizaciones_list_screen.dart').
          Icon(Icons.request_quote, color: AppTheme.primary, size: 32),
                                           ^^^^^^^^
lib/screens/compras/cotizaciones_list_screen.dart:156:16:
Error: The getter 'AppTheme' isn't defined for the type '_CotizacionesListScreenState'.
 - '_CotizacionesListScreenState' is from 'package:vercy_motos/screens/compras/cotizaciones_list_screen.dart' ('lib/screens/compras/cotizaciones_list_screen.dart').
        color: AppTheme.cardBg,
               ^^^^^^^^
lib/screens/compras/cotizaciones_list_screen.dart:166:39:
Error: The getter 'AppTheme' isn't defined for the type '_CotizacionesListScreenState'.
 - '_CotizacionesListScreenState' is from 'package:vercy_motos/screens/compras/cotizaciones_list_screen.dart' ('lib/screens/compras/cotizaciones_list_screen.dart').
              style: TextStyle(color: AppTheme.textPrimary),
                                      ^^^^^^^^
lib/screens/compras/cotizaciones_list_screen.dart:179:28:
Error: The getter 'AppTheme' isn't defined for the type '_CotizacionesListScreenState'.
 - '_CotizacionesListScreenState' is from 'package:vercy_motos/screens/compras/cotizaciones_list_screen.dart' ('lib/screens/compras/cotizaciones_list_screen.dart').
                fillColor: AppTheme.surfaceDark,
                           ^^^^^^^^
lib/screens/compras/cotizaciones_list_screen.dart:188:28:
Error: The getter 'AppTheme' isn't defined for the type '_CotizacionesListScreenState'.
 - '_CotizacionesListScreenState' is from 'package:vercy_motos/screens/compras/cotizaciones_list_screen.dart' ('lib/screens/compras/cotizaciones_list_screen.dart').
            dropdownColor: AppTheme.cardBg,
                           ^^^^^^^^
lib/screens/compras/cotizaciones_list_screen.dart:189:37:
Error: The getter 'AppTheme' isn't defined for the type '_CotizacionesListScreenState'.
 - '_CotizacionesListScreenState' is from 'package:vercy_motos/screens/compras/cotizaciones_list_screen.dart' ('lib/screens/compras/cotizaciones_list_screen.dart').
            style: TextStyle(color: AppTheme.textPrimary),
                                    ^^^^^^^^
lib/screens/compras/cotizaciones_list_screen.dart:219:50:
Error: The getter 'estado' isn't defined for the type 'Object?'.
 - 'Object' is from 'dart:core'.
    final activas = _cotizaciones.where((c) => c.estado == 'activa').length;
                                                 ^^^^^^
lib/screens/compras/cotizaciones_list_screen.dart:220:52:
Error: The getter 'estado' isn't defined for the type 'Object?'.
 - 'Object' is from 'dart:core'.
    final aceptadas = _cotizaciones.where((c) => c.estado == 'aceptada').length;
                                                   ^^^^^^
lib/screens/compras/cotizaciones_list_screen.dart:222:25:
Error: The getter 'estado' isn't defined for the type 'Object?'.
 - 'Object' is from 'dart:core'.
        .where((c) => c.estado == 'rechazada')
                        ^^^^^^
lib/screens/compras/cotizaciones_list_screen.dart:224:51:
Error: The getter 'estado' isn't defined for the type 'Object?'.
 - 'Object' is from 'dart:core'.
    final vencidas = _cotizaciones.where((c) => c.estado == 'vencida').length;
                                                  ^^^^^^
lib/screens/compras/cotizaciones_list_screen.dart:226:25:
Error: The getter 'estado' isn't defined for the type 'Object?'.
 - 'Object' is from 'dart:core'.
        .where((c) => c.estado == 'convertida')
                        ^^^^^^
lib/screens/compras/cotizaciones_list_screen.dart:232:16:
Error: The getter 'AppTheme' isn't defined for the type '_CotizacionesListScreenState'.
 - '_CotizacionesListScreenState' is from 'package:vercy_motos/screens/compras/cotizaciones_list_screen.dart' ('lib/screens/compras/cotizaciones_list_screen.dart').
        color: AppTheme.cardBg,
               ^^^^^^^^
lib/screens/compras/cotizaciones_list_screen.dart:242:56:
Error: The getter 'AppTheme' isn't defined for the type '_CotizacionesListScreenState'.
 - '_CotizacionesListScreenState' is from 'package:vercy_motos/screens/compras/cotizaciones_list_screen.dart' ('lib/screens/compras/cotizaciones_list_screen.dart').
          _buildEstadoChip('Convertidas', convertidas, AppTheme.secondary),
                                                       ^^^^^^^^
lib/screens/compras/cotizaciones_list_screen.dart:311:16:
Error: The getter 'AppTheme' isn't defined for the type '_CotizacionesListScreenState'.
 - '_CotizacionesListScreenState' is from 'package:vercy_motos/screens/compras/cotizaciones_list_screen.dart' ('lib/screens/compras/cotizaciones_list_screen.dart').
        color: AppTheme.cardBg,
               ^^^^^^^^
lib/screens/compras/cotizaciones_list_screen.dart:321:26:
Error: The method 'paginarLista' isn't defined for the type '_CotizacionesListScreenState'.
 - '_CotizacionesListScreenState' is from 'package:vercy_motos/screens/compras/cotizaciones_list_screen.dart' ('lib/screens/compras/cotizaciones_list_screen.dart').
              itemCount: paginarLista(_cotizacionesFiltradas).length,
                         ^^^^^^^^^^^^
lib/screens/compras/cotizaciones_list_screen.dart:324:36:
Error: The method 'paginarLista' isn't defined for the type '_CotizacionesListScreenState'.
 - '_CotizacionesListScreenState' is from 'package:vercy_motos/screens/compras/cotizaciones_list_screen.dart' ('lib/screens/compras/cotizaciones_list_screen.dart').
                final cotizacion = paginarLista(_cotizacionesFiltradas)[index];
                                   ^^^^^^^^^^^^
lib/screens/compras/cotizaciones_list_screen.dart:331:26:
Error: The getter 'AppTheme' isn't defined for the type '_CotizacionesListScreenState'.
 - '_CotizacionesListScreenState' is from 'package:vercy_motos/screens/compras/cotizaciones_list_screen.dart' ('lib/screens/compras/cotizaciones_list_screen.dart').
            accentColor: AppTheme.primary,
                         ^^^^^^^^
lib/screens/compras/cotizaciones_list_screen.dart:329:11:
Error: The method 'buildPaginacion' isn't defined for the type '_CotizacionesListScreenState'.
 - '_CotizacionesListScreenState' is from 'package:vercy_motos/screens/compras/cotizaciones_list_screen.dart' ('lib/screens/compras/cotizaciones_list_screen.dart').
          buildPaginacion(
          ^^^^^^^^^^^^^^^
lib/screens/compras/cotizaciones_list_screen.dart:338:31:
Error: 'Cotizacion' isn't a type.
  Widget _buildCotizacionItem(Cotizacion cotizacion) {
                              ^^^^^^^^^^
lib/screens/compras/cotizaciones_list_screen.dart:427:22:
Error: The getter 'AppTheme' isn't defined for the type '_CotizacionesListScreenState'.
 - '_CotizacionesListScreenState' is from 'package:vercy_motos/screens/compras/cotizaciones_list_screen.dart' ('lib/screens/compras/cotizaciones_list_screen.dart').
              color: AppTheme.primary.withOpacity(0.1),
                     ^^^^^^^^
lib/screens/compras/cotizaciones_list_screen.dart:435:24:
Error: The getter 'AppTheme' isn't defined for the type '_CotizacionesListScreenState'.
 - '_CotizacionesListScreenState' is from 'package:vercy_motos/screens/compras/cotizaciones_list_screen.dart' ('lib/screens/compras/cotizaciones_list_screen.dart').
                color: AppTheme.primary,
                       ^^^^^^^^
lib/screens/compras/cotizaciones_list_screen.dart:445:25:
Error: 'Cotizacion' isn't a type.
  Widget _buildAcciones(Cotizacion cotizacion) {
                        ^^^^^^^^^^
lib/screens/compras/cotizaciones_list_screen.dart:468:46:
Error: The getter 'AppTheme' isn't defined for the type '_CotizacionesListScreenState'.
 - '_CotizacionesListScreenState' is from 'package:vercy_motos/screens/compras/cotizaciones_list_screen.dart' ('lib/screens/compras/cotizaciones_list_screen.dart').
            icon: Icon(Icons.receipt, color: AppTheme.secondary),
                                             ^^^^^^^^
lib/screens/compras/cotizaciones_list_screen.dart:498:16:
Error: The getter 'AppTheme' isn't defined for the type '_CotizacionesListScreenState'.
 - '_CotizacionesListScreenState' is from 'package:vercy_motos/screens/compras/cotizaciones_list_screen.dart' ('lib/screens/compras/cotizaciones_list_screen.dart').
        return AppTheme.secondary;
               ^^^^^^^^
lib/screens/compras/cotizaciones_list_screen.dart:538:28:
Error: 'Cotizacion' isn't a type.
  void _navegarAFormulario(Cotizacion? cotizacion) async {
                           ^^^^^^^^^^
lib/screens/compras/cotizaciones_list_screen.dart:550:35:
Error: 'Cotizacion' isn't a type.
  Future<void> _aceptarCotizacion(Cotizacion cotizacion) async {
                                  ^^^^^^^^^^
lib/screens/compras/cotizaciones_list_screen.dart:567:36:
Error: 'Cotizacion' isn't a type.
  Future<void> _rechazarCotizacion(Cotizacion cotizacion) async {
                                   ^^^^^^^^^^
lib/screens/compras/cotizaciones_list_screen.dart:584:35:
Error: 'Cotizacion' isn't a type.
  Future<void> _convertirAFactura(Cotizacion cotizacion) async {
                                  ^^^^^^^^^^
lib/screens/compras/cotizaciones_list_screen.dart:598:26:
Error: The getter 'AppTheme' isn't defined for the type '_CotizacionesListScreenState'.
 - '_CotizacionesListScreenState' is from 'package:vercy_motos/screens/compras/cotizaciones_list_screen.dart' ('lib/screens/compras/cotizaciones_list_screen.dart').
        backgroundColor: AppTheme.cardBg,
                         ^^^^^^^^
lib/screens/compras/cotizaciones_list_screen.dart:601:35:
Error: The getter 'AppTheme' isn't defined for the type '_CotizacionesListScreenState'.
 - '_CotizacionesListScreenState' is from 'package:vercy_motos/screens/compras/cotizaciones_list_screen.dart' ('lib/screens/compras/cotizaciones_list_screen.dart').
          style: TextStyle(color: AppTheme.textPrimary),
                                  ^^^^^^^^
lib/screens/compras/cotizaciones_list_screen.dart:605:35:
Error: The getter 'AppTheme' isn't defined for the type '_CotizacionesListScreenState'.
 - '_CotizacionesListScreenState' is from 'package:vercy_motos/screens/compras/cotizaciones_list_screen.dart' ('lib/screens/compras/cotizaciones_list_screen.dart').
          style: TextStyle(color: AppTheme.textSecondary),
                                  ^^^^^^^^
lib/screens/compras/cotizaciones_list_screen.dart:613:62:
Error: The getter 'AppTheme' isn't defined for the type '_CotizacionesListScreenState'.
 - '_CotizacionesListScreenState' is from 'package:vercy_motos/screens/compras/cotizaciones_list_screen.dart' ('lib/screens/compras/cotizaciones_list_screen.dart').
            style: ElevatedButton.styleFrom(backgroundColor: AppTheme.primary),
                                                             ^^^^^^^^
lib/screens/compras/cotizaciones_list_screen.dart:635:22:
Error: The method 'ItemPedido' isn't defined for the type '_CotizacionesListScreenState'.
 - '_CotizacionesListScreenState' is from 'package:vercy_motos/screens/compras/cotizaciones_list_screen.dart' ('lib/screens/compras/cotizaciones_list_screen.dart').
              (i) => ItemPedido(
                     ^^^^^^^^^^
lib/screens/compras/cotizaciones_list_screen.dart:625:23:
Error: The method 'Factura' isn't defined for the type '_CotizacionesListScreenState'.
 - '_CotizacionesListScreenState' is from 'package:vercy_motos/screens/compras/cotizaciones_list_screen.dart' ('lib/screens/compras/cotizaciones_list_screen.dart').
      final factura = Factura(
                      ^^^^^^^
lib/screens/compras/cotizaciones_list_screen.dart:679:24:
Error: 'Cotizacion' isn't a type.
  Future<void> _verPDF(Cotizacion cotizacion) async {
                       ^^^^^^^^^^
lib/screens/compras/cotizaciones_list_screen.dart:684:7:
Error: 'Cliente' isn't a type.
      Cliente? clienteCompleto;
      ^^^^^^^
lib/screens/compras/cotizaciones_list_screen.dart:687:7:
Error: The method 'appLog' isn't defined for the type '_CotizacionesListScreenState'.
 - '_CotizacionesListScreenState' is from 'package:vercy_motos/screens/compras/cotizaciones_list_screen.dart' ('lib/screens/compras/cotizaciones_list_screen.dart').
      appLog('📋 Buscando cliente para cotización...');
      ^^^^^^
lib/screens/compras/cotizaciones_list_screen.dart:688:7:
Error: The method 'appLog' isn't defined for the type '_CotizacionesListScreenState'.
 - '_CotizacionesListScreenState' is from 'package:vercy_motos/screens/compras/cotizaciones_list_screen.dart' ('lib/screens/compras/cotizaciones_list_screen.dart').
      appLog('   - clienteId: ${cotizacion.clienteId}');
      ^^^^^^
lib/screens/compras/cotizaciones_list_screen.dart:689:7:
Error: The method 'appLog' isn't defined for the type '_CotizacionesListScreenState'.
 - '_CotizacionesListScreenState' is from 'package:vercy_motos/screens/compras/cotizaciones_list_screen.dart' ('lib/screens/compras/cotizaciones_list_screen.dart').
      appLog('   - clienteNombre guardado: $nombreClienteCotizacion');
      ^^^^^^
lib/screens/compras/cotizaciones_list_screen.dart:698:13:
Error: The method 'appLog' isn't defined for the type '_CotizacionesListScreenState'.
 - '_CotizacionesListScreenState' is from 'package:vercy_motos/screens/compras/cotizaciones_list_screen.dart' ('lib/screens/compras/cotizaciones_list_screen.dart').
            appLog(
            ^^^^^^
lib/screens/compras/cotizaciones_list_screen.dart:703:11:
Error: The method 'appLog' isn't defined for the type '_CotizacionesListScreenState'.
 - '_CotizacionesListScreenState' is from 'package:vercy_motos/screens/compras/cotizaciones_list_screen.dart' ('lib/screens/compras/cotizaciones_list_screen.dart').
          appLog('⚠️ Error obteniendo cliente por ID: $e');
          ^^^^^^
lib/screens/compras/cotizaciones_list_screen.dart:712:11:
Error: The method 'appLog' isn't defined for the type '_CotizacionesListScreenState'.
 - '_CotizacionesListScreenState' is from 'package:vercy_motos/screens/compras/cotizaciones_list_screen.dart' ('lib/screens/compras/cotizaciones_list_screen.dart').
          appLog('🔍 Buscando cliente por nombre: "$nombreClienteCotizacion"');
          ^^^^^^
lib/screens/compras/cotizaciones_list_screen.dart:720:13:
Error: The method 'appLog' isn't defined for the type '_CotizacionesListScreenState'.
 - '_CotizacionesListScreenState' is from 'package:vercy_motos/screens/compras/cotizaciones_list_screen.dart' ('lib/screens/compras/cotizaciones_list_screen.dart').
            appLog(
            ^^^^^^
lib/screens/compras/cotizaciones_list_screen.dart:724:13:
Error: The method 'appLog' isn't defined for the type '_CotizacionesListScreenState'.
 - '_CotizacionesListScreenState' is from 'package:vercy_motos/screens/compras/cotizaciones_list_screen.dart' ('lib/screens/compras/cotizaciones_list_screen.dart').
            appLog('❌ No se encontró cliente con ese nombre');
            ^^^^^^
lib/screens/compras/cotizaciones_list_screen.dart:727:11:
Error: The method 'appLog' isn't defined for the type '_CotizacionesListScreenState'.
 - '_CotizacionesListScreenState' is from 'package:vercy_motos/screens/compras/cotizaciones_list_screen.dart' ('lib/screens/compras/cotizaciones_list_screen.dart').
          appLog('⚠️ Error buscando cliente por nombre: $e');
          ^^^^^^
lib/screens/compras/cotizaciones_list_screen.dart:737:7:
Error: The method 'appLog' isn't defined for the type '_CotizacionesListScreenState'.
 - '_CotizacionesListScreenState' is from 'package:vercy_motos/screens/compras/cotizaciones_list_screen.dart' ('lib/screens/compras/cotizaciones_list_screen.dart').
      appLog('📝 Nombre final para PDF: $nombreCliente');
      ^^^^^^
lib/screens/compras/cotizaciones_list_screen.dart:846:35:
Error: 'Cotizacion' isn't a type.
  Future<void> _confirmarEliminar(Cotizacion cotizacion) async {
                                  ^^^^^^^^^^
lib/screens/compras/cotizacion_form_screen.dart:15:9:
Error: 'Cotizacion' isn't a type.
  final Cotizacion? cotizacion;
        ^^^^^^^^^^
lib/screens/compras/cotizacion_form_screen.dart:24:9:
Error: 'CotizacionService' isn't a type.
  final CotizacionService _cotizacionService = CotizacionService();
        ^^^^^^^^^^^^^^^^^
lib/screens/compras/cotizacion_form_screen.dart:24:48:
Error: Method not found: 'CotizacionService'.
  final CotizacionService _cotizacionService = CotizacionService();
                                               ^^^^^^^^^^^^^^^^^
lib/screens/compras/cotizacion_form_screen.dart:25:9:
Error: 'ClienteService' isn't a type.
  final ClienteService _clienteService = ClienteService();
        ^^^^^^^^^^^^^^
lib/screens/compras/cotizacion_form_screen.dart:25:42:
Error: Method not found: 'ClienteService'.
  final ClienteService _clienteService = ClienteService();
                                         ^^^^^^^^^^^^^^
lib/screens/compras/cotizacion_form_screen.dart:26:9:
Error: 'ProductoService' isn't a type.
  final ProductoService _productoService = ProductoService();
        ^^^^^^^^^^^^^^^
lib/screens/compras/cotizacion_form_screen.dart:26:44:
Error: Method not found: 'ProductoService'.
  final ProductoService _productoService = ProductoService();
                                           ^^^^^^^^^^^^^^^
lib/screens/compras/cotizacion_form_screen.dart:43:8:
Error: 'ItemCotizacion' isn't a type.
  List<ItemCotizacion> _items = [];
       ^^^^^^^^^^^^^^
lib/screens/compras/cotizacion_form_screen.dart:44:8:
Error: 'Producto' isn't a type.
  List<Producto> _productosDisponibles = [];
       ^^^^^^^^
lib/screens/compras/cotizacion_form_screen.dart:45:8:
Error: 'Cliente' isn't a type.
  List<Cliente> _clientesDisponibles = [];
       ^^^^^^^
lib/screens/compras/cotizacion_form_screen.dart:46:3:
Error: 'Cliente' isn't a type.
  Cliente? _clienteSeleccionado;
  ^^^^^^^
lib/screens/compras/cotizacion_form_screen.dart:69:39:
Error: 'DatosCacheProvider' isn't a type.
    final cacheProvider = Provider.of<DatosCacheProvider>(
                                      ^^^^^^^^^^^^^^^^^^
lib/screens/compras/cotizacion_form_screen.dart:117:30:
Error: The getter 'id' isn't defined for the type 'Object?'.
 - 'Object' is from 'dart:core'.
        (cliente) => cliente.id == c.clienteId,
                             ^^
lib/screens/compras/cotizacion_form_screen.dart:154:24:
Error: The getter 'AppTheme' isn't defined for the type '_CotizacionFormScreenState'.
 - '_CotizacionFormScreenState' is from 'package:vercy_motos/screens/compras/cotizacion_form_screen.dart' ('lib/screens/compras/cotizacion_form_screen.dart').
      backgroundColor: AppTheme.backgroundDark,
                       ^^^^^^^^
lib/screens/compras/cotizacion_form_screen.dart:157:26:
Error: The getter 'AppTheme' isn't defined for the type '_CotizacionFormScreenState'.
 - '_CotizacionFormScreenState' is from 'package:vercy_motos/screens/compras/cotizacion_form_screen.dart' ('lib/screens/compras/cotizacion_form_screen.dart').
        backgroundColor: AppTheme.primary,
                         ^^^^^^^^
lib/screens/compras/cotizacion_form_screen.dart:345:28:
Error: 'Cliente' isn't a type.
              Autocomplete<Cliente>(
                           ^^^^^^^
lib/screens/compras/cotizacion_form_screen.dart:351:22:
Error: 'Cliente' isn't a type.
                    (Cliente cliente) => cliente.nombreCompleto
                     ^^^^^^^
lib/screens/compras/cotizacion_form_screen.dart:356:42:
Error: 'Cliente' isn't a type.
                displayStringForOption: (Cliente cliente) =>
                                         ^^^^^^^
lib/screens/compras/cotizacion_form_screen.dart:358:30:
Error: 'Cliente' isn't a type.
                onSelected: (Cliente cliente) {
                             ^^^^^^^
lib/screens/compras/cotizacion_form_screen.dart:193:16:
Error: The getter 'AppTheme' isn't defined for the type '_CotizacionFormScreenState'.
 - '_CotizacionFormScreenState' is from 'package:vercy_motos/screens/compras/cotizacion_form_screen.dart' ('lib/screens/compras/cotizacion_form_screen.dart').
        color: AppTheme.cardBg,
               ^^^^^^^^
lib/screens/compras/cotizacion_form_screen.dart:269:47:
Error: The getter 'AppTheme' isn't defined for the type '_CotizacionFormScreenState'.
 - '_CotizacionFormScreenState' is from 'package:vercy_motos/screens/compras/cotizacion_form_screen.dart' ('lib/screens/compras/cotizacion_form_screen.dart').
                      style: TextStyle(color: AppTheme.textPrimary),
                                              ^^^^^^^^
lib/screens/compras/cotizacion_form_screen.dart:369:49:
Error: The getter 'AppTheme' isn't defined for the type '_CotizacionFormScreenState'.
 - '_CotizacionFormScreenState' is from 'package:vercy_motos/screens/compras/cotizacion_form_screen.dart' ('lib/screens/compras/cotizacion_form_screen.dart').
                        style: TextStyle(color: AppTheme.textPrimary),
                                                ^^^^^^^^
lib/screens/compras/cotizacion_form_screen.dart:379:36:
Error: The getter 'AppTheme' isn't defined for the type '_CotizacionFormScreenState'.
 - '_CotizacionFormScreenState' is from 'package:vercy_motos/screens/compras/cotizacion_form_screen.dart' ('lib/screens/compras/cotizacion_form_screen.dart').
                            color: AppTheme.textSecondary,
                                   ^^^^^^^^
lib/screens/compras/cotizacion_form_screen.dart:382:55:
Error: The getter 'AppTheme' isn't defined for the type '_CotizacionFormScreenState'.
 - '_CotizacionFormScreenState' is from 'package:vercy_motos/screens/compras/cotizacion_form_screen.dart' ('lib/screens/compras/cotizacion_form_screen.dart').
                          hintStyle: TextStyle(color: AppTheme.textMuted),
                                                      ^^^^^^^^
lib/screens/compras/cotizacion_form_screen.dart:391:30:
Error: The getter 'AppTheme' isn't defined for the type '_CotizacionFormScreenState'.
 - '_CotizacionFormScreenState' is from 'package:vercy_motos/screens/compras/cotizacion_form_screen.dart' ('lib/screens/compras/cotizacion_form_screen.dart').
                      color: AppTheme.surfaceDark,
                             ^^^^^^^^
lib/screens/compras/cotizacion_form_screen.dart:411:46:
Error: The getter 'AppTheme' isn't defined for the type '_CotizacionFormScreenState'.
 - '_CotizacionFormScreenState' is from 'package:vercy_motos/screens/compras/cotizacion_form_screen.dart' ('lib/screens/compras/cotizacion_form_screen.dart').
                                      color: AppTheme.textSecondary.withOpacity(
                                             ^^^^^^^^
lib/screens/compras/cotizacion_form_screen.dart:424:48:
Error: The getter 'AppTheme' isn't defined for the type '_CotizacionFormScreenState'.
 - '_CotizacionFormScreenState' is from 'package:vercy_motos/screens/compras/cotizacion_form_screen.dart' ('lib/screens/compras/cotizacion_form_screen.dart').
                                        color: AppTheme.textPrimary,
                                               ^^^^^^^^
lib/screens/compras/cotizacion_form_screen.dart:432:50:
Error: The getter 'AppTheme' isn't defined for the type '_CotizacionFormScreenState'.
 - '_CotizacionFormScreenState' is from 'package:vercy_motos/screens/compras/cotizacion_form_screen.dart' ('lib/screens/compras/cotizacion_form_screen.dart').
                                          color: AppTheme.textSecondary,
                                                 ^^^^^^^^
lib/screens/compras/cotizacion_form_screen.dart:463:41:
Error: The getter 'AppTheme' isn't defined for the type '_CotizacionFormScreenState'.
 - '_CotizacionFormScreenState' is from 'package:vercy_motos/screens/compras/cotizacion_form_screen.dart' ('lib/screens/compras/cotizacion_form_screen.dart').
                style: TextStyle(color: AppTheme.textPrimary),
                                        ^^^^^^^^
lib/screens/compras/cotizacion_form_screen.dart:471:47:
Error: The getter 'AppTheme' isn't defined for the type '_CotizacionFormScreenState'.
 - '_CotizacionFormScreenState' is from 'package:vercy_motos/screens/compras/cotizacion_form_screen.dart' ('lib/screens/compras/cotizacion_form_screen.dart').
                  hintStyle: TextStyle(color: AppTheme.textMuted),
                                              ^^^^^^^^
lib/screens/compras/cotizacion_form_screen.dart:520:37:
Error: 'Producto' isn't a type.
                child: Autocomplete<Producto>(
                                    ^^^^^^^^
lib/screens/compras/cotizacion_form_screen.dart:523:45:
Error: 'Producto' isn't a type.
                      return const Iterable<Producto>.empty();
                                            ^^^^^^^^
lib/screens/compras/cotizacion_form_screen.dart:526:45:
Error: 'Producto' isn't a type.
                      return const Iterable<Producto>.empty();
                                            ^^^^^^^^
lib/screens/compras/cotizacion_form_screen.dart:534:44:
Error: 'Producto' isn't a type.
                  displayStringForOption: (Producto producto) =>
                                           ^^^^^^^^
lib/screens/compras/cotizacion_form_screen.dart:536:32:
Error: 'Producto' isn't a type.
                  onSelected: (Producto producto) {
                               ^^^^^^^^
lib/screens/compras/cotizacion_form_screen.dart:572:48:
Error: 'Producto' isn't a type.
                        AutocompleteOnSelected<Producto> onSelected,
                                               ^^^^^^^^
lib/screens/compras/cotizacion_form_screen.dart:573:34:
Error: 'Producto' isn't a type.
                        Iterable<Producto> options,
                                 ^^^^^^^^
lib/screens/compras/cotizacion_form_screen.dart:591:41:
Error: 'Producto' isn't a type.
                                  final Producto option = options.elementAt(
                                        ^^^^^^^^
lib/screens/compras/cotizacion_form_screen.dart:486:16:
Error: The getter 'AppTheme' isn't defined for the type '_CotizacionFormScreenState'.
 - '_CotizacionFormScreenState' is from 'package:vercy_motos/screens/compras/cotizacion_form_screen.dart' ('lib/screens/compras/cotizacion_form_screen.dart').
        color: AppTheme.cardBg,
               ^^^^^^^^
lib/screens/compras/cotizacion_form_screen.dart:510:43:
Error: The getter 'AppTheme' isn't defined for the type '_CotizacionFormScreenState'.
 - '_CotizacionFormScreenState' is from 'package:vercy_motos/screens/compras/cotizacion_form_screen.dart' ('lib/screens/compras/cotizacion_form_screen.dart').
                  style: TextStyle(color: AppTheme.textPrimary),
                                          ^^^^^^^^
lib/screens/compras/cotizacion_form_screen.dart:528:28:
Error: The method 'filtrarYOrdenarProductos' isn't defined for the type '_CotizacionFormScreenState'.
 - '_CotizacionFormScreenState' is from 'package:vercy_motos/screens/compras/cotizacion_form_screen.dart' ('lib/screens/compras/cotizacion_form_screen.dart').
                    return filtrarYOrdenarProductos(
                           ^^^^^^^^^^^^^^^^^^^^^^^^
lib/screens/compras/cotizacion_form_screen.dart:553:51:
Error: The getter 'AppTheme' isn't defined for the type '_CotizacionFormScreenState'.
 - '_CotizacionFormScreenState' is from 'package:vercy_motos/screens/compras/cotizacion_form_screen.dart' ('lib/screens/compras/cotizacion_form_screen.dart').
                          style: TextStyle(color: AppTheme.textPrimary),
                                                  ^^^^^^^^
lib/screens/compras/cotizacion_form_screen.dart:557:38:
Error: The getter 'AppTheme' isn't defined for the type '_CotizacionFormScreenState'.
 - '_CotizacionFormScreenState' is from 'package:vercy_motos/screens/compras/cotizacion_form_screen.dart' ('lib/screens/compras/cotizacion_form_screen.dart').
                              color: AppTheme.textSecondary,
                                     ^^^^^^^^
lib/screens/compras/cotizacion_form_screen.dart:562:38:
Error: The getter 'AppTheme' isn't defined for the type '_CotizacionFormScreenState'.
 - '_CotizacionFormScreenState' is from 'package:vercy_motos/screens/compras/cotizacion_form_screen.dart' ('lib/screens/compras/cotizacion_form_screen.dart').
                              color: AppTheme.textSecondary,
                                     ^^^^^^^^
lib/screens/compras/cotizacion_form_screen.dart:565:57:
Error: The getter 'AppTheme' isn't defined for the type '_CotizacionFormScreenState'.
 - '_CotizacionFormScreenState' is from 'package:vercy_motos/screens/compras/cotizacion_form_screen.dart' ('lib/screens/compras/cotizacion_form_screen.dart').
                            hintStyle: TextStyle(color: AppTheme.textMuted),
                                                        ^^^^^^^^
lib/screens/compras/cotizacion_form_screen.dart:579:36:
Error: The getter 'AppTheme' isn't defined for the type '_CotizacionFormScreenState'.
 - '_CotizacionFormScreenState' is from 'package:vercy_motos/screens/compras/cotizacion_form_screen.dart' ('lib/screens/compras/cotizacion_form_screen.dart').
                            color: AppTheme.surfaceDark,
                                   ^^^^^^^^
lib/screens/compras/cotizacion_form_screen.dart:603:52:
Error: The getter 'AppTheme' isn't defined for the type '_CotizacionFormScreenState'.
 - '_CotizacionFormScreenState' is from 'package:vercy_motos/screens/compras/cotizacion_form_screen.dart' ('lib/screens/compras/cotizacion_form_screen.dart').
                                            color: AppTheme.textSecondary
                                                   ^^^^^^^^
lib/screens/compras/cotizacion_form_screen.dart:616:54:
Error: The getter 'AppTheme' isn't defined for the type '_CotizacionFormScreenState'.
 - '_CotizacionFormScreenState' is from 'package:vercy_motos/screens/compras/cotizacion_form_screen.dart' ('lib/screens/compras/cotizacion_form_screen.dart').
                                              color: AppTheme.textPrimary,
                                                     ^^^^^^^^
lib/screens/compras/cotizacion_form_screen.dart:627:58:
Error: The getter 'AppTheme' isn't defined for the type '_CotizacionFormScreenState'.
 - '_CotizacionFormScreenState' is from 'package:vercy_motos/screens/compras/cotizacion_form_screen.dart' ('lib/screens/compras/cotizacion_form_screen.dart').
                                                  color: AppTheme.textSecondary,
                                                         ^^^^^^^^
lib/screens/compras/cotizacion_form_screen.dart:635:58:
Error: The getter 'AppTheme' isn't defined for the type '_CotizacionFormScreenState'.
 - '_CotizacionFormScreenState' is from 'package:vercy_motos/screens/compras/cotizacion_form_screen.dart' ('lib/screens/compras/cotizacion_form_screen.dart').
                                                  color: AppTheme.primary,
                                                         ^^^^^^^^
lib/screens/compras/cotizacion_form_screen.dart:659:43:
Error: The getter 'AppTheme' isn't defined for the type '_CotizacionFormScreenState'.
 - '_CotizacionFormScreenState' is from 'package:vercy_motos/screens/compras/cotizacion_form_screen.dart' ('lib/screens/compras/cotizacion_form_screen.dart').
                  style: TextStyle(color: AppTheme.textPrimary),
                                          ^^^^^^^^
lib/screens/compras/cotizacion_form_screen.dart:672:43:
Error: The getter 'AppTheme' isn't defined for the type '_CotizacionFormScreenState'.
 - '_CotizacionFormScreenState' is from 'package:vercy_motos/screens/compras/cotizacion_form_screen.dart' ('lib/screens/compras/cotizacion_form_screen.dart').
                  style: TextStyle(color: AppTheme.textPrimary),
                                          ^^^^^^^^
lib/screens/compras/cotizacion_form_screen.dart:706:43:
Error: The getter 'AppTheme' isn't defined for the type '_CotizacionFormScreenState'.
 - '_CotizacionFormScreenState' is from 'package:vercy_motos/screens/compras/cotizacion_form_screen.dart' ('lib/screens/compras/cotizacion_form_screen.dart').
                  style: TextStyle(color: AppTheme.textPrimary),
                                          ^^^^^^^^
lib/screens/compras/cotizacion_form_screen.dart:718:43:
Error: The getter 'AppTheme' isn't defined for the type '_CotizacionFormScreenState'.
 - '_CotizacionFormScreenState' is from 'package:vercy_motos/screens/compras/cotizacion_form_screen.dart' ('lib/screens/compras/cotizacion_form_screen.dart').
                  style: TextStyle(color: AppTheme.textPrimary),
                                          ^^^^^^^^
lib/screens/compras/cotizacion_form_screen.dart:732:36:
Error: The getter 'AppTheme' isn't defined for the type '_CotizacionFormScreenState'.
 - '_CotizacionFormScreenState' is from 'package:vercy_motos/screens/compras/cotizacion_form_screen.dart' ('lib/screens/compras/cotizacion_form_screen.dart').
                  backgroundColor: AppTheme.primary,
                                   ^^^^^^^^
lib/screens/compras/cotizacion_form_screen.dart:749:18:
Error: The getter 'AppTheme' isn't defined for the type '_CotizacionFormScreenState'.
 - '_CotizacionFormScreenState' is from 'package:vercy_motos/screens/compras/cotizacion_form_screen.dart' ('lib/screens/compras/cotizacion_form_screen.dart').
          color: AppTheme.cardBg,
                 ^^^^^^^^
lib/screens/compras/cotizacion_form_screen.dart:763:41:
Error: The getter 'AppTheme' isn't defined for the type '_CotizacionFormScreenState'.
 - '_CotizacionFormScreenState' is from 'package:vercy_motos/screens/compras/cotizacion_form_screen.dart' ('lib/screens/compras/cotizacion_form_screen.dart').
                style: TextStyle(color: AppTheme.textSecondary, fontSize: 16),
                                        ^^^^^^^^
lib/screens/compras/cotizacion_form_screen.dart:773:16:
Error: The getter 'AppTheme' isn't defined for the type '_CotizacionFormScreenState'.
 - '_CotizacionFormScreenState' is from 'package:vercy_motos/screens/compras/cotizacion_form_screen.dart' ('lib/screens/compras/cotizacion_form_screen.dart').
        color: AppTheme.cardBg,
               ^^^^^^^^
lib/screens/compras/cotizacion_form_screen.dart:784:22:
Error: The getter 'AppTheme' isn't defined for the type '_CotizacionFormScreenState'.
 - '_CotizacionFormScreenState' is from 'package:vercy_motos/screens/compras/cotizacion_form_screen.dart' ('lib/screens/compras/cotizacion_form_screen.dart').
              color: AppTheme.primary.withOpacity(0.1),
                     ^^^^^^^^
lib/screens/compras/cotizacion_form_screen.dart:871:16:
Error: The getter 'AppTheme' isn't defined for the type '_CotizacionFormScreenState'.
 - '_CotizacionFormScreenState' is from 'package:vercy_motos/screens/compras/cotizacion_form_screen.dart' ('lib/screens/compras/cotizacion_form_screen.dart').
        color: AppTheme.cardBg,
               ^^^^^^^^
lib/screens/compras/cotizacion_form_screen.dart:934:65:
Error: The getter 'subtotal' isn't defined for the type 'Object?'.
 - 'Object' is from 'dart:core'.
    final subtotal = _items.fold(0.0, (sum, item) => sum + item.subtotal);
                                                                ^^^^^^^^
lib/screens/compras/cotizacion_form_screen.dart:937:33:
Error: The getter 'valorImpuesto' isn't defined for the type 'Object?'.
 - 'Object' is from 'dart:core'.
      (sum, item) => sum + item.valorImpuesto,
                                ^^^^^^^^^^^^^
lib/screens/compras/cotizacion_form_screen.dart:941:33:
Error: The getter 'valorDescuento' isn't defined for the type 'Object?'.
 - 'Object' is from 'dart:core'.
      (sum, item) => sum + item.valorDescuento,
                                ^^^^^^^^^^^^^^
lib/screens/compras/cotizacion_form_screen.dart:955:16:
Error: The getter 'AppTheme' isn't defined for the type '_CotizacionFormScreenState'.
 - '_CotizacionFormScreenState' is from 'package:vercy_motos/screens/compras/cotizacion_form_screen.dart' ('lib/screens/compras/cotizacion_form_screen.dart').
        color: AppTheme.cardBg,
               ^^^^^^^^
lib/screens/compras/cotizacion_form_screen.dart:993:32:
Error: The getter 'AppTheme' isn't defined for the type '_CotizacionFormScreenState'.
 - '_CotizacionFormScreenState' is from 'package:vercy_motos/screens/compras/cotizacion_form_screen.dart' ('lib/screens/compras/cotizacion_form_screen.dart').
              color: isTotal ? AppTheme.primary : Colors.white,
                               ^^^^^^^^
lib/screens/compras/cotizacion_form_screen.dart:1005:16:
Error: The getter 'AppTheme' isn't defined for the type '_CotizacionFormScreenState'.
 - '_CotizacionFormScreenState' is from 'package:vercy_motos/screens/compras/cotizacion_form_screen.dart' ('lib/screens/compras/cotizacion_form_screen.dart').
        color: AppTheme.cardBg,
               ^^^^^^^^
lib/screens/compras/cotizacion_form_screen.dart:1043:34:
Error: The getter 'AppTheme' isn't defined for the type '_CotizacionFormScreenState'.
 - '_CotizacionFormScreenState' is from 'package:vercy_motos/screens/compras/cotizacion_form_screen.dart' ('lib/screens/compras/cotizacion_form_screen.dart').
                backgroundColor: AppTheme.primary,
                                 ^^^^^^^^
lib/screens/compras/cotizacion_form_screen.dart:1063:18:
Error: The method 'ItemCotizacion' isn't defined for the type '_CotizacionFormScreenState'.
 - '_CotizacionFormScreenState' is from 'package:vercy_motos/screens/compras/cotizacion_form_screen.dart' ('lib/screens/compras/cotizacion_form_screen.dart').
    final item = ItemCotizacion(
                 ^^^^^^^^^^^^^^
lib/screens/compras/cotizacion_form_screen.dart:1097:10:
Error: 'Cliente' isn't a type.
    List<Cliente> resultados = [];
         ^^^^^^^
lib/screens/compras/cotizacion_form_screen.dart:1205:22:
Error: 'Cliente' isn't a type.
      if (cliente is Cliente) {
                     ^^^^^^^
lib/screens/compras/cotizacion_form_screen.dart:1114:25:
Error: The getter 'nombreCompleto' isn't defined for the type 'Object?'.
 - 'Object' is from 'dart:core'.
                      c.nombreCompleto.toLowerCase().contains(q.toLowerCase()) ||
                        ^^^^^^^^^^^^^^
lib/screens/compras/cotizacion_form_screen.dart:1115:26:
Error: The getter 'numeroIdentificacion' isn't defined for the type 'Object?'.
 - 'Object' is from 'dart:core'.
                      (c.numeroIdentificacion ?? '').contains(q) ||
                         ^^^^^^^^^^^^^^^^^^^^
lib/screens/compras/cotizacion_form_screen.dart:1116:26:
Error: The getter 'telefono' isn't defined for the type 'Object?'.
 - 'Object' is from 'dart:core'.
                      (c.telefono ?? '').contains(q))
                         ^^^^^^^^
lib/screens/compras/cotizacion_form_screen.dart:1131:30:
Error: The getter 'AppTheme' isn't defined for the type '_CotizacionFormScreenState'.
 - '_CotizacionFormScreenState' is from 'package:vercy_motos/screens/compras/cotizacion_form_screen.dart' ('lib/screens/compras/cotizacion_form_screen.dart').
            backgroundColor: AppTheme.cardBg,
                             ^^^^^^^^
lib/screens/compras/cotizacion_form_screen.dart:1134:39:
Error: The getter 'AppTheme' isn't defined for the type '_CotizacionFormScreenState'.
 - '_CotizacionFormScreenState' is from 'package:vercy_motos/screens/compras/cotizacion_form_screen.dart' ('lib/screens/compras/cotizacion_form_screen.dart').
              style: TextStyle(color: AppTheme.textPrimary, fontWeight: FontWeight.bold),
                                      ^^^^^^^^
lib/screens/compras/cotizacion_form_screen.dart:1144:45:
Error: The getter 'AppTheme' isn't defined for the type '_CotizacionFormScreenState'.
 - '_CotizacionFormScreenState' is from 'package:vercy_motos/screens/compras/cotizacion_form_screen.dart' ('lib/screens/compras/cotizacion_form_screen.dart').
                    style: TextStyle(color: AppTheme.textPrimary),
                                            ^^^^^^^^
lib/screens/compras/cotizacion_form_screen.dart:1147:51:
Error: The getter 'AppTheme' isn't defined for the type '_CotizacionFormScreenState'.
 - '_CotizacionFormScreenState' is from 'package:vercy_motos/screens/compras/cotizacion_form_screen.dart' ('lib/screens/compras/cotizacion_form_screen.dart').
                      hintStyle: TextStyle(color: AppTheme.textSecondary),
                                                  ^^^^^^^^
lib/screens/compras/cotizacion_form_screen.dart:1148:61:
Error: The getter 'AppTheme' isn't defined for the type '_CotizacionFormScreenState'.
 - '_CotizacionFormScreenState' is from 'package:vercy_motos/screens/compras/cotizacion_form_screen.dart' ('lib/screens/compras/cotizacion_form_screen.dart').
                      prefixIcon: Icon(Icons.search, color: AppTheme.textSecondary),
                                                            ^^^^^^^^
lib/screens/compras/cotizacion_form_screen.dart:1163:59:
Error: The getter 'AppTheme' isn't defined for the type '_CotizacionFormScreenState'.
 - '_CotizacionFormScreenState' is from 'package:vercy_motos/screens/compras/cotizacion_form_screen.dart' ('lib/screens/compras/cotizacion_form_screen.dart').
                                  style: TextStyle(color: AppTheme.textSecondary),
                                                          ^^^^^^^^
lib/screens/compras/cotizacion_form_screen.dart:1175:63:
Error: The getter 'AppTheme' isn't defined for the type '_CotizacionFormScreenState'.
 - '_CotizacionFormScreenState' is from 'package:vercy_motos/screens/compras/cotizacion_form_screen.dart' ('lib/screens/compras/cotizacion_form_screen.dart').
                                      style: TextStyle(color: AppTheme.textPrimary),
                                                              ^^^^^^^^
lib/screens/compras/cotizacion_form_screen.dart:1184:50:
Error: The getter 'AppTheme' isn't defined for the type '_CotizacionFormScreenState'.
 - '_CotizacionFormScreenState' is from 'package:vercy_motos/screens/compras/cotizacion_form_screen.dart' ('lib/screens/compras/cotizacion_form_screen.dart').
                                          color: AppTheme.textSecondary, fontSize: 12),
                                                 ^^^^^^^^
lib/screens/compras/cotizacion_form_screen.dart:1198:45:
Error: The getter 'AppTheme' isn't defined for the type '_CotizacionFormScreenState'.
 - '_CotizacionFormScreenState' is from 'package:vercy_motos/screens/compras/cotizacion_form_screen.dart' ('lib/screens/compras/cotizacion_form_screen.dart').
                    style: TextStyle(color: AppTheme.textSecondary)),
                                            ^^^^^^^^
lib/screens/compras/cotizacion_form_screen.dart:1232:26:
Error: The method 'Cotizacion' isn't defined for the type '_CotizacionFormScreenState'.
 - '_CotizacionFormScreenState' is from 'package:vercy_motos/screens/compras/cotizacion_form_screen.dart' ('lib/screens/compras/cotizacion_form_screen.dart').
      final cotizacion = Cotizacion(
                         ^^^^^^^^^^
lib/screens/reportes/categorias_screen.dart:21:9:
Error: 'ProductoService' isn't a type.
  final ProductoService _productoService = ProductoService();
        ^^^^^^^^^^^^^^^
lib/screens/reportes/categorias_screen.dart:21:44:
Error: Method not found: 'ProductoService'.
  final ProductoService _productoService = ProductoService();
                                           ^^^^^^^^^^^^^^^
lib/screens/reportes/categorias_screen.dart:22:8:
Error: 'Categoria' isn't a type.
  List<Categoria> _categorias = [];
       ^^^^^^^^^
lib/screens/reportes/categorias_screen.dart:23:8:
Error: 'Producto' isn't a type.
  List<Producto> _productos = [];
       ^^^^^^^^
lib/screens/reportes/categorias_screen.dart:113:34:
Error: The method 'paginarLista' isn't defined for the type '_CategoriasScreenState'.
 - '_CategoriasScreenState' is from 'package:vercy_motos/screens/reportes/categorias_screen.dart' ('lib/screens/reportes/categorias_screen.dart').
                      itemCount: paginarLista(_categorias).length,
                                 ^^^^^^^^^^^^
lib/screens/reportes/categorias_screen.dart:116:27:
Error: The method 'paginarLista' isn't defined for the type '_CategoriasScreenState'.
 - '_CategoriasScreenState' is from 'package:vercy_motos/screens/reportes/categorias_screen.dart' ('lib/screens/reportes/categorias_screen.dart').
                          paginarLista(_categorias)[index],
                          ^^^^^^^^^^^^
lib/screens/reportes/categorias_screen.dart:123:34:
Error: The getter 'AppTheme' isn't defined for the type '_CategoriasScreenState'.
 - '_CategoriasScreenState' is from 'package:vercy_motos/screens/reportes/categorias_screen.dart' ('lib/screens/reportes/categorias_screen.dart').
                    accentColor: AppTheme.primary,
                                 ^^^^^^^^
lib/screens/reportes/categorias_screen.dart:121:19:
Error: The method 'buildPaginacion' isn't defined for the type '_CategoriasScreenState'.
 - '_CategoriasScreenState' is from 'package:vercy_motos/screens/reportes/categorias_screen.dart' ('lib/screens/reportes/categorias_screen.dart').
                  buildPaginacion(
                  ^^^^^^^^^^^^^^^
lib/screens/reportes/categorias_screen.dart:138:30:
Error: 'Categoria' isn't a type.
  Widget _buildCategoriaItem(Categoria categoria) {
                             ^^^^^^^^^
lib/screens/reportes/categorias_screen.dart:155:18:
Error: The method 'ImagenCategoriaWidget' isn't defined for the type '_CategoriasScreenState'.
 - '_CategoriasScreenState' is from 'package:vercy_motos/screens/reportes/categorias_screen.dart' ('lib/screens/reportes/categorias_screen.dart').
          child: ImagenCategoriaWidget(
                 ^^^^^^^^^^^^^^^^^^^^^
lib/screens/reportes/categorias_screen.dart:188:38:
Error: The getter 'categoria' isn't defined for the type 'Object?'.
 - 'Object' is from 'dart:core'.
    return _productos.where((p) => p.categoria?.id == categoriaId).length;
                                     ^^^^^^^^^
lib/screens/reportes/categorias_screen.dart:191:38:
Error: 'Categoria' isn't a type.
  void _showDeleteConfirmationDialog(Categoria categoria) {
                                     ^^^^^^^^^
lib/screens/reportes/categorias_screen.dart:241:30:
Error: 'Categoria' isn't a type.
  void _showCategoriaDialog({Categoria? categoria}) {
                             ^^^^^^^^^
lib/screens/reportes/categorias_screen.dart:333:37:
Error: The method 'ImagenCategoriaWidget' isn't defined for the type '_CategoriasScreenState'.
 - '_CategoriasScreenState' is from 'package:vercy_motos/screens/reportes/categorias_screen.dart' ('lib/screens/reportes/categorias_screen.dart').
                                  ? ImagenCategoriaWidget(
                                    ^^^^^^^^^^^^^^^^^^^^^
lib/screens/reportes/categorias_screen.dart:422:56:
Error: The method 'Categoria' isn't defined for the type '_CategoriasScreenState'.
 - '_CategoriasScreenState' is from 'package:vercy_motos/screens/reportes/categorias_screen.dart' ('lib/screens/reportes/categorias_screen.dart').
                              final updatedCategoria = Categoria(
                                                       ^^^^^^^^^
lib/screens/reportes/categorias_screen.dart:432:54:
Error: The method 'Categoria' isn't defined for the type '_CategoriasScreenState'.
 - '_CategoriasScreenState' is from 'package:vercy_motos/screens/reportes/categorias_screen.dart' ('lib/screens/reportes/categorias_screen.dart').
                              final nuevaCategoria = Categoria(
                                                     ^^^^^^^^^
lib/screens/caja/cuadre_caja_screen.dart:27:24:
Error: The getter 'AppTheme' isn't defined for the type '_CuadreCajaScreenState'.
 - '_CuadreCajaScreenState' is from 'package:vercy_motos/screens/caja/cuadre_caja_screen.dart' ('lib/screens/caja/cuadre_caja_screen.dart').
  Color get primary => AppTheme.primary;
                       ^^^^^^^^
lib/screens/caja/cuadre_caja_screen.dart:28:23:
Error: The getter 'AppTheme' isn't defined for the type '_CuadreCajaScreenState'.
 - '_CuadreCajaScreenState' is from 'package:vercy_motos/screens/caja/cuadre_caja_screen.dart' ('lib/screens/caja/cuadre_caja_screen.dart').
  Color get bgDark => AppTheme.backgroundDark;
                      ^^^^^^^^
lib/screens/caja/cuadre_caja_screen.dart:29:23:
Error: The getter 'AppTheme' isn't defined for the type '_CuadreCajaScreenState'.
 - '_CuadreCajaScreenState' is from 'package:vercy_motos/screens/caja/cuadre_caja_screen.dart' ('lib/screens/caja/cuadre_caja_screen.dart').
  Color get cardBg => AppTheme.cardBg;
                      ^^^^^^^^
lib/screens/caja/cuadre_caja_screen.dart:30:25:
Error: The getter 'AppTheme' isn't defined for the type '_CuadreCajaScreenState'.
 - '_CuadreCajaScreenState' is from 'package:vercy_motos/screens/caja/cuadre_caja_screen.dart' ('lib/screens/caja/cuadre_caja_screen.dart').
  Color get textDark => AppTheme.textDark;
                        ^^^^^^^^
lib/screens/caja/cuadre_caja_screen.dart:31:26:
Error: The getter 'AppTheme' isn't defined for the type '_CuadreCajaScreenState'.
 - '_CuadreCajaScreenState' is from 'package:vercy_motos/screens/caja/cuadre_caja_screen.dart' ('lib/screens/caja/cuadre_caja_screen.dart').
  Color get textLight => AppTheme.textLight;
                         ^^^^^^^^
lib/screens/caja/cuadre_caja_screen.dart:32:29:
Error: The getter 'AppTheme' isn't defined for the type '_CuadreCajaScreenState'.
 - '_CuadreCajaScreenState' is from 'package:vercy_motos/screens/caja/cuadre_caja_screen.dart' ('lib/screens/caja/cuadre_caja_screen.dart').
  Color get accentOrange => AppTheme.accent;
                            ^^^^^^^^
lib/screens/caja/cuadre_caja_screen.dart:35:9:
Error: 'ResumenCierreService' isn't a type.
  final ResumenCierreService _resumenCierreService = ResumenCierreService();
        ^^^^^^^^^^^^^^^^^^^^
lib/screens/caja/cuadre_caja_screen.dart:35:54:
Error: Method not found: 'ResumenCierreService'.
  final ResumenCierreService _resumenCierreService = ResumenCierreService();
                                                     ^^^^^^^^^^^^^^^^^^^^
lib/screens/caja/cuadre_caja_screen.dart:67:8:
Error: 'CuadreCaja' isn't a type.
  List<CuadreCaja> _cuadresCaja = [];
       ^^^^^^^^^^
lib/screens/caja/cuadre_caja_screen.dart:69:3:
Error: 'CuadreCaja' isn't a type.
  CuadreCaja? _cuadreActual;
  ^^^^^^^^^^
lib/screens/caja/cuadre_caja_screen.dart:72:9:
Error: 'CuadreCajaService' isn't a type.
  final CuadreCajaService _cuadreCajaService = CuadreCajaService();
        ^^^^^^^^^^^^^^^^^
lib/screens/caja/cuadre_caja_screen.dart:72:48:
Error: Method not found: 'CuadreCajaService'.
  final CuadreCajaService _cuadreCajaService = CuadreCajaService();
                                               ^^^^^^^^^^^^^^^^^
lib/screens/caja/cuadre_caja_screen.dart:347:12:
Error: 'CuadreCaja' isn't a type.
      List<CuadreCaja> filtered = cuadres.where((c) {
           ^^^^^^^^^^
lib/screens/caja/cuadre_caja_screen.dart:385:33:
Error: The getter 'fechaApertura' isn't defined for the type 'Object?'.
 - 'Object' is from 'dart:core'.
      filtered.sort((a, b) => b.fechaApertura.compareTo(a.fechaApertura));
                                ^^^^^^^^^^^^^
lib/screens/caja/cuadre_caja_screen.dart:385:59:
Error: The getter 'fechaApertura' isn't defined for the type 'Object?'.
 - 'Object' is from 'dart:core'.
      filtered.sort((a, b) => b.fechaApertura.compareTo(a.fechaApertura));
                                                          ^^^^^^^^^^^^^
lib/screens/caja/cuadre_caja_screen.dart:405:40:
Error: 'UserProvider' isn't a type.
      final userProvider = Provider.of<UserProvider>(context, listen: false);
                                       ^^^^^^^^^^^^
lib/screens/caja/cuadre_caja_screen.dart:465:25:
Error: The method 'formatCurrency' isn't defined for the type '_CuadreCajaScreenState'.
 - '_CuadreCajaScreenState' is from 'package:vercy_motos/screens/caja/cuadre_caja_screen.dart' ('lib/screens/caja/cuadre_caja_screen.dart').
            'Total de ${formatCurrency(resultado)} ${paraEfectivo ? 'agregado al efectivo' : 'agregado a transferencias'}',
                        ^^^^^^^^^^^^^^
lib/screens/caja/cuadre_caja_screen.dart:474:33:
Error: 'CuadreCaja' isn't a type.
  void _mostrarResumenDetallado(CuadreCaja cuadre) {
                                ^^^^^^^^^^
lib/screens/caja/cuadre_caja_screen.dart:527:38:
Error: 'UserProvider' isn't a type.
    final userProvider = Provider.of<UserProvider>(context);
                                     ^^^^^^^^^^^^
lib/screens/caja/cuadre_caja_screen.dart:1095:40:
Error: The getter 'fechaApertura' isn't defined for the type 'Object?'.
 - 'Object' is from 'dart:core'.
                                cuadre.fechaApertura.toString().split(' ')[0],
                                       ^^^^^^^^^^^^^
lib/screens/caja/cuadre_caja_screen.dart:1101:40:
Error: The getter 'fechaCierre' isn't defined for the type 'Object?'.
 - 'Object' is from 'dart:core'.
                                cuadre.fechaCierre?.toString().split(' ')[0] ??
                                       ^^^^^^^^^^^
lib/screens/caja/cuadre_caja_screen.dart:1108:40:
Error: The getter 'nombre' isn't defined for the type 'Object?'.
 - 'Object' is from 'dart:core'.
                                cuadre.nombre,
                                       ^^^^^^
lib/screens/caja/cuadre_caja_screen.dart:1114:40:
Error: The getter 'responsable' isn't defined for the type 'Object?'.
 - 'Object' is from 'dart:core'.
                                cuadre.responsable,
                                       ^^^^^^^^^^^
lib/screens/caja/cuadre_caja_screen.dart:1120:55:
Error: The getter 'fondoInicial' isn't defined for the type 'Object?'.
 - 'Object' is from 'dart:core'.
                                formatCurrency(cuadre.fondoInicial),
                                                      ^^^^^^^^^^^^
lib/screens/caja/cuadre_caja_screen.dart:1120:33:
Error: The method 'formatCurrency' isn't defined for the type '_CuadreCajaScreenState'.
 - '_CuadreCajaScreenState' is from 'package:vercy_motos/screens/caja/cuadre_caja_screen.dart' ('lib/screens/caja/cuadre_caja_screen.dart').
                                formatCurrency(cuadre.fondoInicial),
                                ^^^^^^^^^^^^^^
lib/screens/caja/cuadre_caja_screen.dart:1126:40:
Error: The getter 'cerrada' isn't defined for the type 'Object?'.
 - 'Object' is from 'dart:core'.
                                cuadre.cerrada ? 'Sí' : 'No',
                                       ^^^^^^^
lib/screens/caja/cuadre_caja_screen.dart:1128:49:
Error: The getter 'cerrada' isn't defined for the type 'Object?'.
 - 'Object' is from 'dart:core'.
                                  color: cuadre.cerrada
                                                ^^^^^^^
lib/screens/caja/cuadre_caja_screen.dart:1153:26:
Error: The argument type 'List<dynamic>' can't be assigned to the parameter type 'List<DataRow>'.
 - 'List' is from 'dart:core'.
 - 'DataRow' is from 'package:flutter/src/material/data_table.dart' ('../../flutter/packages/flutter/lib/src/material/data_table.dart').
                      }).toList(),
                         ^
lib/screens/caja/cuadre_caja_screen.dart:1830:33:
Error: The method 'formatCurrency' isn't defined for the type '_CuadreCajaScreenState'.
 - '_CuadreCajaScreenState' is from 'package:vercy_motos/screens/caja/cuadre_caja_screen.dart' ('lib/screens/caja/cuadre_caja_screen.dart').
                                formatCurrency(_totalIngresos),
                                ^^^^^^^^^^^^^^
lib/screens/caja/cuadre_caja_screen.dart:1880:27:
Error: The method 'formatCurrency' isn't defined for the type '_CuadreCajaScreenState'.
 - '_CuadreCajaScreenState' is from 'package:vercy_motos/screens/caja/cuadre_caja_screen.dart' ('lib/screens/caja/cuadre_caja_screen.dart').
                          formatCurrency(_cuadreActual!.fondoInicial),
                          ^^^^^^^^^^^^^^
lib/screens/caja/cuadre_caja_screen.dart:1977:49:
Error: The method 'formatNumberWithDots' isn't defined for the type '_CuadreCajaScreenState'.
 - '_CuadreCajaScreenState' is from 'package:vercy_motos/screens/caja/cuadre_caja_screen.dart' ('lib/screens/caja/cuadre_caja_screen.dart').
                                                formatNumberWithDots(
                                                ^^^^^^^^^^^^^^^^^^^^
lib/screens/caja/cuadre_caja_screen.dart:1981:57:
Error: The method 'formatNumberWithDots' isn't defined for the type '_CuadreCajaScreenState'.
 - '_CuadreCajaScreenState' is from 'package:vercy_motos/screens/caja/cuadre_caja_screen.dart' ('lib/screens/caja/cuadre_caja_screen.dart').
                                                .text = formatNumberWithDots(
                                                        ^^^^^^^^^^^^^^^^^^^^
lib/screens/caja/cuadre_caja_screen.dart:2053:35:
Error: The method 'formatCurrency' isn't defined for the type '_CuadreCajaScreenState'.
 - '_CuadreCajaScreenState' is from 'package:vercy_motos/screens/caja/cuadre_caja_screen.dart' ('lib/screens/caja/cuadre_caja_screen.dart').
                                  formatCurrency(efectivoEsperado),
                                  ^^^^^^^^^^^^^^
lib/screens/caja/cuadre_caja_screen.dart:2072:35:
Error: The method 'formatCurrency' isn't defined for the type '_CuadreCajaScreenState'.
 - '_CuadreCajaScreenState' is from 'package:vercy_motos/screens/caja/cuadre_caja_screen.dart' ('lib/screens/caja/cuadre_caja_screen.dart').
                                  formatCurrency(transferenciasEsperadas),
                                  ^^^^^^^^^^^^^^
lib/screens/caja/cuadre_caja_screen.dart:2109:41:
Error: The method 'formatCurrency' isn't defined for the type '_CuadreCajaScreenState'.
 - '_CuadreCajaScreenState' is from 'package:vercy_motos/screens/caja/cuadre_caja_screen.dart' ('lib/screens/caja/cuadre_caja_screen.dart').
                                        formatCurrency(totalEsperado),
                                        ^^^^^^^^^^^^^^
lib/screens/caja/cuadre_caja_screen.dart:2136:43:
Error: The method 'formatCurrency' isn't defined for the type '_CuadreCajaScreenState'.
 - '_CuadreCajaScreenState' is from 'package:vercy_motos/screens/caja/cuadre_caja_screen.dart' ('lib/screens/caja/cuadre_caja_screen.dart').
                                          formatCurrency(_totalIngresos),
                                          ^^^^^^^^^^^^^^
lib/screens/caja/cuadre_caja_screen.dart:2158:43:
Error: The method 'formatCurrency' isn't defined for the type '_CuadreCajaScreenState'.
 - '_CuadreCajaScreenState' is from 'package:vercy_motos/screens/caja/cuadre_caja_screen.dart' ('lib/screens/caja/cuadre_caja_screen.dart').
                                          formatCurrency(
                                          ^^^^^^^^^^^^^^
lib/screens/caja/cuadre_caja_screen.dart:2431:33:
Error: The method 'formatCurrency' isn't defined for the type '_CuadreCajaScreenState'.
 - '_CuadreCajaScreenState' is from 'package:vercy_motos/screens/caja/cuadre_caja_screen.dart' ('lib/screens/caja/cuadre_caja_screen.dart').
                                formatCurrency(efectivo + transferencia + tarjeta + sistecredito + datafono),
                                ^^^^^^^^^^^^^^
lib/screens/caja/cuadre_caja_screen.dart:2566:13:
Error: The method 'formatCurrency' isn't defined for the type '_CuadreCajaScreenState'.
 - '_CuadreCajaScreenState' is from 'package:vercy_motos/screens/caja/cuadre_caja_screen.dart' ('lib/screens/caja/cuadre_caja_screen.dart').
            formatCurrency(monto),
            ^^^^^^^^^^^^^^
lib/screens/caja/abrir_caja_screen.dart:24:9:
Error: 'CuadreCajaService' isn't a type.
  final CuadreCajaService _cuadreCajaService = CuadreCajaService();
        ^^^^^^^^^^^^^^^^^
lib/screens/caja/abrir_caja_screen.dart:24:48:
Error: Method not found: 'CuadreCajaService'.
  final CuadreCajaService _cuadreCajaService = CuadreCajaService();
                                               ^^^^^^^^^^^^^^^^^
lib/screens/caja/abrir_caja_screen.dart:30:3:
Error: 'CuadreCaja' isn't a type.
  CuadreCaja? _cajaActual;
  ^^^^^^^^^^
lib/screens/caja/abrir_caja_screen.dart:84:40:
Error: 'UserProvider' isn't a type.
      final userProvider = Provider.of<UserProvider>(context, listen: false);
                                       ^^^^^^^^^^^^
lib/screens/caja/abrir_caja_screen.dart:142:26:
Error: The getter 'AppTheme' isn't defined for the type '_AbrirCajaScreenState'.
 - '_AbrirCajaScreenState' is from 'package:vercy_motos/screens/caja/abrir_caja_screen.dart' ('lib/screens/caja/abrir_caja_screen.dart').
        backgroundColor: AppTheme.success,
                         ^^^^^^^^
lib/screens/caja/abrir_caja_screen.dart:150:38:
Error: 'UserProvider' isn't a type.
    final userProvider = Provider.of<UserProvider>(context);
                                     ^^^^^^^^^^^^
lib/screens/caja/abrir_caja_screen.dart:153:24:
Error: The getter 'AppTheme' isn't defined for the type '_AbrirCajaScreenState'.
 - '_AbrirCajaScreenState' is from 'package:vercy_motos/screens/caja/abrir_caja_screen.dart' ('lib/screens/caja/abrir_caja_screen.dart').
      backgroundColor: AppTheme.backgroundDark,
                       ^^^^^^^^
lib/screens/caja/abrir_caja_screen.dart:159:26:
Error: The getter 'AppTheme' isn't defined for the type '_AbrirCajaScreenState'.
 - '_AbrirCajaScreenState' is from 'package:vercy_motos/screens/caja/abrir_caja_screen.dart' ('lib/screens/caja/abrir_caja_screen.dart').
        backgroundColor: AppTheme.primary,
                         ^^^^^^^^
lib/screens/caja/abrir_caja_screen.dart:167:60:
Error: The getter 'AppTheme' isn't defined for the type '_AbrirCajaScreenState'.
 - '_AbrirCajaScreenState' is from 'package:vercy_motos/screens/caja/abrir_caja_screen.dart' ('lib/screens/caja/abrir_caja_screen.dart').
          ? Center(child: CircularProgressIndicator(color: AppTheme.primary))
                                                           ^^^^^^^^
lib/screens/caja/abrir_caja_screen.dart:178:35:
Error: The getter 'AppTheme' isn't defined for the type '_AbrirCajaScreenState'.
 - '_AbrirCajaScreenState' is from 'package:vercy_motos/screens/caja/abrir_caja_screen.dart' ('lib/screens/caja/abrir_caja_screen.dart').
                        gradient: AppTheme.primaryGradient,
                                  ^^^^^^^^
lib/screens/caja/abrir_caja_screen.dart:179:61:
Error: The getter 'AppTheme' isn't defined for the type '_AbrirCajaScreenState'.
 - '_AbrirCajaScreenState' is from 'package:vercy_motos/screens/caja/abrir_caja_screen.dart' ('lib/screens/caja/abrir_caja_screen.dart').
                        borderRadius: BorderRadius.circular(AppTheme.radiusMedium),
                                                            ^^^^^^^^
lib/screens/caja/abrir_caja_screen.dart:180:36:
Error: The getter 'AppTheme' isn't defined for the type '_AbrirCajaScreenState'.
 - '_AbrirCajaScreenState' is from 'package:vercy_motos/screens/caja/abrir_caja_screen.dart' ('lib/screens/caja/abrir_caja_screen.dart').
                        boxShadow: AppTheme.primaryShadow,
                                   ^^^^^^^^
lib/screens/caja/abrir_caja_screen.dart:197:21:
Error: The method 'CajaYaAbiertaWidget' isn't defined for the type '_AbrirCajaScreenState'.
 - '_AbrirCajaScreenState' is from 'package:vercy_motos/screens/caja/abrir_caja_screen.dart' ('lib/screens/caja/abrir_caja_screen.dart').
                    CajaYaAbiertaWidget(
                    ^^^^^^^^^^^^^^^^^^^
lib/screens/caja/abrir_caja_screen.dart:202:21:
Error: The method 'FormularioAbrirCajaWidget' isn't defined for the type '_AbrirCajaScreenState'.
 - '_AbrirCajaScreenState' is from 'package:vercy_motos/screens/caja/abrir_caja_screen.dart' ('lib/screens/caja/abrir_caja_screen.dart').
                    FormularioAbrirCajaWidget(
                    ^^^^^^^^^^^^^^^^^^^^^^^^^
lib/screens/caja/abrir_caja_screen.dart:221:56:
Error: The getter 'AppTheme' isn't defined for the type '_AbrirCajaScreenState'.
 - '_AbrirCajaScreenState' is from 'package:vercy_motos/screens/caja/abrir_caja_screen.dart' ('lib/screens/caja/abrir_caja_screen.dart').
                      icon: Icon(Icons.refresh, color: AppTheme.primary),
                                                       ^^^^^^^^
lib/screens/caja/abrir_caja_screen.dart:224:49:
Error: The getter 'AppTheme' isn't defined for the type '_AbrirCajaScreenState'.
 - '_AbrirCajaScreenState' is from 'package:vercy_motos/screens/caja/abrir_caja_screen.dart' ('lib/screens/caja/abrir_caja_screen.dart').
                        style: TextStyle(color: AppTheme.primary, fontWeight: FontWeight.w500),
                                                ^^^^^^^^
lib/screens/caja/cerrar_caja_screen.dart:24:3:
Error: 'ResumenCierreCompleto' isn't a type.
  ResumenCierreCompleto? _resumenCompletoData;
  ^^^^^^^^^^^^^^^^^^^^^
lib/screens/caja/cerrar_caja_screen.dart:25:9:
Error: 'ResumenCierreCompletoService' isn't a type.
  final ResumenCierreCompletoService _resumenService =
        ^^^^^^^^^^^^^^^^^^^^^^^^^^^^
lib/screens/caja/cerrar_caja_screen.dart:26:7:
Error: Method not found: 'ResumenCierreCompletoService'.
      ResumenCierreCompletoService();
      ^^^^^^^^^^^^^^^^^^^^^^^^^^^^
lib/screens/caja/cerrar_caja_screen.dart:35:9:
Error: 'CuadreCajaService' isn't a type.
  final CuadreCajaService _cuadreCajaService = CuadreCajaService();
        ^^^^^^^^^^^^^^^^^
lib/screens/caja/cerrar_caja_screen.dart:35:48:
Error: Method not found: 'CuadreCajaService'.
  final CuadreCajaService _cuadreCajaService = CuadreCajaService();
                                               ^^^^^^^^^^^^^^^^^
lib/screens/caja/cerrar_caja_screen.dart:40:3:
Error: 'CuadreCaja' isn't a type.
  CuadreCaja? _cajaActual;
  ^^^^^^^^^^
lib/screens/caja/cerrar_caja_screen.dart:55:9:
Error: 'PedidoService' isn't a type.
  final PedidoService _pedidoService = PedidoService();
        ^^^^^^^^^^^^^
lib/screens/caja/cerrar_caja_screen.dart:55:40:
Error: Method not found: 'PedidoService'.
  final PedidoService _pedidoService = PedidoService();
                                       ^^^^^^^^^^^^^
lib/screens/caja/cerrar_caja_screen.dart:112:9:
Error: The method 'appLog' isn't defined for the type '_CerrarCajaScreenState'.
 - '_CerrarCajaScreenState' is from 'package:vercy_motos/screens/caja/cerrar_caja_screen.dart' ('lib/screens/caja/cerrar_caja_screen.dart').
        appLog('');
        ^^^^^^
lib/screens/caja/cerrar_caja_screen.dart:113:9:
Error: The method 'appLog' isn't defined for the type '_CerrarCajaScreenState'.
 - '_CerrarCajaScreenState' is from 'package:vercy_motos/screens/caja/cerrar_caja_screen.dart' ('lib/screens/caja/cerrar_caja_screen.dart').
        appLog('═══════════════════════════════════════════════════');
        ^^^^^^
lib/screens/caja/cerrar_caja_screen.dart:114:9:
Error: The method 'appLog' isn't defined for the type '_CerrarCajaScreenState'.
 - '_CerrarCajaScreenState' is from 'package:vercy_motos/screens/caja/cerrar_caja_screen.dart' ('lib/screens/caja/cerrar_caja_screen.dart').
        appLog('📥 RESPUESTA DEL BACKEND - CUADRE COMPLETO:');
        ^^^^^^
lib/screens/caja/cerrar_caja_screen.dart:115:9:
Error: The method 'appLog' isn't defined for the type '_CerrarCajaScreenState'.
 - '_CerrarCajaScreenState' is from 'package:vercy_motos/screens/caja/cerrar_caja_screen.dart' ('lib/screens/caja/cerrar_caja_screen.dart').
        appLog('   efectivoEsperado: ${cuadreCompleto['efectivoEsperado']}');
        ^^^^^^
lib/screens/caja/cerrar_caja_screen.dart:116:9:
Error: The method 'appLog' isn't defined for the type '_CerrarCajaScreenState'.
 - '_CerrarCajaScreenState' is from 'package:vercy_motos/screens/caja/cerrar_caja_screen.dart' ('lib/screens/caja/cerrar_caja_screen.dart').
        appLog(
        ^^^^^^
lib/screens/caja/cerrar_caja_screen.dart:119:9:
Error: The method 'appLog' isn't defined for the type '_CerrarCajaScreenState'.
 - '_CerrarCajaScreenState' is from 'package:vercy_motos/screens/caja/cerrar_caja_screen.dart' ('lib/screens/caja/cerrar_caja_screen.dart').
        appLog('   ventasEfectivo: ${cuadreCompleto['ventasEfectivo']}');
        ^^^^^^
lib/screens/caja/cerrar_caja_screen.dart:120:9:
Error: The method 'appLog' isn't defined for the type '_CerrarCajaScreenState'.
 - '_CerrarCajaScreenState' is from 'package:vercy_motos/screens/caja/cerrar_caja_screen.dart' ('lib/screens/caja/cerrar_caja_screen.dart').
        appLog(
        ^^^^^^
lib/screens/caja/cerrar_caja_screen.dart:123:9:
Error: The method 'appLog' isn't defined for the type '_CerrarCajaScreenState'.
 - '_CerrarCajaScreenState' is from 'package:vercy_motos/screens/caja/cerrar_caja_screen.dart' ('lib/screens/caja/cerrar_caja_screen.dart').
        appLog('   totalGastos: ${cuadreCompleto['totalGastos']}');
        ^^^^^^
lib/screens/caja/cerrar_caja_screen.dart:124:9:
Error: The method 'appLog' isn't defined for the type '_CerrarCajaScreenState'.
 - '_CerrarCajaScreenState' is from 'package:vercy_motos/screens/caja/cerrar_caja_screen.dart' ('lib/screens/caja/cerrar_caja_screen.dart').
        appLog('   totalDomicilios: ${cuadreCompleto['totalDomicilios']}');
        ^^^^^^
lib/screens/caja/cerrar_caja_screen.dart:125:9:
Error: The method 'appLog' isn't defined for the type '_CerrarCajaScreenState'.
 - '_CerrarCajaScreenState' is from 'package:vercy_motos/screens/caja/cerrar_caja_screen.dart' ('lib/screens/caja/cerrar_caja_screen.dart').
        appLog('═══════════════════════════════════════════════════');
        ^^^^^^
lib/screens/caja/cerrar_caja_screen.dart:126:9:
Error: The method 'appLog' isn't defined for the type '_CerrarCajaScreenState'.
 - '_CerrarCajaScreenState' is from 'package:vercy_motos/screens/caja/cerrar_caja_screen.dart' ('lib/screens/caja/cerrar_caja_screen.dart').
        appLog('');
        ^^^^^^
lib/screens/caja/cerrar_caja_screen.dart:227:13:
Error: The method 'appLog' isn't defined for the type '_CerrarCajaScreenState'.
 - '_CerrarCajaScreenState' is from 'package:vercy_motos/screens/caja/cerrar_caja_screen.dart' ('lib/screens/caja/cerrar_caja_screen.dart').
            appLog('');
            ^^^^^^
lib/screens/caja/cerrar_caja_screen.dart:228:13:
Error: The method 'appLog' isn't defined for the type '_CerrarCajaScreenState'.
 - '_CerrarCajaScreenState' is from 'package:vercy_motos/screens/caja/cerrar_caja_screen.dart' ('lib/screens/caja/cerrar_caja_screen.dart').
            appLog('✅ ═══════════════════════════════════════════════════');
            ^^^^^^
lib/screens/caja/cerrar_caja_screen.dart:229:13:
Error: The method 'appLog' isn't defined for the type '_CerrarCajaScreenState'.
 - '_CerrarCajaScreenState' is from 'package:vercy_motos/screens/caja/cerrar_caja_screen.dart' ('lib/screens/caja/cerrar_caja_screen.dart').
            appLog('💰 EFECTIVO ESPERADO ESTABLECIDO:');
            ^^^^^^
lib/screens/caja/cerrar_caja_screen.dart:230:13:
Error: The method 'appLog' isn't defined for the type '_CerrarCajaScreenState'.
 - '_CerrarCajaScreenState' is from 'package:vercy_motos/screens/caja/cerrar_caja_screen.dart' ('lib/screens/caja/cerrar_caja_screen.dart').
            appLog('   Valor del backend: $_efectivoEsperado');
            ^^^^^^
lib/screens/caja/cerrar_caja_screen.dart:231:13:
Error: The method 'appLog' isn't defined for the type '_CerrarCajaScreenState'.
 - '_CerrarCajaScreenState' is from 'package:vercy_motos/screens/caja/cerrar_caja_screen.dart' ('lib/screens/caja/cerrar_caja_screen.dart').
            appLog('   Fuente: cuadreCompleto[efectivoEsperado]');
            ^^^^^^
lib/screens/caja/cerrar_caja_screen.dart:232:13:
Error: The method 'appLog' isn't defined for the type '_CerrarCajaScreenState'.
 - '_CerrarCajaScreenState' is from 'package:vercy_motos/screens/caja/cerrar_caja_screen.dart' ('lib/screens/caja/cerrar_caja_screen.dart').
            appLog('═══════════════════════════════════════════════════');
            ^^^^^^
lib/screens/caja/cerrar_caja_screen.dart:233:13:
Error: The method 'appLog' isn't defined for the type '_CerrarCajaScreenState'.
 - '_CerrarCajaScreenState' is from 'package:vercy_motos/screens/caja/cerrar_caja_screen.dart' ('lib/screens/caja/cerrar_caja_screen.dart').
            appLog('');
            ^^^^^^
lib/screens/caja/cerrar_caja_screen.dart:235:13:
Error: The method 'appLog' isn't defined for the type '_CerrarCajaScreenState'.
 - '_CerrarCajaScreenState' is from 'package:vercy_motos/screens/caja/cerrar_caja_screen.dart' ('lib/screens/caja/cerrar_caja_screen.dart').
            appLog('');
            ^^^^^^
lib/screens/caja/cerrar_caja_screen.dart:236:13:
Error: The method 'appLog' isn't defined for the type '_CerrarCajaScreenState'.
 - '_CerrarCajaScreenState' is from 'package:vercy_motos/screens/caja/cerrar_caja_screen.dart' ('lib/screens/caja/cerrar_caja_screen.dart').
            appLog('⚠️ ═══════════════════════════════════════════════════');
            ^^^^^^
lib/screens/caja/cerrar_caja_screen.dart:237:13:
Error: The method 'appLog' isn't defined for the type '_CerrarCajaScreenState'.
 - '_CerrarCajaScreenState' is from 'package:vercy_motos/screens/caja/cerrar_caja_screen.dart' ('lib/screens/caja/cerrar_caja_screen.dart').
            appLog('❌ BACKEND NO ENVIÓ efectivoEsperado');
            ^^^^^^
lib/screens/caja/cerrar_caja_screen.dart:238:13:
Error: The method 'appLog' isn't defined for the type '_CerrarCajaScreenState'.
 - '_CerrarCajaScreenState' is from 'package:vercy_motos/screens/caja/cerrar_caja_screen.dart' ('lib/screens/caja/cerrar_caja_screen.dart').
            appLog('   Usando valor por defecto: 0');
            ^^^^^^
lib/screens/caja/cerrar_caja_screen.dart:239:13:
Error: The method 'appLog' isn't defined for the type '_CerrarCajaScreenState'.
 - '_CerrarCajaScreenState' is from 'package:vercy_motos/screens/caja/cerrar_caja_screen.dart' ('lib/screens/caja/cerrar_caja_screen.dart').
            appLog('═══════════════════════════════════════════════════');
            ^^^^^^
lib/screens/caja/cerrar_caja_screen.dart:240:13:
Error: The method 'appLog' isn't defined for the type '_CerrarCajaScreenState'.
 - '_CerrarCajaScreenState' is from 'package:vercy_motos/screens/caja/cerrar_caja_screen.dart' ('lib/screens/caja/cerrar_caja_screen.dart').
            appLog('');
            ^^^^^^
lib/screens/caja/cerrar_caja_screen.dart:272:11:
Error: The method 'appLog' isn't defined for the type '_CerrarCajaScreenState'.
 - '_CerrarCajaScreenState' is from 'package:vercy_motos/screens/caja/cerrar_caja_screen.dart' ('lib/screens/caja/cerrar_caja_screen.dart').
          appLog(
          ^^^^^^
lib/screens/caja/cerrar_caja_screen.dart:303:11:
Error: The method 'appLog' isn't defined for the type '_CerrarCajaScreenState'.
 - '_CerrarCajaScreenState' is from 'package:vercy_motos/screens/caja/cerrar_caja_screen.dart' ('lib/screens/caja/cerrar_caja_screen.dart').
          appLog('🚫 NO se recalcula el efectivo esperado');
          ^^^^^^
lib/screens/caja/cerrar_caja_screen.dart:379:11:
Error: The method 'appLog' isn't defined for the type '_CerrarCajaScreenState'.
 - '_CerrarCajaScreenState' is from 'package:vercy_motos/screens/caja/cerrar_caja_screen.dart' ('lib/screens/caja/cerrar_caja_screen.dart').
          appLog('💰 Efectivo esperado del resumenCompleto: $_efectivoEsperado');
          ^^^^^^
lib/screens/caja/cerrar_caja_screen.dart:381:11:
Error: The method 'appLog' isn't defined for the type '_CerrarCajaScreenState'.
 - '_CerrarCajaScreenState' is from 'package:vercy_motos/screens/caja/cerrar_caja_screen.dart' ('lib/screens/caja/cerrar_caja_screen.dart').
          appLog(
          ^^^^^^
lib/screens/caja/cerrar_caja_screen.dart:429:5:
Error: The method 'appLog' isn't defined for the type '_CerrarCajaScreenState'.
 - '_CerrarCajaScreenState' is from 'package:vercy_motos/screens/caja/cerrar_caja_screen.dart' ('lib/screens/caja/cerrar_caja_screen.dart').
    appLog('💵 Cálculo de diferencia:');
    ^^^^^^
lib/screens/caja/cerrar_caja_screen.dart:430:5:
Error: The method 'appLog' isn't defined for the type '_CerrarCajaScreenState'.
 - '_CerrarCajaScreenState' is from 'package:vercy_motos/screens/caja/cerrar_caja_screen.dart' ('lib/screens/caja/cerrar_caja_screen.dart').
    appLog('   Efectivo declarado: $efectivoDeclarado');
    ^^^^^^
lib/screens/caja/cerrar_caja_screen.dart:431:5:
Error: The method 'appLog' isn't defined for the type '_CerrarCajaScreenState'.
 - '_CerrarCajaScreenState' is from 'package:vercy_motos/screens/caja/cerrar_caja_screen.dart' ('lib/screens/caja/cerrar_caja_screen.dart').
    appLog('   Efectivo esperado: $_efectivoEsperado');
    ^^^^^^
lib/screens/caja/cerrar_caja_screen.dart:432:5:
Error: The method 'appLog' isn't defined for the type '_CerrarCajaScreenState'.
 - '_CerrarCajaScreenState' is from 'package:vercy_motos/screens/caja/cerrar_caja_screen.dart' ('lib/screens/caja/cerrar_caja_screen.dart').
    appLog('   Diferencia: $_diferencia');
    ^^^^^^
lib/screens/caja/cerrar_caja_screen.dart:449:32:
Error: The getter 'AppTheme' isn't defined for the type '_CerrarCajaScreenState'.
 - '_CerrarCajaScreenState' is from 'package:vercy_motos/screens/caja/cerrar_caja_screen.dart' ('lib/screens/caja/cerrar_caja_screen.dart').
              backgroundColor: AppTheme.backgroundDark,
                               ^^^^^^^^
lib/screens/caja/cerrar_caja_screen.dart:453:26:
Error: The getter 'AppTheme' isn't defined for the type '_CerrarCajaScreenState'.
 - '_CerrarCajaScreenState' is from 'package:vercy_motos/screens/caja/cerrar_caja_screen.dart' ('lib/screens/caja/cerrar_caja_screen.dart').
                  color: AppTheme.textPrimary,
                         ^^^^^^^^
lib/screens/caja/cerrar_caja_screen.dart:476:38:
Error: The getter 'AppTheme' isn't defined for the type '_CerrarCajaScreenState'.
 - '_CerrarCajaScreenState' is from 'package:vercy_motos/screens/caja/cerrar_caja_screen.dart' ('lib/screens/caja/cerrar_caja_screen.dart').
                              color: AppTheme.textPrimary,
                                     ^^^^^^^^
lib/screens/caja/cerrar_caja_screen.dart:481:29:
Error: The method 'formatCurrency' isn't defined for the type '_CerrarCajaScreenState'.
 - '_CerrarCajaScreenState' is from 'package:vercy_motos/screens/caja/cerrar_caja_screen.dart' ('lib/screens/caja/cerrar_caja_screen.dart').
                            formatCurrency(_efectivoEsperado),
                            ^^^^^^^^^^^^^^
lib/screens/caja/cerrar_caja_screen.dart:497:32:
Error: The getter 'AppTheme' isn't defined for the type '_CerrarCajaScreenState'.
 - '_CerrarCajaScreenState' is from 'package:vercy_motos/screens/caja/cerrar_caja_screen.dart' ('lib/screens/caja/cerrar_caja_screen.dart').
                        color: AppTheme.textPrimary,
                               ^^^^^^^^
lib/screens/caja/cerrar_caja_screen.dart:507:47:
Error: The getter 'AppTheme' isn't defined for the type '_CerrarCajaScreenState'.
 - '_CerrarCajaScreenState' is from 'package:vercy_motos/screens/caja/cerrar_caja_screen.dart' ('lib/screens/caja/cerrar_caja_screen.dart').
                      style: TextStyle(color: AppTheme.textPrimary),
                                              ^^^^^^^^
lib/screens/caja/cerrar_caja_screen.dart:575:44:
Error: The getter 'AppTheme' isn't defined for the type '_CerrarCajaScreenState'.
 - '_CerrarCajaScreenState' is from 'package:vercy_motos/screens/caja/cerrar_caja_screen.dart' ('lib/screens/caja/cerrar_caja_screen.dart').
                                    color: AppTheme.textPrimary,
                                           ^^^^^^^^
lib/screens/caja/cerrar_caja_screen.dart:587:59:
Error: The getter 'AppTheme' isn't defined for the type '_CerrarCajaScreenState'.
 - '_CerrarCajaScreenState' is from 'package:vercy_motos/screens/caja/cerrar_caja_screen.dart' ('lib/screens/caja/cerrar_caja_screen.dart').
                                  style: TextStyle(color: AppTheme.textPrimary),
                                                          ^^^^^^^^
lib/screens/caja/cerrar_caja_screen.dart:590:35:
Error: The method 'formatCurrency' isn't defined for the type '_CerrarCajaScreenState'.
 - '_CerrarCajaScreenState' is from 'package:vercy_motos/screens/caja/cerrar_caja_screen.dart' ('lib/screens/caja/cerrar_caja_screen.dart').
                                  formatCurrency(descuadre.abs()),
                                  ^^^^^^^^^^^^^^
lib/screens/caja/cerrar_caja_screen.dart:687:40:
Error: 'UserProvider' isn't a type.
      final userProvider = Provider.of<UserProvider>(context, listen: false);
                                       ^^^^^^^^^^^^
lib/screens/caja/cerrar_caja_screen.dart:699:105:
Error: The method 'formatCurrency' isn't defined for the type '_CerrarCajaScreenState'.
 - '_CerrarCajaScreenState' is from 'package:vercy_motos/screens/caja/cerrar_caja_screen.dart' ('lib/screens/caja/cerrar_caja_screen.dart').
            'Caja cerrada - ${_observacionesController.text}${descuadre.abs() > 0.01 ? ' - Descuadre: ${formatCurrency(descuadre.abs())} ${descuadre > 0 ? "(Falta)" : "(Sobra)"}' : ''}',
                                                                                          ^^^^^^^^^^^^^^
lib/screens/caja/cerrar_caja_screen.dart:708:46:
Error: The method 'formatCurrency' isn't defined for the type '_CerrarCajaScreenState'.
 - '_CerrarCajaScreenState' is from 'package:vercy_motos/screens/caja/cerrar_caja_screen.dart' ('lib/screens/caja/cerrar_caja_screen.dart').
            'Caja cerrada con descuadre de ${formatCurrency(descuadre.abs())} ${descuadre > 0 ? "(Falta)" : "(Sobra)"}',
                                             ^^^^^^^^^^^^^^
lib/screens/caja/cerrar_caja_screen.dart:769:24:
Error: The getter 'AppTheme' isn't defined for the type '_CerrarCajaScreenState'.
 - '_CerrarCajaScreenState' is from 'package:vercy_motos/screens/caja/cerrar_caja_screen.dart' ('lib/screens/caja/cerrar_caja_screen.dart').
      backgroundColor: AppTheme.backgroundDark,
                       ^^^^^^^^
lib/screens/caja/cerrar_caja_screen.dart:773:64:
Error: The getter 'AppTheme' isn't defined for the type '_CerrarCajaScreenState'.
 - '_CerrarCajaScreenState' is from 'package:vercy_motos/screens/caja/cerrar_caja_screen.dart' ('lib/screens/caja/cerrar_caja_screen.dart').
          style: TextStyle(fontWeight: FontWeight.bold, color: AppTheme.textPrimary),
                                                               ^^^^^^^^
lib/screens/caja/cerrar_caja_screen.dart:775:26:
Error: The getter 'AppTheme' isn't defined for the type '_CerrarCajaScreenState'.
 - '_CerrarCajaScreenState' is from 'package:vercy_motos/screens/caja/cerrar_caja_screen.dart' ('lib/screens/caja/cerrar_caja_screen.dart').
        backgroundColor: AppTheme.backgroundDark,
                         ^^^^^^^^
lib/screens/caja/cerrar_caja_screen.dart:778:47:
Error: The getter 'AppTheme' isn't defined for the type '_CerrarCajaScreenState'.
 - '_CerrarCajaScreenState' is from 'package:vercy_motos/screens/caja/cerrar_caja_screen.dart' ('lib/screens/caja/cerrar_caja_screen.dart').
          icon: Icon(Icons.arrow_back, color: AppTheme.textPrimary),
                                              ^^^^^^^^
lib/screens/caja/cerrar_caja_screen.dart:783:60:
Error: The getter 'AppTheme' isn't defined for the type '_CerrarCajaScreenState'.
 - '_CerrarCajaScreenState' is from 'package:vercy_motos/screens/caja/cerrar_caja_screen.dart' ('lib/screens/caja/cerrar_caja_screen.dart').
          ? Center(child: CircularProgressIndicator(color: AppTheme.primary))
                                                           ^^^^^^^^
lib/screens/caja/cerrar_caja_screen.dart:794:33:
Error: The getter 'AppTheme' isn't defined for the type '_CerrarCajaScreenState'.
 - '_CerrarCajaScreenState' is from 'package:vercy_motos/screens/caja/cerrar_caja_screen.dart' ('lib/screens/caja/cerrar_caja_screen.dart').
                      gradient: AppTheme.primaryGradient,
                                ^^^^^^^^
lib/screens/caja/cerrar_caja_screen.dart:830:32:
Error: The getter 'AppTheme' isn't defined for the type '_CerrarCajaScreenState'.
 - '_CerrarCajaScreenState' is from 'package:vercy_motos/screens/caja/cerrar_caja_screen.dart' ('lib/screens/caja/cerrar_caja_screen.dart').
                        color: AppTheme.warning.withOpacity(0.15),
                               ^^^^^^^^
lib/screens/caja/cerrar_caja_screen.dart:832:51:
Error: The getter 'AppTheme' isn't defined for the type '_CerrarCajaScreenState'.
 - '_CerrarCajaScreenState' is from 'package:vercy_motos/screens/caja/cerrar_caja_screen.dart' ('lib/screens/caja/cerrar_caja_screen.dart').
                        border: Border.all(color: AppTheme.warning.withOpacity(0.5)),
                                                  ^^^^^^^^
lib/screens/caja/cerrar_caja_screen.dart:836:68:
Error: The getter 'AppTheme' isn't defined for the type '_CerrarCajaScreenState'.
 - '_CerrarCajaScreenState' is from 'package:vercy_motos/screens/caja/cerrar_caja_screen.dart' ('lib/screens/caja/cerrar_caja_screen.dart').
                          Icon(Icons.warning_amber_rounded, color: AppTheme.warning, size: 48),
                                                                   ^^^^^^^^
lib/screens/caja/cerrar_caja_screen.dart:843:38:
Error: The getter 'AppTheme' isn't defined for the type '_CerrarCajaScreenState'.
 - '_CerrarCajaScreenState' is from 'package:vercy_motos/screens/caja/cerrar_caja_screen.dart' ('lib/screens/caja/cerrar_caja_screen.dart').
                              color: AppTheme.warning,
                                     ^^^^^^^^
lib/screens/caja/cerrar_caja_screen.dart:849:53:
Error: The getter 'AppTheme' isn't defined for the type '_CerrarCajaScreenState'.
 - '_CerrarCajaScreenState' is from 'package:vercy_motos/screens/caja/cerrar_caja_screen.dart' ('lib/screens/caja/cerrar_caja_screen.dart').
                            style: TextStyle(color: AppTheme.textSecondary),
                                                    ^^^^^^^^
lib/screens/caja/cerrar_caja_screen.dart:863:44:
Error: The getter 'AppTheme' isn't defined for the type '_CerrarCajaScreenState'.
 - '_CerrarCajaScreenState' is from 'package:vercy_motos/screens/caja/cerrar_caja_screen.dart' ('lib/screens/caja/cerrar_caja_screen.dart').
                          backgroundColor: AppTheme.success,
                                           ^^^^^^^^
lib/screens/caja/cerrar_caja_screen.dart:897:32:
Error: The getter 'AppTheme' isn't defined for the type '_CerrarCajaScreenState'.
 - '_CerrarCajaScreenState' is from 'package:vercy_motos/screens/caja/cerrar_caja_screen.dart' ('lib/screens/caja/cerrar_caja_screen.dart').
                        color: AppTheme.cardBg,
                               ^^^^^^^^
lib/screens/caja/cerrar_caja_screen.dart:899:51:
Error: The getter 'AppTheme' isn't defined for the type '_CerrarCajaScreenState'.
 - '_CerrarCajaScreenState' is from 'package:vercy_motos/screens/caja/cerrar_caja_screen.dart' ('lib/screens/caja/cerrar_caja_screen.dart').
                        border: Border.all(color: AppTheme.primary.withOpacity(0.3)),
                                                  ^^^^^^^^
lib/screens/caja/cerrar_caja_screen.dart:906:59:
Error: The getter 'AppTheme' isn't defined for the type '_CerrarCajaScreenState'.
 - '_CerrarCajaScreenState' is from 'package:vercy_motos/screens/caja/cerrar_caja_screen.dart' ('lib/screens/caja/cerrar_caja_screen.dart').
                              Icon(Icons.note_alt, color: AppTheme.primary, size: 20),
                                                          ^^^^^^^^
lib/screens/caja/cerrar_caja_screen.dart:913:42:
Error: The getter 'AppTheme' isn't defined for the type '_CerrarCajaScreenState'.
 - '_CerrarCajaScreenState' is from 'package:vercy_motos/screens/caja/cerrar_caja_screen.dart' ('lib/screens/caja/cerrar_caja_screen.dart').
                                  color: AppTheme.textPrimary,
                                         ^^^^^^^^
lib/screens/caja/cerrar_caja_screen.dart:922:53:
Error: The getter 'AppTheme' isn't defined for the type '_CerrarCajaScreenState'.
 - '_CerrarCajaScreenState' is from 'package:vercy_motos/screens/caja/cerrar_caja_screen.dart' ('lib/screens/caja/cerrar_caja_screen.dart').
                            style: TextStyle(color: AppTheme.textPrimary),
                                                    ^^^^^^^^
lib/screens/caja/cerrar_caja_screen.dart:925:59:
Error: The getter 'AppTheme' isn't defined for the type '_CerrarCajaScreenState'.
 - '_CerrarCajaScreenState' is from 'package:vercy_motos/screens/caja/cerrar_caja_screen.dart' ('lib/screens/caja/cerrar_caja_screen.dart').
                              hintStyle: TextStyle(color: AppTheme.textMuted),
                                                          ^^^^^^^^
lib/screens/caja/cerrar_caja_screen.dart:927:42:
Error: The getter 'AppTheme' isn't defined for the type '_CerrarCajaScreenState'.
 - '_CerrarCajaScreenState' is from 'package:vercy_motos/screens/caja/cerrar_caja_screen.dart' ('lib/screens/caja/cerrar_caja_screen.dart').
                              fillColor: AppTheme.surfaceDark,
                                         ^^^^^^^^
lib/screens/caja/cerrar_caja_screen.dart:934:63:
Error: The getter 'AppTheme' isn't defined for the type '_CerrarCajaScreenState'.
 - '_CerrarCajaScreenState' is from 'package:vercy_motos/screens/caja/cerrar_caja_screen.dart' ('lib/screens/caja/cerrar_caja_screen.dart').
                                borderSide: BorderSide(color: AppTheme.primary),
                                                              ^^^^^^^^
lib/screens/caja/cerrar_caja_screen.dart:953:44:
Error: The getter 'AppTheme' isn't defined for the type '_CerrarCajaScreenState'.
 - '_CerrarCajaScreenState' is from 'package:vercy_motos/screens/caja/cerrar_caja_screen.dart' ('lib/screens/caja/cerrar_caja_screen.dart').
                          backgroundColor: AppTheme.error,
                                           ^^^^^^^^
lib/screens/caja/cerrar_caja_screen.dart:974:60:
Error: The getter 'AppTheme' isn't defined for the type '_CerrarCajaScreenState'.
 - '_CerrarCajaScreenState' is from 'package:vercy_motos/screens/caja/cerrar_caja_screen.dart' ('lib/screens/caja/cerrar_caja_screen.dart').
                          icon: Icon(Icons.refresh, color: AppTheme.primary),
                                                           ^^^^^^^^
lib/screens/caja/cerrar_caja_screen.dart:977:53:
Error: The getter 'AppTheme' isn't defined for the type '_CerrarCajaScreenState'.
 - '_CerrarCajaScreenState' is from 'package:vercy_motos/screens/caja/cerrar_caja_screen.dart' ('lib/screens/caja/cerrar_caja_screen.dart').
                            style: TextStyle(color: AppTheme.primary),
                                                    ^^^^^^^^
lib/screens/caja/cerrar_caja_screen.dart:997:47:
Error: The getter 'AppTheme' isn't defined for the type '_CerrarCajaScreenState'.
 - '_CerrarCajaScreenState' is from 'package:vercy_motos/screens/caja/cerrar_caja_screen.dart' ('lib/screens/caja/cerrar_caja_screen.dart').
          Text(label, style: TextStyle(color: AppTheme.textSecondary)),
                                              ^^^^^^^^
lib/screens/caja/cerrar_caja_screen.dart:1001:36:
Error: The getter 'AppTheme' isn't defined for the type '_CerrarCajaScreenState'.
 - '_CerrarCajaScreenState' is from 'package:vercy_motos/screens/caja/cerrar_caja_screen.dart' ('lib/screens/caja/cerrar_caja_screen.dart').
              color: valueColor ?? AppTheme.textPrimary,
                                   ^^^^^^^^
lib/screens/caja/cerrar_caja_screen.dart:1051:16:
Error: The getter 'AppTheme' isn't defined for the type '_CerrarCajaScreenState'.
 - '_CerrarCajaScreenState' is from 'package:vercy_motos/screens/caja/cerrar_caja_screen.dart' ('lib/screens/caja/cerrar_caja_screen.dart').
        color: AppTheme.cardBg,
               ^^^^^^^^
lib/screens/caja/cerrar_caja_screen.dart:1053:35:
Error: The getter 'AppTheme' isn't defined for the type '_CerrarCajaScreenState'.
 - '_CerrarCajaScreenState' is from 'package:vercy_motos/screens/caja/cerrar_caja_screen.dart' ('lib/screens/caja/cerrar_caja_screen.dart').
        border: Border.all(color: AppTheme.primary.withOpacity(0.3)),
                                  ^^^^^^^^
lib/screens/caja/cerrar_caja_screen.dart:1060:57:
Error: The getter 'AppTheme' isn't defined for the type '_CerrarCajaScreenState'.
 - '_CerrarCajaScreenState' is from 'package:vercy_motos/screens/caja/cerrar_caja_screen.dart' ('lib/screens/caja/cerrar_caja_screen.dart').
              Icon(Icons.account_balance_wallet, color: AppTheme.primary, size: 20),
                                                        ^^^^^^^^
lib/screens/caja/cerrar_caja_screen.dart:1067:26:
Error: The getter 'AppTheme' isn't defined for the type '_CerrarCajaScreenState'.
 - '_CerrarCajaScreenState' is from 'package:vercy_motos/screens/caja/cerrar_caja_screen.dart' ('lib/screens/caja/cerrar_caja_screen.dart').
                  color: AppTheme.primary,
                         ^^^^^^^^
lib/screens/caja/cerrar_caja_screen.dart:1075:13:
Error: The method 'formatCurrency' isn't defined for the type '_CerrarCajaScreenState'.
 - '_CerrarCajaScreenState' is from 'package:vercy_motos/screens/caja/cerrar_caja_screen.dart' ('lib/screens/caja/cerrar_caja_screen.dart').
            formatCurrency(movimientos.fondoInicial),
            ^^^^^^^^^^^^^^
lib/screens/caja/cerrar_caja_screen.dart:1079:13:
Error: The method 'formatCurrency' isn't defined for the type '_CerrarCajaScreenState'.
 - '_CerrarCajaScreenState' is from 'package:vercy_motos/screens/caja/cerrar_caja_screen.dart' ('lib/screens/caja/cerrar_caja_screen.dart').
            formatCurrency(
            ^^^^^^^^^^^^^^
lib/screens/caja/cerrar_caja_screen.dart:1084:25:
Error: The getter 'AppTheme' isn't defined for the type '_CerrarCajaScreenState'.
 - '_CerrarCajaScreenState' is from 'package:vercy_motos/screens/caja/cerrar_caja_screen.dart' ('lib/screens/caja/cerrar_caja_screen.dart').
            valueColor: AppTheme.success,
                        ^^^^^^^^
lib/screens/caja/cerrar_caja_screen.dart:1088:13:
Error: The method 'formatCurrency' isn't defined for the type '_CerrarCajaScreenState'.
 - '_CerrarCajaScreenState' is from 'package:vercy_motos/screens/caja/cerrar_caja_screen.dart' ('lib/screens/caja/cerrar_caja_screen.dart').
            formatCurrency(
            ^^^^^^^^^^^^^^
lib/screens/caja/cerrar_caja_screen.dart:1093:25:
Error: The getter 'AppTheme' isn't defined for the type '_CerrarCajaScreenState'.
 - '_CerrarCajaScreenState' is from 'package:vercy_motos/screens/caja/cerrar_caja_screen.dart' ('lib/screens/caja/cerrar_caja_screen.dart').
            valueColor: AppTheme.primary,
                        ^^^^^^^^
lib/screens/caja/cerrar_caja_screen.dart:1097:13:
Error: The method 'formatCurrency' isn't defined for the type '_CerrarCajaScreenState'.
 - '_CerrarCajaScreenState' is from 'package:vercy_motos/screens/caja/cerrar_caja_screen.dart' ('lib/screens/caja/cerrar_caja_screen.dart').
            formatCurrency(movimientos.gastosEfectivo),
            ^^^^^^^^^^^^^^
lib/screens/caja/cerrar_caja_screen.dart:1098:25:
Error: The getter 'AppTheme' isn't defined for the type '_CerrarCajaScreenState'.
 - '_CerrarCajaScreenState' is from 'package:vercy_motos/screens/caja/cerrar_caja_screen.dart' ('lib/screens/caja/cerrar_caja_screen.dart').
            valueColor: AppTheme.error,
                        ^^^^^^^^
lib/screens/caja/cerrar_caja_screen.dart:1102:13:
Error: The method 'formatCurrency' isn't defined for the type '_CerrarCajaScreenState'.
 - '_CerrarCajaScreenState' is from 'package:vercy_motos/screens/caja/cerrar_caja_screen.dart' ('lib/screens/caja/cerrar_caja_screen.dart').
            formatCurrency(movimientos.comprasEfectivo),
            ^^^^^^^^^^^^^^
lib/screens/caja/cerrar_caja_screen.dart:1103:25:
Error: The getter 'AppTheme' isn't defined for the type '_CerrarCajaScreenState'.
 - '_CerrarCajaScreenState' is from 'package:vercy_motos/screens/caja/cerrar_caja_screen.dart' ('lib/screens/caja/cerrar_caja_screen.dart').
            valueColor: AppTheme.warning,
                        ^^^^^^^^
lib/screens/caja/cerrar_caja_screen.dart:1108:13:
Error: The method 'formatCurrency' isn't defined for the type '_CerrarCajaScreenState'.
 - '_CerrarCajaScreenState' is from 'package:vercy_motos/screens/caja/cerrar_caja_screen.dart' ('lib/screens/caja/cerrar_caja_screen.dart').
            formatCurrency(
            ^^^^^^^^^^^^^^
lib/screens/caja/cerrar_caja_screen.dart:1119:15:
Error: The method 'formatCurrency' isn't defined for the type '_CerrarCajaScreenState'.
 - '_CerrarCajaScreenState' is from 'package:vercy_motos/screens/caja/cerrar_caja_screen.dart' ('lib/screens/caja/cerrar_caja_screen.dart').
              formatCurrency(movimientos.efectivoDeclarado),
              ^^^^^^^^^^^^^^
lib/screens/caja/cerrar_caja_screen.dart:1159:34:
Error: The getter 'AppTheme' isn't defined for the type '_CerrarCajaScreenState'.
 - '_CerrarCajaScreenState' is from 'package:vercy_motos/screens/caja/cerrar_caja_screen.dart' ('lib/screens/caja/cerrar_caja_screen.dart').
                          color: AppTheme.textPrimary,
                                 ^^^^^^^^
lib/screens/caja/cerrar_caja_screen.dart:1171:34:
Error: The getter 'AppTheme' isn't defined for the type '_CerrarCajaScreenState'.
 - '_CerrarCajaScreenState' is from 'package:vercy_motos/screens/caja/cerrar_caja_screen.dart' ('lib/screens/caja/cerrar_caja_screen.dart').
                          color: AppTheme.textSecondary,
                                 ^^^^^^^^
lib/screens/caja/cerrar_caja_screen.dart:1176:25:
Error: The method 'formatCurrency' isn't defined for the type '_CerrarCajaScreenState'.
 - '_CerrarCajaScreenState' is from 'package:vercy_motos/screens/caja/cerrar_caja_screen.dart' ('lib/screens/caja/cerrar_caja_screen.dart').
                        formatCurrency(movimientos.descuadre.abs()),
                        ^^^^^^^^^^^^^^
lib/screens/caja/cerrar_caja_screen.dart:1202:16:
Error: The getter 'AppTheme' isn't defined for the type '_CerrarCajaScreenState'.
 - '_CerrarCajaScreenState' is from 'package:vercy_motos/screens/caja/cerrar_caja_screen.dart' ('lib/screens/caja/cerrar_caja_screen.dart').
        color: AppTheme.cardBg,
               ^^^^^^^^
lib/screens/caja/cerrar_caja_screen.dart:1204:35:
Error: The getter 'AppTheme' isn't defined for the type '_CerrarCajaScreenState'.
 - '_CerrarCajaScreenState' is from 'package:vercy_motos/screens/caja/cerrar_caja_screen.dart' ('lib/screens/caja/cerrar_caja_screen.dart').
        border: Border.all(color: AppTheme.error.withOpacity(0.3)),
                                  ^^^^^^^^
lib/screens/caja/cerrar_caja_screen.dart:1211:44:
Error: The getter 'AppTheme' isn't defined for the type '_CerrarCajaScreenState'.
 - '_CerrarCajaScreenState' is from 'package:vercy_motos/screens/caja/cerrar_caja_screen.dart' ('lib/screens/caja/cerrar_caja_screen.dart').
              Icon(Icons.money_off, color: AppTheme.error, size: 20),
                                           ^^^^^^^^
lib/screens/caja/cerrar_caja_screen.dart:1218:26:
Error: The getter 'AppTheme' isn't defined for the type '_CerrarCajaScreenState'.
 - '_CerrarCajaScreenState' is from 'package:vercy_motos/screens/caja/cerrar_caja_screen.dart' ('lib/screens/caja/cerrar_caja_screen.dart').
                  color: AppTheme.error,
                         ^^^^^^^^
lib/screens/caja/cerrar_caja_screen.dart:1226:13:
Error: The method 'formatCurrency' isn't defined for the type '_CerrarCajaScreenState'.
 - '_CerrarCajaScreenState' is from 'package:vercy_motos/screens/caja/cerrar_caja_screen.dart' ('lib/screens/caja/cerrar_caja_screen.dart').
            formatCurrency(gastos.totalGastos),
            ^^^^^^^^^^^^^^
lib/screens/caja/cerrar_caja_screen.dart:1227:25:
Error: The getter 'AppTheme' isn't defined for the type '_CerrarCajaScreenState'.
 - '_CerrarCajaScreenState' is from 'package:vercy_motos/screens/caja/cerrar_caja_screen.dart' ('lib/screens/caja/cerrar_caja_screen.dart').
            valueColor: AppTheme.error,
                        ^^^^^^^^
lib/screens/caja/cerrar_caja_screen.dart:1231:13:
Error: The method 'formatCurrency' isn't defined for the type '_CerrarCajaScreenState'.
 - '_CerrarCajaScreenState' is from 'package:vercy_motos/screens/caja/cerrar_caja_screen.dart' ('lib/screens/caja/cerrar_caja_screen.dart').
            formatCurrency(gastos.gastosPorFormaPago['efectivo'] ?? 0),
            ^^^^^^^^^^^^^^
lib/screens/caja/cerrar_caja_screen.dart:1232:25:
Error: The getter 'AppTheme' isn't defined for the type '_CerrarCajaScreenState'.
 - '_CerrarCajaScreenState' is from 'package:vercy_motos/screens/caja/cerrar_caja_screen.dart' ('lib/screens/caja/cerrar_caja_screen.dart').
            valueColor: AppTheme.error,
                        ^^^^^^^^
lib/screens/caja/cerrar_caja_screen.dart:1236:13:
Error: The method 'formatCurrency' isn't defined for the type '_CerrarCajaScreenState'.
 - '_CerrarCajaScreenState' is from 'package:vercy_motos/screens/caja/cerrar_caja_screen.dart' ('lib/screens/caja/cerrar_caja_screen.dart').
            formatCurrency(gastos.gastosPorFormaPago['transferencia'] ?? 0),
            ^^^^^^^^^^^^^^
lib/screens/caja/cerrar_caja_screen.dart:1237:25:
Error: The getter 'AppTheme' isn't defined for the type '_CerrarCajaScreenState'.
 - '_CerrarCajaScreenState' is from 'package:vercy_motos/screens/caja/cerrar_caja_screen.dart' ('lib/screens/caja/cerrar_caja_screen.dart').
            valueColor: AppTheme.error,
                        ^^^^^^^^
lib/screens/caja/cerrar_caja_screen.dart:1247:24:
Error: The getter 'AppTheme' isn't defined for the type '_CerrarCajaScreenState'.
 - '_CerrarCajaScreenState' is from 'package:vercy_motos/screens/caja/cerrar_caja_screen.dart' ('lib/screens/caja/cerrar_caja_screen.dart').
                color: AppTheme.textPrimary,
                       ^^^^^^^^
lib/screens/caja/cerrar_caja_screen.dart:1256:26:
Error: The getter 'AppTheme' isn't defined for the type '_CerrarCajaScreenState'.
 - '_CerrarCajaScreenState' is from 'package:vercy_motos/screens/caja/cerrar_caja_screen.dart' ('lib/screens/caja/cerrar_caja_screen.dart').
                  color: AppTheme.error.withOpacity(0.1),
                         ^^^^^^^^
lib/screens/caja/cerrar_caja_screen.dart:1258:45:
Error: The getter 'AppTheme' isn't defined for the type '_CerrarCajaScreenState'.
 - '_CerrarCajaScreenState' is from 'package:vercy_motos/screens/caja/cerrar_caja_screen.dart' ('lib/screens/caja/cerrar_caja_screen.dart').
                  border: Border.all(color: AppTheme.error.withOpacity(0.3)),
                                            ^^^^^^^^
lib/screens/caja/cerrar_caja_screen.dart:1271:38:
Error: The getter 'AppTheme' isn't defined for the type '_CerrarCajaScreenState'.
 - '_CerrarCajaScreenState' is from 'package:vercy_motos/screens/caja/cerrar_caja_screen.dart' ('lib/screens/caja/cerrar_caja_screen.dart').
                              color: AppTheme.error,
                                     ^^^^^^^^
lib/screens/caja/cerrar_caja_screen.dart:1276:27:
Error: The method 'formatCurrency' isn't defined for the type '_CerrarCajaScreenState'.
 - '_CerrarCajaScreenState' is from 'package:vercy_motos/screens/caja/cerrar_caja_screen.dart' ('lib/screens/caja/cerrar_caja_screen.dart').
                          formatCurrency(gasto.monto),
                          ^^^^^^^^^^^^^^
lib/screens/caja/cerrar_caja_screen.dart:1279:36:
Error: The getter 'AppTheme' isn't defined for the type '_CerrarCajaScreenState'.
 - '_CerrarCajaScreenState' is from 'package:vercy_motos/screens/caja/cerrar_caja_screen.dart' ('lib/screens/caja/cerrar_caja_screen.dart').
                            color: AppTheme.error,
                                   ^^^^^^^^
lib/screens/caja/cerrar_caja_screen.dart:1290:65:
Error: The getter 'AppTheme' isn't defined for the type '_CerrarCajaScreenState'.
 - '_CerrarCajaScreenState' is from 'package:vercy_motos/screens/caja/cerrar_caja_screen.dart' ('lib/screens/caja/cerrar_caja_screen.dart').
                          style: TextStyle(fontSize: 12, color: AppTheme.textSecondary),
                                                                ^^^^^^^^
lib/screens/caja/cerrar_caja_screen.dart:1294:65:
Error: The getter 'AppTheme' isn't defined for the type '_CerrarCajaScreenState'.
 - '_CerrarCajaScreenState' is from 'package:vercy_motos/screens/caja/cerrar_caja_screen.dart' ('lib/screens/caja/cerrar_caja_screen.dart').
                          style: TextStyle(fontSize: 12, color: AppTheme.textSecondary),
                                                                ^^^^^^^^
lib/screens/caja/cerrar_caja_screen.dart:1302:63:
Error: The getter 'AppTheme' isn't defined for the type '_CerrarCajaScreenState'.
 - '_CerrarCajaScreenState' is from 'package:vercy_motos/screens/caja/cerrar_caja_screen.dart' ('lib/screens/caja/cerrar_caja_screen.dart').
                        style: TextStyle(fontSize: 12, color: AppTheme.textSecondary),
                                                              ^^^^^^^^
lib/screens/caja/cerrar_caja_screen.dart:1321:16:
Error: The getter 'AppTheme' isn't defined for the type '_CerrarCajaScreenState'.
 - '_CerrarCajaScreenState' is from 'package:vercy_motos/screens/caja/cerrar_caja_screen.dart' ('lib/screens/caja/cerrar_caja_screen.dart').
        color: AppTheme.cardBg,
               ^^^^^^^^
lib/screens/caja/cerrar_caja_screen.dart:1323:35:
Error: The getter 'AppTheme' isn't defined for the type '_CerrarCajaScreenState'.
 - '_CerrarCajaScreenState' is from 'package:vercy_motos/screens/caja/cerrar_caja_screen.dart' ('lib/screens/caja/cerrar_caja_screen.dart').
        border: Border.all(color: AppTheme.warning.withOpacity(0.3)),
                                  ^^^^^^^^
lib/screens/caja/cerrar_caja_screen.dart:1330:48:
Error: The getter 'AppTheme' isn't defined for the type '_CerrarCajaScreenState'.
 - '_CerrarCajaScreenState' is from 'package:vercy_motos/screens/caja/cerrar_caja_screen.dart' ('lib/screens/caja/cerrar_caja_screen.dart').
              Icon(Icons.shopping_cart, color: AppTheme.warning, size: 20),
                                               ^^^^^^^^
lib/screens/caja/cerrar_caja_screen.dart:1337:26:
Error: The getter 'AppTheme' isn't defined for the type '_CerrarCajaScreenState'.
 - '_CerrarCajaScreenState' is from 'package:vercy_motos/screens/caja/cerrar_caja_screen.dart' ('lib/screens/caja/cerrar_caja_screen.dart').
                  color: AppTheme.warning,
                         ^^^^^^^^
lib/screens/caja/cerrar_caja_screen.dart:1345:13:
Error: The method 'formatCurrency' isn't defined for the type '_CerrarCajaScreenState'.
 - '_CerrarCajaScreenState' is from 'package:vercy_motos/screens/caja/cerrar_caja_screen.dart' ('lib/screens/caja/cerrar_caja_screen.dart').
            formatCurrency(compras.totalComprasDesdeCaja),
            ^^^^^^^^^^^^^^
lib/screens/caja/cerrar_caja_screen.dart:1346:25:
Error: The getter 'AppTheme' isn't defined for the type '_CerrarCajaScreenState'.
 - '_CerrarCajaScreenState' is from 'package:vercy_motos/screens/caja/cerrar_caja_screen.dart' ('lib/screens/caja/cerrar_caja_screen.dart').
            valueColor: AppTheme.warning,
                        ^^^^^^^^
lib/screens/caja/cerrar_caja_screen.dart:1350:13:
Error: The method 'formatCurrency' isn't defined for the type '_CerrarCajaScreenState'.
 - '_CerrarCajaScreenState' is from 'package:vercy_motos/screens/caja/cerrar_caja_screen.dart' ('lib/screens/caja/cerrar_caja_screen.dart').
            formatCurrency(compras.totalComprasNoDesdeCaja),
            ^^^^^^^^^^^^^^
lib/screens/caja/cerrar_caja_screen.dart:1351:25:
Error: The getter 'AppTheme' isn't defined for the type '_CerrarCajaScreenState'.
 - '_CerrarCajaScreenState' is from 'package:vercy_motos/screens/caja/cerrar_caja_screen.dart' ('lib/screens/caja/cerrar_caja_screen.dart').
            valueColor: AppTheme.textSecondary,
                        ^^^^^^^^
lib/screens/caja/cerrar_caja_screen.dart:1355:13:
Error: The method 'formatCurrency' isn't defined for the type '_CerrarCajaScreenState'.
 - '_CerrarCajaScreenState' is from 'package:vercy_motos/screens/caja/cerrar_caja_screen.dart' ('lib/screens/caja/cerrar_caja_screen.dart').
            formatCurrency(compras.totalComprasGenerales),
            ^^^^^^^^^^^^^^
lib/screens/caja/cerrar_caja_screen.dart:1356:25:
Error: The getter 'AppTheme' isn't defined for the type '_CerrarCajaScreenState'.
 - '_CerrarCajaScreenState' is from 'package:vercy_motos/screens/caja/cerrar_caja_screen.dart' ('lib/screens/caja/cerrar_caja_screen.dart').
            valueColor: AppTheme.warning,
                        ^^^^^^^^
lib/screens/caja/cerrar_caja_screen.dart:1366:24:
Error: The getter 'AppTheme' isn't defined for the type '_CerrarCajaScreenState'.
 - '_CerrarCajaScreenState' is from 'package:vercy_motos/screens/caja/cerrar_caja_screen.dart' ('lib/screens/caja/cerrar_caja_screen.dart').
                color: AppTheme.textPrimary,
                       ^^^^^^^^
lib/screens/caja/cerrar_caja_screen.dart:1375:26:
Error: The getter 'AppTheme' isn't defined for the type '_CerrarCajaScreenState'.
 - '_CerrarCajaScreenState' is from 'package:vercy_motos/screens/caja/cerrar_caja_screen.dart' ('lib/screens/caja/cerrar_caja_screen.dart').
                  color: AppTheme.warning.withOpacity(0.1),
                         ^^^^^^^^
lib/screens/caja/cerrar_caja_screen.dart:1377:45:
Error: The getter 'AppTheme' isn't defined for the type '_CerrarCajaScreenState'.
 - '_CerrarCajaScreenState' is from 'package:vercy_motos/screens/caja/cerrar_caja_screen.dart' ('lib/screens/caja/cerrar_caja_screen.dart').
                  border: Border.all(color: AppTheme.warning.withOpacity(0.3)),
                                            ^^^^^^^^
lib/screens/caja/cerrar_caja_screen.dart:1389:36:
Error: The getter 'AppTheme' isn't defined for the type '_CerrarCajaScreenState'.
 - '_CerrarCajaScreenState' is from 'package:vercy_motos/screens/caja/cerrar_caja_screen.dart' ('lib/screens/caja/cerrar_caja_screen.dart').
                            color: AppTheme.warning,
                                   ^^^^^^^^
lib/screens/caja/cerrar_caja_screen.dart:1393:27:
Error: The method 'formatCurrency' isn't defined for the type '_CerrarCajaScreenState'.
 - '_CerrarCajaScreenState' is from 'package:vercy_motos/screens/caja/cerrar_caja_screen.dart' ('lib/screens/caja/cerrar_caja_screen.dart').
                          formatCurrency(compra.total),
                          ^^^^^^^^^^^^^^
lib/screens/caja/cerrar_caja_screen.dart:1396:36:
Error: The getter 'AppTheme' isn't defined for the type '_CerrarCajaScreenState'.
 - '_CerrarCajaScreenState' is from 'package:vercy_motos/screens/caja/cerrar_caja_screen.dart' ('lib/screens/caja/cerrar_caja_screen.dart').
                            color: AppTheme.warning,
                                   ^^^^^^^^
lib/screens/caja/cerrar_caja_screen.dart:1403:61:
Error: The getter 'AppTheme' isn't defined for the type '_CerrarCajaScreenState'.
 - '_CerrarCajaScreenState' is from 'package:vercy_motos/screens/caja/cerrar_caja_screen.dart' ('lib/screens/caja/cerrar_caja_screen.dart').
                      style: TextStyle(fontSize: 12, color: AppTheme.textSecondary),
                                                            ^^^^^^^^
lib/screens/caja/cerrar_caja_screen.dart:1407:61:
Error: The getter 'AppTheme' isn't defined for the type '_CerrarCajaScreenState'.
 - '_CerrarCajaScreenState' is from 'package:vercy_motos/screens/caja/cerrar_caja_screen.dart' ('lib/screens/caja/cerrar_caja_screen.dart').
                      style: TextStyle(fontSize: 12, color: AppTheme.textSecondary),
                                                            ^^^^^^^^
lib/screens/caja/cerrar_caja_screen.dart:1422:63:
Error: The getter 'AppTheme' isn't defined for the type '_CerrarCajaScreenState'.
 - '_CerrarCajaScreenState' is from 'package:vercy_motos/screens/caja/cerrar_caja_screen.dart' ('lib/screens/caja/cerrar_caja_screen.dart').
                        style: TextStyle(fontSize: 12, color: AppTheme.textSecondary),
                                                              ^^^^^^^^
lib/screens/caja/cerrar_caja_screen.dart:1464:27:
Error: The method 'formatCurrency' isn't defined for the type '_CerrarCajaScreenState'.
 - '_CerrarCajaScreenState' is from 'package:vercy_motos/screens/caja/cerrar_caja_screen.dart' ('lib/screens/caja/cerrar_caja_screen.dart').
                          formatCurrency(compra.total),
                          ^^^^^^^^^^^^^^
lib/screens/caja/cerrar_caja_screen.dart:1476:32:
Error: The getter 'AppTheme' isn't defined for the type '_CerrarCajaScreenState'.
 - '_CerrarCajaScreenState' is from 'package:vercy_motos/screens/caja/cerrar_caja_screen.dart' ('lib/screens/caja/cerrar_caja_screen.dart').
                        color: AppTheme.textSecondary,
                               ^^^^^^^^
lib/screens/caja/cerrar_caja_screen.dart:1505:34:
Error: The getter 'AppTheme' isn't defined for the type '_CerrarCajaScreenState'.
 - '_CerrarCajaScreenState' is from 'package:vercy_motos/screens/caja/cerrar_caja_screen.dart' ('lib/screens/caja/cerrar_caja_screen.dart').
                          color: AppTheme.textSecondary,
                                 ^^^^^^^^
lib/screens/caja/cerrar_caja_screen.dart:1525:16:
Error: The getter 'AppTheme' isn't defined for the type '_CerrarCajaScreenState'.
 - '_CerrarCajaScreenState' is from 'package:vercy_motos/screens/caja/cerrar_caja_screen.dart' ('lib/screens/caja/cerrar_caja_screen.dart').
        color: AppTheme.cardBg,
               ^^^^^^^^
lib/screens/caja/cerrar_caja_screen.dart:1527:35:
Error: The getter 'AppTheme' isn't defined for the type '_CerrarCajaScreenState'.
 - '_CerrarCajaScreenState' is from 'package:vercy_motos/screens/caja/cerrar_caja_screen.dart' ('lib/screens/caja/cerrar_caja_screen.dart').
        border: Border.all(color: AppTheme.success.withOpacity(0.3)),
                                  ^^^^^^^^
lib/screens/caja/cerrar_caja_screen.dart:1534:46:
Error: The getter 'AppTheme' isn't defined for the type '_CerrarCajaScreenState'.
 - '_CerrarCajaScreenState' is from 'package:vercy_motos/screens/caja/cerrar_caja_screen.dart' ('lib/screens/caja/cerrar_caja_screen.dart').
              Icon(Icons.trending_up, color: AppTheme.success, size: 20),
                                             ^^^^^^^^
lib/screens/caja/cerrar_caja_screen.dart:1541:26:
Error: The getter 'AppTheme' isn't defined for the type '_CerrarCajaScreenState'.
 - '_CerrarCajaScreenState' is from 'package:vercy_motos/screens/caja/cerrar_caja_screen.dart' ('lib/screens/caja/cerrar_caja_screen.dart').
                  color: AppTheme.success,
                         ^^^^^^^^
lib/screens/caja/cerrar_caja_screen.dart:1550:13:
Error: The method 'formatCurrency' isn't defined for the type '_CerrarCajaScreenState'.
 - '_CerrarCajaScreenState' is from 'package:vercy_motos/screens/caja/cerrar_caja_screen.dart' ('lib/screens/caja/cerrar_caja_screen.dart').
            formatCurrency(ventas.totalVentas),
            ^^^^^^^^^^^^^^
lib/screens/caja/cerrar_caja_screen.dart:1551:25:
Error: The getter 'AppTheme' isn't defined for the type '_CerrarCajaScreenState'.
 - '_CerrarCajaScreenState' is from 'package:vercy_motos/screens/caja/cerrar_caja_screen.dart' ('lib/screens/caja/cerrar_caja_screen.dart').
            valueColor: AppTheme.success,
                        ^^^^^^^^
lib/screens/caja/cerrar_caja_screen.dart:1556:19:
Error: The method 'formatCurrency' isn't defined for the type '_CerrarCajaScreenState'.
 - '_CerrarCajaScreenState' is from 'package:vercy_motos/screens/caja/cerrar_caja_screen.dart' ('lib/screens/caja/cerrar_caja_screen.dart').
                ? formatCurrency(ventas.totalVentas / ventas.totalPedidos)
                  ^^^^^^^^^^^^^^
lib/screens/caja/cerrar_caja_screen.dart:1557:19:
Error: The method 'formatCurrency' isn't defined for the type '_CerrarCajaScreenState'.
 - '_CerrarCajaScreenState' is from 'package:vercy_motos/screens/caja/cerrar_caja_screen.dart' ('lib/screens/caja/cerrar_caja_screen.dart').
                : formatCurrency(0),
                  ^^^^^^^^^^^^^^
lib/screens/caja/cerrar_caja_screen.dart:1566:22:
Error: The getter 'AppTheme' isn't defined for the type '_CerrarCajaScreenState'.
 - '_CerrarCajaScreenState' is from 'package:vercy_motos/screens/caja/cerrar_caja_screen.dart' ('lib/screens/caja/cerrar_caja_screen.dart').
              color: AppTheme.textSecondary,
                     ^^^^^^^^
lib/screens/caja/cerrar_caja_screen.dart:1573:13:
Error: The method 'formatCurrency' isn't defined for the type '_CerrarCajaScreenState'.
 - '_CerrarCajaScreenState' is from 'package:vercy_motos/screens/caja/cerrar_caja_screen.dart' ('lib/screens/caja/cerrar_caja_screen.dart').
            formatCurrency((ventas.ventasPorFormaPago['Efectivo'] ?? ventas.ventasPorFormaPago['efectivo']) ?? 0),
            ^^^^^^^^^^^^^^
lib/screens/caja/cerrar_caja_screen.dart:1574:25:
Error: The getter 'AppTheme' isn't defined for the type '_CerrarCajaScreenState'.
 - '_CerrarCajaScreenState' is from 'package:vercy_motos/screens/caja/cerrar_caja_screen.dart' ('lib/screens/caja/cerrar_caja_screen.dart').
            valueColor: AppTheme.success,
                        ^^^^^^^^
lib/screens/caja/cerrar_caja_screen.dart:1578:13:
Error: The method 'formatCurrency' isn't defined for the type '_CerrarCajaScreenState'.
 - '_CerrarCajaScreenState' is from 'package:vercy_motos/screens/caja/cerrar_caja_screen.dart' ('lib/screens/caja/cerrar_caja_screen.dart').
            formatCurrency((ventas.ventasPorFormaPago['Transferencia'] ?? ventas.ventasPorFormaPago['transferencia']) ?? 0),
            ^^^^^^^^^^^^^^
lib/screens/caja/cerrar_caja_screen.dart:1579:25:
Error: The getter 'AppTheme' isn't defined for the type '_CerrarCajaScreenState'.
 - '_CerrarCajaScreenState' is from 'package:vercy_motos/screens/caja/cerrar_caja_screen.dart' ('lib/screens/caja/cerrar_caja_screen.dart').
            valueColor: AppTheme.primary,
                        ^^^^^^^^
lib/screens/caja/cerrar_caja_screen.dart:1583:13:
Error: The method 'formatCurrency' isn't defined for the type '_CerrarCajaScreenState'.
 - '_CerrarCajaScreenState' is from 'package:vercy_motos/screens/caja/cerrar_caja_screen.dart' ('lib/screens/caja/cerrar_caja_screen.dart').
            formatCurrency((ventas.ventasPorFormaPago['Tarjeta'] ?? ventas.ventasPorFormaPago['tarjeta']) ?? 0),
            ^^^^^^^^^^^^^^
lib/screens/caja/cerrar_caja_screen.dart:1584:25:
Error: The getter 'AppTheme' isn't defined for the type '_CerrarCajaScreenState'.
 - '_CerrarCajaScreenState' is from 'package:vercy_motos/screens/caja/cerrar_caja_screen.dart' ('lib/screens/caja/cerrar_caja_screen.dart').
            valueColor: AppTheme.warning,
                        ^^^^^^^^
lib/screens/caja/cerrar_caja_screen.dart:1588:13:
Error: The method 'formatCurrency' isn't defined for the type '_CerrarCajaScreenState'.
 - '_CerrarCajaScreenState' is from 'package:vercy_motos/screens/caja/cerrar_caja_screen.dart' ('lib/screens/caja/cerrar_caja_screen.dart').
            formatCurrency((ventas.ventasPorFormaPago['Sistecredito'] ?? ventas.ventasPorFormaPago['sistecredito']) ?? 0),
            ^^^^^^^^^^^^^^
lib/screens/caja/cerrar_caja_screen.dart:1593:13:
Error: The method 'formatCurrency' isn't defined for the type '_CerrarCajaScreenState'.
 - '_CerrarCajaScreenState' is from 'package:vercy_motos/screens/caja/cerrar_caja_screen.dart' ('lib/screens/caja/cerrar_caja_screen.dart').
            formatCurrency((ventas.ventasPorFormaPago['Datafono'] ?? ventas.ventasPorFormaPago['datafono']) ?? 0),
            ^^^^^^^^^^^^^^
lib/screens/caja/cerrar_caja_screen.dart:1604:22:
Error: The getter 'AppTheme' isn't defined for the type '_CerrarCajaScreenState'.
 - '_CerrarCajaScreenState' is from 'package:vercy_motos/screens/caja/cerrar_caja_screen.dart' ('lib/screens/caja/cerrar_caja_screen.dart').
              color: AppTheme.textSecondary,
                     ^^^^^^^^
lib/screens/caja/cerrar_caja_screen.dart:1610:13:
Error: The method 'formatCurrency' isn't defined for the type '_CerrarCajaScreenState'.
 - '_CerrarCajaScreenState' is from 'package:vercy_motos/screens/caja/cerrar_caja_screen.dart' ('lib/screens/caja/cerrar_caja_screen.dart').
            formatCurrency(
            ^^^^^^^^^^^^^^
lib/screens/caja/cerrar_caja_screen.dart:1617:13:
Error: The method 'formatCurrency' isn't defined for the type '_CerrarCajaScreenState'.
 - '_CerrarCajaScreenState' is from 'package:vercy_motos/screens/caja/cerrar_caja_screen.dart' ('lib/screens/caja/cerrar_caja_screen.dart').
            formatCurrency(
            ^^^^^^^^^^^^^^
lib/screens/caja/cerrar_caja_screen.dart:1631:22:
Error: The getter 'AppTheme' isn't defined for the type '_CerrarCajaScreenState'.
 - '_CerrarCajaScreenState' is from 'package:vercy_motos/screens/caja/cerrar_caja_screen.dart' ('lib/screens/caja/cerrar_caja_screen.dart').
              color: AppTheme.textSecondary,
                     ^^^^^^^^
lib/screens/caja/cerrar_caja_screen.dart:1639:25:
Error: The getter 'AppTheme' isn't defined for the type '_CerrarCajaScreenState'.
 - '_CerrarCajaScreenState' is from 'package:vercy_motos/screens/caja/cerrar_caja_screen.dart' ('lib/screens/caja/cerrar_caja_screen.dart').
            valueColor: AppTheme.success,
                        ^^^^^^^^
lib/screens/caja/cerrar_caja_screen.dart:1644:25:
Error: The getter 'AppTheme' isn't defined for the type '_CerrarCajaScreenState'.
 - '_CerrarCajaScreenState' is from 'package:vercy_motos/screens/caja/cerrar_caja_screen.dart' ('lib/screens/caja/cerrar_caja_screen.dart').
            valueColor: AppTheme.primary,
                        ^^^^^^^^
lib/screens/caja/cerrar_caja_screen.dart:1649:25:
Error: The getter 'AppTheme' isn't defined for the type '_CerrarCajaScreenState'.
 - '_CerrarCajaScreenState' is from 'package:vercy_motos/screens/caja/cerrar_caja_screen.dart' ('lib/screens/caja/cerrar_caja_screen.dart').
            valueColor: AppTheme.warning,
                        ^^^^^^^^
lib/screens/caja/cerrar_caja_screen.dart:1669:22:
Error: The getter 'AppTheme' isn't defined for the type '_CerrarCajaScreenState'.
 - '_CerrarCajaScreenState' is from 'package:vercy_motos/screens/caja/cerrar_caja_screen.dart' ('lib/screens/caja/cerrar_caja_screen.dart').
              color: AppTheme.textPrimary,
                     ^^^^^^^^
lib/screens/caja/cerrar_caja_screen.dart:1676:22:
Error: The getter 'AppTheme' isn't defined for the type '_CerrarCajaScreenState'.
 - '_CerrarCajaScreenState' is from 'package:vercy_motos/screens/caja/cerrar_caja_screen.dart' ('lib/screens/caja/cerrar_caja_screen.dart').
              color: AppTheme.success.withOpacity(0.1),
                     ^^^^^^^^
lib/screens/caja/cerrar_caja_screen.dart:1678:41:
Error: The getter 'AppTheme' isn't defined for the type '_CerrarCajaScreenState'.
 - '_CerrarCajaScreenState' is from 'package:vercy_motos/screens/caja/cerrar_caja_screen.dart' ('lib/screens/caja/cerrar_caja_screen.dart').
              border: Border.all(color: AppTheme.success.withOpacity(0.3)),
                                        ^^^^^^^^
lib/screens/caja/cerrar_caja_screen.dart:1690:32:
Error: The getter 'AppTheme' isn't defined for the type '_CerrarCajaScreenState'.
 - '_CerrarCajaScreenState' is from 'package:vercy_motos/screens/caja/cerrar_caja_screen.dart' ('lib/screens/caja/cerrar_caja_screen.dart').
                        color: AppTheme.success,
                               ^^^^^^^^
lib/screens/caja/cerrar_caja_screen.dart:1695:42:
Error: The method 'formatCurrency' isn't defined for the type '_CerrarCajaScreenState'.
 - '_CerrarCajaScreenState' is from 'package:vercy_motos/screens/caja/cerrar_caja_screen.dart' ('lib/screens/caja/cerrar_caja_screen.dart').
                      'Ventas totales: ${formatCurrency(ventas.totalVentas)}',
                                         ^^^^^^^^^^^^^^
lib/screens/caja/cerrar_caja_screen.dart:1698:32:
Error: The getter 'AppTheme' isn't defined for the type '_CerrarCajaScreenState'.
 - '_CerrarCajaScreenState' is from 'package:vercy_motos/screens/caja/cerrar_caja_screen.dart' ('lib/screens/caja/cerrar_caja_screen.dart').
                        color: AppTheme.textSecondary,
                               ^^^^^^^^
lib/screens/reportes/reportes_screen.dart:40:9:
Error: 'ReportesService' isn't a type.
  final ReportesService _reportesService = ReportesService();
        ^^^^^^^^^^^^^^^
lib/screens/reportes/reportes_screen.dart:40:44:
Error: Method not found: 'ReportesService'.
  final ReportesService _reportesService = ReportesService();
                                           ^^^^^^^^^^^^^^^
lib/screens/reportes/reportes_screen.dart:41:9:
Error: 'ClienteService' isn't a type.
  final ClienteService _clienteService = ClienteService();
        ^^^^^^^^^^^^^^
lib/screens/reportes/reportes_screen.dart:41:42:
Error: Method not found: 'ClienteService'.
  final ClienteService _clienteService = ClienteService();
                                         ^^^^^^^^^^^^^^
lib/screens/reportes/reportes_screen.dart:42:9:
Error: 'ProductoService' isn't a type.
  final ProductoService _productoService = ProductoService();
        ^^^^^^^^^^^^^^^
lib/screens/reportes/reportes_screen.dart:42:44:
Error: Method not found: 'ProductoService'.
  final ProductoService _productoService = ProductoService();
                                           ^^^^^^^^^^^^^^^
lib/screens/reportes/reportes_screen.dart:45:8:
Error: 'Cliente' isn't a type.
  List<Cliente> _clientes = [];
       ^^^^^^^
lib/screens/reportes/reportes_screen.dart:46:8:
Error: 'Producto' isn't a type.
  List<Producto> _productos = [];
       ^^^^^^^^
lib/screens/reportes/reportes_screen.dart:179:23:
Error: Not enough type information to disambiguate between literal set and literal map.
        final venta = {...item};
                      ^
lib/screens/reportes/reportes_screen.dart:722:39:
Error: 'Producto' isn't a type.
                  child: Autocomplete<Producto>(
                                      ^^^^^^^^
lib/screens/reportes/reportes_screen.dart:723:46:
Error: 'Producto' isn't a type.
                    displayStringForOption: (Producto p) => p.nombre,
                                             ^^^^^^^^
lib/screens/reportes/reportes_screen.dart:728:48:
Error: 'Producto' isn't a type.
                      return _productos.where((Producto p) {
                                               ^^^^^^^^
lib/screens/reportes/reportes_screen.dart:734:34:
Error: 'Producto' isn't a type.
                    onSelected: (Producto seleccionado) {
                                 ^^^^^^^^
lib/screens/reportes/reportes_screen.dart:805:39:
Error: 'Cliente' isn't a type.
                  child: Autocomplete<Cliente>(
                                      ^^^^^^^
lib/screens/reportes/reportes_screen.dart:806:46:
Error: 'Cliente' isn't a type.
                    displayStringForOption: (Cliente c) => c.nombreCompleto,
                                             ^^^^^^^
lib/screens/reportes/reportes_screen.dart:811:47:
Error: 'Cliente' isn't a type.
                      return _clientes.where((Cliente c) {
                                              ^^^^^^^
lib/screens/reportes/reportes_screen.dart:817:34:
Error: 'Cliente' isn't a type.
                    onSelected: (Cliente seleccionado) {
                                 ^^^^^^^
lib/screens/reportes/informes_productos_screen.dart:22:9:
Error: 'ReportesService' isn't a type.
  final ReportesService _reportesService = ReportesService();
        ^^^^^^^^^^^^^^^
lib/screens/reportes/informes_productos_screen.dart:22:44:
Error: Method not found: 'ReportesService'.
  final ReportesService _reportesService = ReportesService();
                                           ^^^^^^^^^^^^^^^
lib/screens/reportes/informes_productos_screen.dart:23:9:
Error: 'ProductoService' isn't a type.
  final ProductoService _productoService = ProductoService();
        ^^^^^^^^^^^^^^^
lib/screens/reportes/informes_productos_screen.dart:23:44:
Error: Method not found: 'ProductoService'.
  final ProductoService _productoService = ProductoService();
                                           ^^^^^^^^^^^^^^^
lib/screens/reportes/informes_productos_screen.dart:24:9:
Error: 'ClienteService' isn't a type.
  final ClienteService _clienteService = ClienteService();
        ^^^^^^^^^^^^^^
lib/screens/reportes/informes_productos_screen.dart:24:42:
Error: Method not found: 'ClienteService'.
  final ClienteService _clienteService = ClienteService();
                                         ^^^^^^^^^^^^^^
lib/screens/reportes/informes_productos_screen.dart:26:9:
Error: 'PDFService' isn't a type.
  final PDFService _pdfService = PDFService();
        ^^^^^^^^^^
lib/screens/reportes/informes_productos_screen.dart:26:34:
Error: Method not found: 'PDFService'.
  final PDFService _pdfService = PDFService();
                                 ^^^^^^^^^^
lib/screens/reportes/informes_productos_screen.dart:40:8:
Error: 'Cliente' isn't a type.
  List<Cliente> _clientes = [];
       ^^^^^^^
lib/screens/reportes/informes_productos_screen.dart:41:8:
Error: 'Producto' isn't a type.
  List<Producto> _productos = [];
       ^^^^^^^^
lib/screens/reportes/informes_productos_screen.dart:68:25:
Error: The method 'FacturasListScreen' isn't defined for the type '_InformesProductosScreenState'.
 - '_InformesProductosScreenState' is from 'package:vercy_motos/screens/reportes/informes_productos_screen.dart' ('lib/screens/reportes/informes_productos_screen.dart').
        builder: (_) => FacturasListScreen(filtroInicial: pedidoId),
                        ^^^^^^^^^^^^^^^^^^
lib/screens/reportes/informes_productos_screen.dart:89:22:
Error: The getter 'AppTheme' isn't defined for the type '_InformesProductosScreenState'.
 - '_InformesProductosScreenState' is from 'package:vercy_motos/screens/reportes/informes_productos_screen.dart' ('lib/screens/reportes/informes_productos_screen.dart').
              color: AppTheme.cardBg,
                     ^^^^^^^^
lib/screens/reportes/informes_productos_screen.dart:95:50:
Error: The getter 'AppTheme' isn't defined for the type '_InformesProductosScreenState'.
 - '_InformesProductosScreenState' is from 'package:vercy_motos/screens/reportes/informes_productos_screen.dart' ('lib/screens/reportes/informes_productos_screen.dart').
                CircularProgressIndicator(color: AppTheme.primary),
                                                 ^^^^^^^^
lib/screens/reportes/informes_productos_screen.dart:99:43:
Error: The getter 'AppTheme' isn't defined for the type '_InformesProductosScreenState'.
 - '_InformesProductosScreenState' is from 'package:vercy_motos/screens/reportes/informes_productos_screen.dart' ('lib/screens/reportes/informes_productos_screen.dart').
                  style: TextStyle(color: AppTheme.textPrimary),
                                          ^^^^^^^^
lib/screens/reportes/informes_productos_screen.dart:370:24:
Error: The getter 'AppTheme' isn't defined for the type '_InformesProductosScreenState'.
 - '_InformesProductosScreenState' is from 'package:vercy_motos/screens/reportes/informes_productos_screen.dart' ('lib/screens/reportes/informes_productos_screen.dart').
      backgroundColor: AppTheme.backgroundDark,
                       ^^^^^^^^
lib/screens/reportes/informes_productos_screen.dart:377:26:
Error: The getter 'AppTheme' isn't defined for the type '_InformesProductosScreenState'.
 - '_InformesProductosScreenState' is from 'package:vercy_motos/screens/reportes/informes_productos_screen.dart' ('lib/screens/reportes/informes_productos_screen.dart').
        backgroundColor: AppTheme.warning,
                         ^^^^^^^^
lib/screens/reportes/informes_productos_screen.dart:397:26:
Error: The getter 'AppTheme' isn't defined for the type '_InformesProductosScreenState'.
 - '_InformesProductosScreenState' is from 'package:vercy_motos/screens/reportes/informes_productos_screen.dart' ('lib/screens/reportes/informes_productos_screen.dart').
                  color: AppTheme.cardBg,
                         ^^^^^^^^
lib/screens/reportes/informes_productos_screen.dart:400:28:
Error: The getter 'AppTheme' isn't defined for the type '_InformesProductosScreenState'.
 - '_InformesProductosScreenState' is from 'package:vercy_motos/screens/reportes/informes_productos_screen.dart' ('lib/screens/reportes/informes_productos_screen.dart').
                    color: AppTheme.metal.withOpacity(0.2),
                           ^^^^^^^^
lib/screens/reportes/informes_productos_screen.dart:415:36:
Error: The getter 'AppTheme' isn't defined for the type '_InformesProductosScreenState'.
 - '_InformesProductosScreenState' is from 'package:vercy_motos/screens/reportes/informes_productos_screen.dart' ('lib/screens/reportes/informes_productos_screen.dart').
                            color: AppTheme.textPrimary,
                                   ^^^^^^^^
lib/screens/reportes/informes_productos_screen.dart:424:40:
Error: The getter 'AppTheme' isn't defined for the type '_InformesProductosScreenState'.
 - '_InformesProductosScreenState' is from 'package:vercy_motos/screens/reportes/informes_productos_screen.dart' ('lib/screens/reportes/informes_productos_screen.dart').
                                color: AppTheme.textSecondary,
                                       ^^^^^^^^
lib/screens/reportes/informes_productos_screen.dart:434:44:
Error: The getter 'AppTheme' isn't defined for the type '_InformesProductosScreenState'.
 - '_InformesProductosScreenState' is from 'package:vercy_motos/screens/reportes/informes_productos_screen.dart' ('lib/screens/reportes/informes_productos_screen.dart').
                              activeColor: AppTheme.success,
                                           ^^^^^^^^
lib/screens/reportes/informes_productos_screen.dart:452:42:
Error: The getter 'AppTheme' isn't defined for the type '_InformesProductosScreenState'.
 - '_InformesProductosScreenState' is from 'package:vercy_motos/screens/reportes/informes_productos_screen.dart' ('lib/screens/reportes/informes_productos_screen.dart').
                                  color: AppTheme.textSecondary,
                                         ^^^^^^^^
lib/screens/reportes/informes_productos_screen.dart:470:42:
Error: The getter 'AppTheme' isn't defined for the type '_InformesProductosScreenState'.
 - '_InformesProductosScreenState' is from 'package:vercy_motos/screens/reportes/informes_productos_screen.dart' ('lib/screens/reportes/informes_productos_screen.dart').
                                  color: AppTheme.textPrimary,
                                         ^^^^^^^^
lib/screens/reportes/informes_productos_screen.dart:486:42:
Error: The getter 'AppTheme' isn't defined for the type '_InformesProductosScreenState'.
 - '_InformesProductosScreenState' is from 'package:vercy_motos/screens/reportes/informes_productos_screen.dart' ('lib/screens/reportes/informes_productos_screen.dart').
                                  color: AppTheme.textSecondary,
                                         ^^^^^^^^
lib/screens/reportes/informes_productos_screen.dart:504:42:
Error: The getter 'AppTheme' isn't defined for the type '_InformesProductosScreenState'.
 - '_InformesProductosScreenState' is from 'package:vercy_motos/screens/reportes/informes_productos_screen.dart' ('lib/screens/reportes/informes_productos_screen.dart').
                                  color: AppTheme.textPrimary,
                                         ^^^^^^^^
lib/screens/reportes/informes_productos_screen.dart:548:48:
Error: The getter 'AppTheme' isn't defined for the type '_InformesProductosScreenState'.
 - '_InformesProductosScreenState' is from 'package:vercy_motos/screens/reportes/informes_productos_screen.dart' ('lib/screens/reportes/informes_productos_screen.dart').
                              backgroundColor: AppTheme.success,
                                               ^^^^^^^^
lib/screens/reportes/informes_productos_screen.dart:550:56:
Error: The getter 'AppTheme' isn't defined for the type '_InformesProductosScreenState'.
 - '_InformesProductosScreenState' is from 'package:vercy_motos/screens/reportes/informes_productos_screen.dart' ('lib/screens/reportes/informes_productos_screen.dart').
                              disabledBackgroundColor: AppTheme.success
                                                       ^^^^^^^^
lib/screens/reportes/informes_productos_screen.dart:572:48:
Error: The getter 'AppTheme' isn't defined for the type '_InformesProductosScreenState'.
 - '_InformesProductosScreenState' is from 'package:vercy_motos/screens/reportes/informes_productos_screen.dart' ('lib/screens/reportes/informes_productos_screen.dart').
                              backgroundColor: AppTheme.success,
                                               ^^^^^^^^
lib/screens/reportes/informes_productos_screen.dart:574:56:
Error: The getter 'AppTheme' isn't defined for the type '_InformesProductosScreenState'.
 - '_InformesProductosScreenState' is from 'package:vercy_motos/screens/reportes/informes_productos_screen.dart' ('lib/screens/reportes/informes_productos_screen.dart').
                              disabledBackgroundColor: AppTheme.success
                                                       ^^^^^^^^
lib/screens/reportes/informes_productos_screen.dart:606:28:
Error: The getter 'AppTheme' isn't defined for the type '_InformesProductosScreenState'.
 - '_InformesProductosScreenState' is from 'package:vercy_motos/screens/reportes/informes_productos_screen.dart' ('lib/screens/reportes/informes_productos_screen.dart').
                    color: AppTheme.primary.withOpacity(0.1),
                           ^^^^^^^^
lib/screens/reportes/informes_productos_screen.dart:609:30:
Error: The getter 'AppTheme' isn't defined for the type '_InformesProductosScreenState'.
 - '_InformesProductosScreenState' is from 'package:vercy_motos/screens/reportes/informes_productos_screen.dart' ('lib/screens/reportes/informes_productos_screen.dart').
                      color: AppTheme.primary.withOpacity(0.3),
                             ^^^^^^^^
lib/screens/reportes/informes_productos_screen.dart:615:62:
Error: The getter 'AppTheme' isn't defined for the type '_InformesProductosScreenState'.
 - '_InformesProductosScreenState' is from 'package:vercy_motos/screens/reportes/informes_productos_screen.dart' ('lib/screens/reportes/informes_productos_screen.dart').
                      Icon(Icons.touch_app, size: 16, color: AppTheme.primary),
                                                             ^^^^^^^^
lib/screens/reportes/informes_productos_screen.dart:620:34:
Error: The getter 'AppTheme' isn't defined for the type '_InformesProductosScreenState'.
 - '_InformesProductosScreenState' is from 'package:vercy_motos/screens/reportes/informes_productos_screen.dart' ('lib/screens/reportes/informes_productos_screen.dart').
                          color: AppTheme.primary,
                                 ^^^^^^^^
lib/screens/reportes/informes_productos_screen.dart:645:20:
Error: The getter 'AppTheme' isn't defined for the type '_InformesProductosScreenState'.
 - '_InformesProductosScreenState' is from 'package:vercy_motos/screens/reportes/informes_productos_screen.dart' ('lib/screens/reportes/informes_productos_screen.dart').
            color: AppTheme.textSecondary,
                   ^^^^^^^^
lib/screens/reportes/informes_productos_screen.dart:657:24:
Error: The getter 'AppTheme' isn't defined for the type '_InformesProductosScreenState'.
 - '_InformesProductosScreenState' is from 'package:vercy_motos/screens/reportes/informes_productos_screen.dart' ('lib/screens/reportes/informes_productos_screen.dart').
                color: AppTheme.metal.withOpacity(0.2),
                       ^^^^^^^^
lib/screens/reportes/informes_productos_screen.dart:661:22:
Error: The getter 'AppTheme' isn't defined for the type '_InformesProductosScreenState'.
 - '_InformesProductosScreenState' is from 'package:vercy_motos/screens/reportes/informes_productos_screen.dart' ('lib/screens/reportes/informes_productos_screen.dart').
              color: AppTheme.cardBg,
                     ^^^^^^^^
lib/screens/reportes/informes_productos_screen.dart:668:43:
Error: The getter 'AppTheme' isn't defined for the type '_InformesProductosScreenState'.
 - '_InformesProductosScreenState' is from 'package:vercy_motos/screens/reportes/informes_productos_screen.dart' ('lib/screens/reportes/informes_productos_screen.dart').
                  style: TextStyle(color: AppTheme.textPrimary, fontSize: 14),
                                          ^^^^^^^^
lib/screens/reportes/informes_productos_screen.dart:672:26:
Error: The getter 'AppTheme' isn't defined for the type '_InformesProductosScreenState'.
 - '_InformesProductosScreenState' is from 'package:vercy_motos/screens/reportes/informes_productos_screen.dart' ('lib/screens/reportes/informes_productos_screen.dart').
                  color: AppTheme.textSecondary,
                         ^^^^^^^^
lib/screens/reportes/informes_productos_screen.dart:691:20:
Error: The getter 'AppTheme' isn't defined for the type '_InformesProductosScreenState'.
 - '_InformesProductosScreenState' is from 'package:vercy_motos/screens/reportes/informes_productos_screen.dart' ('lib/screens/reportes/informes_productos_screen.dart').
            color: AppTheme.textSecondary,
                   ^^^^^^^^
lib/screens/reportes/informes_productos_screen.dart:698:35:
Error: The getter 'AppTheme' isn't defined for the type '_InformesProductosScreenState'.
 - '_InformesProductosScreenState' is from 'package:vercy_motos/screens/reportes/informes_productos_screen.dart' ('lib/screens/reportes/informes_productos_screen.dart').
          style: TextStyle(color: AppTheme.textPrimary, fontSize: 14),
                                  ^^^^^^^^
lib/screens/reportes/informes_productos_screen.dart:702:22:
Error: The getter 'AppTheme' isn't defined for the type '_InformesProductosScreenState'.
 - '_InformesProductosScreenState' is from 'package:vercy_motos/screens/reportes/informes_productos_screen.dart' ('lib/screens/reportes/informes_productos_screen.dart').
              color: AppTheme.textSecondary.withOpacity(0.5),
                     ^^^^^^^^
lib/screens/reportes/informes_productos_screen.dart:712:24:
Error: The getter 'AppTheme' isn't defined for the type '_InformesProductosScreenState'.
 - '_InformesProductosScreenState' is from 'package:vercy_motos/screens/reportes/informes_productos_screen.dart' ('lib/screens/reportes/informes_productos_screen.dart').
                color: AppTheme.metal.withOpacity(0.2),
                       ^^^^^^^^
lib/screens/reportes/informes_productos_screen.dart:719:24:
Error: The getter 'AppTheme' isn't defined for the type '_InformesProductosScreenState'.
 - '_InformesProductosScreenState' is from 'package:vercy_motos/screens/reportes/informes_productos_screen.dart' ('lib/screens/reportes/informes_productos_screen.dart').
                color: AppTheme.metal.withOpacity(0.2),
                       ^^^^^^^^
lib/screens/reportes/informes_productos_screen.dart:725:45:
Error: The getter 'AppTheme' isn't defined for the type '_InformesProductosScreenState'.
 - '_InformesProductosScreenState' is from 'package:vercy_motos/screens/reportes/informes_productos_screen.dart' ('lib/screens/reportes/informes_productos_screen.dart').
              borderSide: BorderSide(color: AppTheme.warning, width: 1.5),
                                            ^^^^^^^^
lib/screens/reportes/informes_productos_screen.dart:728:24:
Error: The getter 'AppTheme' isn't defined for the type '_InformesProductosScreenState'.
 - '_InformesProductosScreenState' is from 'package:vercy_motos/screens/reportes/informes_productos_screen.dart' ('lib/screens/reportes/informes_productos_screen.dart').
            fillColor: AppTheme.cardBg,
                       ^^^^^^^^
lib/screens/reportes/informes_productos_screen.dart:748:22:
Error: 'Cliente' isn't a type.
        Autocomplete<Cliente>(
                     ^^^^^^^
lib/screens/reportes/informes_productos_screen.dart:759:24:
Error: 'Cliente' isn't a type.
          onSelected: (Cliente cliente) {
                       ^^^^^^^
lib/screens/reportes/informes_productos_screen.dart:743:20:
Error: The getter 'AppTheme' isn't defined for the type '_InformesProductosScreenState'.
 - '_InformesProductosScreenState' is from 'package:vercy_motos/screens/reportes/informes_productos_screen.dart' ('lib/screens/reportes/informes_productos_screen.dart').
            color: AppTheme.textSecondary,
                   ^^^^^^^^
lib/screens/reportes/informes_productos_screen.dart:755:21:
Error: The getter 'nombreCompleto' isn't defined for the type 'Object?'.
 - 'Object' is from 'dart:core'.
                  c.nombreCompleto.toLowerCase().contains(query) ||
                    ^^^^^^^^^^^^^^
lib/screens/reportes/informes_productos_screen.dart:756:21:
Error: The getter 'numeroIdentificacion' isn't defined for the type 'Object?'.
 - 'Object' is from 'dart:core'.
                  c.numeroIdentificacion.toLowerCase().contains(query),
                    ^^^^^^^^^^^^^^^^^^^^
lib/screens/reportes/informes_productos_screen.dart:766:39:
Error: The getter 'AppTheme' isn't defined for the type '_InformesProductosScreenState'.
 - '_InformesProductosScreenState' is from 'package:vercy_motos/screens/reportes/informes_productos_screen.dart' ('lib/screens/reportes/informes_productos_screen.dart').
              style: TextStyle(color: AppTheme.textPrimary, fontSize: 14),
                                      ^^^^^^^^
lib/screens/reportes/informes_productos_screen.dart:773:26:
Error: The getter 'AppTheme' isn't defined for the type '_InformesProductosScreenState'.
 - '_InformesProductosScreenState' is from 'package:vercy_motos/screens/reportes/informes_productos_screen.dart' ('lib/screens/reportes/informes_productos_screen.dart').
                  color: AppTheme.textSecondary.withOpacity(0.5),
                         ^^^^^^^^
lib/screens/reportes/informes_productos_screen.dart:778:26:
Error: The getter 'AppTheme' isn't defined for the type '_InformesProductosScreenState'.
 - '_InformesProductosScreenState' is from 'package:vercy_motos/screens/reportes/informes_productos_screen.dart' ('lib/screens/reportes/informes_productos_screen.dart').
                  color: AppTheme.textSecondary,
                         ^^^^^^^^
lib/screens/reportes/informes_productos_screen.dart:785:34:
Error: The getter 'AppTheme' isn't defined for the type '_InformesProductosScreenState'.
 - '_InformesProductosScreenState' is from 'package:vercy_motos/screens/reportes/informes_productos_screen.dart' ('lib/screens/reportes/informes_productos_screen.dart').
                          color: AppTheme.textSecondary,
                                 ^^^^^^^^
lib/screens/reportes/informes_productos_screen.dart:801:28:
Error: The getter 'AppTheme' isn't defined for the type '_InformesProductosScreenState'.
 - '_InformesProductosScreenState' is from 'package:vercy_motos/screens/reportes/informes_productos_screen.dart' ('lib/screens/reportes/informes_productos_screen.dart').
                    color: AppTheme.metal.withOpacity(0.2),
                           ^^^^^^^^
lib/screens/reportes/informes_productos_screen.dart:808:28:
Error: The getter 'AppTheme' isn't defined for the type '_InformesProductosScreenState'.
 - '_InformesProductosScreenState' is from 'package:vercy_motos/screens/reportes/informes_productos_screen.dart' ('lib/screens/reportes/informes_productos_screen.dart').
                    color: AppTheme.metal.withOpacity(0.2),
                           ^^^^^^^^
lib/screens/reportes/informes_productos_screen.dart:814:49:
Error: The getter 'AppTheme' isn't defined for the type '_InformesProductosScreenState'.
 - '_InformesProductosScreenState' is from 'package:vercy_motos/screens/reportes/informes_productos_screen.dart' ('lib/screens/reportes/informes_productos_screen.dart').
                  borderSide: BorderSide(color: AppTheme.warning, width: 1.5),
                                                ^^^^^^^^
lib/screens/reportes/informes_productos_screen.dart:817:28:
Error: The getter 'AppTheme' isn't defined for the type '_InformesProductosScreenState'.
 - '_InformesProductosScreenState' is from 'package:vercy_motos/screens/reportes/informes_productos_screen.dart' ('lib/screens/reportes/informes_productos_screen.dart').
                fillColor: AppTheme.cardBg,
                           ^^^^^^^^
lib/screens/reportes/informes_productos_screen.dart:749:44:
Error: The getter 'nombreCompleto' isn't defined for the type 'Object?'.
 - 'Object' is from 'dart:core'.
          displayStringForOption: (c) => c.nombreCompleto,
                                           ^^^^^^^^^^^^^^
lib/screens/reportes/informes_productos_screen.dart:826:24:
Error: The getter 'AppTheme' isn't defined for the type '_InformesProductosScreenState'.
 - '_InformesProductosScreenState' is from 'package:vercy_motos/screens/reportes/informes_productos_screen.dart' ('lib/screens/reportes/informes_productos_screen.dart').
                color: AppTheme.cardBg,
                       ^^^^^^^^
lib/screens/reportes/informes_productos_screen.dart:844:36:
Error: The getter 'AppTheme' isn't defined for the type '_InformesProductosScreenState'.
 - '_InformesProductosScreenState' is from 'package:vercy_motos/screens/reportes/informes_productos_screen.dart' ('lib/screens/reportes/informes_productos_screen.dart').
                            color: AppTheme.textPrimary,
                                   ^^^^^^^^
lib/screens/reportes/informes_productos_screen.dart:851:36:
Error: The getter 'AppTheme' isn't defined for the type '_InformesProductosScreenState'.
 - '_InformesProductosScreenState' is from 'package:vercy_motos/screens/reportes/informes_productos_screen.dart' ('lib/screens/reportes/informes_productos_screen.dart').
                            color: AppTheme.textSecondary,
                                   ^^^^^^^^
lib/screens/reportes/informes_productos_screen.dart:856:37:
Error: The getter 'AppTheme' isn't defined for the type '_InformesProductosScreenState'.
 - '_InformesProductosScreenState' is from 'package:vercy_motos/screens/reportes/informes_productos_screen.dart' ('lib/screens/reportes/informes_productos_screen.dart').
                        hoverColor: AppTheme.warning.withOpacity(0.1),
                                    ^^^^^^^^
lib/screens/reportes/informes_productos_screen.dart:882:22:
Error: 'Producto' isn't a type.
        Autocomplete<Producto>(
                     ^^^^^^^^
lib/screens/reportes/informes_productos_screen.dart:893:24:
Error: 'Producto' isn't a type.
          onSelected: (Producto producto) {
                       ^^^^^^^^
lib/screens/reportes/informes_productos_screen.dart:877:20:
Error: The getter 'AppTheme' isn't defined for the type '_InformesProductosScreenState'.
 - '_InformesProductosScreenState' is from 'package:vercy_motos/screens/reportes/informes_productos_screen.dart' ('lib/screens/reportes/informes_productos_screen.dart').
            color: AppTheme.textSecondary,
                   ^^^^^^^^
lib/screens/reportes/informes_productos_screen.dart:889:21:
Error: The getter 'nombre' isn't defined for the type 'Object?'.
 - 'Object' is from 'dart:core'.
                  p.nombre.toLowerCase().contains(query) ||
                    ^^^^^^
lib/screens/reportes/informes_productos_screen.dart:890:22:
Error: The getter 'codigo' isn't defined for the type 'Object?'.
 - 'Object' is from 'dart:core'.
                  (p.codigo?.toLowerCase().contains(query) ?? false),
                     ^^^^^^
lib/screens/reportes/informes_productos_screen.dart:900:39:
Error: The getter 'AppTheme' isn't defined for the type '_InformesProductosScreenState'.
 - '_InformesProductosScreenState' is from 'package:vercy_motos/screens/reportes/informes_productos_screen.dart' ('lib/screens/reportes/informes_productos_screen.dart').
              style: TextStyle(color: AppTheme.textPrimary, fontSize: 14),
                                      ^^^^^^^^
lib/screens/reportes/informes_productos_screen.dart:907:26:
Error: The getter 'AppTheme' isn't defined for the type '_InformesProductosScreenState'.
 - '_InformesProductosScreenState' is from 'package:vercy_motos/screens/reportes/informes_productos_screen.dart' ('lib/screens/reportes/informes_productos_screen.dart').
                  color: AppTheme.textSecondary.withOpacity(0.5),
                         ^^^^^^^^
lib/screens/reportes/informes_productos_screen.dart:912:26:
Error: The getter 'AppTheme' isn't defined for the type '_InformesProductosScreenState'.
 - '_InformesProductosScreenState' is from 'package:vercy_motos/screens/reportes/informes_productos_screen.dart' ('lib/screens/reportes/informes_productos_screen.dart').
                  color: AppTheme.textSecondary,
                         ^^^^^^^^
lib/screens/reportes/informes_productos_screen.dart:919:34:
Error: The getter 'AppTheme' isn't defined for the type '_InformesProductosScreenState'.
 - '_InformesProductosScreenState' is from 'package:vercy_motos/screens/reportes/informes_productos_screen.dart' ('lib/screens/reportes/informes_productos_screen.dart').
                          color: AppTheme.textSecondary,
                                 ^^^^^^^^
lib/screens/reportes/informes_productos_screen.dart:935:28:
Error: The getter 'AppTheme' isn't defined for the type '_InformesProductosScreenState'.
 - '_InformesProductosScreenState' is from 'package:vercy_motos/screens/reportes/informes_productos_screen.dart' ('lib/screens/reportes/informes_productos_screen.dart').
                    color: AppTheme.metal.withOpacity(0.2),
                           ^^^^^^^^
lib/screens/reportes/informes_productos_screen.dart:942:28:
Error: The getter 'AppTheme' isn't defined for the type '_InformesProductosScreenState'.
 - '_InformesProductosScreenState' is from 'package:vercy_motos/screens/reportes/informes_productos_screen.dart' ('lib/screens/reportes/informes_productos_screen.dart').
                    color: AppTheme.metal.withOpacity(0.2),
                           ^^^^^^^^
lib/screens/reportes/informes_productos_screen.dart:948:49:
Error: The getter 'AppTheme' isn't defined for the type '_InformesProductosScreenState'.
 - '_InformesProductosScreenState' is from 'package:vercy_motos/screens/reportes/informes_productos_screen.dart' ('lib/screens/reportes/informes_productos_screen.dart').
                  borderSide: BorderSide(color: AppTheme.warning, width: 1.5),
                                                ^^^^^^^^
lib/screens/reportes/informes_productos_screen.dart:951:28:
Error: The getter 'AppTheme' isn't defined for the type '_InformesProductosScreenState'.
 - '_InformesProductosScreenState' is from 'package:vercy_motos/screens/reportes/informes_productos_screen.dart' ('lib/screens/reportes/informes_productos_screen.dart').
                fillColor: AppTheme.cardBg,
                           ^^^^^^^^
lib/screens/reportes/informes_productos_screen.dart:883:44:
Error: The getter 'nombre' isn't defined for the type 'Object?'.
 - 'Object' is from 'dart:core'.
          displayStringForOption: (p) => p.nombre,
                                           ^^^^^^
lib/screens/reportes/informes_productos_screen.dart:960:24:
Error: The getter 'AppTheme' isn't defined for the type '_InformesProductosScreenState'.
 - '_InformesProductosScreenState' is from 'package:vercy_motos/screens/reportes/informes_productos_screen.dart' ('lib/screens/reportes/informes_productos_screen.dart').
                color: AppTheme.cardBg,
                       ^^^^^^^^
lib/screens/reportes/informes_productos_screen.dart:978:36:
Error: The getter 'AppTheme' isn't defined for the type '_InformesProductosScreenState'.
 - '_InformesProductosScreenState' is from 'package:vercy_motos/screens/reportes/informes_productos_screen.dart' ('lib/screens/reportes/informes_productos_screen.dart').
                            color: AppTheme.textPrimary,
                                   ^^^^^^^^
lib/screens/reportes/informes_productos_screen.dart:985:36:
Error: The getter 'AppTheme' isn't defined for the type '_InformesProductosScreenState'.
 - '_InformesProductosScreenState' is from 'package:vercy_motos/screens/reportes/informes_productos_screen.dart' ('lib/screens/reportes/informes_productos_screen.dart').
                            color: AppTheme.textSecondary,
                                   ^^^^^^^^
lib/screens/reportes/informes_productos_screen.dart:990:37:
Error: The getter 'AppTheme' isn't defined for the type '_InformesProductosScreenState'.
 - '_InformesProductosScreenState' is from 'package:vercy_motos/screens/reportes/informes_productos_screen.dart' ('lib/screens/reportes/informes_productos_screen.dart').
                        hoverColor: AppTheme.warning.withOpacity(0.1),
                                    ^^^^^^^^
lib/screens/reportes/informes_productos_screen.dart:1008:49:
Error: The getter 'AppTheme' isn't defined for the type '_InformesProductosScreenState'.
 - '_InformesProductosScreenState' is from 'package:vercy_motos/screens/reportes/informes_productos_screen.dart' ('lib/screens/reportes/informes_productos_screen.dart').
        child: CircularProgressIndicator(color: AppTheme.warning),
                                                ^^^^^^^^
lib/screens/reportes/informes_productos_screen.dart:1018:35:
Error: The getter 'AppTheme' isn't defined for the type '_InformesProductosScreenState'.
 - '_InformesProductosScreenState' is from 'package:vercy_motos/screens/reportes/informes_productos_screen.dart' ('lib/screens/reportes/informes_productos_screen.dart').
          style: TextStyle(color: AppTheme.textSecondary, fontSize: 16),
                                  ^^^^^^^^
lib/screens/reportes/informes_productos_screen.dart:1030:20:
Error: The getter 'AppTheme' isn't defined for the type '_InformesProductosScreenState'.
 - '_InformesProductosScreenState' is from 'package:vercy_motos/screens/reportes/informes_productos_screen.dart' ('lib/screens/reportes/informes_productos_screen.dart').
            color: AppTheme.cardBg,
                   ^^^^^^^^
lib/screens/reportes/informes_productos_screen.dart:1033:22:
Error: The getter 'AppTheme' isn't defined for the type '_InformesProductosScreenState'.
 - '_InformesProductosScreenState' is from 'package:vercy_motos/screens/reportes/informes_productos_screen.dart' ('lib/screens/reportes/informes_productos_screen.dart').
              color: AppTheme.metal.withOpacity(0.2),
                     ^^^^^^^^
lib/screens/reportes/informes_productos_screen.dart:1057:22:
Error: The getter 'AppTheme' isn't defined for the type '_InformesProductosScreenState'.
 - '_InformesProductosScreenState' is from 'package:vercy_motos/screens/reportes/informes_productos_screen.dart' ('lib/screens/reportes/informes_productos_screen.dart').
              color: AppTheme.metal.withOpacity(0.2),
                     ^^^^^^^^
lib/screens/reportes/informes_productos_screen.dart:1061:20:
Error: The getter 'AppTheme' isn't defined for the type '_InformesProductosScreenState'.
 - '_InformesProductosScreenState' is from 'package:vercy_motos/screens/reportes/informes_productos_screen.dart' ('lib/screens/reportes/informes_productos_screen.dart').
            color: AppTheme.cardBg,
                   ^^^^^^^^
lib/screens/reportes/informes_productos_screen.dart:1067:17:
Error: The getter 'AppTheme' isn't defined for the type '_InformesProductosScreenState'.
 - '_InformesProductosScreenState' is from 'package:vercy_motos/screens/reportes/informes_productos_screen.dart' ('lib/screens/reportes/informes_productos_screen.dart').
                AppTheme.backgroundDark.withOpacity(0.3),
                ^^^^^^^^
lib/screens/reportes/informes_productos_screen.dart:1073:26:
Error: The getter 'AppTheme' isn't defined for the type '_InformesProductosScreenState'.
 - '_InformesProductosScreenState' is from 'package:vercy_motos/screens/reportes/informes_productos_screen.dart' ('lib/screens/reportes/informes_productos_screen.dart').
                  return AppTheme.primary.withOpacity(0.1);
                         ^^^^^^^^
lib/screens/reportes/informes_productos_screen.dart:1075:24:
Error: The getter 'AppTheme' isn't defined for the type '_InformesProductosScreenState'.
 - '_InformesProductosScreenState' is from 'package:vercy_motos/screens/reportes/informes_productos_screen.dart' ('lib/screens/reportes/informes_productos_screen.dart').
                return AppTheme.cardBg;
                       ^^^^^^^^
lib/screens/reportes/informes_productos_screen.dart:1109:34:
Error: The getter 'AppTheme' isn't defined for the type '_InformesProductosScreenState'.
 - '_InformesProductosScreenState' is from 'package:vercy_motos/screens/reportes/informes_productos_screen.dart' ('lib/screens/reportes/informes_productos_screen.dart').
                          color: AppTheme.textPrimary,
                                 ^^^^^^^^
lib/screens/reportes/informes_productos_screen.dart:1118:34:
Error: The getter 'AppTheme' isn't defined for the type '_InformesProductosScreenState'.
 - '_InformesProductosScreenState' is from 'package:vercy_motos/screens/reportes/informes_productos_screen.dart' ('lib/screens/reportes/informes_productos_screen.dart').
                          color: AppTheme.textPrimary,
                                 ^^^^^^^^
lib/screens/reportes/informes_productos_screen.dart:1127:34:
Error: The getter 'AppTheme' isn't defined for the type '_InformesProductosScreenState'.
 - '_InformesProductosScreenState' is from 'package:vercy_motos/screens/reportes/informes_productos_screen.dart' ('lib/screens/reportes/informes_productos_screen.dart').
                          color: AppTheme.textPrimary,
                                 ^^^^^^^^
lib/screens/reportes/informes_productos_screen.dart:1136:34:
Error: The getter 'AppTheme' isn't defined for the type '_InformesProductosScreenState'.
 - '_InformesProductosScreenState' is from 'package:vercy_motos/screens/reportes/informes_productos_screen.dart' ('lib/screens/reportes/informes_productos_screen.dart').
                          color: AppTheme.textPrimary,
                                 ^^^^^^^^
lib/screens/reportes/informes_productos_screen.dart:1146:34:
Error: The getter 'AppTheme' isn't defined for the type '_InformesProductosScreenState'.
 - '_InformesProductosScreenState' is from 'package:vercy_motos/screens/reportes/informes_productos_screen.dart' ('lib/screens/reportes/informes_productos_screen.dart').
                          color: AppTheme.textPrimary,
                                 ^^^^^^^^
lib/screens/reportes/informes_productos_screen.dart:1156:34:
Error: The getter 'AppTheme' isn't defined for the type '_InformesProductosScreenState'.
 - '_InformesProductosScreenState' is from 'package:vercy_motos/screens/reportes/informes_productos_screen.dart' ('lib/screens/reportes/informes_productos_screen.dart').
                          color: AppTheme.textPrimary,
                                 ^^^^^^^^
lib/screens/reportes/informes_productos_screen.dart:1165:34:
Error: The getter 'AppTheme' isn't defined for the type '_InformesProductosScreenState'.
 - '_InformesProductosScreenState' is from 'package:vercy_motos/screens/reportes/informes_productos_screen.dart' ('lib/screens/reportes/informes_productos_screen.dart').
                          color: AppTheme.textPrimary,
                                 ^^^^^^^^
lib/screens/reportes/informes_productos_screen.dart:1174:34:
Error: The getter 'AppTheme' isn't defined for the type '_InformesProductosScreenState'.
 - '_InformesProductosScreenState' is from 'package:vercy_motos/screens/reportes/informes_productos_screen.dart' ('lib/screens/reportes/informes_productos_screen.dart').
                          color: AppTheme.textPrimary,
                                 ^^^^^^^^
lib/screens/reportes/informes_productos_screen.dart:1183:34:
Error: The getter 'AppTheme' isn't defined for the type '_InformesProductosScreenState'.
 - '_InformesProductosScreenState' is from 'package:vercy_motos/screens/reportes/informes_productos_screen.dart' ('lib/screens/reportes/informes_productos_screen.dart').
                          color: AppTheme.textPrimary,
                                 ^^^^^^^^
lib/screens/reportes/informes_productos_screen.dart:1193:33:
Error: The getter 'AppTheme' isn't defined for the type '_InformesProductosScreenState'.
 - '_InformesProductosScreenState' is from 'package:vercy_motos/screens/reportes/informes_productos_screen.dart' ('lib/screens/reportes/informes_productos_screen.dart').
                              ? AppTheme.warning
                                ^^^^^^^^
lib/screens/reportes/informes_productos_screen.dart:1194:33:
Error: The getter 'AppTheme' isn't defined for the type '_InformesProductosScreenState'.
 - '_InformesProductosScreenState' is from 'package:vercy_motos/screens/reportes/informes_productos_screen.dart' ('lib/screens/reportes/informes_productos_screen.dart').
                              : AppTheme.textPrimary,
                                ^^^^^^^^
lib/screens/reportes/informes_productos_screen.dart:1203:34:
Error: The getter 'AppTheme' isn't defined for the type '_InformesProductosScreenState'.
 - '_InformesProductosScreenState' is from 'package:vercy_motos/screens/reportes/informes_productos_screen.dart' ('lib/screens/reportes/informes_productos_screen.dart').
                          color: AppTheme.textPrimary,
                                 ^^^^^^^^
lib/screens/reportes/informes_productos_screen.dart:1212:34:
Error: The getter 'AppTheme' isn't defined for the type '_InformesProductosScreenState'.
 - '_InformesProductosScreenState' is from 'package:vercy_motos/screens/reportes/informes_productos_screen.dart' ('lib/screens/reportes/informes_productos_screen.dart').
                          color: AppTheme.success,
                                 ^^^^^^^^
lib/screens/reportes/informes_productos_screen.dart:1229:20:
Error: The getter 'AppTheme' isn't defined for the type '_InformesProductosScreenState'.
 - '_InformesProductosScreenState' is from 'package:vercy_motos/screens/reportes/informes_productos_screen.dart' ('lib/screens/reportes/informes_productos_screen.dart').
            color: AppTheme.cardBg,
                   ^^^^^^^^
lib/screens/reportes/informes_productos_screen.dart:1232:22:
Error: The getter 'AppTheme' isn't defined for the type '_InformesProductosScreenState'.
 - '_InformesProductosScreenState' is from 'package:vercy_motos/screens/reportes/informes_productos_screen.dart' ('lib/screens/reportes/informes_productos_screen.dart').
              color: AppTheme.metal.withOpacity(0.2),
                     ^^^^^^^^
lib/screens/reportes/informes_productos_screen.dart:1256:30:
Error: The getter 'AppTheme' isn't defined for the type '_InformesProductosScreenState'.
 - '_InformesProductosScreenState' is from 'package:vercy_motos/screens/reportes/informes_productos_screen.dart' ('lib/screens/reportes/informes_productos_screen.dart').
                      color: AppTheme.warning,
                             ^^^^^^^^
lib/screens/reportes/informes_productos_screen.dart:1267:30:
Error: The getter 'AppTheme' isn't defined for the type '_InformesProductosScreenState'.
 - '_InformesProductosScreenState' is from 'package:vercy_motos/screens/reportes/informes_productos_screen.dart' ('lib/screens/reportes/informes_productos_screen.dart').
                      color: AppTheme.success,
                             ^^^^^^^^
lib/screens/reportes/informes_productos_screen.dart:1279:40:
Error: The getter 'AppTheme' isn't defined for the type '_InformesProductosScreenState'.
 - '_InformesProductosScreenState' is from 'package:vercy_motos/screens/reportes/informes_productos_screen.dart' ('lib/screens/reportes/informes_productos_screen.dart').
                      backgroundColor: AppTheme.primary,
                                       ^^^^^^^^
lib/screens/reportes/informes_productos_screen.dart:1326:16:
Error: The getter 'AppTheme' isn't defined for the type '_InformesProductosScreenState'.
 - '_InformesProductosScreenState' is from 'package:vercy_motos/screens/reportes/informes_productos_screen.dart' ('lib/screens/reportes/informes_productos_screen.dart').
        color: AppTheme.textPrimary,
               ^^^^^^^^
lib/screens/reportes/informes_productos_screen.dart:1339:20:
Error: The getter 'AppTheme' isn't defined for the type '_InformesProductosScreenState'.
 - '_InformesProductosScreenState' is from 'package:vercy_motos/screens/reportes/informes_productos_screen.dart' ('lib/screens/reportes/informes_productos_screen.dart').
            color: AppTheme.textSecondary,
                   ^^^^^^^^
lib/screens/reportes/informes_productos_screen.dart:1348:20:
Error: The getter 'AppTheme' isn't defined for the type '_InformesProductosScreenState'.
 - '_InformesProductosScreenState' is from 'package:vercy_motos/screens/reportes/informes_productos_screen.dart' ('lib/screens/reportes/informes_productos_screen.dart').
            color: AppTheme.textPrimary,
                   ^^^^^^^^
lib/screens/reportes/informes_productos_screen.dart:1363:20:
Error: The getter 'AppTheme' isn't defined for the type '_InformesProductosScreenState'.
 - '_InformesProductosScreenState' is from 'package:vercy_motos/screens/reportes/informes_productos_screen.dart' ('lib/screens/reportes/informes_productos_screen.dart').
            color: AppTheme.textSecondary,
                   ^^^^^^^^
lib/screens/reportes/informes_productos_screen.dart:1372:29:
Error: The getter 'AppTheme' isn't defined for the type '_InformesProductosScreenState'.
 - '_InformesProductosScreenState' is from 'package:vercy_motos/screens/reportes/informes_productos_screen.dart' ('lib/screens/reportes/informes_productos_screen.dart').
            color: color ?? AppTheme.textPrimary,
                            ^^^^^^^^
lib/screens/reportes/informes_productos_screen.dart:1543:30:
Error: The getter 'AppTheme' isn't defined for the type '_InformesProductosScreenState'.
 - '_InformesProductosScreenState' is from 'package:vercy_motos/screens/reportes/informes_productos_screen.dart' ('lib/screens/reportes/informes_productos_screen.dart').
            backgroundColor: AppTheme.cardBg,
                             ^^^^^^^^
lib/screens/reportes/informes_productos_screen.dart:1547:50:
Error: The getter 'AppTheme' isn't defined for the type '_InformesProductosScreenState'.
 - '_InformesProductosScreenState' is from 'package:vercy_motos/screens/reportes/informes_productos_screen.dart' ('lib/screens/reportes/informes_productos_screen.dart').
                CircularProgressIndicator(color: AppTheme.primary),
                                                 ^^^^^^^^
lib/screens/reportes/informes_productos_screen.dart:1551:43:
Error: The getter 'AppTheme' isn't defined for the type '_InformesProductosScreenState'.
 - '_InformesProductosScreenState' is from 'package:vercy_motos/screens/reportes/informes_productos_screen.dart' ('lib/screens/reportes/informes_productos_screen.dart').
                  style: TextStyle(color: AppTheme.textPrimary),
                                          ^^^^^^^^
lib/screens/facturacion/pedidos_screen_fusion.dart:27:21:
Error: 'Producto' isn't a type.
    if (producto is Producto) return producto.nombre;
                    ^^^^^^^^
lib/screens/facturacion/pedidos_screen_fusion.dart:29:14:
Error: The getter 'Producto' isn't defined for the type '_PedidosScreenFusionState'.
 - '_PedidosScreenFusionState' is from 'package:vercy_motos/screens/facturacion/pedidos_screen_fusion.dart' ('lib/screens/facturacion/pedidos_screen_fusion.dart').
      return Producto.fromJson(producto).nombre;
             ^^^^^^^^
lib/screens/facturacion/pedidos_screen_fusion.dart:35:28:
Error: 'Pedido' isn't a type.
  double _getTotalCorrecto(Pedido pedido) {
                           ^^^^^^
lib/screens/facturacion/pedidos_screen_fusion.dart:46:35:
Error: 'Pedido' isn't a type.
  String _getTotalConPropinaTexto(Pedido pedido) {
                                  ^^^^^^
lib/screens/facturacion/pedidos_screen_fusion.dart:50:26:
Error: The getter 'EstadoPedido' isn't defined for the type '_PedidosScreenFusionState'.
 - '_PedidosScreenFusionState' is from 'package:vercy_motos/screens/facturacion/pedidos_screen_fusion.dart' ('lib/screens/facturacion/pedidos_screen_fusion.dart').
    if (pedido.estado == EstadoPedido.pagado && pedido.propina > 0) {
                         ^^^^^^^^^^^^
lib/screens/facturacion/pedidos_screen_fusion.dart:52:14:
Error: The method 'formatCurrency' isn't defined for the type '_PedidosScreenFusionState'.
 - '_PedidosScreenFusionState' is from 'package:vercy_motos/screens/facturacion/pedidos_screen_fusion.dart' ('lib/screens/facturacion/pedidos_screen_fusion.dart').
      return formatCurrency(totalConPropina);
             ^^^^^^^^^^^^^^
lib/screens/facturacion/pedidos_screen_fusion.dart:56:12:
Error: The method 'formatCurrency' isn't defined for the type '_PedidosScreenFusionState'.
 - '_PedidosScreenFusionState' is from 'package:vercy_motos/screens/facturacion/pedidos_screen_fusion.dart' ('lib/screens/facturacion/pedidos_screen_fusion.dart').
    return formatCurrency(totalBase);
           ^^^^^^^^^^^^^^
lib/screens/facturacion/pedidos_screen_fusion.dart:60:21:
Error: 'Pedido' isn't a type.
  bool _esPagoMixto(Pedido pedido) {
                    ^^^^^^
lib/screens/facturacion/pedidos_screen_fusion.dart:65:45:
Error: 'Pedido' isn't a type.
  Map<String, double> _obtenerDesglosePagos(Pedido pedido) {
                                            ^^^^^^
lib/screens/facturacion/pedidos_screen_fusion.dart:84:33:
Error: 'Pedido' isn't a type.
  String _generarTextoPagoMixto(Pedido pedido) {
                                ^^^^^^
lib/screens/facturacion/pedidos_screen_fusion.dart:91:42:
Error: The method 'formatCurrency' isn't defined for the type '_PedidosScreenFusionState'.
 - '_PedidosScreenFusionState' is from 'package:vercy_motos/screens/facturacion/pedidos_screen_fusion.dart' ('lib/screens/facturacion/pedidos_screen_fusion.dart').
        .map((entry) => "${entry.key}: ${formatCurrency(entry.value)}")
                                         ^^^^^^^^^^^^^^
lib/screens/facturacion/pedidos_screen_fusion.dart:99:24:
Error: The getter 'AppTheme' isn't defined for the type '_PedidosScreenFusionState'.
 - '_PedidosScreenFusionState' is from 'package:vercy_motos/screens/facturacion/pedidos_screen_fusion.dart' ('lib/screens/facturacion/pedidos_screen_fusion.dart').
  Color get primary => AppTheme.primary;
                       ^^^^^^^^
lib/screens/facturacion/pedidos_screen_fusion.dart:100:23:
Error: The getter 'AppTheme' isn't defined for the type '_PedidosScreenFusionState'.
 - '_PedidosScreenFusionState' is from 'package:vercy_motos/screens/facturacion/pedidos_screen_fusion.dart' ('lib/screens/facturacion/pedidos_screen_fusion.dart').
  Color get cardBg => AppTheme.cardBg;
                      ^^^^^^^^
lib/screens/facturacion/pedidos_screen_fusion.dart:101:25:
Error: The getter 'AppTheme' isn't defined for the type '_PedidosScreenFusionState'.
 - '_PedidosScreenFusionState' is from 'package:vercy_motos/screens/facturacion/pedidos_screen_fusion.dart' ('lib/screens/facturacion/pedidos_screen_fusion.dart').
  Color get textDark => AppTheme.textDark; // Ahora es blanco desde el tema
                        ^^^^^^^^
lib/screens/facturacion/pedidos_screen_fusion.dart:103:7:
Error: The getter 'AppTheme' isn't defined for the type '_PedidosScreenFusionState'.
 - '_PedidosScreenFusionState' is from 'package:vercy_motos/screens/facturacion/pedidos_screen_fusion.dart' ('lib/screens/facturacion/pedidos_screen_fusion.dart').
      AppTheme.textLight; // Ahora es gris claro con buen contraste
      ^^^^^^^^
lib/screens/facturacion/pedidos_screen_fusion.dart:104:23:
Error: The getter 'AppTheme' isn't defined for the type '_PedidosScreenFusionState'.
 - '_PedidosScreenFusionState' is from 'package:vercy_motos/screens/facturacion/pedidos_screen_fusion.dart' ('lib/screens/facturacion/pedidos_screen_fusion.dart').
  Color get bgDark => AppTheme.backgroundDark;
                      ^^^^^^^^
lib/screens/facturacion/pedidos_screen_fusion.dart:110:9:
Error: 'PedidoService' isn't a type.
  final PedidoService _pedidoService = PedidoService();
        ^^^^^^^^^^^^^
lib/screens/facturacion/pedidos_screen_fusion.dart:110:40:
Error: Method not found: 'PedidoService'.
  final PedidoService _pedidoService = PedidoService();
                                       ^^^^^^^^^^^^^
lib/screens/facturacion/pedidos_screen_fusion.dart:111:9:
Error: 'CuadreCajaService' isn't a type.
  final CuadreCajaService _cuadreCajaService = CuadreCajaService();
        ^^^^^^^^^^^^^^^^^
lib/screens/facturacion/pedidos_screen_fusion.dart:111:48:
Error: Method not found: 'CuadreCajaService'.
  final CuadreCajaService _cuadreCajaService = CuadreCajaService();
                                               ^^^^^^^^^^^^^^^^^
lib/screens/facturacion/pedidos_screen_fusion.dart:112:9:
Error: 'InventarioService' isn't a type.
  final InventarioService _inventarioService = InventarioService();
        ^^^^^^^^^^^^^^^^^
lib/screens/facturacion/pedidos_screen_fusion.dart:112:48:
Error: Method not found: 'InventarioService'.
  final InventarioService _inventarioService = InventarioService();
                                               ^^^^^^^^^^^^^^^^^
lib/screens/facturacion/pedidos_screen_fusion.dart:113:8:
Error: 'Pedido' isn't a type.
  List<Pedido> _pedidos = [];
       ^^^^^^
lib/screens/facturacion/pedidos_screen_fusion.dart:114:8:
Error: 'Pedido' isn't a type.
  List<Pedido> _pedidosFiltrados = [];
       ^^^^^^
lib/screens/facturacion/pedidos_screen_fusion.dart:115:8:
Error: 'Pedido' isn't a type.
  List<Pedido> _pedidosPorPeriodoCaja =
       ^^^^^^
lib/screens/facturacion/pedidos_screen_fusion.dart:119:3:
Error: 'CuadreCaja' isn't a type.
  CuadreCaja? _cajaActiva;
  ^^^^^^^^^^
lib/screens/facturacion/pedidos_screen_fusion.dart:122:3:
Error: 'TipoPedido' isn't a type.
  TipoPedido? _tipoFiltro;
  ^^^^^^^^^^
lib/screens/facturacion/pedidos_screen_fusion.dart:123:3:
Error: 'EstadoPedido' isn't a type.
  EstadoPedido? _estadoFiltro;
  ^^^^^^^^^^^^
lib/screens/facturacion/pedidos_screen_fusion.dart:126:14:
Error: 'EstadoPedido' isn't a type.
  final List<EstadoPedido> _estados = [
             ^^^^^^^^^^^^
lib/screens/facturacion/pedidos_screen_fusion.dart:127:5:
Error: Undefined name 'EstadoPedido'.
    EstadoPedido.activo,
    ^^^^^^^^^^^^
lib/screens/facturacion/pedidos_screen_fusion.dart:128:5:
Error: Undefined name 'EstadoPedido'.
    EstadoPedido.pagado,
    ^^^^^^^^^^^^
lib/screens/facturacion/pedidos_screen_fusion.dart:129:5:
Error: Undefined name 'EstadoPedido'.
    EstadoPedido.cancelado,
    ^^^^^^^^^^^^
lib/screens/facturacion/pedidos_screen_fusion.dart:175:23:
Error: The getter 'TipoPedido' isn't defined for the type '_PedidosScreenFusionState'.
 - '_PedidosScreenFusionState' is from 'package:vercy_motos/screens/facturacion/pedidos_screen_fusion.dart' ('lib/screens/facturacion/pedidos_screen_fusion.dart').
        _tipoFiltro = TipoPedido.cortesia;
                      ^^^^^^^^^^
lib/screens/facturacion/pedidos_screen_fusion.dart:178:23:
Error: The getter 'TipoPedido' isn't defined for the type '_PedidosScreenFusionState'.
 - '_PedidosScreenFusionState' is from 'package:vercy_motos/screens/facturacion/pedidos_screen_fusion.dart' ('lib/screens/facturacion/pedidos_screen_fusion.dart').
        _tipoFiltro = TipoPedido.interno;
                      ^^^^^^^^^^
lib/screens/facturacion/pedidos_screen_fusion.dart:197:42:
Error: 'Pedido' isn't a type.
      final pedidos = futures[0] as List<Pedido>;
                                         ^^^^^^
lib/screens/facturacion/pedidos_screen_fusion.dart:198:40:
Error: 'CuadreCaja' isn't a type.
      final cajaActiva = futures[1] as CuadreCaja?;
                                       ^^^^^^^^^^
lib/screens/facturacion/pedidos_screen_fusion.dart:204:12:
Error: 'Pedido' isn't a type.
      List<Pedido> pedidosPorPeriodoCaja = [];
           ^^^^^^
lib/screens/facturacion/pedidos_screen_fusion.dart:192:41:
Error: The argument type 'List<dynamic>' can't be assigned to the parameter type 'Iterable<Future<dynamic>>'.
 - 'List' is from 'dart:core'.
 - 'Iterable' is from 'dart:core'.
 - 'Future' is from 'dart:async'.
      final futures = await Future.wait([
                                        ^
lib/screens/facturacion/pedidos_screen_fusion.dart:201:32:
Error: The getter 'fecha' isn't defined for the type 'Object?'.
 - 'Object' is from 'dart:core'.
      pedidos.sort((a, b) => b.fecha.compareTo(a.fecha));
                               ^^^^^
lib/screens/facturacion/pedidos_screen_fusion.dart:201:50:
Error: The getter 'fecha' isn't defined for the type 'Object?'.
 - 'Object' is from 'dart:core'.
      pedidos.sort((a, b) => b.fecha.compareTo(a.fecha));
                                                 ^^^^^
lib/screens/facturacion/pedidos_screen_fusion.dart:209:25:
Error: The getter 'estado' isn't defined for the type 'Object?'.
 - 'Object' is from 'dart:core'.
          return pedido.estado == EstadoPedido.pagado &&
                        ^^^^^^
lib/screens/facturacion/pedidos_screen_fusion.dart:209:35:
Error: The getter 'EstadoPedido' isn't defined for the type '_PedidosScreenFusionState'.
 - '_PedidosScreenFusionState' is from 'package:vercy_motos/screens/facturacion/pedidos_screen_fusion.dart' ('lib/screens/facturacion/pedidos_screen_fusion.dart').
          return pedido.estado == EstadoPedido.pagado &&
                                  ^^^^^^^^^^^^
lib/screens/facturacion/pedidos_screen_fusion.dart:210:22:
Error: The getter 'fecha' isn't defined for the type 'Object?'.
 - 'Object' is from 'dart:core'.
              pedido.fecha.isAfter(cajaActiva.fechaApertura);
                     ^^^^^
lib/screens/facturacion/pedidos_screen_fusion.dart:219:25:
Error: The getter 'estado' isn't defined for the type 'Object?'.
 - 'Object' is from 'dart:core'.
          return pedido.estado == EstadoPedido.pagado &&
                        ^^^^^^
lib/screens/facturacion/pedidos_screen_fusion.dart:219:35:
Error: The getter 'EstadoPedido' isn't defined for the type '_PedidosScreenFusionState'.
 - '_PedidosScreenFusionState' is from 'package:vercy_motos/screens/facturacion/pedidos_screen_fusion.dart' ('lib/screens/facturacion/pedidos_screen_fusion.dart').
          return pedido.estado == EstadoPedido.pagado &&
                                  ^^^^^^^^^^^^
lib/screens/facturacion/pedidos_screen_fusion.dart:220:22:
Error: The getter 'fecha' isn't defined for the type 'Object?'.
 - 'Object' is from 'dart:core'.
              pedido.fecha.isAfter(inicioDelDia);
                     ^^^^^
lib/screens/facturacion/pedidos_screen_fusion.dart:241:45:
Error: 'Pedido' isn't a type.
  Future<void> _reversarInventarioDelPedido(Pedido pedido) async {
                                            ^^^^^^
lib/screens/facturacion/pedidos_screen_fusion.dart:266:27:
Error: The method 'Inventario' isn't defined for the type '_PedidosScreenFusionState'.
 - '_PedidosScreenFusionState' is from 'package:vercy_motos/screens/facturacion/pedidos_screen_fusion.dart' ('lib/screens/facturacion/pedidos_screen_fusion.dart').
            orElse: () => Inventario(
                          ^^^^^^^^^^
lib/screens/facturacion/pedidos_screen_fusion.dart:288:30:
Error: The method 'MovimientoInventario' isn't defined for the type '_PedidosScreenFusionState'.
 - '_PedidosScreenFusionState' is from 'package:vercy_motos/screens/facturacion/pedidos_screen_fusion.dart' ('lib/screens/facturacion/pedidos_screen_fusion.dart').
          final movimiento = MovimientoInventario(
                             ^^^^^^^^^^^^^^^^^^^^
lib/screens/facturacion/pedidos_screen_fusion.dart:320:25:
Error: 'EstadoPedido' isn't a type.
  Color _getEstadoColor(EstadoPedido estado) {
                        ^^^^^^^^^^^^
lib/screens/facturacion/pedidos_screen_fusion.dart:322:12:
Error: Not a constant expression.
      case EstadoPedido.activo:
           ^^^^^^^^^^^^
lib/screens/facturacion/pedidos_screen_fusion.dart:324:12:
Error: Not a constant expression.
      case EstadoPedido.pagado:
           ^^^^^^^^^^^^
lib/screens/facturacion/pedidos_screen_fusion.dart:326:12:
Error: Not a constant expression.
      case EstadoPedido.cancelado:
           ^^^^^^^^^^^^
lib/screens/facturacion/pedidos_screen_fusion.dart:328:12:
Error: Not a constant expression.
      case EstadoPedido.cortesia:
           ^^^^^^^^^^^^
lib/screens/facturacion/pedidos_screen_fusion.dart:323:16:
Error: The getter 'AppTheme' isn't defined for the type '_PedidosScreenFusionState'.
 - '_PedidosScreenFusionState' is from 'package:vercy_motos/screens/facturacion/pedidos_screen_fusion.dart' ('lib/screens/facturacion/pedidos_screen_fusion.dart').
        return AppTheme.success;
               ^^^^^^^^
lib/screens/facturacion/pedidos_screen_fusion.dart:325:16:
Error: The getter 'AppTheme' isn't defined for the type '_PedidosScreenFusionState'.
 - '_PedidosScreenFusionState' is from 'package:vercy_motos/screens/facturacion/pedidos_screen_fusion.dart' ('lib/screens/facturacion/pedidos_screen_fusion.dart').
        return AppTheme.info;
               ^^^^^^^^
lib/screens/facturacion/pedidos_screen_fusion.dart:327:16:
Error: The getter 'AppTheme' isn't defined for the type '_PedidosScreenFusionState'.
 - '_PedidosScreenFusionState' is from 'package:vercy_motos/screens/facturacion/pedidos_screen_fusion.dart' ('lib/screens/facturacion/pedidos_screen_fusion.dart').
        return AppTheme.error;
               ^^^^^^^^
lib/screens/facturacion/pedidos_screen_fusion.dart:329:16:
Error: The getter 'AppTheme' isn't defined for the type '_PedidosScreenFusionState'.
 - '_PedidosScreenFusionState' is from 'package:vercy_motos/screens/facturacion/pedidos_screen_fusion.dart' ('lib/screens/facturacion/pedidos_screen_fusion.dart').
        return AppTheme.success;
               ^^^^^^^^
lib/screens/facturacion/pedidos_screen_fusion.dart:320:9:
Error: A non-null value must be returned since the return type 'Color' doesn't allow null.
 - 'Color' is from 'dart:ui'.
  Color _getEstadoColor(EstadoPedido estado) {
        ^
lib/screens/facturacion/pedidos_screen_fusion.dart:333:26:
Error: 'EstadoPedido' isn't a type.
  String _getEstadoTexto(EstadoPedido estado) {
                         ^^^^^^^^^^^^
lib/screens/facturacion/pedidos_screen_fusion.dart:335:12:
Error: Not a constant expression.
      case EstadoPedido.activo:
           ^^^^^^^^^^^^
lib/screens/facturacion/pedidos_screen_fusion.dart:337:12:
Error: Not a constant expression.
      case EstadoPedido.pagado:
           ^^^^^^^^^^^^
lib/screens/facturacion/pedidos_screen_fusion.dart:339:12:
Error: Not a constant expression.
      case EstadoPedido.cancelado:
           ^^^^^^^^^^^^
lib/screens/facturacion/pedidos_screen_fusion.dart:341:12:
Error: Not a constant expression.
      case EstadoPedido.cortesia:
           ^^^^^^^^^^^^
lib/screens/facturacion/pedidos_screen_fusion.dart:333:10:
Error: A non-null value must be returned since the return type 'String' doesn't allow null.
  String _getEstadoTexto(EstadoPedido estado) {
         ^
lib/screens/facturacion/pedidos_screen_fusion.dart:346:23:
Error: 'TipoPedido' isn't a type.
  Color _getTipoColor(TipoPedido tipo) {
                      ^^^^^^^^^^
lib/screens/facturacion/pedidos_screen_fusion.dart:348:12:
Error: Not a constant expression.
      case TipoPedido.normal:
           ^^^^^^^^^^
lib/screens/facturacion/pedidos_screen_fusion.dart:350:12:
Error: Not a constant expression.
      case TipoPedido.cortesia:
           ^^^^^^^^^^
lib/screens/facturacion/pedidos_screen_fusion.dart:352:12:
Error: Not a constant expression.
      case TipoPedido.interno:
           ^^^^^^^^^^
lib/screens/facturacion/pedidos_screen_fusion.dart:354:12:
Error: Not a constant expression.
      case TipoPedido.rt:
           ^^^^^^^^^^
lib/screens/facturacion/pedidos_screen_fusion.dart:356:12:
Error: Not a constant expression.
      case TipoPedido.cancelado:
           ^^^^^^^^^^
lib/screens/facturacion/pedidos_screen_fusion.dart:358:12:
Error: Not a constant expression.
      case TipoPedido.domicilio:
           ^^^^^^^^^^
lib/screens/facturacion/pedidos_screen_fusion.dart:349:16:
Error: The getter 'AppTheme' isn't defined for the type '_PedidosScreenFusionState'.
 - '_PedidosScreenFusionState' is from 'package:vercy_motos/screens/facturacion/pedidos_screen_fusion.dart' ('lib/screens/facturacion/pedidos_screen_fusion.dart').
        return AppTheme.info;
               ^^^^^^^^
lib/screens/facturacion/pedidos_screen_fusion.dart:351:16:
Error: The getter 'AppTheme' isn't defined for the type '_PedidosScreenFusionState'.
 - '_PedidosScreenFusionState' is from 'package:vercy_motos/screens/facturacion/pedidos_screen_fusion.dart' ('lib/screens/facturacion/pedidos_screen_fusion.dart').
        return AppTheme.success;
               ^^^^^^^^
lib/screens/facturacion/pedidos_screen_fusion.dart:353:16:
Error: The getter 'AppTheme' isn't defined for the type '_PedidosScreenFusionState'.
 - '_PedidosScreenFusionState' is from 'package:vercy_motos/screens/facturacion/pedidos_screen_fusion.dart' ('lib/screens/facturacion/pedidos_screen_fusion.dart').
        return AppTheme.accent;
               ^^^^^^^^
lib/screens/facturacion/pedidos_screen_fusion.dart:355:16:
Error: The getter 'AppTheme' isn't defined for the type '_PedidosScreenFusionState'.
 - '_PedidosScreenFusionState' is from 'package:vercy_motos/screens/facturacion/pedidos_screen_fusion.dart' ('lib/screens/facturacion/pedidos_screen_fusion.dart').
        return AppTheme.warning;
               ^^^^^^^^
lib/screens/facturacion/pedidos_screen_fusion.dart:357:16:
Error: The getter 'AppTheme' isn't defined for the type '_PedidosScreenFusionState'.
 - '_PedidosScreenFusionState' is from 'package:vercy_motos/screens/facturacion/pedidos_screen_fusion.dart' ('lib/screens/facturacion/pedidos_screen_fusion.dart').
        return AppTheme.error;
               ^^^^^^^^
lib/screens/facturacion/pedidos_screen_fusion.dart:359:16:
Error: The getter 'AppTheme' isn't defined for the type '_PedidosScreenFusionState'.
 - '_PedidosScreenFusionState' is from 'package:vercy_motos/screens/facturacion/pedidos_screen_fusion.dart' ('lib/screens/facturacion/pedidos_screen_fusion.dart').
        return AppTheme.primary;
               ^^^^^^^^
lib/screens/facturacion/pedidos_screen_fusion.dart:346:9:
Error: A non-null value must be returned since the return type 'Color' doesn't allow null.
 - 'Color' is from 'dart:ui'.
  Color _getTipoColor(TipoPedido tipo) {
        ^
lib/screens/facturacion/pedidos_screen_fusion.dart:363:24:
Error: 'TipoPedido' isn't a type.
  String _getTipoTexto(TipoPedido tipo) {
                       ^^^^^^^^^^
lib/screens/facturacion/pedidos_screen_fusion.dart:365:12:
Error: Not a constant expression.
      case TipoPedido.normal:
           ^^^^^^^^^^
lib/screens/facturacion/pedidos_screen_fusion.dart:367:12:
Error: Not a constant expression.
      case TipoPedido.cortesia:
           ^^^^^^^^^^
lib/screens/facturacion/pedidos_screen_fusion.dart:369:12:
Error: Not a constant expression.
      case TipoPedido.interno:
           ^^^^^^^^^^
lib/screens/facturacion/pedidos_screen_fusion.dart:371:12:
Error: Not a constant expression.
      case TipoPedido.rt:
           ^^^^^^^^^^
lib/screens/facturacion/pedidos_screen_fusion.dart:373:12:
Error: Not a constant expression.
      case TipoPedido.cancelado:
           ^^^^^^^^^^
lib/screens/facturacion/pedidos_screen_fusion.dart:375:12:
Error: Not a constant expression.
      case TipoPedido.domicilio:
           ^^^^^^^^^^
lib/screens/facturacion/pedidos_screen_fusion.dart:363:10:
Error: A non-null value must be returned since the return type 'String' doesn't allow null.
  String _getTipoTexto(TipoPedido tipo) {
         ^
lib/screens/facturacion/pedidos_screen_fusion.dart:398:10:
Error: 'Pedido' isn't a type.
    List<Pedido> pedidosFiltrados = List.from(_pedidos);
         ^^^^^^
lib/screens/facturacion/pedidos_screen_fusion.dart:403:18:
Error: The getter 'total' isn't defined for the type 'Object?'.
 - 'Object' is from 'dart:core'.
      if (pedido.total <= 0 && pedido.items.isEmpty) {
                 ^^^^^
lib/screens/facturacion/pedidos_screen_fusion.dart:403:39:
Error: The getter 'items' isn't defined for the type 'Object?'.
 - 'Object' is from 'dart:core'.
      if (pedido.total <= 0 && pedido.items.isEmpty) {
                                      ^^^^^
lib/screens/facturacion/pedidos_screen_fusion.dart:413:37:
Error: The getter 'tipo' isn't defined for the type 'Object?'.
 - 'Object' is from 'dart:core'.
          .where((pedido) => pedido.tipo == _tipoFiltro)
                                    ^^^^
lib/screens/facturacion/pedidos_screen_fusion.dart:424:30:
Error: The getter 'EstadoPedido' isn't defined for the type '_PedidosScreenFusionState'.
 - '_PedidosScreenFusionState' is from 'package:vercy_motos/screens/facturacion/pedidos_screen_fusion.dart' ('lib/screens/facturacion/pedidos_screen_fusion.dart').
        if (_estadoFiltro == EstadoPedido.cortesia) {
                             ^^^^^^^^^^^^
lib/screens/facturacion/pedidos_screen_fusion.dart:425:25:
Error: The getter 'estado' isn't defined for the type 'Object?'.
 - 'Object' is from 'dart:core'.
          return pedido.estado == EstadoPedido.cortesia ||
                        ^^^^^^
lib/screens/facturacion/pedidos_screen_fusion.dart:425:35:
Error: The getter 'EstadoPedido' isn't defined for the type '_PedidosScreenFusionState'.
 - '_PedidosScreenFusionState' is from 'package:vercy_motos/screens/facturacion/pedidos_screen_fusion.dart' ('lib/screens/facturacion/pedidos_screen_fusion.dart').
          return pedido.estado == EstadoPedido.cortesia ||
                                  ^^^^^^^^^^^^
lib/screens/facturacion/pedidos_screen_fusion.dart:426:22:
Error: The getter 'tipo' isn't defined for the type 'Object?'.
 - 'Object' is from 'dart:core'.
              pedido.tipo == TipoPedido.cortesia;
                     ^^^^
lib/screens/facturacion/pedidos_screen_fusion.dart:426:30:
Error: The getter 'TipoPedido' isn't defined for the type '_PedidosScreenFusionState'.
 - '_PedidosScreenFusionState' is from 'package:vercy_motos/screens/facturacion/pedidos_screen_fusion.dart' ('lib/screens/facturacion/pedidos_screen_fusion.dart').
              pedido.tipo == TipoPedido.cortesia;
                             ^^^^^^^^^^
lib/screens/facturacion/pedidos_screen_fusion.dart:430:30:
Error: The getter 'EstadoPedido' isn't defined for the type '_PedidosScreenFusionState'.
 - '_PedidosScreenFusionState' is from 'package:vercy_motos/screens/facturacion/pedidos_screen_fusion.dart' ('lib/screens/facturacion/pedidos_screen_fusion.dart').
        if (_estadoFiltro == EstadoPedido.activo) {
                             ^^^^^^^^^^^^
lib/screens/facturacion/pedidos_screen_fusion.dart:435:35:
Error: The getter 'estado' isn't defined for the type 'Object?'.
 - 'Object' is from 'dart:core'.
          final esActivo = pedido.estado == EstadoPedido.activo &&
                                  ^^^^^^
lib/screens/facturacion/pedidos_screen_fusion.dart:435:45:
Error: The getter 'EstadoPedido' isn't defined for the type '_PedidosScreenFusionState'.
 - '_PedidosScreenFusionState' is from 'package:vercy_motos/screens/facturacion/pedidos_screen_fusion.dart' ('lib/screens/facturacion/pedidos_screen_fusion.dart').
          final esActivo = pedido.estado == EstadoPedido.activo &&
                                            ^^^^^^^^^^^^
lib/screens/facturacion/pedidos_screen_fusion.dart:436:35:
Error: The getter 'estaPagado' isn't defined for the type 'Object?'.
 - 'Object' is from 'dart:core'.
                          !pedido.estaPagado &&
                                  ^^^^^^^^^^
lib/screens/facturacion/pedidos_screen_fusion.dart:437:35:
Error: The getter 'pagadoPor' isn't defined for the type 'Object?'.
 - 'Object' is from 'dart:core'.
                          (pedido.pagadoPor == null || pedido.pagadoPor!.isEmpty);
                                  ^^^^^^^^^
lib/screens/facturacion/pedidos_screen_fusion.dart:437:63:
Error: The getter 'pagadoPor' isn't defined for the type 'Object?'.
 - 'Object' is from 'dart:core'.
                          (pedido.pagadoPor == null || pedido.pagadoPor!.isEmpty);
                                                              ^^^^^^^^^
lib/screens/facturacion/pedidos_screen_fusion.dart:442:30:
Error: The getter 'EstadoPedido' isn't defined for the type '_PedidosScreenFusionState'.
 - '_PedidosScreenFusionState' is from 'package:vercy_motos/screens/facturacion/pedidos_screen_fusion.dart' ('lib/screens/facturacion/pedidos_screen_fusion.dart').
        if (_estadoFiltro == EstadoPedido.pagado) {
                             ^^^^^^^^^^^^
lib/screens/facturacion/pedidos_screen_fusion.dart:446:36:
Error: The getter 'estado' isn't defined for the type 'Object?'.
 - 'Object' is from 'dart:core'.
          final esPagado = (pedido.estado == EstadoPedido.pagado || pedido.estaPagado) &&
                                   ^^^^^^
lib/screens/facturacion/pedidos_screen_fusion.dart:446:46:
Error: The getter 'EstadoPedido' isn't defined for the type '_PedidosScreenFusionState'.
 - '_PedidosScreenFusionState' is from 'package:vercy_motos/screens/facturacion/pedidos_screen_fusion.dart' ('lib/screens/facturacion/pedidos_screen_fusion.dart').
          final esPagado = (pedido.estado == EstadoPedido.pagado || pedido.estaPagado) &&
                                             ^^^^^^^^^^^^
lib/screens/facturacion/pedidos_screen_fusion.dart:446:76:
Error: The getter 'estaPagado' isn't defined for the type 'Object?'.
 - 'Object' is from 'dart:core'.
          final esPagado = (pedido.estado == EstadoPedido.pagado || pedido.estaPagado) &&
                                                                           ^^^^^^^^^^
lib/screens/facturacion/pedidos_screen_fusion.dart:447:34:
Error: The getter 'pagadoPor' isn't defined for the type 'Object?'.
 - 'Object' is from 'dart:core'.
                          pedido.pagadoPor != null && 
                                 ^^^^^^^^^
lib/screens/facturacion/pedidos_screen_fusion.dart:448:34:
Error: The getter 'pagadoPor' isn't defined for the type 'Object?'.
 - 'Object' is from 'dart:core'.
                          pedido.pagadoPor!.isNotEmpty;
                                 ^^^^^^^^^
lib/screens/facturacion/pedidos_screen_fusion.dart:453:23:
Error: The getter 'estado' isn't defined for the type 'Object?'.
 - 'Object' is from 'dart:core'.
        return pedido.estado == _estadoFiltro;
                      ^^^^^^
lib/screens/facturacion/pedidos_screen_fusion.dart:471:40:
Error: The getter 'mesa' isn't defined for the type 'Object?'.
 - 'Object' is from 'dart:core'.
        final mesaNormalizada = pedido.mesa.trim().toLowerCase();
                                       ^^^^
lib/screens/facturacion/pedidos_screen_fusion.dart:480:32:
Error: The getter 'id' isn't defined for the type 'Object?'.
 - 'Object' is from 'dart:core'.
        final idMatch = pedido.id.toLowerCase().contains(query);
                               ^^
lib/screens/facturacion/pedidos_screen_fusion.dart:481:38:
Error: The getter 'cliente' isn't defined for the type 'Object?'.
 - 'Object' is from 'dart:core'.
        final clienteMatch = (pedido.cliente?.toLowerCase().contains(query) ?? false);
                                     ^^^^^^^
lib/screens/facturacion/pedidos_screen_fusion.dart:482:36:
Error: The getter 'mesero' isn't defined for the type 'Object?'.
 - 'Object' is from 'dart:core'.
        final meseroMatch = pedido.mesero.toLowerCase().contains(query);
                                   ^^^^^^
lib/screens/facturacion/pedidos_screen_fusion.dart:483:50:
Error: The getter 'total' isn't defined for the type 'Object?'.
 - 'Object' is from 'dart:core'.
        final totalMatch = formatCurrency(pedido.total).toLowerCase().contains(query);
                                                 ^^^^^
lib/screens/facturacion/pedidos_screen_fusion.dart:483:28:
Error: The method 'formatCurrency' isn't defined for the type '_PedidosScreenFusionState'.
 - '_PedidosScreenFusionState' is from 'package:vercy_motos/screens/facturacion/pedidos_screen_fusion.dart' ('lib/screens/facturacion/pedidos_screen_fusion.dart').
        final totalMatch = formatCurrency(pedido.total).toLowerCase().contains(query);
                           ^^^^^^^^^^^^^^
lib/screens/facturacion/pedidos_screen_fusion.dart:492:39:
Error: The getter 'fecha' isn't defined for the type 'Object?'.
 - 'Object' is from 'dart:core'.
    pedidosFiltrados.sort((a, b) => b.fecha.compareTo(a.fecha));
                                      ^^^^^
lib/screens/facturacion/pedidos_screen_fusion.dart:492:57:
Error: The getter 'fecha' isn't defined for the type 'Object?'.
 - 'Object' is from 'dart:core'.
    pedidosFiltrados.sort((a, b) => b.fecha.compareTo(a.fecha));
                                                        ^^^^^
lib/screens/facturacion/pedidos_screen_fusion.dart:499:32:
Error: 'Pedido' isn't a type.
  Future<void> _cancelarPedido(Pedido pedido) async {
                               ^^^^^^
lib/screens/facturacion/pedidos_screen_fusion.dart:536:42:
Error: 'UserProvider' isn't a type.
        final userProvider = Provider.of<UserProvider>(context, listen: false);
                                         ^^^^^^^^^^^^
lib/screens/facturacion/pedidos_screen_fusion.dart:505:28:
Error: The getter 'AppTheme' isn't defined for the type '_PedidosScreenFusionState'.
 - '_PedidosScreenFusionState' is from 'package:vercy_motos/screens/facturacion/pedidos_screen_fusion.dart' ('lib/screens/facturacion/pedidos_screen_fusion.dart').
          backgroundColor: AppTheme.cardBg,
                           ^^^^^^^^
lib/screens/facturacion/pedidos_screen_fusion.dart:506:49:
Error: The getter 'AppTheme' isn't defined for the type '_PedidosScreenFusionState'.
 - '_PedidosScreenFusionState' is from 'package:vercy_motos/screens/facturacion/pedidos_screen_fusion.dart' ('lib/screens/facturacion/pedidos_screen_fusion.dart').
          title: Text('Cancelar Pedido', style: AppTheme.headlineMedium),
                                                ^^^^^^^^
lib/screens/facturacion/pedidos_screen_fusion.dart:509:20:
Error: The getter 'AppTheme' isn't defined for the type '_PedidosScreenFusionState'.
 - '_PedidosScreenFusionState' is from 'package:vercy_motos/screens/facturacion/pedidos_screen_fusion.dart' ('lib/screens/facturacion/pedidos_screen_fusion.dart').
            style: AppTheme.bodyMedium,
                   ^^^^^^^^
lib/screens/facturacion/pedidos_screen_fusion.dart:516:41:
Error: The getter 'AppTheme' isn't defined for the type '_PedidosScreenFusionState'.
 - '_PedidosScreenFusionState' is from 'package:vercy_motos/screens/facturacion/pedidos_screen_fusion.dart' ('lib/screens/facturacion/pedidos_screen_fusion.dart').
                style: TextStyle(color: AppTheme.textSecondary),
                                        ^^^^^^^^
lib/screens/facturacion/pedidos_screen_fusion.dart:600:10:
Error: 'Pedido' isn't a type.
    List<Pedido> filtrarPedidos(List<Pedido> pedidos, String busqueda) {
         ^^^^^^
lib/screens/facturacion/pedidos_screen_fusion.dart:600:38:
Error: 'Pedido' isn't a type.
    List<Pedido> filtrarPedidos(List<Pedido> pedidos, String busqueda) {
                                     ^^^^^^
lib/screens/facturacion/pedidos_screen_fusion.dart:574:35:
Error: The getter 'estado' isn't defined for the type 'Object?'.
 - 'Object' is from 'dart:core'.
        .where((pedido) => pedido.estado == EstadoPedido.activo)
                                  ^^^^^^
lib/screens/facturacion/pedidos_screen_fusion.dart:574:45:
Error: The getter 'EstadoPedido' isn't defined for the type '_PedidosScreenFusionState'.
 - '_PedidosScreenFusionState' is from 'package:vercy_motos/screens/facturacion/pedidos_screen_fusion.dart' ('lib/screens/facturacion/pedidos_screen_fusion.dart').
        .where((pedido) => pedido.estado == EstadoPedido.activo)
                                            ^^^^^^^^^^^^
lib/screens/facturacion/pedidos_screen_fusion.dart:578:35:
Error: The getter 'estado' isn't defined for the type 'Object?'.
 - 'Object' is from 'dart:core'.
        .where((pedido) => pedido.estado == EstadoPedido.pagado)
                                  ^^^^^^
lib/screens/facturacion/pedidos_screen_fusion.dart:578:45:
Error: The getter 'EstadoPedido' isn't defined for the type '_PedidosScreenFusionState'.
 - '_PedidosScreenFusionState' is from 'package:vercy_motos/screens/facturacion/pedidos_screen_fusion.dart' ('lib/screens/facturacion/pedidos_screen_fusion.dart').
        .where((pedido) => pedido.estado == EstadoPedido.pagado)
                                            ^^^^^^^^^^^^
lib/screens/facturacion/pedidos_screen_fusion.dart:604:40:
Error: The getter 'mesa' isn't defined for the type 'Object?'.
 - 'Object' is from 'dart:core'.
        final mesaNormalizada = pedido.mesa.trim().toLowerCase();
                                       ^^^^
lib/screens/facturacion/pedidos_screen_fusion.dart:605:33:
Error: The getter 'cliente' isn't defined for the type 'Object?'.
 - 'Object' is from 'dart:core'.
        final cliente = (pedido.cliente ?? '').toLowerCase();
                                ^^^^^^^
lib/screens/facturacion/pedidos_screen_fusion.dart:606:27:
Error: The getter 'id' isn't defined for the type 'Object?'.
 - 'Object' is from 'dart:core'.
        final id = pedido.id.toLowerCase();
                          ^^
lib/screens/facturacion/pedidos_screen_fusion.dart:607:45:
Error: The getter 'total' isn't defined for the type 'Object?'.
 - 'Object' is from 'dart:core'.
        final total = formatCurrency(pedido.total).toLowerCase();
                                            ^^^^^
lib/screens/facturacion/pedidos_screen_fusion.dart:607:23:
Error: The method 'formatCurrency' isn't defined for the type '_PedidosScreenFusionState'.
 - '_PedidosScreenFusionState' is from 'package:vercy_motos/screens/facturacion/pedidos_screen_fusion.dart' ('lib/screens/facturacion/pedidos_screen_fusion.dart').
        final total = formatCurrency(pedido.total).toLowerCase();
                      ^^^^^^^^^^^^^^
lib/screens/facturacion/pedidos_screen_fusion.dart:632:32:
Error: The getter 'AppTheme' isn't defined for the type '_PedidosScreenFusionState'.
 - '_PedidosScreenFusionState' is from 'package:vercy_motos/screens/facturacion/pedidos_screen_fusion.dart' ('lib/screens/facturacion/pedidos_screen_fusion.dart').
              backgroundColor: AppTheme.cardBg,
                               ^^^^^^^^
lib/screens/facturacion/pedidos_screen_fusion.dart:639:28:
Error: The getter 'AppTheme' isn't defined for the type '_PedidosScreenFusionState'.
 - '_PedidosScreenFusionState' is from 'package:vercy_motos/screens/facturacion/pedidos_screen_fusion.dart' ('lib/screens/facturacion/pedidos_screen_fusion.dart').
                    style: AppTheme.headlineMedium.copyWith(color: Colors.red),
                           ^^^^^^^^
lib/screens/facturacion/pedidos_screen_fusion.dart:651:30:
Error: The getter 'AppTheme' isn't defined for the type '_PedidosScreenFusionState'.
 - '_PedidosScreenFusionState' is from 'package:vercy_motos/screens/facturacion/pedidos_screen_fusion.dart' ('lib/screens/facturacion/pedidos_screen_fusion.dart').
                      style: AppTheme.bodyMedium,
                             ^^^^^^^^
lib/screens/facturacion/pedidos_screen_fusion.dart:658:32:
Error: The getter 'AppTheme' isn't defined for the type '_PedidosScreenFusionState'.
 - '_PedidosScreenFusionState' is from 'package:vercy_motos/screens/facturacion/pedidos_screen_fusion.dart' ('lib/screens/facturacion/pedidos_screen_fusion.dart').
                        color: AppTheme.backgroundDark,
                               ^^^^^^^^
lib/screens/facturacion/pedidos_screen_fusion.dart:661:34:
Error: The getter 'AppTheme' isn't defined for the type '_PedidosScreenFusionState'.
 - '_PedidosScreenFusionState' is from 'package:vercy_motos/screens/facturacion/pedidos_screen_fusion.dart' ('lib/screens/facturacion/pedidos_screen_fusion.dart').
                          color: AppTheme.primary.withOpacity(0.3),
                                 ^^^^^^^^
lib/screens/facturacion/pedidos_screen_fusion.dart:666:49:
Error: The getter 'AppTheme' isn't defined for the type '_PedidosScreenFusionState'.
 - '_PedidosScreenFusionState' is from 'package:vercy_motos/screens/facturacion/pedidos_screen_fusion.dart' ('lib/screens/facturacion/pedidos_screen_fusion.dart').
                        style: TextStyle(color: AppTheme.textPrimary),
                                                ^^^^^^^^
lib/screens/facturacion/pedidos_screen_fusion.dart:669:55:
Error: The getter 'AppTheme' isn't defined for the type '_PedidosScreenFusionState'.
 - '_PedidosScreenFusionState' is from 'package:vercy_motos/screens/facturacion/pedidos_screen_fusion.dart' ('lib/screens/facturacion/pedidos_screen_fusion.dart').
                          hintStyle: TextStyle(color: AppTheme.textSecondary),
                                                      ^^^^^^^^
lib/screens/facturacion/pedidos_screen_fusion.dart:672:36:
Error: The getter 'AppTheme' isn't defined for the type '_PedidosScreenFusionState'.
 - '_PedidosScreenFusionState' is from 'package:vercy_motos/screens/facturacion/pedidos_screen_fusion.dart' ('lib/screens/facturacion/pedidos_screen_fusion.dart').
                            color: AppTheme.primary,
                                   ^^^^^^^^
lib/screens/facturacion/pedidos_screen_fusion.dart:683:44:
Error: The getter 'AppTheme' isn't defined for the type '_PedidosScreenFusionState'.
 - '_PedidosScreenFusionState' is from 'package:vercy_motos/screens/facturacion/pedidos_screen_fusion.dart' ('lib/screens/facturacion/pedidos_screen_fusion.dart').
                                    color: AppTheme.textSecondary,
                                           ^^^^^^^^
lib/screens/facturacion/pedidos_screen_fusion.dart:713:40:
Error: The getter 'AppTheme' isn't defined for the type '_PedidosScreenFusionState'.
 - '_PedidosScreenFusionState' is from 'package:vercy_motos/screens/facturacion/pedidos_screen_fusion.dart' ('lib/screens/facturacion/pedidos_screen_fusion.dart').
                                style: AppTheme.bodyMedium.copyWith(
                                       ^^^^^^^^
lib/screens/facturacion/pedidos_screen_fusion.dart:720:96:
Error: The getter 'id' isn't defined for the type 'Object?'.
 - 'Object' is from 'dart:core'.
                                final isSelected = pedidosActivosSeleccionados.contains(pedido.id);
                                                                                          ^^
lib/screens/facturacion/pedidos_screen_fusion.dart:734:52:
Error: The getter 'mesa' isn't defined for the type 'Object?'.
 - 'Object' is from 'dart:core'.
                                    'Mesa ${pedido.mesa} - ${pedido.cliente ?? "Sin cliente"}',
                                                   ^^^^
lib/screens/facturacion/pedidos_screen_fusion.dart:734:69:
Error: The getter 'cliente' isn't defined for the type 'Object?'.
 - 'Object' is from 'dart:core'.
                                    'Mesa ${pedido.mesa} - ${pedido.cliente ?? "Sin cliente"}',
                                                                    ^^^^^^^
lib/screens/facturacion/pedidos_screen_fusion.dart:736:46:
Error: The getter 'AppTheme' isn't defined for the type '_PedidosScreenFusionState'.
 - '_PedidosScreenFusionState' is from 'package:vercy_motos/screens/facturacion/pedidos_screen_fusion.dart' ('lib/screens/facturacion/pedidos_screen_fusion.dart').
                                      color: AppTheme.textPrimary,
                                             ^^^^^^^^
lib/screens/facturacion/pedidos_screen_fusion.dart:741:47:
Error: The method 'formatCurrency' isn't defined for the type '_PedidosScreenFusionState'.
 - '_PedidosScreenFusionState' is from 'package:vercy_motos/screens/facturacion/pedidos_screen_fusion.dart' ('lib/screens/facturacion/pedidos_screen_fusion.dart').
                                    'Total: ${formatCurrency(_getTotalCorrecto(pedido))}',
                                              ^^^^^^^^^^^^^^
lib/screens/facturacion/pedidos_screen_fusion.dart:743:46:
Error: The getter 'AppTheme' isn't defined for the type '_PedidosScreenFusionState'.
 - '_PedidosScreenFusionState' is from 'package:vercy_motos/screens/facturacion/pedidos_screen_fusion.dart' ('lib/screens/facturacion/pedidos_screen_fusion.dart').
                                      color: AppTheme.textSecondary,
                                             ^^^^^^^^
lib/screens/facturacion/pedidos_screen_fusion.dart:727:80:
Error: The getter 'id' isn't defined for the type 'Object?'.
 - 'Object' is from 'dart:core'.
                                        pedidosActivosSeleccionados.add(pedido.id);
                                                                               ^^
lib/screens/facturacion/pedidos_screen_fusion.dart:729:83:
Error: The getter 'id' isn't defined for the type 'Object?'.
 - 'Object' is from 'dart:core'.
                                        pedidosActivosSeleccionados.remove(pedido.id);
                                                                                  ^^
lib/screens/facturacion/pedidos_screen_fusion.dart:763:46:
Error: The getter 'AppTheme' isn't defined for the type '_PedidosScreenFusionState'.
 - '_PedidosScreenFusionState' is from 'package:vercy_motos/screens/facturacion/pedidos_screen_fusion.dart' ('lib/screens/facturacion/pedidos_screen_fusion.dart').
                                      color: AppTheme.textSecondary,
                                             ^^^^^^^^
lib/screens/facturacion/pedidos_screen_fusion.dart:769:46:
Error: The getter 'AppTheme' isn't defined for the type '_PedidosScreenFusionState'.
 - '_PedidosScreenFusionState' is from 'package:vercy_motos/screens/facturacion/pedidos_screen_fusion.dart' ('lib/screens/facturacion/pedidos_screen_fusion.dart').
                                      style: AppTheme.bodyMedium.copyWith(
                                             ^^^^^^^^
lib/screens/facturacion/pedidos_screen_fusion.dart:770:48:
Error: The getter 'AppTheme' isn't defined for the type '_PedidosScreenFusionState'.
 - '_PedidosScreenFusionState' is from 'package:vercy_motos/screens/facturacion/pedidos_screen_fusion.dart' ('lib/screens/facturacion/pedidos_screen_fusion.dart').
                                        color: AppTheme.textSecondary,
                                               ^^^^^^^^
lib/screens/facturacion/pedidos_screen_fusion.dart:775:46:
Error: The getter 'AppTheme' isn't defined for the type '_PedidosScreenFusionState'.
 - '_PedidosScreenFusionState' is from 'package:vercy_motos/screens/facturacion/pedidos_screen_fusion.dart' ('lib/screens/facturacion/pedidos_screen_fusion.dart').
                                      style: AppTheme.bodySmall.copyWith(
                                             ^^^^^^^^
lib/screens/facturacion/pedidos_screen_fusion.dart:776:48:
Error: The getter 'AppTheme' isn't defined for the type '_PedidosScreenFusionState'.
 - '_PedidosScreenFusionState' is from 'package:vercy_motos/screens/facturacion/pedidos_screen_fusion.dart' ('lib/screens/facturacion/pedidos_screen_fusion.dart').
                                        color: AppTheme.textSecondary,
                                               ^^^^^^^^
lib/screens/facturacion/pedidos_screen_fusion.dart:801:46:
Error: The getter 'AppTheme' isn't defined for the type '_PedidosScreenFusionState'.
 - '_PedidosScreenFusionState' is from 'package:vercy_motos/screens/facturacion/pedidos_screen_fusion.dart' ('lib/screens/facturacion/pedidos_screen_fusion.dart').
                                      style: AppTheme.bodyMedium.copyWith(
                                             ^^^^^^^^
lib/screens/facturacion/pedidos_screen_fusion.dart:809:46:
Error: The getter 'AppTheme' isn't defined for the type '_PedidosScreenFusionState'.
 - '_PedidosScreenFusionState' is from 'package:vercy_motos/screens/facturacion/pedidos_screen_fusion.dart' ('lib/screens/facturacion/pedidos_screen_fusion.dart').
                                      style: AppTheme.bodySmall.copyWith(
                                             ^^^^^^^^
lib/screens/facturacion/pedidos_screen_fusion.dart:819:96:
Error: The getter 'id' isn't defined for the type 'Object?'.
 - 'Object' is from 'dart:core'.
                                final isSelected = pedidosPagadosSeleccionados.contains(pedido.id);
                                                                                          ^^
lib/screens/facturacion/pedidos_screen_fusion.dart:833:52:
Error: The getter 'mesa' isn't defined for the type 'Object?'.
 - 'Object' is from 'dart:core'.
                                    'Mesa ${pedido.mesa} - ${pedido.cliente ?? "Sin cliente"}',
                                                   ^^^^
lib/screens/facturacion/pedidos_screen_fusion.dart:833:69:
Error: The getter 'cliente' isn't defined for the type 'Object?'.
 - 'Object' is from 'dart:core'.
                                    'Mesa ${pedido.mesa} - ${pedido.cliente ?? "Sin cliente"}',
                                                                    ^^^^^^^
lib/screens/facturacion/pedidos_screen_fusion.dart:835:46:
Error: The getter 'AppTheme' isn't defined for the type '_PedidosScreenFusionState'.
 - '_PedidosScreenFusionState' is from 'package:vercy_motos/screens/facturacion/pedidos_screen_fusion.dart' ('lib/screens/facturacion/pedidos_screen_fusion.dart').
                                      color: AppTheme.textPrimary,
                                             ^^^^^^^^
lib/screens/facturacion/pedidos_screen_fusion.dart:840:47:
Error: The method 'formatCurrency' isn't defined for the type '_PedidosScreenFusionState'.
 - '_PedidosScreenFusionState' is from 'package:vercy_motos/screens/facturacion/pedidos_screen_fusion.dart' ('lib/screens/facturacion/pedidos_screen_fusion.dart').
                                    'Total: ${formatCurrency(_getTotalCorrecto(pedido))} - ${_generarTextoPagoMixto(pedido)}',
                                              ^^^^^^^^^^^^^^
lib/screens/facturacion/pedidos_screen_fusion.dart:842:46:
Error: The getter 'AppTheme' isn't defined for the type '_PedidosScreenFusionState'.
 - '_PedidosScreenFusionState' is from 'package:vercy_motos/screens/facturacion/pedidos_screen_fusion.dart' ('lib/screens/facturacion/pedidos_screen_fusion.dart').
                                      color: AppTheme.textSecondary,
                                             ^^^^^^^^
lib/screens/facturacion/pedidos_screen_fusion.dart:826:80:
Error: The getter 'id' isn't defined for the type 'Object?'.
 - 'Object' is from 'dart:core'.
                                        pedidosPagadosSeleccionados.add(pedido.id);
                                                                               ^^
lib/screens/facturacion/pedidos_screen_fusion.dart:828:83:
Error: The getter 'id' isn't defined for the type 'Object?'.
 - 'Object' is from 'dart:core'.
                                        pedidosPagadosSeleccionados.remove(pedido.id);
                                                                                  ^^
lib/screens/facturacion/pedidos_screen_fusion.dart:865:45:
Error: The getter 'AppTheme' isn't defined for the type '_PedidosScreenFusionState'.
 - '_PedidosScreenFusionState' is from 'package:vercy_motos/screens/facturacion/pedidos_screen_fusion.dart' ('lib/screens/facturacion/pedidos_screen_fusion.dart').
                    style: TextStyle(color: AppTheme.textSecondary),
                                            ^^^^^^^^
lib/screens/facturacion/pedidos_screen_fusion.dart:911:40:
Error: 'UserProvider' isn't a type.
      final userProvider = Provider.of<UserProvider>(context, listen: false);
                                       ^^^^^^^^^^^^
lib/screens/facturacion/pedidos_screen_fusion.dart:921:22:
Error: The getter 'id' isn't defined for the type 'Object?'.
 - 'Object' is from 'dart:core'.
            (p) => p.id == pedidoId,
                     ^^
lib/screens/facturacion/pedidos_screen_fusion.dart:929:11:
Error: The method 'NotificationService' isn't defined for the type '_PedidosScreenFusionState'.
 - '_PedidosScreenFusionState' is from 'package:vercy_motos/screens/facturacion/pedidos_screen_fusion.dart' ('lib/screens/facturacion/pedidos_screen_fusion.dart').
          NotificationService().notificarCambioPedido(pedido);
          ^^^^^^^^^^^^^^^^^^^
lib/screens/facturacion/pedidos_screen_fusion.dart:984:40:
Error: 'UserProvider' isn't a type.
      final userProvider = Provider.of<UserProvider>(context, listen: false);
                                       ^^^^^^^^^^^^
lib/screens/facturacion/pedidos_screen_fusion.dart:995:22:
Error: The getter 'id' isn't defined for the type 'Object?'.
 - 'Object' is from 'dart:core'.
            (p) => p.id == pedidoId,
                     ^^
lib/screens/facturacion/pedidos_screen_fusion.dart:1008:11:
Error: The method 'NotificationService' isn't defined for the type '_PedidosScreenFusionState'.
 - '_PedidosScreenFusionState' is from 'package:vercy_motos/screens/facturacion/pedidos_screen_fusion.dart' ('lib/screens/facturacion/pedidos_screen_fusion.dart').
          NotificationService().notificarCambioPedido(pedido);
          ^^^^^^^^^^^^^^^^^^^
lib/screens/facturacion/pedidos_screen_fusion.dart:1059:38:
Error: 'UserProvider' isn't a type.
    final userProvider = Provider.of<UserProvider>(context);
                                     ^^^^^^^^^^^^
lib/screens/facturacion/pedidos_screen_fusion.dart:1063:26:
Error: The getter 'AppTheme' isn't defined for the type '_PedidosScreenFusionState'.
 - '_PedidosScreenFusionState' is from 'package:vercy_motos/screens/facturacion/pedidos_screen_fusion.dart' ('lib/screens/facturacion/pedidos_screen_fusion.dart').
        backgroundColor: AppTheme.backgroundDark,
                         ^^^^^^^^
lib/screens/facturacion/pedidos_screen_fusion.dart:1068:32:
Error: The getter 'AppTheme' isn't defined for the type '_PedidosScreenFusionState'.
 - '_PedidosScreenFusionState' is from 'package:vercy_motos/screens/facturacion/pedidos_screen_fusion.dart' ('lib/screens/facturacion/pedidos_screen_fusion.dart').
              backgroundColor: AppTheme.primary,
                               ^^^^^^^^
lib/screens/facturacion/pedidos_screen_fusion.dart:1091:28:
Error: The getter 'AppTheme' isn't defined for the type '_PedidosScreenFusionState'.
 - '_PedidosScreenFusionState' is from 'package:vercy_motos/screens/facturacion/pedidos_screen_fusion.dart' ('lib/screens/facturacion/pedidos_screen_fusion.dart').
                    color: AppTheme.cardBg,
                           ^^^^^^^^
lib/screens/facturacion/pedidos_screen_fusion.dart:1103:34:
Error: The getter 'AppTheme' isn't defined for the type '_PedidosScreenFusionState'.
 - '_PedidosScreenFusionState' is from 'package:vercy_motos/screens/facturacion/pedidos_screen_fusion.dart' ('lib/screens/facturacion/pedidos_screen_fusion.dart').
                          color: AppTheme.textDark,
                                 ^^^^^^^^
lib/screens/facturacion/pedidos_screen_fusion.dart:1111:49:
Error: The getter 'AppTheme' isn't defined for the type '_PedidosScreenFusionState'.
 - '_PedidosScreenFusionState' is from 'package:vercy_motos/screens/facturacion/pedidos_screen_fusion.dart' ('lib/screens/facturacion/pedidos_screen_fusion.dart').
                        style: TextStyle(color: AppTheme.textLight),
                                                ^^^^^^^^
lib/screens/facturacion/pedidos_screen_fusion.dart:1125:24:
Error: The getter 'AppTheme' isn't defined for the type '_PedidosScreenFusionState'.
 - '_PedidosScreenFusionState' is from 'package:vercy_motos/screens/facturacion/pedidos_screen_fusion.dart' ('lib/screens/facturacion/pedidos_screen_fusion.dart').
      backgroundColor: AppTheme.backgroundDark,
                       ^^^^^^^^
lib/screens/facturacion/pedidos_screen_fusion.dart:1131:30:
Error: The getter 'AppTheme' isn't defined for the type '_PedidosScreenFusionState'.
 - '_PedidosScreenFusionState' is from 'package:vercy_motos/screens/facturacion/pedidos_screen_fusion.dart' ('lib/screens/facturacion/pedidos_screen_fusion.dart').
            backgroundColor: AppTheme.primary,
                             ^^^^^^^^
lib/screens/facturacion/pedidos_screen_fusion.dart:1143:30:
Error: The getter 'AppTheme' isn't defined for the type '_PedidosScreenFusionState'.
 - '_PedidosScreenFusionState' is from 'package:vercy_motos/screens/facturacion/pedidos_screen_fusion.dart' ('lib/screens/facturacion/pedidos_screen_fusion.dart').
                      color: AppTheme.primary.withOpacity(0.2),
                             ^^^^^^^^
lib/screens/facturacion/pedidos_screen_fusion.dart:1223:26:
Error: The getter 'AppTheme' isn't defined for the type '_PedidosScreenFusionState'.
 - '_PedidosScreenFusionState' is from 'package:vercy_motos/screens/facturacion/pedidos_screen_fusion.dart' ('lib/screens/facturacion/pedidos_screen_fusion.dart').
                  color: AppTheme.cardBg,
                         ^^^^^^^^
lib/screens/facturacion/pedidos_screen_fusion.dart:1225:45:
Error: The getter 'AppTheme' isn't defined for the type '_PedidosScreenFusionState'.
 - '_PedidosScreenFusionState' is from 'package:vercy_motos/screens/facturacion/pedidos_screen_fusion.dart' ('lib/screens/facturacion/pedidos_screen_fusion.dart').
                  border: Border.all(color: AppTheme.primary.withOpacity(0.2)),
                                            ^^^^^^^^
lib/screens/facturacion/pedidos_screen_fusion.dart:1229:47:
Error: The getter 'AppTheme' isn't defined for the type '_PedidosScreenFusionState'.
 - '_PedidosScreenFusionState' is from 'package:vercy_motos/screens/facturacion/pedidos_screen_fusion.dart' ('lib/screens/facturacion/pedidos_screen_fusion.dart').
                    Icon(Icons.search, color: AppTheme.primary, size: 20),
                                              ^^^^^^^^
lib/screens/facturacion/pedidos_screen_fusion.dart:1235:34:
Error: The getter 'AppTheme' isn't defined for the type '_PedidosScreenFusionState'.
 - '_PedidosScreenFusionState' is from 'package:vercy_motos/screens/facturacion/pedidos_screen_fusion.dart' ('lib/screens/facturacion/pedidos_screen_fusion.dart').
                          color: AppTheme.textPrimary,
                                 ^^^^^^^^
lib/screens/facturacion/pedidos_screen_fusion.dart:1241:36:
Error: The getter 'AppTheme' isn't defined for the type '_PedidosScreenFusionState'.
 - '_PedidosScreenFusionState' is from 'package:vercy_motos/screens/facturacion/pedidos_screen_fusion.dart' ('lib/screens/facturacion/pedidos_screen_fusion.dart').
                            color: AppTheme.textSecondary,
                                   ^^^^^^^^
lib/screens/facturacion/pedidos_screen_fusion.dart:1256:34:
Error: The getter 'AppTheme' isn't defined for the type '_PedidosScreenFusionState'.
 - '_PedidosScreenFusionState' is from 'package:vercy_motos/screens/facturacion/pedidos_screen_fusion.dart' ('lib/screens/facturacion/pedidos_screen_fusion.dart').
                          color: AppTheme.textSecondary,
                                 ^^^^^^^^
lib/screens/facturacion/pedidos_screen_fusion.dart:1273:26:
Error: The getter 'AppTheme' isn't defined for the type '_PedidosScreenFusionState'.
 - '_PedidosScreenFusionState' is from 'package:vercy_motos/screens/facturacion/pedidos_screen_fusion.dart' ('lib/screens/facturacion/pedidos_screen_fusion.dart').
                  color: AppTheme.primary,
                         ^^^^^^^^
lib/screens/facturacion/pedidos_screen_fusion.dart:1360:32:
Error: The getter 'EstadoPedido' isn't defined for the type '_PedidosScreenFusionState'.
 - '_PedidosScreenFusionState' is from 'package:vercy_motos/screens/facturacion/pedidos_screen_fusion.dart' ('lib/screens/facturacion/pedidos_screen_fusion.dart').
          if (_estadoFiltro == EstadoPedido.activo && !_isLoading && _error == null)
                               ^^^^^^^^^^^^
lib/screens/facturacion/pedidos_screen_fusion.dart:1366:26:
Error: The getter 'AppTheme' isn't defined for the type '_PedidosScreenFusionState'.
 - '_PedidosScreenFusionState' is from 'package:vercy_motos/screens/facturacion/pedidos_screen_fusion.dart' ('lib/screens/facturacion/pedidos_screen_fusion.dart').
                  color: AppTheme.info.withOpacity(0.1),
                         ^^^^^^^^
lib/screens/facturacion/pedidos_screen_fusion.dart:1368:45:
Error: The getter 'AppTheme' isn't defined for the type '_PedidosScreenFusionState'.
 - '_PedidosScreenFusionState' is from 'package:vercy_motos/screens/facturacion/pedidos_screen_fusion.dart' ('lib/screens/facturacion/pedidos_screen_fusion.dart').
                  border: Border.all(color: AppTheme.info.withOpacity(0.3)),
                                            ^^^^^^^^
lib/screens/facturacion/pedidos_screen_fusion.dart:1372:53:
Error: The getter 'AppTheme' isn't defined for the type '_PedidosScreenFusionState'.
 - '_PedidosScreenFusionState' is from 'package:vercy_motos/screens/facturacion/pedidos_screen_fusion.dart' ('lib/screens/facturacion/pedidos_screen_fusion.dart').
                    Icon(Icons.info_outline, color: AppTheme.info, size: 16),
                                                    ^^^^^^^^
lib/screens/facturacion/pedidos_screen_fusion.dart:1378:34:
Error: The getter 'AppTheme' isn't defined for the type '_PedidosScreenFusionState'.
 - '_PedidosScreenFusionState' is from 'package:vercy_motos/screens/facturacion/pedidos_screen_fusion.dart' ('lib/screens/facturacion/pedidos_screen_fusion.dart').
                          color: AppTheme.textSecondary,
                                 ^^^^^^^^
lib/screens/facturacion/pedidos_screen_fusion.dart:1397:60:
Error: The getter 'AppTheme' isn't defined for the type '_PedidosScreenFusionState'.
 - '_PedidosScreenFusionState' is from 'package:vercy_motos/screens/facturacion/pedidos_screen_fusion.dart' ('lib/screens/facturacion/pedidos_screen_fusion.dart').
                          CircularProgressIndicator(color: AppTheme.primary),
                                                           ^^^^^^^^
lib/screens/facturacion/pedidos_screen_fusion.dart:1401:36:
Error: The getter 'AppTheme' isn't defined for the type '_PedidosScreenFusionState'.
 - '_PedidosScreenFusionState' is from 'package:vercy_motos/screens/facturacion/pedidos_screen_fusion.dart' ('lib/screens/facturacion/pedidos_screen_fusion.dart').
                            style: AppTheme.bodyMedium,
                                   ^^^^^^^^
lib/screens/facturacion/pedidos_screen_fusion.dart:1413:36:
Error: The getter 'AppTheme' isn't defined for the type '_PedidosScreenFusionState'.
 - '_PedidosScreenFusionState' is from 'package:vercy_motos/screens/facturacion/pedidos_screen_fusion.dart' ('lib/screens/facturacion/pedidos_screen_fusion.dart').
                            color: AppTheme.error,
                                   ^^^^^^^^
lib/screens/facturacion/pedidos_screen_fusion.dart:1419:36:
Error: The getter 'AppTheme' isn't defined for the type '_PedidosScreenFusionState'.
 - '_PedidosScreenFusionState' is from 'package:vercy_motos/screens/facturacion/pedidos_screen_fusion.dart' ('lib/screens/facturacion/pedidos_screen_fusion.dart').
                            style: AppTheme.headlineMedium.copyWith(
                                   ^^^^^^^^
lib/screens/facturacion/pedidos_screen_fusion.dart:1420:38:
Error: The getter 'AppTheme' isn't defined for the type '_PedidosScreenFusionState'.
 - '_PedidosScreenFusionState' is from 'package:vercy_motos/screens/facturacion/pedidos_screen_fusion.dart' ('lib/screens/facturacion/pedidos_screen_fusion.dart').
                              color: AppTheme.error,
                                     ^^^^^^^^
lib/screens/facturacion/pedidos_screen_fusion.dart:1428:38:
Error: The getter 'AppTheme' isn't defined for the type '_PedidosScreenFusionState'.
 - '_PedidosScreenFusionState' is from 'package:vercy_motos/screens/facturacion/pedidos_screen_fusion.dart' ('lib/screens/facturacion/pedidos_screen_fusion.dart').
                              style: AppTheme.bodyMedium,
                                     ^^^^^^^^
lib/screens/facturacion/pedidos_screen_fusion.dart:1438:48:
Error: The getter 'AppTheme' isn't defined for the type '_PedidosScreenFusionState'.
 - '_PedidosScreenFusionState' is from 'package:vercy_motos/screens/facturacion/pedidos_screen_fusion.dart' ('lib/screens/facturacion/pedidos_screen_fusion.dart').
                              backgroundColor: AppTheme.primary,
                                               ^^^^^^^^
lib/screens/facturacion/pedidos_screen_fusion.dart:1452:36:
Error: The getter 'AppTheme' isn't defined for the type '_PedidosScreenFusionState'.
 - '_PedidosScreenFusionState' is from 'package:vercy_motos/screens/facturacion/pedidos_screen_fusion.dart' ('lib/screens/facturacion/pedidos_screen_fusion.dart').
                            color: AppTheme.textSecondary,
                                   ^^^^^^^^
lib/screens/facturacion/pedidos_screen_fusion.dart:1458:36:
Error: The getter 'AppTheme' isn't defined for the type '_PedidosScreenFusionState'.
 - '_PedidosScreenFusionState' is from 'package:vercy_motos/screens/facturacion/pedidos_screen_fusion.dart' ('lib/screens/facturacion/pedidos_screen_fusion.dart').
                            style: AppTheme.headlineMedium,
                                   ^^^^^^^^
lib/screens/facturacion/pedidos_screen_fusion.dart:1463:36:
Error: The getter 'AppTheme' isn't defined for the type '_PedidosScreenFusionState'.
 - '_PedidosScreenFusionState' is from 'package:vercy_motos/screens/facturacion/pedidos_screen_fusion.dart' ('lib/screens/facturacion/pedidos_screen_fusion.dart').
                            style: AppTheme.bodyMedium.copyWith(
                                   ^^^^^^^^
lib/screens/facturacion/pedidos_screen_fusion.dart:1464:38:
Error: The getter 'AppTheme' isn't defined for the type '_PedidosScreenFusionState'.
 - '_PedidosScreenFusionState' is from 'package:vercy_motos/screens/facturacion/pedidos_screen_fusion.dart' ('lib/screens/facturacion/pedidos_screen_fusion.dart').
                              color: AppTheme.textSecondary,
                                     ^^^^^^^^
lib/screens/facturacion/pedidos_screen_fusion.dart:1498:33:
Error: The method 'formatCurrency' isn't defined for the type '_PedidosScreenFusionState'.
 - '_PedidosScreenFusionState' is from 'package:vercy_motos/screens/facturacion/pedidos_screen_fusion.dart' ('lib/screens/facturacion/pedidos_screen_fusion.dart').
                                formatCurrency(
                                ^^^^^^^^^^^^^^
lib/screens/facturacion/pedidos_screen_fusion.dart:1509:102:
Error: The getter 'items' isn't defined for the type 'Object?'.
 - 'Object' is from 'dart:core'.
                                '${_pedidosPorPeriodoCaja.fold<int>(0, (sum, pedido) => sum + pedido.items.length)}',
                                                                                          ^^^^^
lib/screens/facturacion/pedidos_screen_fusion.dart:1509:93:
Error: A value of type 'num' can't be returned from a function with return type 'int'.
                                '${_pedidosPorPeriodoCaja.fold<int>(0, (sum, pedido) => sum + pedido.items.length)}',
                                                                                          ^
lib/screens/facturacion/pedidos_screen_fusion.dart:1570:27:
Error: 'Pedido' isn't a type.
  Widget _buildPedidoCard(Pedido pedido) {
                          ^^^^^^
lib/screens/facturacion/pedidos_screen_fusion.dart:1797:46:
Error: The getter 'AppTheme' isn't defined for the type '_PedidosScreenFusionState'.
 - '_PedidosScreenFusionState' is from 'package:vercy_motos/screens/facturacion/pedidos_screen_fusion.dart' ('lib/screens/facturacion/pedidos_screen_fusion.dart').
                                      color: AppTheme.warning,
                                             ^^^^^^^^
lib/screens/facturacion/pedidos_screen_fusion.dart:1831:33:
Error: The method 'formatCurrency' isn't defined for the type '_PedidosScreenFusionState'.
 - '_PedidosScreenFusionState' is from 'package:vercy_motos/screens/facturacion/pedidos_screen_fusion.dart' ('lib/screens/facturacion/pedidos_screen_fusion.dart').
                                formatCurrency(item.subtotal),
                                ^^^^^^^^^^^^^^
lib/screens/facturacion/pedidos_screen_fusion.dart:1932:62:
Error: The method 'formatCurrency' isn't defined for the type '_PedidosScreenFusionState'.
 - '_PedidosScreenFusionState' is from 'package:vercy_motos/screens/facturacion/pedidos_screen_fusion.dart' ('lib/screens/facturacion/pedidos_screen_fusion.dart').
                                            '${entry.key}: ${formatCurrency(entry.value)}',
                                                             ^^^^^^^^^^^^^^
lib/screens/facturacion/pedidos_screen_fusion.dart:2034:49:
Error: The method 'formatCurrency' isn't defined for the type '_PedidosScreenFusionState'.
 - '_PedidosScreenFusionState' is from 'package:vercy_motos/screens/facturacion/pedidos_screen_fusion.dart' ('lib/screens/facturacion/pedidos_screen_fusion.dart').
                                  'Descuento: ${formatCurrency(pedido.descuento)}',
                                                ^^^^^^^^^^^^^^
lib/screens/facturacion/pedidos_screen_fusion.dart:2051:47:
Error: The method 'formatCurrency' isn't defined for the type '_PedidosScreenFusionState'.
 - '_PedidosScreenFusionState' is from 'package:vercy_motos/screens/facturacion/pedidos_screen_fusion.dart' ('lib/screens/facturacion/pedidos_screen_fusion.dart').
                                  'Propina: ${formatCurrency(pedido.propina)}',
                                              ^^^^^^^^^^^^^^
lib/screens/facturacion/pedidos_screen_fusion.dart:2075:26:
Error: The getter 'AppTheme' isn't defined for the type '_PedidosScreenFusionState'.
 - '_PedidosScreenFusionState' is from 'package:vercy_motos/screens/facturacion/pedidos_screen_fusion.dart' ('lib/screens/facturacion/pedidos_screen_fusion.dart').
                  color: AppTheme.warning.withOpacity(0.1),
                         ^^^^^^^^
lib/screens/facturacion/pedidos_screen_fusion.dart:2078:28:
Error: The getter 'AppTheme' isn't defined for the type '_PedidosScreenFusionState'.
 - '_PedidosScreenFusionState' is from 'package:vercy_motos/screens/facturacion/pedidos_screen_fusion.dart' ('lib/screens/facturacion/pedidos_screen_fusion.dart').
                    color: AppTheme.warning.withOpacity(0.3),
                           ^^^^^^^^
lib/screens/facturacion/pedidos_screen_fusion.dart:2085:45:
Error: The getter 'AppTheme' isn't defined for the type '_PedidosScreenFusionState'.
 - '_PedidosScreenFusionState' is from 'package:vercy_motos/screens/facturacion/pedidos_screen_fusion.dart' ('lib/screens/facturacion/pedidos_screen_fusion.dart').
                    Icon(Icons.note, color: AppTheme.warning, size: 16),
                                            ^^^^^^^^
lib/screens/facturacion/pedidos_screen_fusion.dart:2094:38:
Error: The getter 'AppTheme' isn't defined for the type '_PedidosScreenFusionState'.
 - '_PedidosScreenFusionState' is from 'package:vercy_motos/screens/facturacion/pedidos_screen_fusion.dart' ('lib/screens/facturacion/pedidos_screen_fusion.dart').
                              color: AppTheme.warning,
                                     ^^^^^^^^
lib/screens/facturacion/pedidos_screen_fusion.dart:2193:29:
Error: The getter 'AppTheme' isn't defined for the type '_SearchBarDelegate'.
 - '_SearchBarDelegate' is from 'package:vercy_motos/screens/facturacion/pedidos_screen_fusion.dart' ('lib/screens/facturacion/pedidos_screen_fusion.dart').
    return Container(color: AppTheme.backgroundDark, child: child);
                            ^^^^^^^^
lib/screens/facturacion/pedidos_screen_fusion.dart:2220:29:
Error: The getter 'AppTheme' isn't defined for the type '_TabBarDelegate'.
 - '_TabBarDelegate' is from 'package:vercy_motos/screens/facturacion/pedidos_screen_fusion.dart' ('lib/screens/facturacion/pedidos_screen_fusion.dart').
    return Container(color: AppTheme.backgroundDark, child: tabBar);
                            ^^^^^^^^
lib/screens/gastos/gastos_screen.dart:29:9:
Error: 'GastoService' isn't a type.
  final GastoService _gastoService = GastoService();
        ^^^^^^^^^^^^
lib/screens/gastos/gastos_screen.dart:29:38:
Error: Method not found: 'GastoService'.
  final GastoService _gastoService = GastoService();
                                     ^^^^^^^^^^^^
lib/screens/gastos/gastos_screen.dart:30:9:
Error: 'CuadreCajaService' isn't a type.
  final CuadreCajaService _cuadreCajaService = CuadreCajaService();
        ^^^^^^^^^^^^^^^^^
lib/screens/gastos/gastos_screen.dart:30:48:
Error: Method not found: 'CuadreCajaService'.
  final CuadreCajaService _cuadreCajaService = CuadreCajaService();
                                               ^^^^^^^^^^^^^^^^^
lib/screens/gastos/gastos_screen.dart:31:9:
Error: 'ProveedorService' isn't a type.
  final ProveedorService _proveedorService = ProveedorService();
        ^^^^^^^^^^^^^^^^
lib/screens/gastos/gastos_screen.dart:31:46:
Error: Method not found: 'ProveedorService'.
  final ProveedorService _proveedorService = ProveedorService();
                                             ^^^^^^^^^^^^^^^^
lib/screens/gastos/gastos_screen.dart:43:8:
Error: 'Gasto' isn't a type.
  List<Gasto> _gastos = [];
       ^^^^^
lib/screens/gastos/gastos_screen.dart:44:8:
Error: 'TipoGasto' isn't a type.
  List<TipoGasto> _tiposGasto = [];
       ^^^^^^^^^
lib/screens/gastos/gastos_screen.dart:45:8:
Error: 'CuadreCaja' isn't a type.
  List<CuadreCaja> _cuadresDisponibles = [];
       ^^^^^^^^^^
lib/screens/gastos/gastos_screen.dart:46:8:
Error: 'Proveedor' isn't a type.
  List<Proveedor> _proveedores = [];
       ^^^^^^^^^
lib/screens/gastos/gastos_screen.dart:61:3:
Error: 'Gasto' isn't a type.
  Gasto? _gastoEditando;
  ^^^^^
lib/screens/gastos/gastos_screen.dart:179:12:
Error: 'Gasto' isn't a type.
      List<Gasto> gastos;
           ^^^^^
lib/screens/gastos/gastos_screen.dart:187:31:
Error: The getter 'fechaGasto' isn't defined for the type 'Object?'.
 - 'Object' is from 'dart:core'.
      gastos.sort((a, b) => b.fechaGasto.compareTo(a.fechaGasto));
                              ^^^^^^^^^^
lib/screens/gastos/gastos_screen.dart:187:54:
Error: The getter 'fechaGasto' isn't defined for the type 'Object?'.
 - 'Object' is from 'dart:core'.
      gastos.sort((a, b) => b.fechaGasto.compareTo(a.fechaGasto));
                                                     ^^^^^^^^^^
lib/screens/gastos/gastos_screen.dart:196:10:
Error: 'Gasto' isn't a type.
    List<Gasto> gastosFiltrados = List.from(_gastos);
         ^^^^^
lib/screens/gastos/gastos_screen.dart:202:30:
Error: The getter 'concepto' isn't defined for the type 'Object?'.
 - 'Object' is from 'dart:core'.
            (gasto) => gasto.concepto.toLowerCase().contains(
                             ^^^^^^^^
lib/screens/gastos/gastos_screen.dart:213:17:
Error: The getter 'fechaGasto' isn't defined for the type 'Object?'.
 - 'Object' is from 'dart:core'.
          gasto.fechaGasto.year,
                ^^^^^^^^^^
lib/screens/gastos/gastos_screen.dart:214:17:
Error: The getter 'fechaGasto' isn't defined for the type 'Object?'.
 - 'Object' is from 'dart:core'.
          gasto.fechaGasto.month,
                ^^^^^^^^^^
lib/screens/gastos/gastos_screen.dart:215:17:
Error: The getter 'fechaGasto' isn't defined for the type 'Object?'.
 - 'Object' is from 'dart:core'.
          gasto.fechaGasto.day,
                ^^^^^^^^^^
lib/screens/gastos/gastos_screen.dart:240:25:
Error: 'Gasto' isn't a type.
  void _showFormDialog({Gasto? gasto}) {
                        ^^^^^
lib/screens/gastos/gastos_screen.dart:278:29:
Error: The getter 'nombre' isn't defined for the type 'Object?'.
 - 'Object' is from 'dart:core'.
            .where((p) => p.nombre == gasto.proveedor)
                            ^^^^^^
lib/screens/gastos/gastos_screen.dart:353:40:
Error: 'UserProvider' isn't a type.
      final userProvider = Provider.of<UserProvider>(context, listen: false);
                                       ^^^^^^^^^^^^
lib/screens/gastos/gastos_screen.dart:362:31:
Error: The getter 'id' isn't defined for the type 'Object?'.
 - 'Object' is from 'dart:core'.
              .where((p) => p.id == _selectedProveedorId)
                              ^^
lib/screens/gastos/gastos_screen.dart:394:31:
Error: The getter 'id' isn't defined for the type 'Object?'.
 - 'Object' is from 'dart:core'.
              .where((p) => p.id == _selectedProveedorId)
                              ^^
lib/screens/gastos/gastos_screen.dart:464:29:
Error: 'Gasto' isn't a type.
  Future<void> _deleteGasto(Gasto gasto) async {
                            ^^^^^
lib/screens/gastos/gastos_screen.dart:468:26:
Error: The getter 'AppTheme' isn't defined for the type '_GastosScreenState'.
 - '_GastosScreenState' is from 'package:vercy_motos/screens/gastos/gastos_screen.dart' ('lib/screens/gastos/gastos_screen.dart').
        backgroundColor: AppTheme.cardBg,
                         ^^^^^^^^
lib/screens/gastos/gastos_screen.dart:471:35:
Error: The getter 'AppTheme' isn't defined for the type '_GastosScreenState'.
 - '_GastosScreenState' is from 'package:vercy_motos/screens/gastos/gastos_screen.dart' ('lib/screens/gastos/gastos_screen.dart').
          style: TextStyle(color: AppTheme.textPrimary),
                                  ^^^^^^^^
lib/screens/gastos/gastos_screen.dart:475:35:
Error: The getter 'AppTheme' isn't defined for the type '_GastosScreenState'.
 - '_GastosScreenState' is from 'package:vercy_motos/screens/gastos/gastos_screen.dart' ('lib/screens/gastos/gastos_screen.dart').
          style: TextStyle(color: AppTheme.textSecondary),
                                  ^^^^^^^^
lib/screens/gastos/gastos_screen.dart:482:39:
Error: The getter 'AppTheme' isn't defined for the type '_GastosScreenState'.
 - '_GastosScreenState' is from 'package:vercy_motos/screens/gastos/gastos_screen.dart' ('lib/screens/gastos/gastos_screen.dart').
              style: TextStyle(color: AppTheme.textSecondary),
                                      ^^^^^^^^
lib/screens/gastos/gastos_screen.dart:545:28:
Error: The getter 'AppTheme' isn't defined for the type '_GastosScreenState'.
 - '_GastosScreenState' is from 'package:vercy_motos/screens/gastos/gastos_screen.dart' ('lib/screens/gastos/gastos_screen.dart').
          backgroundColor: AppTheme.cardBg,
                           ^^^^^^^^
lib/screens/gastos/gastos_screen.dart:554:26:
Error: The getter 'AppTheme' isn't defined for the type '_GastosScreenState'.
 - '_GastosScreenState' is from 'package:vercy_motos/screens/gastos/gastos_screen.dart' ('lib/screens/gastos/gastos_screen.dart').
                  color: AppTheme.primary.withOpacity(0.2),
                         ^^^^^^^^
lib/screens/gastos/gastos_screen.dart:557:52:
Error: The getter 'AppTheme' isn't defined for the type '_GastosScreenState'.
 - '_GastosScreenState' is from 'package:vercy_motos/screens/gastos/gastos_screen.dart' ('lib/screens/gastos/gastos_screen.dart').
                child: Icon(Icons.category, color: AppTheme.primary, size: 24),
                                                   ^^^^^^^^
lib/screens/gastos/gastos_screen.dart:563:26:
Error: The getter 'AppTheme' isn't defined for the type '_GastosScreenState'.
 - '_GastosScreenState' is from 'package:vercy_motos/screens/gastos/gastos_screen.dart' ('lib/screens/gastos/gastos_screen.dart').
                  color: AppTheme.textPrimary,
                         ^^^^^^^^
lib/screens/gastos/gastos_screen.dart:577:43:
Error: The getter 'AppTheme' isn't defined for the type '_GastosScreenState'.
 - '_GastosScreenState' is from 'package:vercy_motos/screens/gastos/gastos_screen.dart' ('lib/screens/gastos/gastos_screen.dart').
                  style: TextStyle(color: AppTheme.textPrimary),
                                          ^^^^^^^^
lib/screens/gastos/gastos_screen.dart:580:50:
Error: The getter 'AppTheme' isn't defined for the type '_GastosScreenState'.
 - '_GastosScreenState' is from 'package:vercy_motos/screens/gastos/gastos_screen.dart' ('lib/screens/gastos/gastos_screen.dart').
                    labelStyle: TextStyle(color: AppTheme.textSecondary),
                                                 ^^^^^^^^
lib/screens/gastos/gastos_screen.dart:583:30:
Error: The getter 'AppTheme' isn't defined for the type '_GastosScreenState'.
 - '_GastosScreenState' is from 'package:vercy_motos/screens/gastos/gastos_screen.dart' ('lib/screens/gastos/gastos_screen.dart').
                      color: AppTheme.textSecondary.withOpacity(0.5),
                             ^^^^^^^^
lib/screens/gastos/gastos_screen.dart:586:32:
Error: The getter 'AppTheme' isn't defined for the type '_GastosScreenState'.
 - '_GastosScreenState' is from 'package:vercy_motos/screens/gastos/gastos_screen.dart' ('lib/screens/gastos/gastos_screen.dart').
                    fillColor: AppTheme.surfaceDark,
                               ^^^^^^^^
lib/screens/gastos/gastos_screen.dart:590:32:
Error: The getter 'AppTheme' isn't defined for the type '_GastosScreenState'.
 - '_GastosScreenState' is from 'package:vercy_motos/screens/gastos/gastos_screen.dart' ('lib/screens/gastos/gastos_screen.dart').
                        color: AppTheme.textSecondary.withOpacity(0.3),
                               ^^^^^^^^
lib/screens/gastos/gastos_screen.dart:596:32:
Error: The getter 'AppTheme' isn't defined for the type '_GastosScreenState'.
 - '_GastosScreenState' is from 'package:vercy_motos/screens/gastos/gastos_screen.dart' ('lib/screens/gastos/gastos_screen.dart').
                        color: AppTheme.textSecondary.withOpacity(0.3),
                               ^^^^^^^^
lib/screens/gastos/gastos_screen.dart:601:53:
Error: The getter 'AppTheme' isn't defined for the type '_GastosScreenState'.
 - '_GastosScreenState' is from 'package:vercy_motos/screens/gastos/gastos_screen.dart' ('lib/screens/gastos/gastos_screen.dart').
                      borderSide: BorderSide(color: AppTheme.primary),
                                                    ^^^^^^^^
lib/screens/gastos/gastos_screen.dart:608:43:
Error: The getter 'AppTheme' isn't defined for the type '_GastosScreenState'.
 - '_GastosScreenState' is from 'package:vercy_motos/screens/gastos/gastos_screen.dart' ('lib/screens/gastos/gastos_screen.dart').
                  style: TextStyle(color: AppTheme.textPrimary),
                                          ^^^^^^^^
lib/screens/gastos/gastos_screen.dart:612:50:
Error: The getter 'AppTheme' isn't defined for the type '_GastosScreenState'.
 - '_GastosScreenState' is from 'package:vercy_motos/screens/gastos/gastos_screen.dart' ('lib/screens/gastos/gastos_screen.dart').
                    labelStyle: TextStyle(color: AppTheme.textSecondary),
                                                 ^^^^^^^^
lib/screens/gastos/gastos_screen.dart:615:30:
Error: The getter 'AppTheme' isn't defined for the type '_GastosScreenState'.
 - '_GastosScreenState' is from 'package:vercy_motos/screens/gastos/gastos_screen.dart' ('lib/screens/gastos/gastos_screen.dart').
                      color: AppTheme.textSecondary.withOpacity(0.5),
                             ^^^^^^^^
lib/screens/gastos/gastos_screen.dart:618:32:
Error: The getter 'AppTheme' isn't defined for the type '_GastosScreenState'.
 - '_GastosScreenState' is from 'package:vercy_motos/screens/gastos/gastos_screen.dart' ('lib/screens/gastos/gastos_screen.dart').
                    fillColor: AppTheme.surfaceDark,
                               ^^^^^^^^
lib/screens/gastos/gastos_screen.dart:622:32:
Error: The getter 'AppTheme' isn't defined for the type '_GastosScreenState'.
 - '_GastosScreenState' is from 'package:vercy_motos/screens/gastos/gastos_screen.dart' ('lib/screens/gastos/gastos_screen.dart').
                        color: AppTheme.textSecondary.withOpacity(0.3),
                               ^^^^^^^^
lib/screens/gastos/gastos_screen.dart:628:32:
Error: The getter 'AppTheme' isn't defined for the type '_GastosScreenState'.
 - '_GastosScreenState' is from 'package:vercy_motos/screens/gastos/gastos_screen.dart' ('lib/screens/gastos/gastos_screen.dart').
                        color: AppTheme.textSecondary.withOpacity(0.3),
                               ^^^^^^^^
lib/screens/gastos/gastos_screen.dart:633:53:
Error: The getter 'AppTheme' isn't defined for the type '_GastosScreenState'.
 - '_GastosScreenState' is from 'package:vercy_motos/screens/gastos/gastos_screen.dart' ('lib/screens/gastos/gastos_screen.dart').
                      borderSide: BorderSide(color: AppTheme.primary),
                                                    ^^^^^^^^
lib/screens/gastos/gastos_screen.dart:645:41:
Error: The getter 'AppTheme' isn't defined for the type '_GastosScreenState'.
 - '_GastosScreenState' is from 'package:vercy_motos/screens/gastos/gastos_screen.dart' ('lib/screens/gastos/gastos_screen.dart').
                style: TextStyle(color: AppTheme.textSecondary),
                                        ^^^^^^^^
lib/screens/gastos/gastos_screen.dart:697:34:
Error: The getter 'AppTheme' isn't defined for the type '_GastosScreenState'.
 - '_GastosScreenState' is from 'package:vercy_motos/screens/gastos/gastos_screen.dart' ('lib/screens/gastos/gastos_screen.dart').
                backgroundColor: AppTheme.primary,
                                 ^^^^^^^^
lib/screens/gastos/gastos_screen.dart:731:28:
Error: The getter 'AppTheme' isn't defined for the type '_GastosScreenState'.
 - '_GastosScreenState' is from 'package:vercy_motos/screens/gastos/gastos_screen.dart' ('lib/screens/gastos/gastos_screen.dart').
          backgroundColor: AppTheme.cardBg,
                           ^^^^^^^^
lib/screens/gastos/gastos_screen.dart:740:26:
Error: The getter 'AppTheme' isn't defined for the type '_GastosScreenState'.
 - '_GastosScreenState' is from 'package:vercy_motos/screens/gastos/gastos_screen.dart' ('lib/screens/gastos/gastos_screen.dart').
                  color: AppTheme.primary.withOpacity(0.2),
                         ^^^^^^^^
lib/screens/gastos/gastos_screen.dart:743:52:
Error: The getter 'AppTheme' isn't defined for the type '_GastosScreenState'.
 - '_GastosScreenState' is from 'package:vercy_motos/screens/gastos/gastos_screen.dart' ('lib/screens/gastos/gastos_screen.dart').
                child: Icon(Icons.business, color: AppTheme.primary, size: 24),
                                                   ^^^^^^^^
lib/screens/gastos/gastos_screen.dart:749:26:
Error: The getter 'AppTheme' isn't defined for the type '_GastosScreenState'.
 - '_GastosScreenState' is from 'package:vercy_motos/screens/gastos/gastos_screen.dart' ('lib/screens/gastos/gastos_screen.dart').
                  color: AppTheme.textPrimary,
                         ^^^^^^^^
lib/screens/gastos/gastos_screen.dart:763:43:
Error: The getter 'AppTheme' isn't defined for the type '_GastosScreenState'.
 - '_GastosScreenState' is from 'package:vercy_motos/screens/gastos/gastos_screen.dart' ('lib/screens/gastos/gastos_screen.dart').
                  style: TextStyle(color: AppTheme.textPrimary),
                                          ^^^^^^^^
lib/screens/gastos/gastos_screen.dart:766:50:
Error: The getter 'AppTheme' isn't defined for the type '_GastosScreenState'.
 - '_GastosScreenState' is from 'package:vercy_motos/screens/gastos/gastos_screen.dart' ('lib/screens/gastos/gastos_screen.dart').
                    labelStyle: TextStyle(color: AppTheme.textSecondary),
                                                 ^^^^^^^^
lib/screens/gastos/gastos_screen.dart:769:30:
Error: The getter 'AppTheme' isn't defined for the type '_GastosScreenState'.
 - '_GastosScreenState' is from 'package:vercy_motos/screens/gastos/gastos_screen.dart' ('lib/screens/gastos/gastos_screen.dart').
                      color: AppTheme.textSecondary.withOpacity(0.5),
                             ^^^^^^^^
lib/screens/gastos/gastos_screen.dart:772:32:
Error: The getter 'AppTheme' isn't defined for the type '_GastosScreenState'.
 - '_GastosScreenState' is from 'package:vercy_motos/screens/gastos/gastos_screen.dart' ('lib/screens/gastos/gastos_screen.dart').
                    fillColor: AppTheme.surfaceDark,
                               ^^^^^^^^
lib/screens/gastos/gastos_screen.dart:776:32:
Error: The getter 'AppTheme' isn't defined for the type '_GastosScreenState'.
 - '_GastosScreenState' is from 'package:vercy_motos/screens/gastos/gastos_screen.dart' ('lib/screens/gastos/gastos_screen.dart').
                        color: AppTheme.textSecondary.withOpacity(0.3),
                               ^^^^^^^^
lib/screens/gastos/gastos_screen.dart:782:32:
Error: The getter 'AppTheme' isn't defined for the type '_GastosScreenState'.
 - '_GastosScreenState' is from 'package:vercy_motos/screens/gastos/gastos_screen.dart' ('lib/screens/gastos/gastos_screen.dart').
                        color: AppTheme.textSecondary.withOpacity(0.3),
                               ^^^^^^^^
lib/screens/gastos/gastos_screen.dart:787:53:
Error: The getter 'AppTheme' isn't defined for the type '_GastosScreenState'.
 - '_GastosScreenState' is from 'package:vercy_motos/screens/gastos/gastos_screen.dart' ('lib/screens/gastos/gastos_screen.dart').
                      borderSide: BorderSide(color: AppTheme.primary),
                                                    ^^^^^^^^
lib/screens/gastos/gastos_screen.dart:794:43:
Error: The getter 'AppTheme' isn't defined for the type '_GastosScreenState'.
 - '_GastosScreenState' is from 'package:vercy_motos/screens/gastos/gastos_screen.dart' ('lib/screens/gastos/gastos_screen.dart').
                  style: TextStyle(color: AppTheme.textPrimary),
                                          ^^^^^^^^
lib/screens/gastos/gastos_screen.dart:797:50:
Error: The getter 'AppTheme' isn't defined for the type '_GastosScreenState'.
 - '_GastosScreenState' is from 'package:vercy_motos/screens/gastos/gastos_screen.dart' ('lib/screens/gastos/gastos_screen.dart').
                    labelStyle: TextStyle(color: AppTheme.textSecondary),
                                                 ^^^^^^^^
lib/screens/gastos/gastos_screen.dart:800:30:
Error: The getter 'AppTheme' isn't defined for the type '_GastosScreenState'.
 - '_GastosScreenState' is from 'package:vercy_motos/screens/gastos/gastos_screen.dart' ('lib/screens/gastos/gastos_screen.dart').
                      color: AppTheme.textSecondary.withOpacity(0.5),
                             ^^^^^^^^
lib/screens/gastos/gastos_screen.dart:803:32:
Error: The getter 'AppTheme' isn't defined for the type '_GastosScreenState'.
 - '_GastosScreenState' is from 'package:vercy_motos/screens/gastos/gastos_screen.dart' ('lib/screens/gastos/gastos_screen.dart').
                    fillColor: AppTheme.surfaceDark,
                               ^^^^^^^^
lib/screens/gastos/gastos_screen.dart:807:32:
Error: The getter 'AppTheme' isn't defined for the type '_GastosScreenState'.
 - '_GastosScreenState' is from 'package:vercy_motos/screens/gastos/gastos_screen.dart' ('lib/screens/gastos/gastos_screen.dart').
                        color: AppTheme.textSecondary.withOpacity(0.3),
                               ^^^^^^^^
lib/screens/gastos/gastos_screen.dart:813:32:
Error: The getter 'AppTheme' isn't defined for the type '_GastosScreenState'.
 - '_GastosScreenState' is from 'package:vercy_motos/screens/gastos/gastos_screen.dart' ('lib/screens/gastos/gastos_screen.dart').
                        color: AppTheme.textSecondary.withOpacity(0.3),
                               ^^^^^^^^
lib/screens/gastos/gastos_screen.dart:818:53:
Error: The getter 'AppTheme' isn't defined for the type '_GastosScreenState'.
 - '_GastosScreenState' is from 'package:vercy_motos/screens/gastos/gastos_screen.dart' ('lib/screens/gastos/gastos_screen.dart').
                      borderSide: BorderSide(color: AppTheme.primary),
                                                    ^^^^^^^^
lib/screens/gastos/gastos_screen.dart:830:41:
Error: The getter 'AppTheme' isn't defined for the type '_GastosScreenState'.
 - '_GastosScreenState' is from 'package:vercy_motos/screens/gastos/gastos_screen.dart' ('lib/screens/gastos/gastos_screen.dart').
                style: TextStyle(color: AppTheme.textSecondary),
                                        ^^^^^^^^
lib/screens/gastos/gastos_screen.dart:852:48:
Error: The method 'Proveedor' isn't defined for the type '_GastosScreenState'.
 - '_GastosScreenState' is from 'package:vercy_motos/screens/gastos/gastos_screen.dart' ('lib/screens/gastos/gastos_screen.dart').
                        final nuevoProveedor = Proveedor(
                                               ^^^^^^^^^
lib/screens/gastos/gastos_screen.dart:885:34:
Error: The getter 'AppTheme' isn't defined for the type '_GastosScreenState'.
 - '_GastosScreenState' is from 'package:vercy_motos/screens/gastos/gastos_screen.dart' ('lib/screens/gastos/gastos_screen.dart').
                backgroundColor: AppTheme.primary,
                                 ^^^^^^^^
lib/screens/gastos/gastos_screen.dart:911:24:
Error: The getter 'AppTheme' isn't defined for the type '_GastosScreenState'.
 - '_GastosScreenState' is from 'package:vercy_motos/screens/gastos/gastos_screen.dart' ('lib/screens/gastos/gastos_screen.dart').
      backgroundColor: AppTheme.backgroundDark,
                       ^^^^^^^^
lib/screens/gastos/gastos_screen.dart:913:26:
Error: The getter 'AppTheme' isn't defined for the type '_GastosScreenState'.
 - '_GastosScreenState' is from 'package:vercy_motos/screens/gastos/gastos_screen.dart' ('lib/screens/gastos/gastos_screen.dart').
        backgroundColor: AppTheme.primary,
                         ^^^^^^^^
lib/screens/gastos/gastos_screen.dart:929:60:
Error: The getter 'AppTheme' isn't defined for the type '_GastosScreenState'.
 - '_GastosScreenState' is from 'package:vercy_motos/screens/gastos/gastos_screen.dart' ('lib/screens/gastos/gastos_screen.dart').
          ? Center(child: CircularProgressIndicator(color: AppTheme.primary))
                                                           ^^^^^^^^
lib/screens/gastos/gastos_screen.dart:936:32:
Error: The getter 'AppTheme' isn't defined for the type '_GastosScreenState'.
 - '_GastosScreenState' is from 'package:vercy_motos/screens/gastos/gastos_screen.dart' ('lib/screens/gastos/gastos_screen.dart').
              backgroundColor: AppTheme.primary,
                               ^^^^^^^^
lib/screens/gastos/gastos_screen.dart:956:22:
Error: The getter 'AppTheme' isn't defined for the type '_GastosScreenState'.
 - '_GastosScreenState' is from 'package:vercy_motos/screens/gastos/gastos_screen.dart' ('lib/screens/gastos/gastos_screen.dart').
              color: AppTheme.textPrimary,
                     ^^^^^^^^
lib/screens/gastos/gastos_screen.dart:1002:41:
Error: 'Proveedor' isn't a type.
                    child: Autocomplete<Proveedor>(
                                        ^^^^^^^^^
lib/screens/gastos/gastos_screen.dart:1017:48:
Error: 'Proveedor' isn't a type.
                      displayStringForOption: (Proveedor p) => p.nombre,
                                               ^^^^^^^^^
lib/screens/gastos/gastos_screen.dart:1030:36:
Error: 'Proveedor' isn't a type.
                      onSelected: (Proveedor proveedor) {
                                   ^^^^^^^^^
lib/screens/gastos/gastos_screen.dart:1115:52:
Error: 'Proveedor' isn't a type.
                            AutocompleteOnSelected<Proveedor> onSelected,
                                                   ^^^^^^^^^
lib/screens/gastos/gastos_screen.dart:1116:38:
Error: 'Proveedor' isn't a type.
                            Iterable<Proveedor> options,
                                     ^^^^^^^^^
lib/screens/gastos/gastos_screen.dart:1135:49:
Error: 'Proveedor' isn't a type.
                                          final Proveedor proveedor = options
                                                ^^^^^^^^^
lib/screens/gastos/gastos_screen.dart:993:26:
Error: The getter 'AppTheme' isn't defined for the type '_GastosScreenState'.
 - '_GastosScreenState' is from 'package:vercy_motos/screens/gastos/gastos_screen.dart' ('lib/screens/gastos/gastos_screen.dart').
                  color: AppTheme.textSecondary,
                         ^^^^^^^^
lib/screens/gastos/gastos_screen.dart:1023:50:
Error: The getter 'id' isn't defined for the type 'Object?'.
 - 'Object' is from 'dart:core'.
                                        (p) => p.id == _selectedProveedorId,
                                                 ^^
lib/screens/gastos/gastos_screen.dart:1025:53:
Error: The getter 'nombre' isn't defined for the type 'Object?'.
 - 'Object' is from 'dart:core'.
                                      .map((p) => p.nombre)
                                                    ^^^^^^
lib/screens/gastos/gastos_screen.dart:1013:40:
Error: The getter 'nombre' isn't defined for the type 'Object?'.
 - 'Object' is from 'dart:core'.
                              (p) => p.nombre.toLowerCase().contains(query),
                                       ^^^^^^
lib/screens/gastos/gastos_screen.dart:1043:40:
Error: The getter 'AppTheme' isn't defined for the type '_GastosScreenState'.
 - '_GastosScreenState' is from 'package:vercy_motos/screens/gastos/gastos_screen.dart' ('lib/screens/gastos/gastos_screen.dart').
                                color: AppTheme.surfaceDark,
                                       ^^^^^^^^
lib/screens/gastos/gastos_screen.dart:1046:42:
Error: The getter 'AppTheme' isn't defined for the type '_GastosScreenState'.
 - '_GastosScreenState' is from 'package:vercy_motos/screens/gastos/gastos_screen.dart' ('lib/screens/gastos/gastos_screen.dart').
                                  color: AppTheme.textSecondary.withOpacity(
                                         ^^^^^^^^
lib/screens/gastos/gastos_screen.dart:1055:42:
Error: The getter 'AppTheme' isn't defined for the type '_GastosScreenState'.
 - '_GastosScreenState' is from 'package:vercy_motos/screens/gastos/gastos_screen.dart' ('lib/screens/gastos/gastos_screen.dart').
                                  color: AppTheme.textPrimary,
                                         ^^^^^^^^
lib/screens/gastos/gastos_screen.dart:1080:44:
Error: The getter 'AppTheme' isn't defined for the type '_GastosScreenState'.
 - '_GastosScreenState' is from 'package:vercy_motos/screens/gastos/gastos_screen.dart' ('lib/screens/gastos/gastos_screen.dart').
                                    color: AppTheme.textSecondary,
                                           ^^^^^^^^
lib/screens/gastos/gastos_screen.dart:1085:44:
Error: The getter 'AppTheme' isn't defined for the type '_GastosScreenState'.
 - '_GastosScreenState' is from 'package:vercy_motos/screens/gastos/gastos_screen.dart' ('lib/screens/gastos/gastos_screen.dart').
                                    color: AppTheme.textSecondary,
                                           ^^^^^^^^
lib/screens/gastos/gastos_screen.dart:1093:52:
Error: The getter 'AppTheme' isn't defined for the type '_GastosScreenState'.
 - '_GastosScreenState' is from 'package:vercy_motos/screens/gastos/gastos_screen.dart' ('lib/screens/gastos/gastos_screen.dart').
                                            color: AppTheme.textSecondary,
                                                   ^^^^^^^^
lib/screens/gastos/gastos_screen.dart:1106:50:
Error: The getter 'AppTheme' isn't defined for the type '_GastosScreenState'.
 - '_GastosScreenState' is from 'package:vercy_motos/screens/gastos/gastos_screen.dart' ('lib/screens/gastos/gastos_screen.dart').
                                          color: AppTheme.textSecondary,
                                                 ^^^^^^^^
lib/screens/gastos/gastos_screen.dart:1064:52:
Error: The getter 'id' isn't defined for the type 'Object?'.
 - 'Object' is from 'dart:core'.
                                          (p) => p.id == _selectedProveedorId,
                                                   ^^
lib/screens/gastos/gastos_screen.dart:1122:40:
Error: The getter 'AppTheme' isn't defined for the type '_GastosScreenState'.
 - '_GastosScreenState' is from 'package:vercy_motos/screens/gastos/gastos_screen.dart' ('lib/screens/gastos/gastos_screen.dart').
                                color: AppTheme.cardBg,
                                       ^^^^^^^^
lib/screens/gastos/gastos_screen.dart:1147:60:
Error: The getter 'AppTheme' isn't defined for the type '_GastosScreenState'.
 - '_GastosScreenState' is from 'package:vercy_motos/screens/gastos/gastos_screen.dart' ('lib/screens/gastos/gastos_screen.dart').
                                                    color: AppTheme
                                                           ^^^^^^^^
lib/screens/gastos/gastos_screen.dart:1157:58:
Error: The getter 'AppTheme' isn't defined for the type '_GastosScreenState'.
 - '_GastosScreenState' is from 'package:vercy_motos/screens/gastos/gastos_screen.dart' ('lib/screens/gastos/gastos_screen.dart').
                                                  color: AppTheme.textPrimary,
                                                         ^^^^^^^^
lib/screens/gastos/gastos_screen.dart:1176:30:
Error: The getter 'AppTheme' isn't defined for the type '_GastosScreenState'.
 - '_GastosScreenState' is from 'package:vercy_motos/screens/gastos/gastos_screen.dart' ('lib/screens/gastos/gastos_screen.dart').
                      color: AppTheme.surfaceDark,
                             ^^^^^^^^
lib/screens/gastos/gastos_screen.dart:1179:32:
Error: The getter 'AppTheme' isn't defined for the type '_GastosScreenState'.
 - '_GastosScreenState' is from 'package:vercy_motos/screens/gastos/gastos_screen.dart' ('lib/screens/gastos/gastos_screen.dart').
                        color: AppTheme.textSecondary.withOpacity(0.3),
                               ^^^^^^^^
lib/screens/gastos/gastos_screen.dart:1185:32:
Error: The getter 'AppTheme' isn't defined for the type '_GastosScreenState'.
 - '_GastosScreenState' is from 'package:vercy_motos/screens/gastos/gastos_screen.dart' ('lib/screens/gastos/gastos_screen.dart').
                        color: AppTheme.textSecondary,
                               ^^^^^^^^
lib/screens/gastos/gastos_screen.dart:1208:26:
Error: The getter 'AppTheme' isn't defined for the type '_GastosScreenState'.
 - '_GastosScreenState' is from 'package:vercy_motos/screens/gastos/gastos_screen.dart' ('lib/screens/gastos/gastos_screen.dart').
                  color: AppTheme.textSecondary,
                         ^^^^^^^^
lib/screens/gastos/gastos_screen.dart:1228:28:
Error: The getter 'AppTheme' isn't defined for the type '_GastosScreenState'.
 - '_GastosScreenState' is from 'package:vercy_motos/screens/gastos/gastos_screen.dart' ('lib/screens/gastos/gastos_screen.dart').
                    color: AppTheme.surfaceDark,
                           ^^^^^^^^
lib/screens/gastos/gastos_screen.dart:1231:30:
Error: The getter 'AppTheme' isn't defined for the type '_GastosScreenState'.
 - '_GastosScreenState' is from 'package:vercy_motos/screens/gastos/gastos_screen.dart' ('lib/screens/gastos/gastos_screen.dart').
                      color: AppTheme.textSecondary.withOpacity(0.3),
                             ^^^^^^^^
lib/screens/gastos/gastos_screen.dart:1239:32:
Error: The getter 'AppTheme' isn't defined for the type '_GastosScreenState'.
 - '_GastosScreenState' is from 'package:vercy_motos/screens/gastos/gastos_screen.dart' ('lib/screens/gastos/gastos_screen.dart').
                        color: AppTheme.textSecondary,
                               ^^^^^^^^
lib/screens/gastos/gastos_screen.dart:1247:36:
Error: The getter 'AppTheme' isn't defined for the type '_GastosScreenState'.
 - '_GastosScreenState' is from 'package:vercy_motos/screens/gastos/gastos_screen.dart' ('lib/screens/gastos/gastos_screen.dart').
                            color: AppTheme.textPrimary,
                                   ^^^^^^^^
lib/screens/gastos/gastos_screen.dart:1254:32:
Error: The getter 'AppTheme' isn't defined for the type '_GastosScreenState'.
 - '_GastosScreenState' is from 'package:vercy_motos/screens/gastos/gastos_screen.dart' ('lib/screens/gastos/gastos_screen.dart').
                        color: AppTheme.textSecondary,
                               ^^^^^^^^
lib/screens/gastos/gastos_screen.dart:1275:26:
Error: The getter 'AppTheme' isn't defined for the type '_GastosScreenState'.
 - '_GastosScreenState' is from 'package:vercy_motos/screens/gastos/gastos_screen.dart' ('lib/screens/gastos/gastos_screen.dart').
                  color: AppTheme.textSecondary,
                         ^^^^^^^^
lib/screens/gastos/gastos_screen.dart:1297:28:
Error: The getter 'AppTheme' isn't defined for the type '_GastosScreenState'.
 - '_GastosScreenState' is from 'package:vercy_motos/screens/gastos/gastos_screen.dart' ('lib/screens/gastos/gastos_screen.dart').
                    color: AppTheme.surfaceDark,
                           ^^^^^^^^
lib/screens/gastos/gastos_screen.dart:1300:30:
Error: The getter 'AppTheme' isn't defined for the type '_GastosScreenState'.
 - '_GastosScreenState' is from 'package:vercy_motos/screens/gastos/gastos_screen.dart' ('lib/screens/gastos/gastos_screen.dart').
                      color: AppTheme.textSecondary.withOpacity(0.3),
                             ^^^^^^^^
lib/screens/gastos/gastos_screen.dart:1308:32:
Error: The getter 'AppTheme' isn't defined for the type '_GastosScreenState'.
 - '_GastosScreenState' is from 'package:vercy_motos/screens/gastos/gastos_screen.dart' ('lib/screens/gastos/gastos_screen.dart').
                        color: AppTheme.textSecondary,
                               ^^^^^^^^
lib/screens/gastos/gastos_screen.dart:1319:35:
Error: The getter 'AppTheme' isn't defined for the type '_GastosScreenState'.
 - '_GastosScreenState' is from 'package:vercy_motos/screens/gastos/gastos_screen.dart' ('lib/screens/gastos/gastos_screen.dart').
                                ? AppTheme.textPrimary
                                  ^^^^^^^^
lib/screens/gastos/gastos_screen.dart:1320:35:
Error: The getter 'AppTheme' isn't defined for the type '_GastosScreenState'.
 - '_GastosScreenState' is from 'package:vercy_motos/screens/gastos/gastos_screen.dart' ('lib/screens/gastos/gastos_screen.dart').
                                : AppTheme.textSecondary,
                                  ^^^^^^^^
lib/screens/gastos/gastos_screen.dart:1327:32:
Error: The getter 'AppTheme' isn't defined for the type '_GastosScreenState'.
 - '_GastosScreenState' is from 'package:vercy_motos/screens/gastos/gastos_screen.dart' ('lib/screens/gastos/gastos_screen.dart').
                        color: AppTheme.textSecondary,
                               ^^^^^^^^
lib/screens/gastos/gastos_screen.dart:1348:26:
Error: The getter 'AppTheme' isn't defined for the type '_GastosScreenState'.
 - '_GastosScreenState' is from 'package:vercy_motos/screens/gastos/gastos_screen.dart' ('lib/screens/gastos/gastos_screen.dart').
                  color: AppTheme.textSecondary,
                         ^^^^^^^^
lib/screens/gastos/gastos_screen.dart:1360:32:
Error: The getter 'AppTheme' isn't defined for the type '_GastosScreenState'.
 - '_GastosScreenState' is from 'package:vercy_motos/screens/gastos/gastos_screen.dart' ('lib/screens/gastos/gastos_screen.dart').
                        color: AppTheme.surfaceDark,
                               ^^^^^^^^
lib/screens/gastos/gastos_screen.dart:1363:34:
Error: The getter 'AppTheme' isn't defined for the type '_GastosScreenState'.
 - '_GastosScreenState' is from 'package:vercy_motos/screens/gastos/gastos_screen.dart' ('lib/screens/gastos/gastos_screen.dart').
                          color: AppTheme.textSecondary.withOpacity(0.3),
                                 ^^^^^^^^
lib/screens/gastos/gastos_screen.dart:1370:34:
Error: The getter 'AppTheme' isn't defined for the type '_GastosScreenState'.
 - '_GastosScreenState' is from 'package:vercy_motos/screens/gastos/gastos_screen.dart' ('lib/screens/gastos/gastos_screen.dart').
                          color: AppTheme.textPrimary,
                                 ^^^^^^^^
lib/screens/gastos/gastos_screen.dart:1381:36:
Error: The getter 'AppTheme' isn't defined for the type '_GastosScreenState'.
 - '_GastosScreenState' is from 'package:vercy_motos/screens/gastos/gastos_screen.dart' ('lib/screens/gastos/gastos_screen.dart').
                            color: AppTheme.textSecondary,
                                   ^^^^^^^^
lib/screens/gastos/gastos_screen.dart:1385:40:
Error: The getter 'AppTheme' isn't defined for the type '_GastosScreenState'.
 - '_GastosScreenState' is from 'package:vercy_motos/screens/gastos/gastos_screen.dart' ('lib/screens/gastos/gastos_screen.dart').
                        dropdownColor: AppTheme.cardBg,
                                       ^^^^^^^^
lib/screens/gastos/gastos_screen.dart:1392:55:
Error: The getter 'AppTheme' isn't defined for the type '_GastosScreenState'.
 - '_GastosScreenState' is from 'package:vercy_motos/screens/gastos/gastos_screen.dart' ('lib/screens/gastos/gastos_screen.dart').
                              style: TextStyle(color: AppTheme.textSecondary),
                                                      ^^^^^^^^
lib/screens/gastos/gastos_screen.dart:1397:40:
Error: The getter 'id' isn't defined for the type 'Object?'.
 - 'Object' is from 'dart:core'.
                              value: t.id,
                                       ^^
lib/screens/gastos/gastos_screen.dart:1398:45:
Error: The getter 'nombre' isn't defined for the type 'Object?'.
 - 'Object' is from 'dart:core'.
                              child: Text(t.nombre),
                                            ^^^^^^
lib/screens/gastos/gastos_screen.dart:1412:30:
Error: The getter 'AppTheme' isn't defined for the type '_GastosScreenState'.
 - '_GastosScreenState' is from 'package:vercy_motos/screens/gastos/gastos_screen.dart' ('lib/screens/gastos/gastos_screen.dart').
                      color: AppTheme.surfaceDark,
                             ^^^^^^^^
lib/screens/gastos/gastos_screen.dart:1415:32:
Error: The getter 'AppTheme' isn't defined for the type '_GastosScreenState'.
 - '_GastosScreenState' is from 'package:vercy_motos/screens/gastos/gastos_screen.dart' ('lib/screens/gastos/gastos_screen.dart').
                        color: AppTheme.textSecondary.withOpacity(0.3),
                               ^^^^^^^^
lib/screens/gastos/gastos_screen.dart:1421:32:
Error: The getter 'AppTheme' isn't defined for the type '_GastosScreenState'.
 - '_GastosScreenState' is from 'package:vercy_motos/screens/gastos/gastos_screen.dart' ('lib/screens/gastos/gastos_screen.dart').
                        color: AppTheme.textSecondary,
                               ^^^^^^^^
lib/screens/gastos/gastos_screen.dart:1444:28:
Error: The getter 'AppTheme' isn't defined for the type '_GastosScreenState'.
 - '_GastosScreenState' is from 'package:vercy_motos/screens/gastos/gastos_screen.dart' ('lib/screens/gastos/gastos_screen.dart').
                    color: AppTheme.textSecondary,
                           ^^^^^^^^
lib/screens/gastos/gastos_screen.dart:1454:28:
Error: The getter 'AppTheme' isn't defined for the type '_GastosScreenState'.
 - '_GastosScreenState' is from 'package:vercy_motos/screens/gastos/gastos_screen.dart' ('lib/screens/gastos/gastos_screen.dart').
                    color: AppTheme.primary,
                           ^^^^^^^^
lib/screens/gastos/gastos_screen.dart:1475:36:
Error: The getter 'AppTheme' isn't defined for the type '_GastosScreenState'.
 - '_GastosScreenState' is from 'package:vercy_motos/screens/gastos/gastos_screen.dart' ('lib/screens/gastos/gastos_screen.dart').
                      activeColor: AppTheme.primary,
                                   ^^^^^^^^
lib/screens/gastos/gastos_screen.dart:1476:41:
Error: The getter 'AppTheme' isn't defined for the type '_GastosScreenState'.
 - '_GastosScreenState' is from 'package:vercy_motos/screens/gastos/gastos_screen.dart' ('lib/screens/gastos/gastos_screen.dart').
                      activeTrackColor: AppTheme.primary.withOpacity(0.3),
                                        ^^^^^^^^
lib/screens/gastos/gastos_screen.dart:1483:30:
Error: The getter 'AppTheme' isn't defined for the type '_GastosScreenState'.
 - '_GastosScreenState' is from 'package:vercy_motos/screens/gastos/gastos_screen.dart' ('lib/screens/gastos/gastos_screen.dart').
                      color: AppTheme.textSecondary,
                             ^^^^^^^^
lib/screens/gastos/gastos_screen.dart:1503:20:
Error: The getter 'AppTheme' isn't defined for the type '_GastosScreenState'.
 - '_GastosScreenState' is from 'package:vercy_motos/screens/gastos/gastos_screen.dart' ('lib/screens/gastos/gastos_screen.dart').
            color: AppTheme.primary,
                   ^^^^^^^^
lib/screens/gastos/gastos_screen.dart:1561:20:
Error: The getter 'AppTheme' isn't defined for the type '_GastosScreenState'.
 - '_GastosScreenState' is from 'package:vercy_motos/screens/gastos/gastos_screen.dart' ('lib/screens/gastos/gastos_screen.dart').
            color: AppTheme.primary,
                   ^^^^^^^^
lib/screens/gastos/gastos_screen.dart:1575:35:
Error: The getter 'AppTheme' isn't defined for the type '_GastosScreenState'.
 - '_GastosScreenState' is from 'package:vercy_motos/screens/gastos/gastos_screen.dart' ('lib/screens/gastos/gastos_screen.dart').
          left: BorderSide(color: AppTheme.textSecondary.withOpacity(0.3)),
                                  ^^^^^^^^
lib/screens/gastos/gastos_screen.dart:1576:36:
Error: The getter 'AppTheme' isn't defined for the type '_GastosScreenState'.
 - '_GastosScreenState' is from 'package:vercy_motos/screens/gastos/gastos_screen.dart' ('lib/screens/gastos/gastos_screen.dart').
          right: BorderSide(color: AppTheme.textSecondary.withOpacity(0.3)),
                                   ^^^^^^^^
lib/screens/gastos/gastos_screen.dart:1577:37:
Error: The getter 'AppTheme' isn't defined for the type '_GastosScreenState'.
 - '_GastosScreenState' is from 'package:vercy_motos/screens/gastos/gastos_screen.dart' ('lib/screens/gastos/gastos_screen.dart').
          bottom: BorderSide(color: AppTheme.textSecondary.withOpacity(0.3)),
                                    ^^^^^^^^
lib/screens/gastos/gastos_screen.dart:1588:41:
Error: The getter 'AppTheme' isn't defined for the type '_GastosScreenState'.
 - '_GastosScreenState' is from 'package:vercy_motos/screens/gastos/gastos_screen.dart' ('lib/screens/gastos/gastos_screen.dart').
                style: TextStyle(color: AppTheme.textPrimary, fontSize: 16),
                                        ^^^^^^^^
lib/screens/gastos/gastos_screen.dart:1607:55:
Error: The getter 'AppTheme' isn't defined for the type '_GastosScreenState'.
 - '_GastosScreenState' is from 'package:vercy_motos/screens/gastos/gastos_screen.dart' ('lib/screens/gastos/gastos_screen.dart').
              icon: Icon(Icons.delete_outline, color: AppTheme.error, size: 26),
                                                      ^^^^^^^^
lib/screens/gastos/gastos_screen.dart:1627:33:
Error: The getter 'AppTheme' isn't defined for the type '_GastosScreenState'.
 - '_GastosScreenState' is from 'package:vercy_motos/screens/gastos/gastos_screen.dart' ('lib/screens/gastos/gastos_screen.dart').
        style: TextStyle(color: AppTheme.textPrimary, fontSize: 16),
                                ^^^^^^^^
lib/screens/gastos/gastos_screen.dart:1637:35:
Error: The getter 'AppTheme' isn't defined for the type '_GastosScreenState'.
 - '_GastosScreenState' is from 'package:vercy_motos/screens/gastos/gastos_screen.dart' ('lib/screens/gastos/gastos_screen.dart').
          left: BorderSide(color: AppTheme.textSecondary.withOpacity(0.3)),
                                  ^^^^^^^^
lib/screens/gastos/gastos_screen.dart:1638:36:
Error: The getter 'AppTheme' isn't defined for the type '_GastosScreenState'.
 - '_GastosScreenState' is from 'package:vercy_motos/screens/gastos/gastos_screen.dart' ('lib/screens/gastos/gastos_screen.dart').
          right: BorderSide(color: AppTheme.textSecondary.withOpacity(0.3)),
                                   ^^^^^^^^
lib/screens/gastos/gastos_screen.dart:1639:37:
Error: The getter 'AppTheme' isn't defined for the type '_GastosScreenState'.
 - '_GastosScreenState' is from 'package:vercy_motos/screens/gastos/gastos_screen.dart' ('lib/screens/gastos/gastos_screen.dart').
          bottom: BorderSide(color: AppTheme.textSecondary.withOpacity(0.3)),
                                    ^^^^^^^^
lib/screens/gastos/gastos_screen.dart:1655:41:
Error: The getter 'AppTheme' isn't defined for the type '_GastosScreenState'.
 - '_GastosScreenState' is from 'package:vercy_motos/screens/gastos/gastos_screen.dart' ('lib/screens/gastos/gastos_screen.dart').
                style: TextStyle(color: AppTheme.textPrimary, fontSize: 16),
                                        ^^^^^^^^
lib/screens/gastos/gastos_screen.dart:1664:28:
Error: The getter 'AppTheme' isn't defined for the type '_GastosScreenState'.
 - '_GastosScreenState' is from 'package:vercy_motos/screens/gastos/gastos_screen.dart' ('lib/screens/gastos/gastos_screen.dart').
                    color: AppTheme.textSecondary,
                           ^^^^^^^^
lib/screens/gastos/gastos_screen.dart:1668:30:
Error: The getter 'AppTheme' isn't defined for the type '_GastosScreenState'.
 - '_GastosScreenState' is from 'package:vercy_motos/screens/gastos/gastos_screen.dart' ('lib/screens/gastos/gastos_screen.dart').
                  fillColor: AppTheme.surfaceDark,
                             ^^^^^^^^
lib/screens/gastos/gastos_screen.dart:1687:45:
Error: The getter 'AppTheme' isn't defined for the type '_GastosScreenState'.
 - '_GastosScreenState' is from 'package:vercy_motos/screens/gastos/gastos_screen.dart' ('lib/screens/gastos/gastos_screen.dart').
                    style: TextStyle(color: AppTheme.textPrimary, fontSize: 14),
                                            ^^^^^^^^
lib/screens/gastos/gastos_screen.dart:1695:34:
Error: The getter 'AppTheme' isn't defined for the type '_GastosScreenState'.
 - '_GastosScreenState' is from 'package:vercy_motos/screens/gastos/gastos_screen.dart' ('lib/screens/gastos/gastos_screen.dart').
                      fillColor: AppTheme.surfaceDark,
                                 ^^^^^^^^
lib/screens/gastos/gastos_screen.dart:1701:36:
Error: The getter 'AppTheme' isn't defined for the type '_GastosScreenState'.
 - '_GastosScreenState' is from 'package:vercy_motos/screens/gastos/gastos_screen.dart' ('lib/screens/gastos/gastos_screen.dart').
                    dropdownColor: AppTheme.cardBg,
                                   ^^^^^^^^
lib/screens/gastos/gastos_screen.dart:1720:45:
Error: The getter 'AppTheme' isn't defined for the type '_GastosScreenState'.
 - '_GastosScreenState' is from 'package:vercy_motos/screens/gastos/gastos_screen.dart' ('lib/screens/gastos/gastos_screen.dart').
                    style: TextStyle(color: AppTheme.textPrimary, fontSize: 16),
                                            ^^^^^^^^
lib/screens/gastos/gastos_screen.dart:1729:32:
Error: The getter 'AppTheme' isn't defined for the type '_GastosScreenState'.
 - '_GastosScreenState' is from 'package:vercy_motos/screens/gastos/gastos_screen.dart' ('lib/screens/gastos/gastos_screen.dart').
                        color: AppTheme.textSecondary,
                               ^^^^^^^^
lib/screens/gastos/gastos_screen.dart:1733:34:
Error: The getter 'AppTheme' isn't defined for the type '_GastosScreenState'.
 - '_GastosScreenState' is from 'package:vercy_motos/screens/gastos/gastos_screen.dart' ('lib/screens/gastos/gastos_screen.dart').
                      fillColor: AppTheme.surfaceDark,
                                 ^^^^^^^^
lib/screens/gastos/gastos_screen.dart:1751:39:
Error: The getter 'AppTheme' isn't defined for the type '_GastosScreenState'.
 - '_GastosScreenState' is from 'package:vercy_motos/screens/gastos/gastos_screen.dart' ('lib/screens/gastos/gastos_screen.dart').
              style: TextStyle(color: AppTheme.textPrimary, fontSize: 15),
                                      ^^^^^^^^
lib/screens/gastos/gastos_screen.dart:1759:28:
Error: The getter 'AppTheme' isn't defined for the type '_GastosScreenState'.
 - '_GastosScreenState' is from 'package:vercy_motos/screens/gastos/gastos_screen.dart' ('lib/screens/gastos/gastos_screen.dart').
                fillColor: AppTheme.surfaceDark,
                           ^^^^^^^^
lib/screens/gastos/gastos_screen.dart:1765:30:
Error: The getter 'AppTheme' isn't defined for the type '_GastosScreenState'.
 - '_GastosScreenState' is from 'package:vercy_motos/screens/gastos/gastos_screen.dart' ('lib/screens/gastos/gastos_screen.dart').
              dropdownColor: AppTheme.cardBg,
                             ^^^^^^^^
lib/screens/gastos/gastos_screen.dart:1795:24:
Error: The getter 'AppTheme' isn't defined for the type '_GastosScreenState'.
 - '_GastosScreenState' is from 'package:vercy_motos/screens/gastos/gastos_screen.dart' ('lib/screens/gastos/gastos_screen.dart').
                color: AppTheme.surfaceDark.withOpacity(0.5),
                       ^^^^^^^^
lib/screens/gastos/gastos_screen.dart:1800:41:
Error: The getter 'AppTheme' isn't defined for the type '_GastosScreenState'.
 - '_GastosScreenState' is from 'package:vercy_motos/screens/gastos/gastos_screen.dart' ('lib/screens/gastos/gastos_screen.dart').
                style: TextStyle(color: AppTheme.textSecondary, fontSize: 16),
                                        ^^^^^^^^
lib/screens/gastos/gastos_screen.dart:1813:24:
Error: The getter 'AppTheme' isn't defined for the type '_GastosScreenState'.
 - '_GastosScreenState' is from 'package:vercy_motos/screens/gastos/gastos_screen.dart' ('lib/screens/gastos/gastos_screen.dart').
                color: AppTheme.primary,
                       ^^^^^^^^
lib/screens/gastos/gastos_screen.dart:1841:26:
Error: The getter 'AppTheme' isn't defined for the type '_GastosScreenState'.
 - '_GastosScreenState' is from 'package:vercy_motos/screens/gastos/gastos_screen.dart' ('lib/screens/gastos/gastos_screen.dart').
                  color: AppTheme.textSecondary,
                         ^^^^^^^^
lib/screens/gastos/gastos_screen.dart:1850:41:
Error: The getter 'AppTheme' isn't defined for the type '_GastosScreenState'.
 - '_GastosScreenState' is from 'package:vercy_motos/screens/gastos/gastos_screen.dart' ('lib/screens/gastos/gastos_screen.dart').
                style: TextStyle(color: AppTheme.textPrimary, fontSize: 15),
                                        ^^^^^^^^
lib/screens/gastos/gastos_screen.dart:1853:47:
Error: The getter 'AppTheme' isn't defined for the type '_GastosScreenState'.
 - '_GastosScreenState' is from 'package:vercy_motos/screens/gastos/gastos_screen.dart' ('lib/screens/gastos/gastos_screen.dart').
                  hintStyle: TextStyle(color: AppTheme.textSecondary),
                                              ^^^^^^^^
lib/screens/gastos/gastos_screen.dart:1855:30:
Error: The getter 'AppTheme' isn't defined for the type '_GastosScreenState'.
 - '_GastosScreenState' is from 'package:vercy_motos/screens/gastos/gastos_screen.dart' ('lib/screens/gastos/gastos_screen.dart').
                  fillColor: AppTheme.surfaceDark,
                             ^^^^^^^^
lib/screens/gastos/gastos_screen.dart:1881:28:
Error: The getter 'AppTheme' isn't defined for the type '_GastosScreenState'.
 - '_GastosScreenState' is from 'package:vercy_motos/screens/gastos/gastos_screen.dart' ('lib/screens/gastos/gastos_screen.dart').
                    color: AppTheme.primary,
                           ^^^^^^^^
lib/screens/gastos/gastos_screen.dart:1909:30:
Error: The getter 'AppTheme' isn't defined for the type '_GastosScreenState'.
 - '_GastosScreenState' is from 'package:vercy_motos/screens/gastos/gastos_screen.dart' ('lib/screens/gastos/gastos_screen.dart').
              Divider(color: AppTheme.textSecondary.withOpacity(0.3)),
                             ^^^^^^^^
lib/screens/gastos/gastos_screen.dart:1925:37:
Error: The getter 'AppTheme' isn't defined for the type '_GastosScreenState'.
 - '_GastosScreenState' is from 'package:vercy_motos/screens/gastos/gastos_screen.dart' ('lib/screens/gastos/gastos_screen.dart').
            style: TextStyle(color: AppTheme.textSecondary, fontSize: 14),
                                    ^^^^^^^^
lib/screens/gastos/gastos_screen.dart:1932:37:
Error: The getter 'AppTheme' isn't defined for the type '_GastosScreenState'.
 - '_GastosScreenState' is from 'package:vercy_motos/screens/gastos/gastos_screen.dart' ('lib/screens/gastos/gastos_screen.dart').
            style: TextStyle(color: AppTheme.textPrimary, fontSize: 15),
                                    ^^^^^^^^
lib/screens/gastos/gastos_screen.dart:1940:45:
Error: The getter 'AppTheme' isn't defined for the type '_GastosScreenState'.
 - '_GastosScreenState' is from 'package:vercy_motos/screens/gastos/gastos_screen.dart' ('lib/screens/gastos/gastos_screen.dart').
              suffixStyle: TextStyle(color: AppTheme.textSecondary),
                                            ^^^^^^^^
lib/screens/gastos/gastos_screen.dart:1942:26:
Error: The getter 'AppTheme' isn't defined for the type '_GastosScreenState'.
 - '_GastosScreenState' is from 'package:vercy_motos/screens/gastos/gastos_screen.dart' ('lib/screens/gastos/gastos_screen.dart').
              fillColor: AppTheme.surfaceDark,
                         ^^^^^^^^
lib/screens/gastos/gastos_screen.dart:1964:32:
Error: The getter 'AppTheme' isn't defined for the type '_GastosScreenState'.
 - '_GastosScreenState' is from 'package:vercy_motos/screens/gastos/gastos_screen.dart' ('lib/screens/gastos/gastos_screen.dart').
              color: isTotal ? AppTheme.textPrimary : AppTheme.textSecondary,
                               ^^^^^^^^
lib/screens/gastos/gastos_screen.dart:1964:55:
Error: The getter 'AppTheme' isn't defined for the type '_GastosScreenState'.
 - '_GastosScreenState' is from 'package:vercy_motos/screens/gastos/gastos_screen.dart' ('lib/screens/gastos/gastos_screen.dart').
              color: isTotal ? AppTheme.textPrimary : AppTheme.textSecondary,
                                                      ^^^^^^^^
lib/screens/gastos/gastos_screen.dart:1973:22:
Error: The getter 'AppTheme' isn't defined for the type '_GastosScreenState'.
 - '_GastosScreenState' is from 'package:vercy_motos/screens/gastos/gastos_screen.dart' ('lib/screens/gastos/gastos_screen.dart').
              color: AppTheme.surfaceDark,
                     ^^^^^^^^
lib/screens/gastos/gastos_screen.dart:1979:34:
Error: The getter 'AppTheme' isn't defined for the type '_GastosScreenState'.
 - '_GastosScreenState' is from 'package:vercy_motos/screens/gastos/gastos_screen.dart' ('lib/screens/gastos/gastos_screen.dart').
                color: isTotal ? AppTheme.primary : AppTheme.textPrimary,
                                 ^^^^^^^^
lib/screens/gastos/gastos_screen.dart:1979:53:
Error: The getter 'AppTheme' isn't defined for the type '_GastosScreenState'.
 - '_GastosScreenState' is from 'package:vercy_motos/screens/gastos/gastos_screen.dart' ('lib/screens/gastos/gastos_screen.dart').
                color: isTotal ? AppTheme.primary : AppTheme.textPrimary,
                                                    ^^^^^^^^
lib/screens/gastos/gastos_screen.dart:1999:30:
Error: The getter 'AppTheme' isn't defined for the type '_GastosScreenState'.
 - '_GastosScreenState' is from 'package:vercy_motos/screens/gastos/gastos_screen.dart' ('lib/screens/gastos/gastos_screen.dart').
            backgroundColor: AppTheme.primary,
                             ^^^^^^^^
lib/screens/gastos/gastos_screen.dart:2110:40:
Error: 'UserProvider' isn't a type.
      final userProvider = Provider.of<UserProvider>(context, listen: false);
                                       ^^^^^^^^^^^^
lib/screens/gastos/gastos_screen.dart:2117:29:
Error: The getter 'id' isn't defined for the type 'Object?'.
 - 'Object' is from 'dart:core'.
            .where((p) => p.id == _selectedProveedorId)
                            ^^
lib/screens/gastos/gastos_screen.dart:2184:18:
Error: The getter 'AppTheme' isn't defined for the type '_GastosScreenState'.
 - '_GastosScreenState' is from 'package:vercy_motos/screens/gastos/gastos_screen.dart' ('lib/screens/gastos/gastos_screen.dart').
          color: AppTheme.cardBg,
                 ^^^^^^^^
lib/screens/gastos/gastos_screen.dart:2198:32:
Error: The getter 'AppTheme' isn't defined for the type '_GastosScreenState'.
 - '_GastosScreenState' is from 'package:vercy_motos/screens/gastos/gastos_screen.dart' ('lib/screens/gastos/gastos_screen.dart').
                        color: AppTheme.textPrimary,
                               ^^^^^^^^
lib/screens/gastos/gastos_screen.dart:2207:49:
Error: The getter 'AppTheme' isn't defined for the type '_GastosScreenState'.
 - '_GastosScreenState' is from 'package:vercy_motos/screens/gastos/gastos_screen.dart' ('lib/screens/gastos/gastos_screen.dart').
                        style: TextStyle(color: AppTheme.primary),
                                                ^^^^^^^^
lib/screens/gastos/gastos_screen.dart:2225:38:
Error: The getter 'AppTheme' isn't defined for the type '_GastosScreenState'.
 - '_GastosScreenState' is from 'package:vercy_motos/screens/gastos/gastos_screen.dart' ('lib/screens/gastos/gastos_screen.dart').
                              color: AppTheme.textSecondary,
                                     ^^^^^^^^
lib/screens/gastos/gastos_screen.dart:2230:42:
Error: The getter 'AppTheme' isn't defined for the type '_GastosScreenState'.
 - '_GastosScreenState' is from 'package:vercy_motos/screens/gastos/gastos_screen.dart' ('lib/screens/gastos/gastos_screen.dart').
                          dropdownColor: AppTheme.cardBg,
                                         ^^^^^^^^
lib/screens/gastos/gastos_screen.dart:2231:51:
Error: The getter 'AppTheme' isn't defined for the type '_GastosScreenState'.
 - '_GastosScreenState' is from 'package:vercy_motos/screens/gastos/gastos_screen.dart' ('lib/screens/gastos/gastos_screen.dart').
                          style: TextStyle(color: AppTheme.textPrimary),
                                                  ^^^^^^^^
lib/screens/gastos/gastos_screen.dart:2239:47:
Error: The getter 'id' isn't defined for the type 'Object?'.
 - 'Object' is from 'dart:core'.
                                value: cuadre.id,
                                              ^^
lib/screens/gastos/gastos_screen.dart:2241:45:
Error: The getter 'nombre' isn't defined for the type 'Object?'.
 - 'Object' is from 'dart:core'.
                                  '${cuadre.nombre} - ${cuadre.responsable}',
                                            ^^^^^^
lib/screens/gastos/gastos_screen.dart:2241:64:
Error: The getter 'responsable' isn't defined for the type 'Object?'.
 - 'Object' is from 'dart:core'.
                                  '${cuadre.nombre} - ${cuadre.responsable}',
                                                               ^^^^^^^^^^^
lib/screens/gastos/gastos_screen.dart:2259:49:
Error: The getter 'AppTheme' isn't defined for the type '_GastosScreenState'.
 - '_GastosScreenState' is from 'package:vercy_motos/screens/gastos/gastos_screen.dart' ('lib/screens/gastos/gastos_screen.dart').
                        style: TextStyle(color: AppTheme.textPrimary),
                                                ^^^^^^^^
lib/screens/gastos/gastos_screen.dart:2262:56:
Error: The getter 'AppTheme' isn't defined for the type '_GastosScreenState'.
 - '_GastosScreenState' is from 'package:vercy_motos/screens/gastos/gastos_screen.dart' ('lib/screens/gastos/gastos_screen.dart').
                          labelStyle: TextStyle(color: AppTheme.textSecondary),
                                                       ^^^^^^^^
lib/screens/gastos/gastos_screen.dart:2266:36:
Error: The getter 'AppTheme' isn't defined for the type '_GastosScreenState'.
 - '_GastosScreenState' is from 'package:vercy_motos/screens/gastos/gastos_screen.dart' ('lib/screens/gastos/gastos_screen.dart').
                            color: AppTheme.textSecondary,
                                   ^^^^^^^^
lib/screens/gastos/gastos_screen.dart:2273:44:
Error: The getter 'AppTheme' isn't defined for the type '_GastosScreenState'.
 - '_GastosScreenState' is from 'package:vercy_motos/screens/gastos/gastos_screen.dart' ('lib/screens/gastos/gastos_screen.dart').
                                    color: AppTheme.textSecondary,
                                           ^^^^^^^^
lib/screens/gastos/gastos_screen.dart:2325:55:
Error: The getter 'AppTheme' isn't defined for the type '_GastosScreenState'.
 - '_GastosScreenState' is from 'package:vercy_motos/screens/gastos/gastos_screen.dart' ('lib/screens/gastos/gastos_screen.dart').
                            border: Border.all(color: AppTheme.textSecondary),
                                                      ^^^^^^^^
lib/screens/gastos/gastos_screen.dart:2332:40:
Error: The getter 'AppTheme' isn't defined for the type '_GastosScreenState'.
 - '_GastosScreenState' is from 'package:vercy_motos/screens/gastos/gastos_screen.dart' ('lib/screens/gastos/gastos_screen.dart').
                                color: AppTheme.textSecondary,
                                       ^^^^^^^^
lib/screens/gastos/gastos_screen.dart:2339:57:
Error: The getter 'AppTheme' isn't defined for the type '_GastosScreenState'.
 - '_GastosScreenState' is from 'package:vercy_motos/screens/gastos/gastos_screen.dart' ('lib/screens/gastos/gastos_screen.dart').
                                style: TextStyle(color: AppTheme.textPrimary),
                                                        ^^^^^^^^
lib/screens/gastos/gastos_screen.dart:2310:46:
Error: The getter 'AppTheme' isn't defined for the type '_GastosScreenState'.
 - '_GastosScreenState' is from 'package:vercy_motos/screens/gastos/gastos_screen.dart' ('lib/screens/gastos/gastos_screen.dart').
                                    primary: AppTheme.primary,
                                             ^^^^^^^^
lib/screens/gastos/gastos_screen.dart:2311:46:
Error: The getter 'AppTheme' isn't defined for the type '_GastosScreenState'.
 - '_GastosScreenState' is from 'package:vercy_motos/screens/gastos/gastos_screen.dart' ('lib/screens/gastos/gastos_screen.dart').
                                    surface: AppTheme.cardBg,
                                             ^^^^^^^^
lib/screens/gastos/gastos_screen.dart:2377:55:
Error: The getter 'AppTheme' isn't defined for the type '_GastosScreenState'.
 - '_GastosScreenState' is from 'package:vercy_motos/screens/gastos/gastos_screen.dart' ('lib/screens/gastos/gastos_screen.dart').
                            border: Border.all(color: AppTheme.textSecondary),
                                                      ^^^^^^^^
lib/screens/gastos/gastos_screen.dart:2384:40:
Error: The getter 'AppTheme' isn't defined for the type '_GastosScreenState'.
 - '_GastosScreenState' is from 'package:vercy_motos/screens/gastos/gastos_screen.dart' ('lib/screens/gastos/gastos_screen.dart').
                                color: AppTheme.textSecondary,
                                       ^^^^^^^^
lib/screens/gastos/gastos_screen.dart:2391:57:
Error: The getter 'AppTheme' isn't defined for the type '_GastosScreenState'.
 - '_GastosScreenState' is from 'package:vercy_motos/screens/gastos/gastos_screen.dart' ('lib/screens/gastos/gastos_screen.dart').
                                style: TextStyle(color: AppTheme.textPrimary),
                                                        ^^^^^^^^
lib/screens/gastos/gastos_screen.dart:2362:46:
Error: The getter 'AppTheme' isn't defined for the type '_GastosScreenState'.
 - '_GastosScreenState' is from 'package:vercy_motos/screens/gastos/gastos_screen.dart' ('lib/screens/gastos/gastos_screen.dart').
                                    primary: AppTheme.primary,
                                             ^^^^^^^^
lib/screens/gastos/gastos_screen.dart:2363:46:
Error: The getter 'AppTheme' isn't defined for the type '_GastosScreenState'.
 - '_GastosScreenState' is from 'package:vercy_motos/screens/gastos/gastos_screen.dart' ('lib/screens/gastos/gastos_screen.dart').
                                    surface: AppTheme.cardBg,
                                             ^^^^^^^^
lib/screens/gastos/gastos_screen.dart:2408:32:
Error: The getter 'AppTheme' isn't defined for the type '_GastosScreenState'.
 - '_GastosScreenState' is from 'package:vercy_motos/screens/gastos/gastos_screen.dart' ('lib/screens/gastos/gastos_screen.dart').
                        color: AppTheme.textSecondary,
                               ^^^^^^^^
lib/screens/gastos/gastos_screen.dart:2428:32:
Error: The getter 'AppTheme' isn't defined for the type '_GastosScreenState'.
 - '_GastosScreenState' is from 'package:vercy_motos/screens/gastos/gastos_screen.dart' ('lib/screens/gastos/gastos_screen.dart').
                        color: AppTheme.textSecondary,
                               ^^^^^^^^
lib/screens/gastos/gastos_screen.dart:2436:34:
Error: The getter 'AppTheme' isn't defined for the type '_GastosScreenState'.
 - '_GastosScreenState' is from 'package:vercy_motos/screens/gastos/gastos_screen.dart' ('lib/screens/gastos/gastos_screen.dart').
                          color: AppTheme.textSecondary,
                                 ^^^^^^^^
lib/screens/gastos/gastos_screen.dart:2450:30:
Error: The getter 'AppTheme' isn't defined for the type '_GastosScreenState'.
 - '_GastosScreenState' is from 'package:vercy_motos/screens/gastos/gastos_screen.dart' ('lib/screens/gastos/gastos_screen.dart').
                      color: AppTheme.cardBg,
                             ^^^^^^^^
lib/screens/gastos/gastos_screen.dart:2465:46:
Error: The getter 'AppTheme' isn't defined for the type '_GastosScreenState'.
 - '_GastosScreenState' is from 'package:vercy_motos/screens/gastos/gastos_screen.dart' ('lib/screens/gastos/gastos_screen.dart').
                                      color: AppTheme.textPrimary,
                                             ^^^^^^^^
lib/screens/gastos/gastos_screen.dart:2474:44:
Error: The getter 'AppTheme' isn't defined for the type '_GastosScreenState'.
 - '_GastosScreenState' is from 'package:vercy_motos/screens/gastos/gastos_screen.dart' ('lib/screens/gastos/gastos_screen.dart').
                                    color: AppTheme.primary,
                                           ^^^^^^^^
lib/screens/gastos/gastos_screen.dart:2487:42:
Error: The getter 'AppTheme' isn't defined for the type '_GastosScreenState'.
 - '_GastosScreenState' is from 'package:vercy_motos/screens/gastos/gastos_screen.dart' ('lib/screens/gastos/gastos_screen.dart').
                                  color: AppTheme.textSecondary,
                                         ^^^^^^^^
lib/screens/gastos/gastos_screen.dart:2493:44:
Error: The getter 'AppTheme' isn't defined for the type '_GastosScreenState'.
 - '_GastosScreenState' is from 'package:vercy_motos/screens/gastos/gastos_screen.dart' ('lib/screens/gastos/gastos_screen.dart').
                                    color: AppTheme.textSecondary,
                                           ^^^^^^^^
lib/screens/gastos/gastos_screen.dart:2501:42:
Error: The getter 'AppTheme' isn't defined for the type '_GastosScreenState'.
 - '_GastosScreenState' is from 'package:vercy_motos/screens/gastos/gastos_screen.dart' ('lib/screens/gastos/gastos_screen.dart').
                                  color: AppTheme.textSecondary,
                                         ^^^^^^^^
lib/screens/gastos/gastos_screen.dart:2507:44:
Error: The getter 'AppTheme' isn't defined for the type '_GastosScreenState'.
 - '_GastosScreenState' is from 'package:vercy_motos/screens/gastos/gastos_screen.dart' ('lib/screens/gastos/gastos_screen.dart').
                                    color: AppTheme.textSecondary,
                                           ^^^^^^^^
lib/screens/gastos/gastos_screen.dart:2520:44:
Error: The getter 'AppTheme' isn't defined for the type '_GastosScreenState'.
 - '_GastosScreenState' is from 'package:vercy_motos/screens/gastos/gastos_screen.dart' ('lib/screens/gastos/gastos_screen.dart').
                                    color: AppTheme.textSecondary,
                                           ^^^^^^^^
lib/screens/gastos/gastos_screen.dart:2526:46:
Error: The getter 'AppTheme' isn't defined for the type '_GastosScreenState'.
 - '_GastosScreenState' is from 'package:vercy_motos/screens/gastos/gastos_screen.dart' ('lib/screens/gastos/gastos_screen.dart').
                                      color: AppTheme.textSecondary,
                                             ^^^^^^^^
lib/screens/gastos/gastos_screen.dart:2540:44:
Error: The getter 'AppTheme' isn't defined for the type '_GastosScreenState'.
 - '_GastosScreenState' is from 'package:vercy_motos/screens/gastos/gastos_screen.dart' ('lib/screens/gastos/gastos_screen.dart').
                                    color: AppTheme.textSecondary,
                                           ^^^^^^^^
lib/screens/gastos/gastos_screen.dart:2546:46:
Error: The getter 'AppTheme' isn't defined for the type '_GastosScreenState'.
 - '_GastosScreenState' is from 'package:vercy_motos/screens/gastos/gastos_screen.dart' ('lib/screens/gastos/gastos_screen.dart').
                                      color: AppTheme.textSecondary,
                                             ^^^^^^^^
lib/screens/gastos/tipos_gasto_screen.dart:21:9:
Error: 'GastoService' isn't a type.
  final GastoService _gastoService = GastoService();
        ^^^^^^^^^^^^
lib/screens/gastos/tipos_gasto_screen.dart:21:38:
Error: Method not found: 'GastoService'.
  final GastoService _gastoService = GastoService();
                                     ^^^^^^^^^^^^
lib/screens/gastos/tipos_gasto_screen.dart:28:8:
Error: 'TipoGasto' isn't a type.
  List<TipoGasto> _tiposGasto = [];
       ^^^^^^^^^
lib/screens/gastos/tipos_gasto_screen.dart:31:3:
Error: 'TipoGasto' isn't a type.
  TipoGasto? _tipoEditando;
  ^^^^^^^^^
lib/screens/gastos/tipos_gasto_screen.dart:107:25:
Error: 'TipoGasto' isn't a type.
  void _showFormDialog({TipoGasto? tipo}) {
                        ^^^^^^^^^
lib/screens/gastos/tipos_gasto_screen.dart:180:26:
Error: The getter 'nombre' isn't defined for the type 'Object?'.
 - 'Object' is from 'dart:core'.
          (tipo) => tipo.nombre.toLowerCase() == nombre.toLowerCase(),
                         ^^^^^^
lib/screens/gastos/tipos_gasto_screen.dart:189:33:
Error: 'TipoGasto' isn't a type.
  Future<void> _deleteTipoGasto(TipoGasto tipo) async {
                                ^^^^^^^^^
lib/screens/gastos/tipos_gasto_screen.dart:196:35:
Error: The getter 'AppTheme' isn't defined for the type '_TiposGastoScreenState'.
 - '_TiposGastoScreenState' is from 'package:vercy_motos/screens/gastos/tipos_gasto_screen.dart' ('lib/screens/gastos/tipos_gasto_screen.dart').
          style: TextStyle(color: AppTheme.textPrimary),
                                  ^^^^^^^^
lib/screens/gastos/tipos_gasto_screen.dart:204:39:
Error: The getter 'AppTheme' isn't defined for the type '_TiposGastoScreenState'.
 - '_TiposGastoScreenState' is from 'package:vercy_motos/screens/gastos/tipos_gasto_screen.dart' ('lib/screens/gastos/tipos_gasto_screen.dart').
              style: TextStyle(color: AppTheme.textSecondary),
                                      ^^^^^^^^
lib/screens/gastos/tipos_gasto_screen.dart:210:24:
Error: The getter 'AppTheme' isn't defined for the type '_TiposGastoScreenState'.
 - '_TiposGastoScreenState' is from 'package:vercy_motos/screens/gastos/tipos_gasto_screen.dart' ('lib/screens/gastos/tipos_gasto_screen.dart').
                color: AppTheme.textPrimary,
                       ^^^^^^^^
lib/screens/gastos/tipos_gasto_screen.dart:219:43:
Error: The getter 'AppTheme' isn't defined for the type '_TiposGastoScreenState'.
 - '_TiposGastoScreenState' is from 'package:vercy_motos/screens/gastos/tipos_gasto_screen.dart' ('lib/screens/gastos/tipos_gasto_screen.dart').
                  style: TextStyle(color: AppTheme.textSecondary, fontSize: 14),
                                          ^^^^^^^^
lib/screens/gastos/tipos_gasto_screen.dart:229:39:
Error: The getter 'AppTheme' isn't defined for the type '_TiposGastoScreenState'.
 - '_TiposGastoScreenState' is from 'package:vercy_motos/screens/gastos/tipos_gasto_screen.dart' ('lib/screens/gastos/tipos_gasto_screen.dart').
              style: TextStyle(color: AppTheme.textSecondary),
                                      ^^^^^^^^
lib/screens/gastos/tipos_gasto_screen.dart:274:30:
Error: 'TipoGasto' isn't a type.
  Future<void> _toggleActivo(TipoGasto tipo) async {
                             ^^^^^^^^^
lib/screens/gastos/tipos_gasto_screen.dart:381:30:
Error: The getter 'AppTheme' isn't defined for the type '_TiposGastoScreenState'.
 - '_TiposGastoScreenState' is from 'package:vercy_motos/screens/gastos/tipos_gasto_screen.dart' ('lib/screens/gastos/tipos_gasto_screen.dart').
                      color: AppTheme.textPrimary,
                             ^^^^^^^^
lib/screens/gastos/tipos_gasto_screen.dart:391:48:
Error: The getter 'AppTheme' isn't defined for the type '_TiposGastoScreenState'.
 - '_TiposGastoScreenState' is from 'package:vercy_motos/screens/gastos/tipos_gasto_screen.dart' ('lib/screens/gastos/tipos_gasto_screen.dart').
                  labelStyle: TextStyle(color: AppTheme.textSecondary),
                                               ^^^^^^^^
lib/screens/gastos/tipos_gasto_screen.dart:394:41:
Error: The getter 'AppTheme' isn't defined for the type '_TiposGastoScreenState'.
 - '_TiposGastoScreenState' is from 'package:vercy_motos/screens/gastos/tipos_gasto_screen.dart' ('lib/screens/gastos/tipos_gasto_screen.dart').
                style: TextStyle(color: AppTheme.textPrimary),
                                        ^^^^^^^^
lib/screens/gastos/tipos_gasto_screen.dart:401:48:
Error: The getter 'AppTheme' isn't defined for the type '_TiposGastoScreenState'.
 - '_TiposGastoScreenState' is from 'package:vercy_motos/screens/gastos/tipos_gasto_screen.dart' ('lib/screens/gastos/tipos_gasto_screen.dart').
                  labelStyle: TextStyle(color: AppTheme.textSecondary),
                                               ^^^^^^^^
lib/screens/gastos/tipos_gasto_screen.dart:404:41:
Error: The getter 'AppTheme' isn't defined for the type '_TiposGastoScreenState'.
 - '_TiposGastoScreenState' is from 'package:vercy_motos/screens/gastos/tipos_gasto_screen.dart' ('lib/screens/gastos/tipos_gasto_screen.dart').
                style: TextStyle(color: AppTheme.textPrimary),
                                        ^^^^^^^^
lib/screens/gastos/tipos_gasto_screen.dart:450:43:
Error: The getter 'AppTheme' isn't defined for the type '_TiposGastoScreenState'.
 - '_TiposGastoScreenState' is from 'package:vercy_motos/screens/gastos/tipos_gasto_screen.dart' ('lib/screens/gastos/tipos_gasto_screen.dart').
                  style: TextStyle(color: AppTheme.textSecondary, fontSize: 16),
                                          ^^^^^^^^
lib/screens/gastos/tipos_gasto_screen.dart:492:29:
Error: The getter 'AppTheme' isn't defined for the type '_TiposGastoScreenState'.
 - '_TiposGastoScreenState' is from 'package:vercy_motos/screens/gastos/tipos_gasto_screen.dart' ('lib/screens/gastos/tipos_gasto_screen.dart').
                          ? AppTheme.textPrimary
                            ^^^^^^^^
lib/screens/gastos/tipos_gasto_screen.dart:493:29:
Error: The getter 'AppTheme' isn't defined for the type '_TiposGastoScreenState'.
 - '_TiposGastoScreenState' is from 'package:vercy_motos/screens/gastos/tipos_gasto_screen.dart' ('lib/screens/gastos/tipos_gasto_screen.dart').
                          : AppTheme.textSecondary,
                            ^^^^^^^^
lib/screens/gastos/tipos_gasto_screen.dart:501:51:
Error: The getter 'AppTheme' isn't defined for the type '_TiposGastoScreenState'.
 - '_TiposGastoScreenState' is from 'package:vercy_motos/screens/gastos/tipos_gasto_screen.dart' ('lib/screens/gastos/tipos_gasto_screen.dart').
                          style: TextStyle(color: AppTheme.textSecondary),
                                                  ^^^^^^^^
lib/screens/gastos/tipos_gasto_screen.dart:529:55:
Error: The getter 'AppTheme' isn't defined for the type '_TiposGastoScreenState'.
 - '_TiposGastoScreenState' is from 'package:vercy_motos/screens/gastos/tipos_gasto_screen.dart' ('lib/screens/gastos/tipos_gasto_screen.dart').
                              style: TextStyle(color: AppTheme.textPrimary),
                                                      ^^^^^^^^
lib/screens/caja/ingresos_caja_screen.dart:14:9:
Error: 'IngresoCajaService' isn't a type.
  final IngresoCajaService _service = IngresoCajaService();
        ^^^^^^^^^^^^^^^^^^
lib/screens/caja/ingresos_caja_screen.dart:14:39:
Error: Method not found: 'IngresoCajaService'.
  final IngresoCajaService _service = IngresoCajaService();
                                      ^^^^^^^^^^^^^^^^^^
lib/screens/caja/ingresos_caja_screen.dart:15:8:
Error: 'IngresoCaja' isn't a type.
  List<IngresoCaja> _ingresos = [];
       ^^^^^^^^^^^
lib/screens/caja/ingresos_caja_screen.dart:16:8:
Error: 'IngresoCaja' isn't a type.
  List<IngresoCaja> _ingresosFiltrados = [];
       ^^^^^^^^^^^
lib/screens/caja/ingresos_caja_screen.dart:63:21:
Error: The getter 'concepto' isn't defined for the type 'Object?'.
 - 'Object' is from 'dart:core'.
            ingreso.concepto.toLowerCase().contains(busqueda) ||
                    ^^^^^^^^
lib/screens/caja/ingresos_caja_screen.dart:64:21:
Error: The getter 'responsable' isn't defined for the type 'Object?'.
 - 'Object' is from 'dart:core'.
            ingreso.responsable.toLowerCase().contains(busqueda) ||
                    ^^^^^^^^^^^
lib/screens/caja/ingresos_caja_screen.dart:65:21:
Error: The getter 'observaciones' isn't defined for the type 'Object?'.
 - 'Object' is from 'dart:core'.
            ingreso.observaciones.toLowerCase().contains(busqueda) ||
                    ^^^^^^^^^^^^^
lib/screens/caja/ingresos_caja_screen.dart:66:21:
Error: The getter 'formaPago' isn't defined for the type 'Object?'.
 - 'Object' is from 'dart:core'.
            ingreso.formaPago.toLowerCase().contains(busqueda) ||
                    ^^^^^^^^^
lib/screens/caja/ingresos_caja_screen.dart:67:21:
Error: The getter 'monto' isn't defined for the type 'Object?'.
 - 'Object' is from 'dart:core'.
            ingreso.monto.toString().contains(busqueda);
                    ^^^^^
lib/screens/caja/ingresos_caja_screen.dart:72:26:
Error: The getter 'fechaIngreso' isn't defined for the type 'Object?'.
 - 'Object' is from 'dart:core'.
                !ingreso.fechaIngreso.isBefore(_fechaInicio!)) &&
                         ^^^^^^^^^^^^
lib/screens/caja/ingresos_caja_screen.dart:74:26:
Error: The getter 'fechaIngreso' isn't defined for the type 'Object?'.
 - 'Object' is from 'dart:core'.
                !ingreso.fechaIngreso.isAfter(
                         ^^^^^^^^^^^^
lib/screens/caja/ingresos_caja_screen.dart:81:22:
Error: The getter 'cuadreCajaId' isn't defined for the type 'Object?'.
 - 'Object' is from 'dart:core'.
            (ingreso.cuadreCajaId != null &&
                     ^^^^^^^^^^^^
lib/screens/caja/ingresos_caja_screen.dart:82:25:
Error: The getter 'cuadreCajaId' isn't defined for the type 'Object?'.
 - 'Object' is from 'dart:core'.
                ingreso.cuadreCajaId!.contains(_cuadreCajaId));
                        ^^^^^^^^^^^^
lib/screens/caja/ingresos_caja_screen.dart:102:22:
Error: The getter 'AppTheme' isn't defined for the type '_IngresosCajaScreenState'.
 - '_IngresosCajaScreenState' is from 'package:vercy_motos/screens/caja/ingresos_caja_screen.dart' ('lib/screens/caja/ingresos_caja_screen.dart').
            primary: AppTheme.primary,
                     ^^^^^^^^
lib/screens/caja/ingresos_caja_screen.dart:104:24:
Error: The getter 'AppTheme' isn't defined for the type '_IngresosCajaScreenState'.
 - '_IngresosCajaScreenState' is from 'package:vercy_motos/screens/caja/ingresos_caja_screen.dart' ('lib/screens/caja/ingresos_caja_screen.dart').
              surface: AppTheme.cardBg,
                       ^^^^^^^^
lib/screens/caja/ingresos_caja_screen.dart:105:26:
Error: The getter 'AppTheme' isn't defined for the type '_IngresosCajaScreenState'.
 - '_IngresosCajaScreenState' is from 'package:vercy_motos/screens/caja/ingresos_caja_screen.dart' ('lib/screens/caja/ingresos_caja_screen.dart').
              onSurface: AppTheme.textPrimary,
                         ^^^^^^^^
lib/screens/caja/ingresos_caja_screen.dart:137:37:
Error: 'IngresoCaja' isn't a type.
    final result = await showDialog<IngresoCaja>(
                                    ^^^^^^^^^^^
lib/screens/caja/ingresos_caja_screen.dart:170:24:
Error: The getter 'AppTheme' isn't defined for the type '_IngresosCajaScreenState'.
 - '_IngresosCajaScreenState' is from 'package:vercy_motos/screens/caja/ingresos_caja_screen.dart' ('lib/screens/caja/ingresos_caja_screen.dart').
      backgroundColor: AppTheme.backgroundDark,
                       ^^^^^^^^
lib/screens/caja/ingresos_caja_screen.dart:172:26:
Error: The getter 'AppTheme' isn't defined for the type '_IngresosCajaScreenState'.
 - '_IngresosCajaScreenState' is from 'package:vercy_motos/screens/caja/ingresos_caja_screen.dart' ('lib/screens/caja/ingresos_caja_screen.dart').
        backgroundColor: AppTheme.primary,
                         ^^^^^^^^
lib/screens/caja/ingresos_caja_screen.dart:182:60:
Error: The getter 'AppTheme' isn't defined for the type '_IngresosCajaScreenState'.
 - '_IngresosCajaScreenState' is from 'package:vercy_motos/screens/caja/ingresos_caja_screen.dart' ('lib/screens/caja/ingresos_caja_screen.dart').
          ? Center(child: CircularProgressIndicator(color: AppTheme.primary))
                                                           ^^^^^^^^
lib/screens/caja/ingresos_caja_screen.dart:195:55:
Error: The getter 'AppTheme' isn't defined for the type '_IngresosCajaScreenState'.
 - '_IngresosCajaScreenState' is from 'package:vercy_motos/screens/caja/ingresos_caja_screen.dart' ('lib/screens/caja/ingresos_caja_screen.dart').
                          hintStyle: TextStyle(color: AppTheme.textSecondary),
                                                      ^^^^^^^^
lib/screens/caja/ingresos_caja_screen.dart:196:65:
Error: The getter 'AppTheme' isn't defined for the type '_IngresosCajaScreenState'.
 - '_IngresosCajaScreenState' is from 'package:vercy_motos/screens/caja/ingresos_caja_screen.dart' ('lib/screens/caja/ingresos_caja_screen.dart').
                          prefixIcon: Icon(Icons.search, color: AppTheme.primary),
                                                                ^^^^^^^^
lib/screens/caja/ingresos_caja_screen.dart:202:38:
Error: The getter 'AppTheme' isn't defined for the type '_IngresosCajaScreenState'.
 - '_IngresosCajaScreenState' is from 'package:vercy_motos/screens/caja/ingresos_caja_screen.dart' ('lib/screens/caja/ingresos_caja_screen.dart').
                              color: AppTheme.primary,
                                     ^^^^^^^^
lib/screens/caja/ingresos_caja_screen.dart:211:38:
Error: The getter 'AppTheme' isn't defined for the type '_IngresosCajaScreenState'.
 - '_IngresosCajaScreenState' is from 'package:vercy_motos/screens/caja/ingresos_caja_screen.dart' ('lib/screens/caja/ingresos_caja_screen.dart').
                          fillColor: AppTheme.cardBg,
                                     ^^^^^^^^
lib/screens/caja/ingresos_caja_screen.dart:217:49:
Error: The getter 'AppTheme' isn't defined for the type '_IngresosCajaScreenState'.
 - '_IngresosCajaScreenState' is from 'package:vercy_motos/screens/caja/ingresos_caja_screen.dart' ('lib/screens/caja/ingresos_caja_screen.dart').
                        style: TextStyle(color: AppTheme.textPrimary),
                                                ^^^^^^^^
lib/screens/caja/ingresos_caja_screen.dart:226:36:
Error: The getter 'AppTheme' isn't defined for the type '_IngresosCajaScreenState'.
 - '_IngresosCajaScreenState' is from 'package:vercy_motos/screens/caja/ingresos_caja_screen.dart' ('lib/screens/caja/ingresos_caja_screen.dart').
                            color: AppTheme.cardBg,
                                   ^^^^^^^^
lib/screens/caja/ingresos_caja_screen.dart:235:42:
Error: The getter 'AppTheme' isn't defined for the type '_IngresosCajaScreenState'.
 - '_IngresosCajaScreenState' is from 'package:vercy_motos/screens/caja/ingresos_caja_screen.dart' ('lib/screens/caja/ingresos_caja_screen.dart').
                                  color: AppTheme.textPrimary,
                                         ^^^^^^^^
lib/screens/caja/ingresos_caja_screen.dart:249:48:
Error: The getter 'AppTheme' isn't defined for the type '_IngresosCajaScreenState'.
 - '_IngresosCajaScreenState' is from 'package:vercy_motos/screens/caja/ingresos_caja_screen.dart' ('lib/screens/caja/ingresos_caja_screen.dart').
                                        color: AppTheme.primary,
                                               ^^^^^^^^
lib/screens/caja/ingresos_caja_screen.dart:255:65:
Error: The getter 'AppTheme' isn't defined for the type '_IngresosCajaScreenState'.
 - '_IngresosCajaScreenState' is from 'package:vercy_motos/screens/caja/ingresos_caja_screen.dart' ('lib/screens/caja/ingresos_caja_screen.dart').
                                        style: TextStyle(color: AppTheme.textPrimary),
                                                                ^^^^^^^^
lib/screens/caja/ingresos_caja_screen.dart:268:48:
Error: The getter 'AppTheme' isn't defined for the type '_IngresosCajaScreenState'.
 - '_IngresosCajaScreenState' is from 'package:vercy_motos/screens/caja/ingresos_caja_screen.dart' ('lib/screens/caja/ingresos_caja_screen.dart').
                                        color: AppTheme.primary,
                                               ^^^^^^^^
lib/screens/caja/ingresos_caja_screen.dart:274:65:
Error: The getter 'AppTheme' isn't defined for the type '_IngresosCajaScreenState'.
 - '_IngresosCajaScreenState' is from 'package:vercy_motos/screens/caja/ingresos_caja_screen.dart' ('lib/screens/caja/ingresos_caja_screen.dart').
                                        style: TextStyle(color: AppTheme.textPrimary),
                                                                ^^^^^^^^
lib/screens/caja/ingresos_caja_screen.dart:290:63:
Error: The getter 'AppTheme' isn't defined for the type '_IngresosCajaScreenState'.
 - '_IngresosCajaScreenState' is from 'package:vercy_motos/screens/caja/ingresos_caja_screen.dart' ('lib/screens/caja/ingresos_caja_screen.dart').
                                  hintStyle: TextStyle(color: AppTheme.textSecondary),
                                                              ^^^^^^^^
lib/screens/caja/ingresos_caja_screen.dart:293:44:
Error: The getter 'AppTheme' isn't defined for the type '_IngresosCajaScreenState'.
 - '_IngresosCajaScreenState' is from 'package:vercy_motos/screens/caja/ingresos_caja_screen.dart' ('lib/screens/caja/ingresos_caja_screen.dart').
                                    color: AppTheme.primary,
                                           ^^^^^^^^
lib/screens/caja/ingresos_caja_screen.dart:302:57:
Error: The getter 'AppTheme' isn't defined for the type '_IngresosCajaScreenState'.
 - '_IngresosCajaScreenState' is from 'package:vercy_motos/screens/caja/ingresos_caja_screen.dart' ('lib/screens/caja/ingresos_caja_screen.dart').
                                style: TextStyle(color: AppTheme.textPrimary),
                                                        ^^^^^^^^
lib/screens/caja/ingresos_caja_screen.dart:348:55:
Error: The getter 'AppTheme' isn't defined for the type '_IngresosCajaScreenState'.
 - '_IngresosCajaScreenState' is from 'package:vercy_motos/screens/caja/ingresos_caja_screen.dart' ('lib/screens/caja/ingresos_caja_screen.dart').
                              style: TextStyle(color: AppTheme.textSecondary, fontSize: 16),
                                                      ^^^^^^^^
lib/screens/caja/ingresos_caja_screen.dart:357:40:
Error: The getter 'AppTheme' isn't defined for the type '_IngresosCajaScreenState'.
 - '_IngresosCajaScreenState' is from 'package:vercy_motos/screens/caja/ingresos_caja_screen.dart' ('lib/screens/caja/ingresos_caja_screen.dart').
                                color: AppTheme.cardBg,
                                       ^^^^^^^^
lib/screens/caja/ingresos_caja_screen.dart:363:46:
Error: The getter 'AppTheme' isn't defined for the type '_IngresosCajaScreenState'.
 - '_IngresosCajaScreenState' is from 'package:vercy_motos/screens/caja/ingresos_caja_screen.dart' ('lib/screens/caja/ingresos_caja_screen.dart').
                                      color: AppTheme.textPrimary,
                                             ^^^^^^^^
lib/screens/caja/ingresos_caja_screen.dart:373:65:
Error: The getter 'AppTheme' isn't defined for the type '_IngresosCajaScreenState'.
 - '_IngresosCajaScreenState' is from 'package:vercy_motos/screens/caja/ingresos_caja_screen.dart' ('lib/screens/caja/ingresos_caja_screen.dart').
                                        style: TextStyle(color: AppTheme.textSecondary),
                                                                ^^^^^^^^
lib/screens/caja/ingresos_caja_screen.dart:378:50:
Error: The getter 'AppTheme' isn't defined for the type '_IngresosCajaScreenState'.
 - '_IngresosCajaScreenState' is from 'package:vercy_motos/screens/caja/ingresos_caja_screen.dart' ('lib/screens/caja/ingresos_caja_screen.dart').
                                          color: AppTheme.textSecondary,
                                                 ^^^^^^^^
lib/screens/caja/ingresos_caja_screen.dart:386:52:
Error: The getter 'AppTheme' isn't defined for the type '_IngresosCajaScreenState'.
 - '_IngresosCajaScreenState' is from 'package:vercy_motos/screens/caja/ingresos_caja_screen.dart' ('lib/screens/caja/ingresos_caja_screen.dart').
                                            color: AppTheme.textSecondary,
                                                   ^^^^^^^^
lib/screens/caja/ingresos_caja_screen.dart:415:26:
Error: The getter 'AppTheme' isn't defined for the type '_IngresosCajaScreenState'.
 - '_IngresosCajaScreenState' is from 'package:vercy_motos/screens/caja/ingresos_caja_screen.dart' ('lib/screens/caja/ingresos_caja_screen.dart').
        backgroundColor: AppTheme.primary,
                         ^^^^^^^^
lib/screens/caja/ingresos_caja_screen.dart:441:16:
Error: The getter 'AppTheme' isn't defined for the type '_IngresoCajaFormState'.
 - '_IngresoCajaFormState' is from 'package:vercy_motos/screens/caja/ingresos_caja_screen.dart' ('lib/screens/caja/ingresos_caja_screen.dart').
        color: AppTheme.cardBg,
               ^^^^^^^^
lib/screens/caja/ingresos_caja_screen.dart:453:53:
Error: The getter 'AppTheme' isn't defined for the type '_IngresoCajaFormState'.
 - '_IngresoCajaFormState' is from 'package:vercy_motos/screens/caja/ingresos_caja_screen.dart' ('lib/screens/caja/ingresos_caja_screen.dart').
                    Icon(Icons.attach_money, color: AppTheme.primary),
                                                    ^^^^^^^^
lib/screens/caja/ingresos_caja_screen.dart:460:32:
Error: The getter 'AppTheme' isn't defined for the type '_IngresoCajaFormState'.
 - '_IngresoCajaFormState' is from 'package:vercy_motos/screens/caja/ingresos_caja_screen.dart' ('lib/screens/caja/ingresos_caja_screen.dart').
                        color: AppTheme.textPrimary,
                               ^^^^^^^^
lib/screens/caja/ingresos_caja_screen.dart:469:50:
Error: The getter 'AppTheme' isn't defined for the type '_IngresoCajaFormState'.
 - '_IngresoCajaFormState' is from 'package:vercy_motos/screens/caja/ingresos_caja_screen.dart' ('lib/screens/caja/ingresos_caja_screen.dart').
                    labelStyle: TextStyle(color: AppTheme.textSecondary),
                                                 ^^^^^^^^
lib/screens/caja/ingresos_caja_screen.dart:472:43:
Error: The getter 'AppTheme' isn't defined for the type '_IngresoCajaFormState'.
 - '_IngresoCajaFormState' is from 'package:vercy_motos/screens/caja/ingresos_caja_screen.dart' ('lib/screens/caja/ingresos_caja_screen.dart').
                  style: TextStyle(color: AppTheme.textPrimary),
                                          ^^^^^^^^
lib/screens/caja/ingresos_caja_screen.dart:480:50:
Error: The getter 'AppTheme' isn't defined for the type '_IngresoCajaFormState'.
 - '_IngresoCajaFormState' is from 'package:vercy_motos/screens/caja/ingresos_caja_screen.dart' ('lib/screens/caja/ingresos_caja_screen.dart').
                    labelStyle: TextStyle(color: AppTheme.textSecondary),
                                                 ^^^^^^^^
lib/screens/caja/ingresos_caja_screen.dart:483:43:
Error: The getter 'AppTheme' isn't defined for the type '_IngresoCajaFormState'.
 - '_IngresoCajaFormState' is from 'package:vercy_motos/screens/caja/ingresos_caja_screen.dart' ('lib/screens/caja/ingresos_caja_screen.dart').
                  style: TextStyle(color: AppTheme.textPrimary),
                                          ^^^^^^^^
lib/screens/caja/ingresos_caja_screen.dart:499:50:
Error: The getter 'AppTheme' isn't defined for the type '_IngresoCajaFormState'.
 - '_IngresoCajaFormState' is from 'package:vercy_motos/screens/caja/ingresos_caja_screen.dart' ('lib/screens/caja/ingresos_caja_screen.dart').
                    labelStyle: TextStyle(color: AppTheme.textSecondary),
                                                 ^^^^^^^^
lib/screens/caja/ingresos_caja_screen.dart:502:34:
Error: The getter 'AppTheme' isn't defined for the type '_IngresoCajaFormState'.
 - '_IngresoCajaFormState' is from 'package:vercy_motos/screens/caja/ingresos_caja_screen.dart' ('lib/screens/caja/ingresos_caja_screen.dart').
                  dropdownColor: AppTheme.cardBg,
                                 ^^^^^^^^
lib/screens/caja/ingresos_caja_screen.dart:503:43:
Error: The getter 'AppTheme' isn't defined for the type '_IngresoCajaFormState'.
 - '_IngresoCajaFormState' is from 'package:vercy_motos/screens/caja/ingresos_caja_screen.dart' ('lib/screens/caja/ingresos_caja_screen.dart').
                  style: TextStyle(color: AppTheme.textPrimary),
                                          ^^^^^^^^
lib/screens/caja/ingresos_caja_screen.dart:509:50:
Error: The getter 'AppTheme' isn't defined for the type '_IngresoCajaFormState'.
 - '_IngresoCajaFormState' is from 'package:vercy_motos/screens/caja/ingresos_caja_screen.dart' ('lib/screens/caja/ingresos_caja_screen.dart').
                    labelStyle: TextStyle(color: AppTheme.textSecondary),
                                                 ^^^^^^^^
lib/screens/caja/ingresos_caja_screen.dart:512:43:
Error: The getter 'AppTheme' isn't defined for the type '_IngresoCajaFormState'.
 - '_IngresoCajaFormState' is from 'package:vercy_motos/screens/caja/ingresos_caja_screen.dart' ('lib/screens/caja/ingresos_caja_screen.dart').
                  style: TextStyle(color: AppTheme.textPrimary),
                                          ^^^^^^^^
lib/screens/caja/ingresos_caja_screen.dart:520:50:
Error: The getter 'AppTheme' isn't defined for the type '_IngresoCajaFormState'.
 - '_IngresoCajaFormState' is from 'package:vercy_motos/screens/caja/ingresos_caja_screen.dart' ('lib/screens/caja/ingresos_caja_screen.dart').
                    labelStyle: TextStyle(color: AppTheme.textSecondary),
                                                 ^^^^^^^^
lib/screens/caja/ingresos_caja_screen.dart:523:43:
Error: The getter 'AppTheme' isn't defined for the type '_IngresoCajaFormState'.
 - '_IngresoCajaFormState' is from 'package:vercy_motos/screens/caja/ingresos_caja_screen.dart' ('lib/screens/caja/ingresos_caja_screen.dart').
                  style: TextStyle(color: AppTheme.textPrimary),
                                          ^^^^^^^^
lib/screens/caja/ingresos_caja_screen.dart:552:31:
Error: The method 'IngresoCaja' isn't defined for the type '_IngresoCajaFormState'.
 - '_IngresoCajaFormState' is from 'package:vercy_motos/screens/caja/ingresos_caja_screen.dart' ('lib/screens/caja/ingresos_caja_screen.dart').
                              IngresoCaja(
                              ^^^^^^^^^^^
lib/screens/inventario/traslados_screen.dart:25:9:
Error: 'TrasladoService' isn't a type.
  final TrasladoService _trasladoService = TrasladoService();
        ^^^^^^^^^^^^^^^
lib/screens/inventario/traslados_screen.dart:25:44:
Error: Method not found: 'TrasladoService'.
  final TrasladoService _trasladoService = TrasladoService();
                                           ^^^^^^^^^^^^^^^
lib/screens/inventario/traslados_screen.dart:26:9:
Error: 'ProductoService' isn't a type.
  final ProductoService _productoService = ProductoService();
        ^^^^^^^^^^^^^^^
lib/screens/inventario/traslados_screen.dart:26:44:
Error: Method not found: 'ProductoService'.
  final ProductoService _productoService = ProductoService();
                                           ^^^^^^^^^^^^^^^
lib/screens/inventario/traslados_screen.dart:27:9:
Error: 'BodegaService' isn't a type.
  final BodegaService _bodegaService = BodegaService();
        ^^^^^^^^^^^^^
lib/screens/inventario/traslados_screen.dart:27:40:
Error: Method not found: 'BodegaService'.
  final BodegaService _bodegaService = BodegaService();
                                       ^^^^^^^^^^^^^
lib/screens/inventario/traslados_screen.dart:30:8:
Error: 'Traslado' isn't a type.
  List<Traslado> _traslados = [];
       ^^^^^^^^
lib/screens/inventario/traslados_screen.dart:31:8:
Error: 'Traslado' isn't a type.
  List<Traslado> _trasladosFiltrados = [];
       ^^^^^^^^
lib/screens/inventario/traslados_screen.dart:32:8:
Error: 'Producto' isn't a type.
  List<Producto> _productos = [];
       ^^^^^^^^
lib/screens/inventario/traslados_screen.dart:33:8:
Error: 'Bodega' isn't a type.
  List<Bodega> _bodegas = [];
       ^^^^^^
lib/screens/inventario/traslados_screen.dart:65:44:
Error: 'Traslado' isn't a type.
      final traslados = results[0] as List<Traslado>;
                                           ^^^^^^^^
lib/screens/inventario/traslados_screen.dart:66:44:
Error: 'Producto' isn't a type.
      final productos = results[1] as List<Producto>;
                                           ^^^^^^^^
lib/screens/inventario/traslados_screen.dart:67:42:
Error: 'Bodega' isn't a type.
      final bodegas = results[2] as List<Bodega>;
                                         ^^^^^^
lib/screens/inventario/traslados_screen.dart:56:41:
Error: The argument type 'List<dynamic>' can't be assigned to the parameter type 'Iterable<Future<dynamic>>'.
 - 'List' is from 'dart:core'.
 - 'Iterable' is from 'dart:core'.
 - 'Future' is from 'dart:async'.
      final results = await Future.wait([
                                        ^
lib/screens/inventario/traslados_screen.dart:71:53:
Error: The getter 'activa' isn't defined for the type 'Object?'.
 - 'Object' is from 'dart:core'.
      final bodegasActivas = bodegas.where((b) => b.activa).toList();
                                                    ^^^^^^
lib/screens/inventario/traslados_screen.dart:116:23:
Error: The getter 'numero' isn't defined for the type 'Object?'.
 - 'Object' is from 'dart:core'.
            (traslado.numero?.toLowerCase().contains(busqueda) ?? false) ||
                      ^^^^^^
lib/screens/inventario/traslados_screen.dart:117:23:
Error: The getter 'solicitante' isn't defined for the type 'Object?'.
 - 'Object' is from 'dart:core'.
            (traslado.solicitante?.toLowerCase().contains(busqueda) ?? false) ||
                      ^^^^^^^^^^^
lib/screens/inventario/traslados_screen.dart:118:23:
Error: The getter 'productoNombre' isn't defined for the type 'Object?'.
 - 'Object' is from 'dart:core'.
            (traslado.productoNombre?.toLowerCase().contains(busqueda) ??
                      ^^^^^^^^^^^^^^
lib/screens/inventario/traslados_screen.dart:120:23:
Error: The getter 'origenBodegaNombre' isn't defined for the type 'Object?'.
 - 'Object' is from 'dart:core'.
            (traslado.origenBodegaNombre?.toLowerCase().contains(busqueda) ??
                      ^^^^^^^^^^^^^^^^^^
lib/screens/inventario/traslados_screen.dart:122:23:
Error: The getter 'destinoBodegaNombre' isn't defined for the type 'Object?'.
 - 'Object' is from 'dart:core'.
            (traslado.destinoBodegaNombre?.toLowerCase().contains(busqueda) ??
                      ^^^^^^^^^^^^^^^^^^^
lib/screens/inventario/traslados_screen.dart:126:50:
Error: The getter 'estado' isn't defined for the type 'Object?'.
 - 'Object' is from 'dart:core'.
            _filtroEstado == 'TODOS' || traslado.estado == _filtroEstado;
                                                 ^^^^^^
lib/screens/inventario/traslados_screen.dart:135:38:
Error: 'UserProvider' isn't a type.
    final userProvider = Provider.of<UserProvider>(context);
                                     ^^^^^^^^^^^^
lib/screens/inventario/traslados_screen.dart:139:24:
Error: The getter 'AppTheme' isn't defined for the type '_TrasladosScreenState'.
 - '_TrasladosScreenState' is from 'package:vercy_motos/screens/inventario/traslados_screen.dart' ('lib/screens/inventario/traslados_screen.dart').
      backgroundColor: AppTheme.backgroundDark,
                       ^^^^^^^^
lib/screens/inventario/traslados_screen.dart:175:45:
Error: The getter 'AppTheme' isn't defined for the type '_TrasladosScreenState'.
 - '_TrasladosScreenState' is from 'package:vercy_motos/screens/inventario/traslados_screen.dart' ('lib/screens/inventario/traslados_screen.dart').
        decoration: BoxDecoration(gradient: AppTheme.primaryGradient),
                                            ^^^^^^^^
lib/screens/inventario/traslados_screen.dart:204:56:
Error: The getter 'AppTheme' isn't defined for the type '_TrasladosScreenState'.
 - '_TrasladosScreenState' is from 'package:vercy_motos/screens/inventario/traslados_screen.dart' ('lib/screens/inventario/traslados_screen.dart').
                      CircularProgressIndicator(color: AppTheme.primary),
                                                       ^^^^^^^^
lib/screens/inventario/traslados_screen.dart:208:49:
Error: The getter 'AppTheme' isn't defined for the type '_TrasladosScreenState'.
 - '_TrasladosScreenState' is from 'package:vercy_motos/screens/inventario/traslados_screen.dart' ('lib/screens/inventario/traslados_screen.dart').
                        style: TextStyle(color: AppTheme.textSecondary),
                                                ^^^^^^^^
lib/screens/inventario/traslados_screen.dart:226:19:
Error: The getter 'AppTheme' isn't defined for the type '_TrasladosScreenState'.
 - '_TrasladosScreenState' is from 'package:vercy_motos/screens/inventario/traslados_screen.dart' ('lib/screens/inventario/traslados_screen.dart').
        gradient: AppTheme.primaryGradient,
                  ^^^^^^^^
lib/screens/inventario/traslados_screen.dart:227:45:
Error: The getter 'AppTheme' isn't defined for the type '_TrasladosScreenState'.
 - '_TrasladosScreenState' is from 'package:vercy_motos/screens/inventario/traslados_screen.dart' ('lib/screens/inventario/traslados_screen.dart').
        borderRadius: BorderRadius.circular(AppTheme.radiusMedium),
                                            ^^^^^^^^
lib/screens/inventario/traslados_screen.dart:228:20:
Error: The getter 'AppTheme' isn't defined for the type '_TrasladosScreenState'.
 - '_TrasladosScreenState' is from 'package:vercy_motos/screens/inventario/traslados_screen.dart' ('lib/screens/inventario/traslados_screen.dart').
        boxShadow: AppTheme.primaryShadow,
                   ^^^^^^^^
lib/screens/inventario/traslados_screen.dart:281:16:
Error: The getter 'AppTheme' isn't defined for the type '_TrasladosScreenState'.
 - '_TrasladosScreenState' is from 'package:vercy_motos/screens/inventario/traslados_screen.dart' ('lib/screens/inventario/traslados_screen.dart').
        color: AppTheme.cardBg,
               ^^^^^^^^
lib/screens/inventario/traslados_screen.dart:282:45:
Error: The getter 'AppTheme' isn't defined for the type '_TrasladosScreenState'.
 - '_TrasladosScreenState' is from 'package:vercy_motos/screens/inventario/traslados_screen.dart' ('lib/screens/inventario/traslados_screen.dart').
        borderRadius: BorderRadius.circular(AppTheme.radiusMedium),
                                            ^^^^^^^^
lib/screens/inventario/traslados_screen.dart:283:35:
Error: The getter 'AppTheme' isn't defined for the type '_TrasladosScreenState'.
 - '_TrasladosScreenState' is from 'package:vercy_motos/screens/inventario/traslados_screen.dart' ('lib/screens/inventario/traslados_screen.dart').
        border: Border.all(color: AppTheme.textMuted.withOpacity(0.1)),
                                  ^^^^^^^^
lib/screens/inventario/traslados_screen.dart:289:37:
Error: The getter 'AppTheme' isn't defined for the type '_TrasladosScreenState'.
 - '_TrasladosScreenState' is from 'package:vercy_motos/screens/inventario/traslados_screen.dart' ('lib/screens/inventario/traslados_screen.dart').
            style: TextStyle(color: AppTheme.textPrimary),
                                    ^^^^^^^^
lib/screens/inventario/traslados_screen.dart:292:43:
Error: The getter 'AppTheme' isn't defined for the type '_TrasladosScreenState'.
 - '_TrasladosScreenState' is from 'package:vercy_motos/screens/inventario/traslados_screen.dart' ('lib/screens/inventario/traslados_screen.dart').
              hintStyle: TextStyle(color: AppTheme.textMuted),
                                          ^^^^^^^^
lib/screens/inventario/traslados_screen.dart:293:53:
Error: The getter 'AppTheme' isn't defined for the type '_TrasladosScreenState'.
 - '_TrasladosScreenState' is from 'package:vercy_motos/screens/inventario/traslados_screen.dart' ('lib/screens/inventario/traslados_screen.dart').
              prefixIcon: Icon(Icons.search, color: AppTheme.primary),
                                                    ^^^^^^^^
lib/screens/inventario/traslados_screen.dart:295:26:
Error: The getter 'AppTheme' isn't defined for the type '_TrasladosScreenState'.
 - '_TrasladosScreenState' is from 'package:vercy_motos/screens/inventario/traslados_screen.dart' ('lib/screens/inventario/traslados_screen.dart').
              fillColor: AppTheme.surfaceDark,
                         ^^^^^^^^
lib/screens/inventario/traslados_screen.dart:314:28:
Error: The getter 'AppTheme' isn't defined for the type '_TrasladosScreenState'.
 - '_TrasladosScreenState' is from 'package:vercy_motos/screens/inventario/traslados_screen.dart' ('lib/screens/inventario/traslados_screen.dart').
                    color: AppTheme.textPrimary,
                           ^^^^^^^^
lib/screens/inventario/traslados_screen.dart:349:31:
Error: The getter 'AppTheme' isn't defined for the type '_TrasladosScreenState'.
 - '_TrasladosScreenState' is from 'package:vercy_motos/screens/inventario/traslados_screen.dart' ('lib/screens/inventario/traslados_screen.dart').
                            ? AppTheme.primary
                              ^^^^^^^^
lib/screens/inventario/traslados_screen.dart:350:31:
Error: The getter 'AppTheme' isn't defined for the type '_TrasladosScreenState'.
 - '_TrasladosScreenState' is from 'package:vercy_motos/screens/inventario/traslados_screen.dart' ('lib/screens/inventario/traslados_screen.dart').
                            : AppTheme.textMuted,
                              ^^^^^^^^
lib/screens/inventario/traslados_screen.dart:360:40:
Error: The getter 'AppTheme' isn't defined for the type '_TrasladosScreenState'.
 - '_TrasladosScreenState' is from 'package:vercy_motos/screens/inventario/traslados_screen.dart' ('lib/screens/inventario/traslados_screen.dart').
                      backgroundColor: AppTheme.surfaceDark,
                                       ^^^^^^^^
lib/screens/inventario/traslados_screen.dart:361:38:
Error: The getter 'AppTheme' isn't defined for the type '_TrasladosScreenState'.
 - '_TrasladosScreenState' is from 'package:vercy_motos/screens/inventario/traslados_screen.dart' ('lib/screens/inventario/traslados_screen.dart').
                      selectedColor: AppTheme.primary.withOpacity(0.15),
                                     ^^^^^^^^
lib/screens/inventario/traslados_screen.dart:364:31:
Error: The getter 'AppTheme' isn't defined for the type '_TrasladosScreenState'.
 - '_TrasladosScreenState' is from 'package:vercy_motos/screens/inventario/traslados_screen.dart' ('lib/screens/inventario/traslados_screen.dart').
                            ? AppTheme.primary
                              ^^^^^^^^
lib/screens/inventario/traslados_screen.dart:365:31:
Error: The getter 'AppTheme' isn't defined for the type '_TrasladosScreenState'.
 - '_TrasladosScreenState' is from 'package:vercy_motos/screens/inventario/traslados_screen.dart' ('lib/screens/inventario/traslados_screen.dart').
                            : AppTheme.textMuted.withOpacity(0.3),
                              ^^^^^^^^
lib/screens/inventario/traslados_screen.dart:369:31:
Error: The getter 'AppTheme' isn't defined for the type '_TrasladosScreenState'.
 - '_TrasladosScreenState' is from 'package:vercy_motos/screens/inventario/traslados_screen.dart' ('lib/screens/inventario/traslados_screen.dart').
                            ? AppTheme.primary
                              ^^^^^^^^
lib/screens/inventario/traslados_screen.dart:370:31:
Error: The getter 'AppTheme' isn't defined for the type '_TrasladosScreenState'.
 - '_TrasladosScreenState' is from 'package:vercy_motos/screens/inventario/traslados_screen.dart' ('lib/screens/inventario/traslados_screen.dart').
                            : AppTheme.textSecondary,
                              ^^^^^^^^
lib/screens/inventario/traslados_screen.dart:395:20:
Error: The getter 'AppTheme' isn't defined for the type '_TrasladosScreenState'.
 - '_TrasladosScreenState' is from 'package:vercy_motos/screens/inventario/traslados_screen.dart' ('lib/screens/inventario/traslados_screen.dart').
            color: AppTheme.secondary,
                   ^^^^^^^^
lib/screens/inventario/traslados_screen.dart:402:20:
Error: The getter 'AppTheme' isn't defined for the type '_TrasladosScreenState'.
 - '_TrasladosScreenState' is from 'package:vercy_motos/screens/inventario/traslados_screen.dart' ('lib/screens/inventario/traslados_screen.dart').
            color: AppTheme.metal,
                   ^^^^^^^^
lib/screens/inventario/traslados_screen.dart:409:20:
Error: The getter 'AppTheme' isn't defined for the type '_TrasladosScreenState'.
 - '_TrasladosScreenState' is from 'package:vercy_motos/screens/inventario/traslados_screen.dart' ('lib/screens/inventario/traslados_screen.dart').
            color: AppTheme.primary,
                   ^^^^^^^^
lib/screens/inventario/traslados_screen.dart:417:20:
Error: The getter 'AppTheme' isn't defined for the type '_TrasladosScreenState'.
 - '_TrasladosScreenState' is from 'package:vercy_motos/screens/inventario/traslados_screen.dart' ('lib/screens/inventario/traslados_screen.dart').
            color: AppTheme.secondary,
                   ^^^^^^^^
lib/screens/inventario/traslados_screen.dart:454:25:
Error: The getter 'AppTheme' isn't defined for the type '_TrasladosScreenState'.
 - '_TrasladosScreenState' is from 'package:vercy_motos/screens/inventario/traslados_screen.dart' ('lib/screens/inventario/traslados_screen.dart').
              gradient: AppTheme.primaryGradient,
                        ^^^^^^^^
lib/screens/inventario/traslados_screen.dart:456:26:
Error: The getter 'AppTheme' isn't defined for the type '_TrasladosScreenState'.
 - '_TrasladosScreenState' is from 'package:vercy_motos/screens/inventario/traslados_screen.dart' ('lib/screens/inventario/traslados_screen.dart').
              boxShadow: AppTheme.primaryShadow,
                         ^^^^^^^^
lib/screens/inventario/traslados_screen.dart:496:16:
Error: The getter 'AppTheme' isn't defined for the type '_TrasladosScreenState'.
 - '_TrasladosScreenState' is from 'package:vercy_motos/screens/inventario/traslados_screen.dart' ('lib/screens/inventario/traslados_screen.dart').
        color: AppTheme.cardBg,
               ^^^^^^^^
lib/screens/inventario/traslados_screen.dart:497:45:
Error: The getter 'AppTheme' isn't defined for the type '_TrasladosScreenState'.
 - '_TrasladosScreenState' is from 'package:vercy_motos/screens/inventario/traslados_screen.dart' ('lib/screens/inventario/traslados_screen.dart').
        borderRadius: BorderRadius.circular(AppTheme.radiusMedium),
                                            ^^^^^^^^
lib/screens/inventario/traslados_screen.dart:498:35:
Error: The getter 'AppTheme' isn't defined for the type '_TrasladosScreenState'.
 - '_TrasladosScreenState' is from 'package:vercy_motos/screens/inventario/traslados_screen.dart' ('lib/screens/inventario/traslados_screen.dart').
        border: Border.all(color: AppTheme.textMuted.withOpacity(0.1)),
                                  ^^^^^^^^
lib/screens/inventario/traslados_screen.dart:501:45:
Error: The getter 'AppTheme' isn't defined for the type '_TrasladosScreenState'.
 - '_TrasladosScreenState' is from 'package:vercy_motos/screens/inventario/traslados_screen.dart' ('lib/screens/inventario/traslados_screen.dart').
        borderRadius: BorderRadius.circular(AppTheme.radiusMedium),
                                            ^^^^^^^^
lib/screens/inventario/traslados_screen.dart:506:22:
Error: The getter 'AppTheme' isn't defined for the type '_TrasladosScreenState'.
 - '_TrasladosScreenState' is from 'package:vercy_motos/screens/inventario/traslados_screen.dart' ('lib/screens/inventario/traslados_screen.dart').
              color: AppTheme.primary.withOpacity(0.1),
                     ^^^^^^^^
lib/screens/inventario/traslados_screen.dart:541:16:
Error: The getter 'AppTheme' isn't defined for the type '_TrasladosScreenState'.
 - '_TrasladosScreenState' is from 'package:vercy_motos/screens/inventario/traslados_screen.dart' ('lib/screens/inventario/traslados_screen.dart').
        color: AppTheme.primary,
               ^^^^^^^^
lib/screens/inventario/traslados_screen.dart:548:29:
Error: 'Traslado' isn't a type.
  Widget _buildFilaTraslado(Traslado traslado) {
                            ^^^^^^^^
lib/screens/inventario/traslados_screen.dart:552:37:
Error: The getter 'AppTheme' isn't defined for the type '_TrasladosScreenState'.
 - '_TrasladosScreenState' is from 'package:vercy_motos/screens/inventario/traslados_screen.dart' ('lib/screens/inventario/traslados_screen.dart').
          bottom: BorderSide(color: AppTheme.textMuted.withOpacity(0.1)),
                                    ^^^^^^^^
lib/screens/inventario/traslados_screen.dart:563:24:
Error: The getter 'AppTheme' isn't defined for the type '_TrasladosScreenState'.
 - '_TrasladosScreenState' is from 'package:vercy_motos/screens/inventario/traslados_screen.dart' ('lib/screens/inventario/traslados_screen.dart').
                color: AppTheme.primary.withOpacity(0.1),
                       ^^^^^^^^
lib/screens/inventario/traslados_screen.dart:569:26:
Error: The getter 'AppTheme' isn't defined for the type '_TrasladosScreenState'.
 - '_TrasladosScreenState' is from 'package:vercy_motos/screens/inventario/traslados_screen.dart' ('lib/screens/inventario/traslados_screen.dart').
                  color: AppTheme.primary,
                         ^^^^^^^^
lib/screens/inventario/traslados_screen.dart:584:39:
Error: The getter 'AppTheme' isn't defined for the type '_TrasladosScreenState'.
 - '_TrasladosScreenState' is from 'package:vercy_motos/screens/inventario/traslados_screen.dart' ('lib/screens/inventario/traslados_screen.dart').
              style: TextStyle(color: AppTheme.textSecondary, fontSize: 12),
                                      ^^^^^^^^
lib/screens/inventario/traslados_screen.dart:592:39:
Error: The getter 'AppTheme' isn't defined for the type '_TrasladosScreenState'.
 - '_TrasladosScreenState' is from 'package:vercy_motos/screens/inventario/traslados_screen.dart' ('lib/screens/inventario/traslados_screen.dart').
              style: TextStyle(color: AppTheme.textPrimary, fontSize: 12),
                                      ^^^^^^^^
lib/screens/inventario/traslados_screen.dart:609:24:
Error: The getter 'AppTheme' isn't defined for the type '_TrasladosScreenState'.
 - '_TrasladosScreenState' is from 'package:vercy_motos/screens/inventario/traslados_screen.dart' ('lib/screens/inventario/traslados_screen.dart').
                color: AppTheme.textPrimary,
                       ^^^^^^^^
lib/screens/inventario/traslados_screen.dart:626:34:
Error: 'Traslado' isn't a type.
  Widget _buildAccionesCompactas(Traslado traslado) {
                                 ^^^^^^^^
lib/screens/inventario/traslados_screen.dart:632:18:
Error: The getter 'AppTheme' isn't defined for the type '_TrasladosScreenState'.
 - '_TrasladosScreenState' is from 'package:vercy_motos/screens/inventario/traslados_screen.dart' ('lib/screens/inventario/traslados_screen.dart').
          color: AppTheme.primary,
                 ^^^^^^^^
lib/screens/inventario/traslados_screen.dart:646:18:
Error: The getter 'AppTheme' isn't defined for the type '_TrasladosScreenState'.
 - '_TrasladosScreenState' is from 'package:vercy_motos/screens/inventario/traslados_screen.dart' ('lib/screens/inventario/traslados_screen.dart').
          color: AppTheme.primary,
                 ^^^^^^^^
lib/screens/inventario/traslados_screen.dart:658:16:
Error: The getter 'AppTheme' isn't defined for the type '_TrasladosScreenState'.
 - '_TrasladosScreenState' is from 'package:vercy_motos/screens/inventario/traslados_screen.dart' ('lib/screens/inventario/traslados_screen.dart').
        color: AppTheme.surfaceDark,
               ^^^^^^^^
lib/screens/inventario/traslados_screen.dart:660:35:
Error: The getter 'AppTheme' isn't defined for the type '_TrasladosScreenState'.
 - '_TrasladosScreenState' is from 'package:vercy_motos/screens/inventario/traslados_screen.dart' ('lib/screens/inventario/traslados_screen.dart').
        border: Border.all(color: AppTheme.textMuted.withOpacity(0.2)),
                                  ^^^^^^^^
lib/screens/inventario/traslados_screen.dart:664:33:
Error: The getter 'AppTheme' isn't defined for the type '_TrasladosScreenState'.
 - '_TrasladosScreenState' is from 'package:vercy_motos/screens/inventario/traslados_screen.dart' ('lib/screens/inventario/traslados_screen.dart').
        style: TextStyle(color: AppTheme.textPrimary, fontSize: 13,
                                ^^^^^^^^
lib/screens/inventario/traslados_screen.dart:675:17:
Error: The getter 'AppTheme' isn't defined for the type '_TrasladosScreenState'.
 - '_TrasladosScreenState' is from 'package:vercy_motos/screens/inventario/traslados_screen.dart' ('lib/screens/inventario/traslados_screen.dart').
        color = AppTheme.success;
                ^^^^^^^^
lib/screens/inventario/traslados_screen.dart:679:17:
Error: The getter 'AppTheme' isn't defined for the type '_TrasladosScreenState'.
 - '_TrasladosScreenState' is from 'package:vercy_motos/screens/inventario/traslados_screen.dart' ('lib/screens/inventario/traslados_screen.dart').
        color = AppTheme.error;
                ^^^^^^^^
lib/screens/inventario/traslados_screen.dart:683:17:
Error: The getter 'AppTheme' isn't defined for the type '_TrasladosScreenState'.
 - '_TrasladosScreenState' is from 'package:vercy_motos/screens/inventario/traslados_screen.dart' ('lib/screens/inventario/traslados_screen.dart').
        color = AppTheme.warning;
                ^^^^^^^^
lib/screens/inventario/traslados_screen.dart:716:25:
Error: 'Traslado' isn't a type.
  Widget _buildAcciones(Traslado traslado) {
                        ^^^^^^^^
lib/screens/inventario/traslados_screen.dart:722:18:
Error: The getter 'AppTheme' isn't defined for the type '_TrasladosScreenState'.
 - '_TrasladosScreenState' is from 'package:vercy_motos/screens/inventario/traslados_screen.dart' ('lib/screens/inventario/traslados_screen.dart').
          color: AppTheme.error,
                 ^^^^^^^^
lib/screens/inventario/traslados_screen.dart:729:18:
Error: The getter 'AppTheme' isn't defined for the type '_TrasladosScreenState'.
 - '_TrasladosScreenState' is from 'package:vercy_motos/screens/inventario/traslados_screen.dart' ('lib/screens/inventario/traslados_screen.dart').
          color: AppTheme.primary,
                 ^^^^^^^^
lib/screens/inventario/traslados_screen.dart:737:20:
Error: The getter 'AppTheme' isn't defined for the type '_TrasladosScreenState'.
 - '_TrasladosScreenState' is from 'package:vercy_motos/screens/inventario/traslados_screen.dart' ('lib/screens/inventario/traslados_screen.dart').
            color: AppTheme.success,
                   ^^^^^^^^
lib/screens/inventario/traslados_screen.dart:779:22:
Error: The getter 'AppTheme' isn't defined for the type '_TrasladosScreenState'.
 - '_TrasladosScreenState' is from 'package:vercy_motos/screens/inventario/traslados_screen.dart' ('lib/screens/inventario/traslados_screen.dart').
              color: AppTheme.primary.withOpacity(0.1),
                     ^^^^^^^^
lib/screens/inventario/traslados_screen.dart:785:22:
Error: The getter 'AppTheme' isn't defined for the type '_TrasladosScreenState'.
 - '_TrasladosScreenState' is from 'package:vercy_motos/screens/inventario/traslados_screen.dart' ('lib/screens/inventario/traslados_screen.dart').
              color: AppTheme.primary,
                     ^^^^^^^^
lib/screens/inventario/traslados_screen.dart:792:22:
Error: The getter 'AppTheme' isn't defined for the type '_TrasladosScreenState'.
 - '_TrasladosScreenState' is from 'package:vercy_motos/screens/inventario/traslados_screen.dart' ('lib/screens/inventario/traslados_screen.dart').
              color: AppTheme.textPrimary,
                     ^^^^^^^^
lib/screens/inventario/traslados_screen.dart:800:37:
Error: The getter 'AppTheme' isn't defined for the type '_TrasladosScreenState'.
 - '_TrasladosScreenState' is from 'package:vercy_motos/screens/inventario/traslados_screen.dart' ('lib/screens/inventario/traslados_screen.dart').
            style: TextStyle(color: AppTheme.textSecondary, fontSize: 14),
                                    ^^^^^^^^
lib/screens/inventario/traslados_screen.dart:811:32:
Error: The getter 'AppTheme' isn't defined for the type '_TrasladosScreenState'.
 - '_TrasladosScreenState' is from 'package:vercy_motos/screens/inventario/traslados_screen.dart' ('lib/screens/inventario/traslados_screen.dart').
              backgroundColor: AppTheme.primary,
                               ^^^^^^^^
lib/screens/inventario/traslados_screen.dart:823:32:
Error: 'Traslado' isn't a type.
  void _mostrarDialogoProcesar(Traslado traslado) {
                               ^^^^^^^^
lib/screens/inventario/traslados_screen.dart:824:38:
Error: 'UserProvider' isn't a type.
    final userProvider = Provider.of<UserProvider>(context, listen: false);
                                     ^^^^^^^^^^^^
lib/screens/inventario/traslados_screen.dart:830:26:
Error: The getter 'AppTheme' isn't defined for the type '_TrasladosScreenState'.
 - '_TrasladosScreenState' is from 'package:vercy_motos/screens/inventario/traslados_screen.dart' ('lib/screens/inventario/traslados_screen.dart').
        backgroundColor: AppTheme.cardBg,
                         ^^^^^^^^
lib/screens/inventario/traslados_screen.dart:837:27:
Error: The getter 'AppTheme' isn't defined for the type '_TrasladosScreenState'.
 - '_TrasladosScreenState' is from 'package:vercy_motos/screens/inventario/traslados_screen.dart' ('lib/screens/inventario/traslados_screen.dart').
                gradient: AppTheme.primaryGradient,
                          ^^^^^^^^
lib/screens/inventario/traslados_screen.dart:845:39:
Error: The getter 'AppTheme' isn't defined for the type '_TrasladosScreenState'.
 - '_TrasladosScreenState' is from 'package:vercy_motos/screens/inventario/traslados_screen.dart' ('lib/screens/inventario/traslados_screen.dart').
              style: TextStyle(color: AppTheme.textPrimary),
                                      ^^^^^^^^
lib/screens/inventario/traslados_screen.dart:857:26:
Error: The getter 'AppTheme' isn't defined for the type '_TrasladosScreenState'.
 - '_TrasladosScreenState' is from 'package:vercy_motos/screens/inventario/traslados_screen.dart' ('lib/screens/inventario/traslados_screen.dart').
                  color: AppTheme.surfaceDark,
                         ^^^^^^^^
lib/screens/inventario/traslados_screen.dart:863:36:
Error: The getter 'AppTheme' isn't defined for the type '_TrasladosScreenState'.
 - '_TrasladosScreenState' is from 'package:vercy_motos/screens/inventario/traslados_screen.dart' ('lib/screens/inventario/traslados_screen.dart').
                    Divider(color: AppTheme.textMuted.withOpacity(0.2)),
                                   ^^^^^^^^
lib/screens/inventario/traslados_screen.dart:865:36:
Error: The getter 'AppTheme' isn't defined for the type '_TrasladosScreenState'.
 - '_TrasladosScreenState' is from 'package:vercy_motos/screens/inventario/traslados_screen.dart' ('lib/screens/inventario/traslados_screen.dart').
                    Divider(color: AppTheme.textMuted.withOpacity(0.2)),
                                   ^^^^^^^^
lib/screens/inventario/traslados_screen.dart:867:36:
Error: The getter 'AppTheme' isn't defined for the type '_TrasladosScreenState'.
 - '_TrasladosScreenState' is from 'package:vercy_motos/screens/inventario/traslados_screen.dart' ('lib/screens/inventario/traslados_screen.dart').
                    Divider(color: AppTheme.textMuted.withOpacity(0.2)),
                                   ^^^^^^^^
lib/screens/inventario/traslados_screen.dart:872:36:
Error: The getter 'AppTheme' isn't defined for the type '_TrasladosScreenState'.
 - '_TrasladosScreenState' is from 'package:vercy_motos/screens/inventario/traslados_screen.dart' ('lib/screens/inventario/traslados_screen.dart').
                    Divider(color: AppTheme.textMuted.withOpacity(0.2)),
                                   ^^^^^^^^
lib/screens/inventario/traslados_screen.dart:888:39:
Error: The getter 'AppTheme' isn't defined for the type '_TrasladosScreenState'.
 - '_TrasladosScreenState' is from 'package:vercy_motos/screens/inventario/traslados_screen.dart' ('lib/screens/inventario/traslados_screen.dart').
              style: TextStyle(color: AppTheme.textSecondary),
                                      ^^^^^^^^
lib/screens/inventario/traslados_screen.dart:899:32:
Error: The getter 'AppTheme' isn't defined for the type '_TrasladosScreenState'.
 - '_TrasladosScreenState' is from 'package:vercy_motos/screens/inventario/traslados_screen.dart' ('lib/screens/inventario/traslados_screen.dart').
              backgroundColor: AppTheme.error,
                               ^^^^^^^^
lib/screens/inventario/traslados_screen.dart:911:32:
Error: The getter 'AppTheme' isn't defined for the type '_TrasladosScreenState'.
 - '_TrasladosScreenState' is from 'package:vercy_motos/screens/inventario/traslados_screen.dart' ('lib/screens/inventario/traslados_screen.dart').
              backgroundColor: AppTheme.success,
                               ^^^^^^^^
lib/screens/inventario/traslados_screen.dart:926:47:
Error: The getter 'AppTheme' isn't defined for the type '_TrasladosScreenState'.
 - '_TrasladosScreenState' is from 'package:vercy_motos/screens/inventario/traslados_screen.dart' ('lib/screens/inventario/traslados_screen.dart').
          Text(label, style: TextStyle(color: AppTheme.textMuted)),
                                              ^^^^^^^^
lib/screens/inventario/traslados_screen.dart:930:22:
Error: The getter 'AppTheme' isn't defined for the type '_TrasladosScreenState'.
 - '_TrasladosScreenState' is from 'package:vercy_motos/screens/inventario/traslados_screen.dart' ('lib/screens/inventario/traslados_screen.dart').
              color: AppTheme.textPrimary,
                     ^^^^^^^^
lib/screens/inventario/traslados_screen.dart:958:33:
Error: 'Traslado' isn't a type.
  Future<void> _aceptarTraslado(Traslado traslado, String aprobador) async {
                                ^^^^^^^^
lib/screens/inventario/traslados_screen.dart:962:18:
Error: The getter 'id' isn't defined for the type 'Object?'.
 - 'Object' is from 'dart:core'.
        (p) => p.id == traslado.productoId,
                 ^^
lib/screens/inventario/traslados_screen.dart:987:22:
Error: A value of type 'num' can't be assigned to a variable of type 'int'.
        nuevoAlmacen -= traslado.cantidad!.toInt();
                     ^
lib/screens/inventario/traslados_screen.dart:989:21:
Error: A value of type 'num' can't be assigned to a variable of type 'int'.
        nuevoBodega -= traslado.cantidad!.toInt();
                    ^
lib/screens/inventario/traslados_screen.dart:993:22:
Error: A value of type 'num' can't be assigned to a variable of type 'int'.
        nuevoAlmacen += traslado.cantidad!.toInt();
                     ^
lib/screens/inventario/traslados_screen.dart:995:21:
Error: A value of type 'num' can't be assigned to a variable of type 'int'.
        nuevoBodega += traslado.cantidad!.toInt();
                    ^
lib/screens/inventario/traslados_screen.dart:1017:25:
Error: The method 'ApiConfig' isn't defined for the type '_TrasladosScreenState'.
 - '_TrasladosScreenState' is from 'package:vercy_motos/screens/inventario/traslados_screen.dart' ('lib/screens/inventario/traslados_screen.dart').
      final apiConfig = ApiConfig();
                        ^^^^^^^^^
lib/screens/inventario/traslados_screen.dart:1042:21:
Error: 'Traslado' isn't a type.
  void _verDetalles(Traslado traslado) {
                    ^^^^^^^^
lib/screens/inventario/traslados_screen.dart:1046:26:
Error: The getter 'AppTheme' isn't defined for the type '_TrasladosScreenState'.
 - '_TrasladosScreenState' is from 'package:vercy_motos/screens/inventario/traslados_screen.dart' ('lib/screens/inventario/traslados_screen.dart').
        backgroundColor: AppTheme.cardBg,
                         ^^^^^^^^
lib/screens/inventario/traslados_screen.dart:1053:27:
Error: The getter 'AppTheme' isn't defined for the type '_TrasladosScreenState'.
 - '_TrasladosScreenState' is from 'package:vercy_motos/screens/inventario/traslados_screen.dart' ('lib/screens/inventario/traslados_screen.dart').
                gradient: AppTheme.primaryGradient,
                          ^^^^^^^^
lib/screens/inventario/traslados_screen.dart:1061:39:
Error: The getter 'AppTheme' isn't defined for the type '_TrasladosScreenState'.
 - '_TrasladosScreenState' is from 'package:vercy_motos/screens/inventario/traslados_screen.dart' ('lib/screens/inventario/traslados_screen.dart').
              style: TextStyle(color: AppTheme.textPrimary),
                                      ^^^^^^^^
lib/screens/inventario/traslados_screen.dart:1074:28:
Error: The getter 'AppTheme' isn't defined for the type '_TrasladosScreenState'.
 - '_TrasladosScreenState' is from 'package:vercy_motos/screens/inventario/traslados_screen.dart' ('lib/screens/inventario/traslados_screen.dart').
                    color: AppTheme.surfaceDark,
                           ^^^^^^^^
lib/screens/inventario/traslados_screen.dart:1149:32:
Error: The getter 'AppTheme' isn't defined for the type '_TrasladosScreenState'.
 - '_TrasladosScreenState' is from 'package:vercy_motos/screens/inventario/traslados_screen.dart' ('lib/screens/inventario/traslados_screen.dart').
              backgroundColor: AppTheme.primary,
                               ^^^^^^^^
lib/screens/inventario/traslados_screen.dart:1167:22:
Error: The getter 'AppTheme' isn't defined for the type '_TrasladosScreenState'.
 - '_TrasladosScreenState' is from 'package:vercy_motos/screens/inventario/traslados_screen.dart' ('lib/screens/inventario/traslados_screen.dart').
              color: AppTheme.primary.withOpacity(0.1),
                     ^^^^^^^^
lib/screens/inventario/traslados_screen.dart:1170:38:
Error: The getter 'AppTheme' isn't defined for the type '_TrasladosScreenState'.
 - '_TrasladosScreenState' is from 'package:vercy_motos/screens/inventario/traslados_screen.dart' ('lib/screens/inventario/traslados_screen.dart').
            child: Icon(icon, color: AppTheme.primary, size: 18),
                                     ^^^^^^^^
lib/screens/inventario/traslados_screen.dart:1179:43:
Error: The getter 'AppTheme' isn't defined for the type '_TrasladosScreenState'.
 - '_TrasladosScreenState' is from 'package:vercy_motos/screens/inventario/traslados_screen.dart' ('lib/screens/inventario/traslados_screen.dart').
                  style: TextStyle(color: AppTheme.textMuted, fontSize: 12),
                                          ^^^^^^^^
lib/screens/inventario/traslados_screen.dart:1184:28:
Error: The getter 'AppTheme' isn't defined for the type '_TrasladosScreenState'.
 - '_TrasladosScreenState' is from 'package:vercy_motos/screens/inventario/traslados_screen.dart' ('lib/screens/inventario/traslados_screen.dart').
                    color: AppTheme.textPrimary,
                           ^^^^^^^^
lib/screens/inventario/traslados_screen.dart:1206:26:
Error: The getter 'AppTheme' isn't defined for the type '_TrasladosScreenState'.
 - '_TrasladosScreenState' is from 'package:vercy_motos/screens/inventario/traslados_screen.dart' ('lib/screens/inventario/traslados_screen.dart').
        backgroundColor: AppTheme.error,
                         ^^^^^^^^
lib/screens/inventario/traslados_screen.dart:1223:26:
Error: The getter 'AppTheme' isn't defined for the type '_TrasladosScreenState'.
 - '_TrasladosScreenState' is from 'package:vercy_motos/screens/inventario/traslados_screen.dart' ('lib/screens/inventario/traslados_screen.dart').
        backgroundColor: AppTheme.success,
                         ^^^^^^^^
lib/screens/inventario/traslados_screen.dart:1234:26:
Error: The getter 'AppTheme' isn't defined for the type '_TrasladosScreenState'.
 - '_TrasladosScreenState' is from 'package:vercy_motos/screens/inventario/traslados_screen.dart' ('lib/screens/inventario/traslados_screen.dart').
        backgroundColor: AppTheme.primary,
                         ^^^^^^^^
lib/screens/inventario/traslados_screen.dart:1245:14:
Error: 'Producto' isn't a type.
  final List<Producto> productos;
             ^^^^^^^^
lib/screens/inventario/traslados_screen.dart:1263:9:
Error: 'TrasladoService' isn't a type.
  final TrasladoService _trasladoService = TrasladoService();
        ^^^^^^^^^^^^^^^
lib/screens/inventario/traslados_screen.dart:1263:44:
Error: Method not found: 'TrasladoService'.
  final TrasladoService _trasladoService = TrasladoService();
                                           ^^^^^^^^^^^^^^^
lib/screens/inventario/traslados_screen.dart:1264:9:
Error: 'BodegaService' isn't a type.
  final BodegaService _bodegaService = BodegaService();
        ^^^^^^^^^^^^^
lib/screens/inventario/traslados_screen.dart:1264:40:
Error: Method not found: 'BodegaService'.
  final BodegaService _bodegaService = BodegaService();
                                       ^^^^^^^^^^^^^
lib/screens/inventario/traslados_screen.dart:1274:3:
Error: 'Producto' isn't a type.
  Producto? _productoSeleccionado;
  ^^^^^^^^
lib/screens/inventario/traslados_screen.dart:1281:8:
Error: 'Bodega' isn't a type.
  List<Bodega> _bodegas = [];
       ^^^^^^
lib/screens/inventario/traslados_screen.dart:1302:11:
Error: The method 'Bodega' isn't defined for the type '_FormularioCrearTrasladoState'.
 - '_FormularioCrearTrasladoState' is from 'package:vercy_motos/screens/inventario/traslados_screen.dart' ('lib/screens/inventario/traslados_screen.dart').
          Bodega(id: 'BODEGA', nombre: 'BODEGA', activa: true),
          ^^^^^^
lib/screens/inventario/traslados_screen.dart:1303:11:
Error: The method 'Bodega' isn't defined for the type '_FormularioCrearTrasladoState'.
 - '_FormularioCrearTrasladoState' is from 'package:vercy_motos/screens/inventario/traslados_screen.dart' ('lib/screens/inventario/traslados_screen.dart').
          Bodega(id: 'ALMACEN', nombre: 'ALMACEN', activa: true),
          ^^^^^^
lib/screens/inventario/traslados_screen.dart:1329:16:
Error: The getter 'id' isn't defined for the type 'Object?'.
 - 'Object' is from 'dart:core'.
      (b) => b.id == _origenSeleccionado,
               ^^
lib/screens/inventario/traslados_screen.dart:1330:21:
Error: The method 'Bodega' isn't defined for the type '_FormularioCrearTrasladoState'.
 - '_FormularioCrearTrasladoState' is from 'package:vercy_motos/screens/inventario/traslados_screen.dart' ('lib/screens/inventario/traslados_screen.dart').
      orElse: () => Bodega(
                    ^^^^^^
lib/screens/inventario/traslados_screen.dart:1359:16:
Error: The getter 'codigoBarras' isn't defined for the type 'Object?'.
 - 'Object' is from 'dart:core'.
      (p) => p.codigoBarras == ean || p.id == ean,
               ^^^^^^^^^^^^
lib/screens/inventario/traslados_screen.dart:1359:41:
Error: The getter 'id' isn't defined for the type 'Object?'.
 - 'Object' is from 'dart:core'.
      (p) => p.codigoBarras == ean || p.id == ean,
                                        ^^
lib/screens/inventario/traslados_screen.dart:1445:46:
Error: 'Producto' isn't a type.
        final producto = item['producto'] as Producto;
                                             ^^^^^^^^
lib/screens/inventario/traslados_screen.dart:1505:19:
Error: The getter 'AppTheme' isn't defined for the type '_FormularioCrearTrasladoState'.
 - '_FormularioCrearTrasladoState' is from 'package:vercy_motos/screens/inventario/traslados_screen.dart' ('lib/screens/inventario/traslados_screen.dart').
        gradient: AppTheme.primaryGradient,
                  ^^^^^^^^
lib/screens/inventario/traslados_screen.dart:1506:45:
Error: The getter 'AppTheme' isn't defined for the type '_FormularioCrearTrasladoState'.
 - '_FormularioCrearTrasladoState' is from 'package:vercy_motos/screens/inventario/traslados_screen.dart' ('lib/screens/inventario/traslados_screen.dart').
        borderRadius: BorderRadius.circular(AppTheme.radiusMedium),
                                            ^^^^^^^^
lib/screens/inventario/traslados_screen.dart:1507:20:
Error: The getter 'AppTheme' isn't defined for the type '_FormularioCrearTrasladoState'.
 - '_FormularioCrearTrasladoState' is from 'package:vercy_motos/screens/inventario/traslados_screen.dart' ('lib/screens/inventario/traslados_screen.dart').
        boxShadow: AppTheme.primaryShadow,
                   ^^^^^^^^
lib/screens/inventario/traslados_screen.dart:1551:16:
Error: The getter 'AppTheme' isn't defined for the type '_FormularioCrearTrasladoState'.
 - '_FormularioCrearTrasladoState' is from 'package:vercy_motos/screens/inventario/traslados_screen.dart' ('lib/screens/inventario/traslados_screen.dart').
        color: AppTheme.cardBg,
               ^^^^^^^^
lib/screens/inventario/traslados_screen.dart:1552:45:
Error: The getter 'AppTheme' isn't defined for the type '_FormularioCrearTrasladoState'.
 - '_FormularioCrearTrasladoState' is from 'package:vercy_motos/screens/inventario/traslados_screen.dart' ('lib/screens/inventario/traslados_screen.dart').
        borderRadius: BorderRadius.circular(AppTheme.radiusMedium),
                                            ^^^^^^^^
lib/screens/inventario/traslados_screen.dart:1553:35:
Error: The getter 'AppTheme' isn't defined for the type '_FormularioCrearTrasladoState'.
 - '_FormularioCrearTrasladoState' is from 'package:vercy_motos/screens/inventario/traslados_screen.dart' ('lib/screens/inventario/traslados_screen.dart').
        border: Border.all(color: AppTheme.textMuted.withOpacity(0.1)),
                                  ^^^^^^^^
lib/screens/inventario/traslados_screen.dart:1570:22:
Error: The getter 'AppTheme' isn't defined for the type '_FormularioCrearTrasladoState'.
 - '_FormularioCrearTrasladoState' is from 'package:vercy_motos/screens/inventario/traslados_screen.dart' ('lib/screens/inventario/traslados_screen.dart').
              color: AppTheme.primary.withOpacity(0.1),
                     ^^^^^^^^
lib/screens/inventario/traslados_screen.dart:1573:53:
Error: The getter 'AppTheme' isn't defined for the type '_FormularioCrearTrasladoState'.
 - '_FormularioCrearTrasladoState' is from 'package:vercy_motos/screens/inventario/traslados_screen.dart' ('lib/screens/inventario/traslados_screen.dart').
            child: Icon(Icons.arrow_forward, color: AppTheme.primary),
                                                    ^^^^^^^^
lib/screens/inventario/traslados_screen.dart:1600:20:
Error: The getter 'AppTheme' isn't defined for the type '_FormularioCrearTrasladoState'.
 - '_FormularioCrearTrasladoState' is from 'package:vercy_motos/screens/inventario/traslados_screen.dart' ('lib/screens/inventario/traslados_screen.dart').
            color: AppTheme.textPrimary,
                   ^^^^^^^^
lib/screens/inventario/traslados_screen.dart:1608:20:
Error: The getter 'AppTheme' isn't defined for the type '_FormularioCrearTrasladoState'.
 - '_FormularioCrearTrasladoState' is from 'package:vercy_motos/screens/inventario/traslados_screen.dart' ('lib/screens/inventario/traslados_screen.dart').
            color: AppTheme.surfaceDark,
                   ^^^^^^^^
lib/screens/inventario/traslados_screen.dart:1610:39:
Error: The getter 'AppTheme' isn't defined for the type '_FormularioCrearTrasladoState'.
 - '_FormularioCrearTrasladoState' is from 'package:vercy_motos/screens/inventario/traslados_screen.dart' ('lib/screens/inventario/traslados_screen.dart').
            border: Border.all(color: AppTheme.textMuted.withOpacity(0.2)),
                                      ^^^^^^^^
lib/screens/inventario/traslados_screen.dart:1624:45:
Error: The getter 'AppTheme' isn't defined for the type '_FormularioCrearTrasladoState'.
 - '_FormularioCrearTrasladoState' is from 'package:vercy_motos/screens/inventario/traslados_screen.dart' ('lib/screens/inventario/traslados_screen.dart').
                    style: TextStyle(color: AppTheme.textMuted),
                                            ^^^^^^^^
lib/screens/inventario/traslados_screen.dart:1628:45:
Error: The getter 'AppTheme' isn't defined for the type '_FormularioCrearTrasladoState'.
 - '_FormularioCrearTrasladoState' is from 'package:vercy_motos/screens/inventario/traslados_screen.dart' ('lib/screens/inventario/traslados_screen.dart').
                    style: TextStyle(color: AppTheme.textMuted),
                                            ^^^^^^^^
lib/screens/inventario/traslados_screen.dart:1630:28:
Error: The getter 'AppTheme' isn't defined for the type '_FormularioCrearTrasladoState'.
 - '_FormularioCrearTrasladoState' is from 'package:vercy_motos/screens/inventario/traslados_screen.dart' ('lib/screens/inventario/traslados_screen.dart').
            dropdownColor: AppTheme.cardBg,
                           ^^^^^^^^
lib/screens/inventario/traslados_screen.dart:1631:37:
Error: The getter 'AppTheme' isn't defined for the type '_FormularioCrearTrasladoState'.
 - '_FormularioCrearTrasladoState' is from 'package:vercy_motos/screens/inventario/traslados_screen.dart' ('lib/screens/inventario/traslados_screen.dart').
            style: TextStyle(color: AppTheme.textPrimary),
                                    ^^^^^^^^
lib/screens/inventario/traslados_screen.dart:1634:31:
Error: The getter 'id' isn't defined for the type 'Object?'.
 - 'Object' is from 'dart:core'.
                value: bodega.id,
                              ^^
lib/screens/inventario/traslados_screen.dart:1638:30:
Error: The getter 'tipo' isn't defined for the type 'Object?'.
 - 'Object' is from 'dart:core'.
                      bodega.tipo == 'ALMACEN' ? Icons.store : Icons.warehouse,
                             ^^^^
lib/screens/inventario/traslados_screen.dart:1640:30:
Error: The getter 'AppTheme' isn't defined for the type '_FormularioCrearTrasladoState'.
 - '_FormularioCrearTrasladoState' is from 'package:vercy_motos/screens/inventario/traslados_screen.dart' ('lib/screens/inventario/traslados_screen.dart').
                      color: AppTheme.primary,
                             ^^^^^^^^
lib/screens/inventario/traslados_screen.dart:1643:33:
Error: The getter 'nombre' isn't defined for the type 'Object?'.
 - 'Object' is from 'dart:core'.
                    Text(bodega.nombre),
                                ^^^^^^
lib/screens/inventario/traslados_screen.dart:1647:16:
Error: The argument type 'List<dynamic>' can't be assigned to the parameter type 'List<DropdownMenuItem<String>>?'.
 - 'List' is from 'dart:core'.
 - 'DropdownMenuItem' is from 'package:flutter/src/material/dropdown.dart' ('../../flutter/packages/flutter/lib/src/material/dropdown.dart').
            }).toList(),
               ^
lib/screens/inventario/traslados_screen.dart:1659:16:
Error: The getter 'AppTheme' isn't defined for the type '_FormularioCrearTrasladoState'.
 - '_FormularioCrearTrasladoState' is from 'package:vercy_motos/screens/inventario/traslados_screen.dart' ('lib/screens/inventario/traslados_screen.dart').
        color: AppTheme.cardBg,
               ^^^^^^^^
lib/screens/inventario/traslados_screen.dart:1660:45:
Error: The getter 'AppTheme' isn't defined for the type '_FormularioCrearTrasladoState'.
 - '_FormularioCrearTrasladoState' is from 'package:vercy_motos/screens/inventario/traslados_screen.dart' ('lib/screens/inventario/traslados_screen.dart').
        borderRadius: BorderRadius.circular(AppTheme.radiusMedium),
                                            ^^^^^^^^
lib/screens/inventario/traslados_screen.dart:1661:35:
Error: The getter 'AppTheme' isn't defined for the type '_FormularioCrearTrasladoState'.
 - '_FormularioCrearTrasladoState' is from 'package:vercy_motos/screens/inventario/traslados_screen.dart' ('lib/screens/inventario/traslados_screen.dart').
        border: Border.all(color: AppTheme.textMuted.withOpacity(0.1)),
                                  ^^^^^^^^
lib/screens/inventario/traslados_screen.dart:1671:29:
Error: The getter 'AppTheme' isn't defined for the type '_FormularioCrearTrasladoState'.
 - '_FormularioCrearTrasladoState' is from 'package:vercy_motos/screens/inventario/traslados_screen.dart' ('lib/screens/inventario/traslados_screen.dart').
                  gradient: AppTheme.primaryGradient,
                            ^^^^^^^^
lib/screens/inventario/traslados_screen.dart:1682:26:
Error: The getter 'AppTheme' isn't defined for the type '_FormularioCrearTrasladoState'.
 - '_FormularioCrearTrasladoState' is from 'package:vercy_motos/screens/inventario/traslados_screen.dart' ('lib/screens/inventario/traslados_screen.dart').
                  color: AppTheme.textPrimary,
                         ^^^^^^^^
lib/screens/inventario/traslados_screen.dart:1696:47:
Error: The getter 'AppTheme' isn't defined for the type '_FormularioCrearTrasladoState'.
 - '_FormularioCrearTrasladoState' is from 'package:vercy_motos/screens/inventario/traslados_screen.dart' ('lib/screens/inventario/traslados_screen.dart').
              icon: Icon(Icons.search, color: AppTheme.primary),
                                              ^^^^^^^^
lib/screens/inventario/traslados_screen.dart:1735:32:
Error: The getter 'AppTheme' isn't defined for the type '_FormularioCrearTrasladoState'.
 - '_FormularioCrearTrasladoState' is from 'package:vercy_motos/screens/inventario/traslados_screen.dart' ('lib/screens/inventario/traslados_screen.dart').
                        color: AppTheme.primary,
                               ^^^^^^^^
lib/screens/inventario/traslados_screen.dart:1742:32:
Error: The getter 'AppTheme' isn't defined for the type '_FormularioCrearTrasladoState'.
 - '_FormularioCrearTrasladoState' is from 'package:vercy_motos/screens/inventario/traslados_screen.dart' ('lib/screens/inventario/traslados_screen.dart').
                        color: AppTheme.secondary,
                               ^^^^^^^^
lib/screens/inventario/traslados_screen.dart:1776:13:
Error: The getter 'AppTheme' isn't defined for the type '_FormularioCrearTrasladoState'.
 - '_FormularioCrearTrasladoState' is from 'package:vercy_motos/screens/inventario/traslados_screen.dart' ('lib/screens/inventario/traslados_screen.dart').
            AppTheme.primary.withOpacity(0.1),
            ^^^^^^^^
lib/screens/inventario/traslados_screen.dart:1777:13:
Error: The getter 'AppTheme' isn't defined for the type '_FormularioCrearTrasladoState'.
 - '_FormularioCrearTrasladoState' is from 'package:vercy_motos/screens/inventario/traslados_screen.dart' ('lib/screens/inventario/traslados_screen.dart').
            AppTheme.secondary.withOpacity(0.1),
            ^^^^^^^^
lib/screens/inventario/traslados_screen.dart:1781:35:
Error: The getter 'AppTheme' isn't defined for the type '_FormularioCrearTrasladoState'.
 - '_FormularioCrearTrasladoState' is from 'package:vercy_motos/screens/inventario/traslados_screen.dart' ('lib/screens/inventario/traslados_screen.dart').
        border: Border.all(color: AppTheme.primary.withOpacity(0.3)),
                                  ^^^^^^^^
lib/screens/inventario/traslados_screen.dart:1788:47:
Error: The getter 'AppTheme' isn't defined for the type '_FormularioCrearTrasladoState'.
 - '_FormularioCrearTrasladoState' is from 'package:vercy_motos/screens/inventario/traslados_screen.dart' ('lib/screens/inventario/traslados_screen.dart').
              Icon(Icons.info_outline, color: AppTheme.primary, size: 18),
                                              ^^^^^^^^
lib/screens/inventario/traslados_screen.dart:1793:26:
Error: The getter 'AppTheme' isn't defined for the type '_FormularioCrearTrasladoState'.
 - '_FormularioCrearTrasladoState' is from 'package:vercy_motos/screens/inventario/traslados_screen.dart' ('lib/screens/inventario/traslados_screen.dart').
                  color: AppTheme.textPrimary,
                         ^^^^^^^^
lib/screens/inventario/traslados_screen.dart:1808:23:
Error: The getter 'AppTheme' isn't defined for the type '_FormularioCrearTrasladoState'.
 - '_FormularioCrearTrasladoState' is from 'package:vercy_motos/screens/inventario/traslados_screen.dart' ('lib/screens/inventario/traslados_screen.dart').
                    ? AppTheme.success.withOpacity(0.15)
                      ^^^^^^^^
lib/screens/inventario/traslados_screen.dart:1809:23:
Error: The getter 'AppTheme' isn't defined for the type '_FormularioCrearTrasladoState'.
 - '_FormularioCrearTrasladoState' is from 'package:vercy_motos/screens/inventario/traslados_screen.dart' ('lib/screens/inventario/traslados_screen.dart').
                    : AppTheme.error.withOpacity(0.15),
                      ^^^^^^^^
lib/screens/inventario/traslados_screen.dart:1813:25:
Error: The getter 'AppTheme' isn't defined for the type '_FormularioCrearTrasladoState'.
 - '_FormularioCrearTrasladoState' is from 'package:vercy_motos/screens/inventario/traslados_screen.dart' ('lib/screens/inventario/traslados_screen.dart').
                      ? AppTheme.success.withOpacity(0.4)
                        ^^^^^^^^
lib/screens/inventario/traslados_screen.dart:1814:25:
Error: The getter 'AppTheme' isn't defined for the type '_FormularioCrearTrasladoState'.
 - '_FormularioCrearTrasladoState' is from 'package:vercy_motos/screens/inventario/traslados_screen.dart' ('lib/screens/inventario/traslados_screen.dart').
                      : AppTheme.error.withOpacity(0.4),
                        ^^^^^^^^
lib/screens/inventario/traslados_screen.dart:1824:50:
Error: The getter 'AppTheme' isn't defined for the type '_FormularioCrearTrasladoState'.
 - '_FormularioCrearTrasladoState' is from 'package:vercy_motos/screens/inventario/traslados_screen.dart' ('lib/screens/inventario/traslados_screen.dart').
                        color: stockOrigen > 0 ? AppTheme.success : AppTheme.error,
                                                 ^^^^^^^^
lib/screens/inventario/traslados_screen.dart:1824:69:
Error: The getter 'AppTheme' isn't defined for the type '_FormularioCrearTrasladoState'.
 - '_FormularioCrearTrasladoState' is from 'package:vercy_motos/screens/inventario/traslados_screen.dart' ('lib/screens/inventario/traslados_screen.dart').
                        color: stockOrigen > 0 ? AppTheme.success : AppTheme.error,
                                                                    ^^^^^^^^
lib/screens/inventario/traslados_screen.dart:1834:38:
Error: The getter 'AppTheme' isn't defined for the type '_FormularioCrearTrasladoState'.
 - '_FormularioCrearTrasladoState' is from 'package:vercy_motos/screens/inventario/traslados_screen.dart' ('lib/screens/inventario/traslados_screen.dart').
                              color: AppTheme.textSecondary,
                                     ^^^^^^^^
lib/screens/inventario/traslados_screen.dart:1842:56:
Error: The getter 'AppTheme' isn't defined for the type '_FormularioCrearTrasladoState'.
 - '_FormularioCrearTrasladoState' is from 'package:vercy_motos/screens/inventario/traslados_screen.dart' ('lib/screens/inventario/traslados_screen.dart').
                              color: stockOrigen > 0 ? AppTheme.success : AppTheme.error,
                                                       ^^^^^^^^
lib/screens/inventario/traslados_screen.dart:1842:75:
Error: The getter 'AppTheme' isn't defined for the type '_FormularioCrearTrasladoState'.
 - '_FormularioCrearTrasladoState' is from 'package:vercy_motos/screens/inventario/traslados_screen.dart' ('lib/screens/inventario/traslados_screen.dart').
                              color: stockOrigen > 0 ? AppTheme.success : AppTheme.error,
                                                                          ^^^^^^^^
lib/screens/inventario/traslados_screen.dart:1859:24:
Error: The getter 'AppTheme' isn't defined for the type '_FormularioCrearTrasladoState'.
 - '_FormularioCrearTrasladoState' is from 'package:vercy_motos/screens/inventario/traslados_screen.dart' ('lib/screens/inventario/traslados_screen.dart').
                color: AppTheme.warning.withOpacity(0.15),
                       ^^^^^^^^
lib/screens/inventario/traslados_screen.dart:1861:43:
Error: The getter 'AppTheme' isn't defined for the type '_FormularioCrearTrasladoState'.
 - '_FormularioCrearTrasladoState' is from 'package:vercy_motos/screens/inventario/traslados_screen.dart' ('lib/screens/inventario/traslados_screen.dart').
                border: Border.all(color: AppTheme.warning.withOpacity(0.4)),
                                          ^^^^^^^^
lib/screens/inventario/traslados_screen.dart:1865:46:
Error: The getter 'AppTheme' isn't defined for the type '_FormularioCrearTrasladoState'.
 - '_FormularioCrearTrasladoState' is from 'package:vercy_motos/screens/inventario/traslados_screen.dart' ('lib/screens/inventario/traslados_screen.dart').
                  Icon(Icons.warning, color: AppTheme.warning, size: 20),
                                             ^^^^^^^^
lib/screens/inventario/traslados_screen.dart:1871:32:
Error: The getter 'AppTheme' isn't defined for the type '_FormularioCrearTrasladoState'.
 - '_FormularioCrearTrasladoState' is from 'package:vercy_motos/screens/inventario/traslados_screen.dart' ('lib/screens/inventario/traslados_screen.dart').
                        color: AppTheme.warning,
                               ^^^^^^^^
lib/screens/inventario/traslados_screen.dart:1890:19:
Error: The getter 'AppTheme' isn't defined for the type '_FormularioCrearTrasladoState'.
 - '_FormularioCrearTrasladoState' is from 'package:vercy_motos/screens/inventario/traslados_screen.dart' ('lib/screens/inventario/traslados_screen.dart').
                  AppTheme.info,
                  ^^^^^^^^
lib/screens/inventario/traslados_screen.dart:1899:19:
Error: The getter 'AppTheme' isn't defined for the type '_FormularioCrearTrasladoState'.
 - '_FormularioCrearTrasladoState' is from 'package:vercy_motos/screens/inventario/traslados_screen.dart' ('lib/screens/inventario/traslados_screen.dart').
                  AppTheme.metal,
                  ^^^^^^^^
lib/screens/inventario/traslados_screen.dart:1929:22:
Error: The getter 'AppTheme' isn't defined for the type '_FormularioCrearTrasladoState'.
 - '_FormularioCrearTrasladoState' is from 'package:vercy_motos/screens/inventario/traslados_screen.dart' ('lib/screens/inventario/traslados_screen.dart').
              color: AppTheme.textSecondary,
                     ^^^^^^^^
lib/screens/inventario/traslados_screen.dart:1971:34:
Error: 'Producto' isn't a type.
          child: RawAutocomplete<Producto>(
                                 ^^^^^^^^
lib/screens/inventario/traslados_screen.dart:1989:38:
Error: 'Producto' isn't a type.
            displayStringForOption: (Producto producto) => producto.nombre,
                                     ^^^^^^^^
lib/screens/inventario/traslados_screen.dart:2239:26:
Error: 'Producto' isn't a type.
            onSelected: (Producto producto) {
                         ^^^^^^^^
lib/screens/inventario/traslados_screen.dart:1953:20:
Error: The getter 'AppTheme' isn't defined for the type '_FormularioCrearTrasladoState'.
 - '_FormularioCrearTrasladoState' is from 'package:vercy_motos/screens/inventario/traslados_screen.dart' ('lib/screens/inventario/traslados_screen.dart').
            color: AppTheme.primary,
                   ^^^^^^^^
lib/screens/inventario/traslados_screen.dart:1967:20:
Error: The getter 'AppTheme' isn't defined for the type '_FormularioCrearTrasladoState'.
 - '_FormularioCrearTrasladoState' is from 'package:vercy_motos/screens/inventario/traslados_screen.dart' ('lib/screens/inventario/traslados_screen.dart').
            color: AppTheme.surfaceDark,
                   ^^^^^^^^
lib/screens/inventario/traslados_screen.dart:1969:39:
Error: The getter 'AppTheme' isn't defined for the type '_FormularioCrearTrasladoState'.
 - '_FormularioCrearTrasladoState' is from 'package:vercy_motos/screens/inventario/traslados_screen.dart' ('lib/screens/inventario/traslados_screen.dart').
            border: Border.all(color: AppTheme.textMuted.withOpacity(0.2)),
                                      ^^^^^^^^
lib/screens/inventario/traslados_screen.dart:1980:37:
Error: The getter 'nombre' isn't defined for the type 'Object?'.
 - 'Object' is from 'dart:core'.
                    return producto.nombre.toLowerCase().contains(query) ||
                                    ^^^^^^
lib/screens/inventario/traslados_screen.dart:1981:35:
Error: The getter 'codigo' isn't defined for the type 'Object?'.
 - 'Object' is from 'dart:core'.
                        (producto.codigo?.toLowerCase().contains(query) ??
                                  ^^^^^^
lib/screens/inventario/traslados_screen.dart:1983:35:
Error: The getter 'codigoBarras' isn't defined for the type 'Object?'.
 - 'Object' is from 'dart:core'.
                        (producto.codigoBarras?.toLowerCase().contains(query) ??
                                  ^^^^^^^^^^^^
lib/screens/inventario/traslados_screen.dart:1985:34:
Error: The getter 'id' isn't defined for the type 'Object?'.
 - 'Object' is from 'dart:core'.
                        producto.id.toLowerCase().contains(query);
                                 ^^
lib/screens/inventario/traslados_screen.dart:1995:45:
Error: The getter 'AppTheme' isn't defined for the type '_FormularioCrearTrasladoState'.
 - '_FormularioCrearTrasladoState' is from 'package:vercy_motos/screens/inventario/traslados_screen.dart' ('lib/screens/inventario/traslados_screen.dart').
                    style: TextStyle(color: AppTheme.textPrimary),
                                            ^^^^^^^^
lib/screens/inventario/traslados_screen.dart:2012:51:
Error: The getter 'AppTheme' isn't defined for the type '_FormularioCrearTrasladoState'.
 - '_FormularioCrearTrasladoState' is from 'package:vercy_motos/screens/inventario/traslados_screen.dart' ('lib/screens/inventario/traslados_screen.dart').
                      hintStyle: TextStyle(color: AppTheme.textMuted),
                                                  ^^^^^^^^
lib/screens/inventario/traslados_screen.dart:2015:32:
Error: The getter 'AppTheme' isn't defined for the type '_FormularioCrearTrasladoState'.
 - '_FormularioCrearTrasladoState' is from 'package:vercy_motos/screens/inventario/traslados_screen.dart' ('lib/screens/inventario/traslados_screen.dart').
                        color: AppTheme.primary,
                               ^^^^^^^^
lib/screens/inventario/traslados_screen.dart:2025:40:
Error: The getter 'AppTheme' isn't defined for the type '_FormularioCrearTrasladoState'.
 - '_FormularioCrearTrasladoState' is from 'package:vercy_motos/screens/inventario/traslados_screen.dart' ('lib/screens/inventario/traslados_screen.dart').
                                color: AppTheme.textMuted,
                                       ^^^^^^^^
lib/screens/inventario/traslados_screen.dart:2039:36:
Error: The getter 'AppTheme' isn't defined for the type '_FormularioCrearTrasladoState'.
 - '_FormularioCrearTrasladoState' is from 'package:vercy_motos/screens/inventario/traslados_screen.dart' ('lib/screens/inventario/traslados_screen.dart').
                            color: AppTheme.textMuted,
                                   ^^^^^^^^
lib/screens/inventario/traslados_screen.dart:2052:26:
Error: The getter 'AppTheme' isn't defined for the type '_FormularioCrearTrasladoState'.
 - '_FormularioCrearTrasladoState' is from 'package:vercy_motos/screens/inventario/traslados_screen.dart' ('lib/screens/inventario/traslados_screen.dart').
                  color: AppTheme.cardBg,
                         ^^^^^^^^
lib/screens/inventario/traslados_screen.dart:2066:36:
Error: The getter 'AppTheme' isn't defined for the type '_FormularioCrearTrasladoState'.
 - '_FormularioCrearTrasladoState' is from 'package:vercy_motos/screens/inventario/traslados_screen.dart' ('lib/screens/inventario/traslados_screen.dart').
                            color: AppTheme.primary.withOpacity(0.1),
                                   ^^^^^^^^
lib/screens/inventario/traslados_screen.dart:2075:40:
Error: The getter 'AppTheme' isn't defined for the type '_FormularioCrearTrasladoState'.
 - '_FormularioCrearTrasladoState' is from 'package:vercy_motos/screens/inventario/traslados_screen.dart' ('lib/screens/inventario/traslados_screen.dart').
                                color: AppTheme.primary,
                                       ^^^^^^^^
lib/screens/inventario/traslados_screen.dart:2082:42:
Error: The getter 'AppTheme' isn't defined for the type '_FormularioCrearTrasladoState'.
 - '_FormularioCrearTrasladoState' is from 'package:vercy_motos/screens/inventario/traslados_screen.dart' ('lib/screens/inventario/traslados_screen.dart').
                                  color: AppTheme.primary,
                                         ^^^^^^^^
lib/screens/inventario/traslados_screen.dart:2109:48:
Error: The getter 'AppTheme' isn't defined for the type '_FormularioCrearTrasladoState'.
 - '_FormularioCrearTrasladoState' is from 'package:vercy_motos/screens/inventario/traslados_screen.dart' ('lib/screens/inventario/traslados_screen.dart').
                                        color: AppTheme.textMuted.withOpacity(
                                               ^^^^^^^^
lib/screens/inventario/traslados_screen.dart:2120:50:
Error: The getter 'AppTheme' isn't defined for the type '_FormularioCrearTrasladoState'.
 - '_FormularioCrearTrasladoState' is from 'package:vercy_motos/screens/inventario/traslados_screen.dart' ('lib/screens/inventario/traslados_screen.dart').
                                          color: AppTheme.primary.withOpacity(
                                                 ^^^^^^^^
lib/screens/inventario/traslados_screen.dart:2129:50:
Error: The getter 'AppTheme' isn't defined for the type '_FormularioCrearTrasladoState'.
 - '_FormularioCrearTrasladoState' is from 'package:vercy_motos/screens/inventario/traslados_screen.dart' ('lib/screens/inventario/traslados_screen.dart').
                                          color: AppTheme.primary,
                                                 ^^^^^^^^
lib/screens/inventario/traslados_screen.dart:2142:56:
Error: The getter 'AppTheme' isn't defined for the type '_FormularioCrearTrasladoState'.
 - '_FormularioCrearTrasladoState' is from 'package:vercy_motos/screens/inventario/traslados_screen.dart' ('lib/screens/inventario/traslados_screen.dart').
                                                color: AppTheme.textPrimary,
                                                       ^^^^^^^^
lib/screens/inventario/traslados_screen.dart:2151:56:
Error: The getter 'AppTheme' isn't defined for the type '_FormularioCrearTrasladoState'.
 - '_FormularioCrearTrasladoState' is from 'package:vercy_motos/screens/inventario/traslados_screen.dart' ('lib/screens/inventario/traslados_screen.dart').
                                                color: AppTheme.textMuted,
                                                       ^^^^^^^^
lib/screens/inventario/traslados_screen.dart:2165:50:
Error: The getter 'AppTheme' isn't defined for the type '_FormularioCrearTrasladoState'.
 - '_FormularioCrearTrasladoState' is from 'package:vercy_motos/screens/inventario/traslados_screen.dart' ('lib/screens/inventario/traslados_screen.dart').
                                          color: AppTheme.success.withOpacity(
                                                 ^^^^^^^^
lib/screens/inventario/traslados_screen.dart:2177:54:
Error: The getter 'AppTheme' isn't defined for the type '_FormularioCrearTrasladoState'.
 - '_FormularioCrearTrasladoState' is from 'package:vercy_motos/screens/inventario/traslados_screen.dart' ('lib/screens/inventario/traslados_screen.dart').
                                              color: AppTheme.success,
                                                     ^^^^^^^^
lib/screens/inventario/traslados_screen.dart:2185:56:
Error: The getter 'AppTheme' isn't defined for the type '_FormularioCrearTrasladoState'.
 - '_FormularioCrearTrasladoState' is from 'package:vercy_motos/screens/inventario/traslados_screen.dart' ('lib/screens/inventario/traslados_screen.dart').
                                                color: AppTheme.success,
                                                       ^^^^^^^^
lib/screens/inventario/traslados_screen.dart:2199:50:
Error: The getter 'AppTheme' isn't defined for the type '_FormularioCrearTrasladoState'.
 - '_FormularioCrearTrasladoState' is from 'package:vercy_motos/screens/inventario/traslados_screen.dart' ('lib/screens/inventario/traslados_screen.dart').
                                          color: AppTheme.warning.withOpacity(
                                                 ^^^^^^^^
lib/screens/inventario/traslados_screen.dart:2211:54:
Error: The getter 'AppTheme' isn't defined for the type '_FormularioCrearTrasladoState'.
 - '_FormularioCrearTrasladoState' is from 'package:vercy_motos/screens/inventario/traslados_screen.dart' ('lib/screens/inventario/traslados_screen.dart').
                                              color: AppTheme.warning,
                                                     ^^^^^^^^
lib/screens/inventario/traslados_screen.dart:2219:56:
Error: The getter 'AppTheme' isn't defined for the type '_FormularioCrearTrasladoState'.
 - '_FormularioCrearTrasladoState' is from 'package:vercy_motos/screens/inventario/traslados_screen.dart' ('lib/screens/inventario/traslados_screen.dart').
                                                color: AppTheme.warning,
                                                       ^^^^^^^^
lib/screens/inventario/traslados_screen.dart:2267:20:
Error: The getter 'AppTheme' isn't defined for the type '_FormularioCrearTrasladoState'.
 - '_FormularioCrearTrasladoState' is from 'package:vercy_motos/screens/inventario/traslados_screen.dart' ('lib/screens/inventario/traslados_screen.dart').
            color: AppTheme.primary,
                   ^^^^^^^^
lib/screens/inventario/traslados_screen.dart:2281:20:
Error: The getter 'AppTheme' isn't defined for the type '_FormularioCrearTrasladoState'.
 - '_FormularioCrearTrasladoState' is from 'package:vercy_motos/screens/inventario/traslados_screen.dart' ('lib/screens/inventario/traslados_screen.dart').
            color: AppTheme.surfaceDark,
                   ^^^^^^^^
lib/screens/inventario/traslados_screen.dart:2283:39:
Error: The getter 'AppTheme' isn't defined for the type '_FormularioCrearTrasladoState'.
 - '_FormularioCrearTrasladoState' is from 'package:vercy_motos/screens/inventario/traslados_screen.dart' ('lib/screens/inventario/traslados_screen.dart').
            border: Border.all(color: AppTheme.textMuted.withOpacity(0.2)),
                                      ^^^^^^^^
lib/screens/inventario/traslados_screen.dart:2289:37:
Error: The getter 'AppTheme' isn't defined for the type '_FormularioCrearTrasladoState'.
 - '_FormularioCrearTrasladoState' is from 'package:vercy_motos/screens/inventario/traslados_screen.dart' ('lib/screens/inventario/traslados_screen.dart').
            style: TextStyle(color: AppTheme.textPrimary),
                                    ^^^^^^^^
lib/screens/inventario/traslados_screen.dart:2298:43:
Error: The getter 'AppTheme' isn't defined for the type '_FormularioCrearTrasladoState'.
 - '_FormularioCrearTrasladoState' is from 'package:vercy_motos/screens/inventario/traslados_screen.dart' ('lib/screens/inventario/traslados_screen.dart').
              hintStyle: TextStyle(color: AppTheme.textMuted),
                                          ^^^^^^^^
lib/screens/inventario/traslados_screen.dart:2393:60:
Error: 'Producto' isn't a type.
                      final producto = item['producto'] as Producto;
                                                           ^^^^^^^^
lib/screens/inventario/traslados_screen.dart:2335:16:
Error: The getter 'AppTheme' isn't defined for the type '_FormularioCrearTrasladoState'.
 - '_FormularioCrearTrasladoState' is from 'package:vercy_motos/screens/inventario/traslados_screen.dart' ('lib/screens/inventario/traslados_screen.dart').
        color: AppTheme.cardBg,
               ^^^^^^^^
lib/screens/inventario/traslados_screen.dart:2336:45:
Error: The getter 'AppTheme' isn't defined for the type '_FormularioCrearTrasladoState'.
 - '_FormularioCrearTrasladoState' is from 'package:vercy_motos/screens/inventario/traslados_screen.dart' ('lib/screens/inventario/traslados_screen.dart').
        borderRadius: BorderRadius.circular(AppTheme.radiusMedium),
                                            ^^^^^^^^
lib/screens/inventario/traslados_screen.dart:2337:35:
Error: The getter 'AppTheme' isn't defined for the type '_FormularioCrearTrasladoState'.
 - '_FormularioCrearTrasladoState' is from 'package:vercy_motos/screens/inventario/traslados_screen.dart' ('lib/screens/inventario/traslados_screen.dart').
        border: Border.all(color: AppTheme.textMuted.withOpacity(0.1)),
                                  ^^^^^^^^
lib/screens/inventario/traslados_screen.dart:2345:22:
Error: The getter 'AppTheme' isn't defined for the type '_FormularioCrearTrasladoState'.
 - '_FormularioCrearTrasladoState' is from 'package:vercy_motos/screens/inventario/traslados_screen.dart' ('lib/screens/inventario/traslados_screen.dart').
              color: AppTheme.primary,
                     ^^^^^^^^
lib/screens/inventario/traslados_screen.dart:2347:38:
Error: The getter 'AppTheme' isn't defined for the type '_FormularioCrearTrasladoState'.
 - '_FormularioCrearTrasladoState' is from 'package:vercy_motos/screens/inventario/traslados_screen.dart' ('lib/screens/inventario/traslados_screen.dart').
                top: Radius.circular(AppTheme.radiusMedium - 1),
                                     ^^^^^^^^
lib/screens/inventario/traslados_screen.dart:2376:36:
Error: The getter 'AppTheme' isn't defined for the type '_FormularioCrearTrasladoState'.
 - '_FormularioCrearTrasladoState' is from 'package:vercy_motos/screens/inventario/traslados_screen.dart' ('lib/screens/inventario/traslados_screen.dart').
                            color: AppTheme.textMuted,
                                   ^^^^^^^^
lib/screens/inventario/traslados_screen.dart:2382:53:
Error: The getter 'AppTheme' isn't defined for the type '_FormularioCrearTrasladoState'.
 - '_FormularioCrearTrasladoState' is from 'package:vercy_motos/screens/inventario/traslados_screen.dart' ('lib/screens/inventario/traslados_screen.dart').
                            style: TextStyle(color: AppTheme.textMuted),
                                                    ^^^^^^^^
lib/screens/inventario/traslados_screen.dart:2402:38:
Error: The getter 'AppTheme' isn't defined for the type '_FormularioCrearTrasladoState'.
 - '_FormularioCrearTrasladoState' is from 'package:vercy_motos/screens/inventario/traslados_screen.dart' ('lib/screens/inventario/traslados_screen.dart').
                              color: AppTheme.textMuted.withOpacity(0.1),
                                     ^^^^^^^^
lib/screens/inventario/traslados_screen.dart:2412:57:
Error: The getter 'AppTheme' isn't defined for the type '_FormularioCrearTrasladoState'.
 - '_FormularioCrearTrasladoState' is from 'package:vercy_motos/screens/inventario/traslados_screen.dart' ('lib/screens/inventario/traslados_screen.dart').
                                style: TextStyle(color: AppTheme.textPrimary),
                                                        ^^^^^^^^
lib/screens/inventario/traslados_screen.dart:2419:57:
Error: The getter 'AppTheme' isn't defined for the type '_FormularioCrearTrasladoState'.
 - '_FormularioCrearTrasladoState' is from 'package:vercy_motos/screens/inventario/traslados_screen.dart' ('lib/screens/inventario/traslados_screen.dart').
                                style: TextStyle(color: AppTheme.textPrimary),
                                                        ^^^^^^^^
lib/screens/inventario/traslados_screen.dart:2428:42:
Error: The getter 'AppTheme' isn't defined for the type '_FormularioCrearTrasladoState'.
 - '_FormularioCrearTrasladoState' is from 'package:vercy_motos/screens/inventario/traslados_screen.dart' ('lib/screens/inventario/traslados_screen.dart').
                                  color: AppTheme.textPrimary,
                                         ^^^^^^^^
lib/screens/inventario/traslados_screen.dart:2437:57:
Error: The getter 'AppTheme' isn't defined for the type '_FormularioCrearTrasladoState'.
 - '_FormularioCrearTrasladoState' is from 'package:vercy_motos/screens/inventario/traslados_screen.dart' ('lib/screens/inventario/traslados_screen.dart').
                                style: TextStyle(color: AppTheme.textSecondary),
                                                        ^^^^^^^^
lib/screens/inventario/traslados_screen.dart:2444:57:
Error: The getter 'AppTheme' isn't defined for the type '_FormularioCrearTrasladoState'.
 - '_FormularioCrearTrasladoState' is from 'package:vercy_motos/screens/inventario/traslados_screen.dart' ('lib/screens/inventario/traslados_screen.dart').
                                style: TextStyle(color: AppTheme.textSecondary),
                                                        ^^^^^^^^
lib/screens/inventario/traslados_screen.dart:2450:40:
Error: The getter 'AppTheme' isn't defined for the type '_FormularioCrearTrasladoState'.
 - '_FormularioCrearTrasladoState' is from 'package:vercy_motos/screens/inventario/traslados_screen.dart' ('lib/screens/inventario/traslados_screen.dart').
                                color: AppTheme.error,
                                       ^^^^^^^^
lib/screens/inventario/traslados_screen.dart:2479:16:
Error: The getter 'AppTheme' isn't defined for the type '_FormularioCrearTrasladoState'.
 - '_FormularioCrearTrasladoState' is from 'package:vercy_motos/screens/inventario/traslados_screen.dart' ('lib/screens/inventario/traslados_screen.dart').
        color: AppTheme.cardBg,
               ^^^^^^^^
lib/screens/inventario/traslados_screen.dart:2480:45:
Error: The getter 'AppTheme' isn't defined for the type '_FormularioCrearTrasladoState'.
 - '_FormularioCrearTrasladoState' is from 'package:vercy_motos/screens/inventario/traslados_screen.dart' ('lib/screens/inventario/traslados_screen.dart').
        borderRadius: BorderRadius.circular(AppTheme.radiusMedium),
                                            ^^^^^^^^
lib/screens/inventario/traslados_screen.dart:2481:35:
Error: The getter 'AppTheme' isn't defined for the type '_FormularioCrearTrasladoState'.
 - '_FormularioCrearTrasladoState' is from 'package:vercy_motos/screens/inventario/traslados_screen.dart' ('lib/screens/inventario/traslados_screen.dart').
        border: Border.all(color: AppTheme.textMuted.withOpacity(0.1)),
                                  ^^^^^^^^
lib/screens/inventario/traslados_screen.dart:2489:22:
Error: The getter 'AppTheme' isn't defined for the type '_FormularioCrearTrasladoState'.
 - '_FormularioCrearTrasladoState' is from 'package:vercy_motos/screens/inventario/traslados_screen.dart' ('lib/screens/inventario/traslados_screen.dart').
              color: AppTheme.textPrimary,
                     ^^^^^^^^
lib/screens/inventario/traslados_screen.dart:2497:37:
Error: The getter 'AppTheme' isn't defined for the type '_FormularioCrearTrasladoState'.
 - '_FormularioCrearTrasladoState' is from 'package:vercy_motos/screens/inventario/traslados_screen.dart' ('lib/screens/inventario/traslados_screen.dart').
            style: TextStyle(color: AppTheme.textPrimary),
                                    ^^^^^^^^
lib/screens/inventario/traslados_screen.dart:2500:43:
Error: The getter 'AppTheme' isn't defined for the type '_FormularioCrearTrasladoState'.
 - '_FormularioCrearTrasladoState' is from 'package:vercy_motos/screens/inventario/traslados_screen.dart' ('lib/screens/inventario/traslados_screen.dart').
              hintStyle: TextStyle(color: AppTheme.textMuted),
                                          ^^^^^^^^
lib/screens/inventario/traslados_screen.dart:2502:26:
Error: The getter 'AppTheme' isn't defined for the type '_FormularioCrearTrasladoState'.
 - '_FormularioCrearTrasladoState' is from 'package:vercy_motos/screens/inventario/traslados_screen.dart' ('lib/screens/inventario/traslados_screen.dart').
              fillColor: AppTheme.surfaceDark,
                         ^^^^^^^^
lib/screens/inventario/traslados_screen.dart:2523:30:
Error: The getter 'AppTheme' isn't defined for the type '_FormularioCrearTrasladoState'.
 - '_FormularioCrearTrasladoState' is from 'package:vercy_motos/screens/inventario/traslados_screen.dart' ('lib/screens/inventario/traslados_screen.dart').
            foregroundColor: AppTheme.textSecondary,
                             ^^^^^^^^
lib/screens/inventario/traslados_screen.dart:2524:37:
Error: The getter 'AppTheme' isn't defined for the type '_FormularioCrearTrasladoState'.
 - '_FormularioCrearTrasladoState' is from 'package:vercy_motos/screens/inventario/traslados_screen.dart' ('lib/screens/inventario/traslados_screen.dart').
            side: BorderSide(color: AppTheme.textMuted),
                                    ^^^^^^^^
lib/screens/inventario/traslados_screen.dart:2531:23:
Error: The getter 'AppTheme' isn't defined for the type '_FormularioCrearTrasladoState'.
 - '_FormularioCrearTrasladoState' is from 'package:vercy_motos/screens/inventario/traslados_screen.dart' ('lib/screens/inventario/traslados_screen.dart').
            gradient: AppTheme.primaryGradient,
                      ^^^^^^^^
lib/screens/inventario/traslados_screen.dart:2533:24:
Error: The getter 'AppTheme' isn't defined for the type '_FormularioCrearTrasladoState'.
 - '_FormularioCrearTrasladoState' is from 'package:vercy_motos/screens/inventario/traslados_screen.dart' ('lib/screens/inventario/traslados_screen.dart').
            boxShadow: AppTheme.primaryShadow,
                       ^^^^^^^^
lib/screens/inventario/traslados_screen.dart:2570:26:
Error: The getter 'AppTheme' isn't defined for the type '_FormularioCrearTrasladoState'.
 - '_FormularioCrearTrasladoState' is from 'package:vercy_motos/screens/inventario/traslados_screen.dart' ('lib/screens/inventario/traslados_screen.dart').
        backgroundColor: AppTheme.error,
                         ^^^^^^^^
lib/screens/inventario/traslados_screen.dart:2587:26:
Error: The getter 'AppTheme' isn't defined for the type '_FormularioCrearTrasladoState'.
 - '_FormularioCrearTrasladoState' is from 'package:vercy_motos/screens/inventario/traslados_screen.dart' ('lib/screens/inventario/traslados_screen.dart').
        backgroundColor: AppTheme.success,
                         ^^^^^^^^
lib/screens/inventario/traslados_screen.dart:2598:26:
Error: The getter 'AppTheme' isn't defined for the type '_FormularioCrearTrasladoState'.
 - '_FormularioCrearTrasladoState' is from 'package:vercy_motos/screens/inventario/traslados_screen.dart' ('lib/screens/inventario/traslados_screen.dart').
        backgroundColor: AppTheme.primary,
                         ^^^^^^^^
lib/screens/inventario/bodegas_screen.dart:16:9:
Error: 'BodegaService' isn't a type.
  final BodegaService _bodegaService = BodegaService();
        ^^^^^^^^^^^^^
lib/screens/inventario/bodegas_screen.dart:16:40:
Error: Method not found: 'BodegaService'.
  final BodegaService _bodegaService = BodegaService();
                                       ^^^^^^^^^^^^^
lib/screens/inventario/bodegas_screen.dart:19:8:
Error: 'Bodega' isn't a type.
  List<Bodega> _bodegas = [];
       ^^^^^^
lib/screens/inventario/bodegas_screen.dart:20:8:
Error: 'Bodega' isn't a type.
  List<Bodega> _bodegasFiltradas = [];
       ^^^^^^
lib/screens/inventario/bodegas_screen.dart:52:10:
Error: 'Bodega' isn't a type.
    List<Bodega> filtradas = List.from(_bodegas);
         ^^^^^^
lib/screens/inventario/bodegas_screen.dart:56:44:
Error: The getter 'activa' isn't defined for the type 'Object?'.
 - 'Object' is from 'dart:core'.
      filtradas = filtradas.where((b) => b.activa).toList();
                                           ^^^^^^
lib/screens/inventario/bodegas_screen.dart:58:45:
Error: The getter 'activa' isn't defined for the type 'Object?'.
 - 'Object' is from 'dart:core'.
      filtradas = filtradas.where((b) => !b.activa).toList();
                                            ^^^^^^
lib/screens/inventario/bodegas_screen.dart:65:18:
Error: The getter 'nombre' isn't defined for the type 'Object?'.
 - 'Object' is from 'dart:core'.
        return b.nombre.toLowerCase().contains(query) ||
                 ^^^^^^
lib/screens/inventario/bodegas_screen.dart:66:16:
Error: The getter 'codigo' isn't defined for the type 'Object?'.
 - 'Object' is from 'dart:core'.
            (b.codigo?.toLowerCase().contains(query) ?? false) ||
               ^^^^^^
lib/screens/inventario/bodegas_screen.dart:67:16:
Error: The getter 'tipo' isn't defined for the type 'Object?'.
 - 'Object' is from 'dart:core'.
            (b.tipo?.toLowerCase().contains(query) ?? false) ||
               ^^^^
lib/screens/inventario/bodegas_screen.dart:68:16:
Error: The getter 'responsable' isn't defined for the type 'Object?'.
 - 'Object' is from 'dart:core'.
            (b.responsable?.toLowerCase().contains(query) ?? false);
               ^^^^^^^^^^^
lib/screens/inventario/bodegas_screen.dart:83:57:
Error: The getter 'AppTheme' isn't defined for the type '_BodegasScreenState'.
 - '_BodegasScreenState' is from 'package:vercy_motos/screens/inventario/bodegas_screen.dart' ('lib/screens/inventario/bodegas_screen.dart').
      SnackBar(content: Text(mensaje), backgroundColor: AppTheme.success),
                                                        ^^^^^^^^
lib/screens/inventario/bodegas_screen.dart:87:39:
Error: 'Bodega' isn't a type.
  Future<void> _mostrarDialogoBodega({Bodega? bodega}) async {
                                      ^^^^^^
lib/screens/inventario/bodegas_screen.dart:114:28:
Error: The getter 'AppTheme' isn't defined for the type '_BodegasScreenState'.
 - '_BodegasScreenState' is from 'package:vercy_motos/screens/inventario/bodegas_screen.dart' ('lib/screens/inventario/bodegas_screen.dart').
          backgroundColor: AppTheme.cardBg,
                           ^^^^^^^^
lib/screens/inventario/bodegas_screen.dart:123:26:
Error: The getter 'AppTheme' isn't defined for the type '_BodegasScreenState'.
 - '_BodegasScreenState' is from 'package:vercy_motos/screens/inventario/bodegas_screen.dart' ('lib/screens/inventario/bodegas_screen.dart').
                  color: AppTheme.primary.withOpacity(0.2),
                         ^^^^^^^^
lib/screens/inventario/bodegas_screen.dart:128:26:
Error: The getter 'AppTheme' isn't defined for the type '_BodegasScreenState'.
 - '_BodegasScreenState' is from 'package:vercy_motos/screens/inventario/bodegas_screen.dart' ('lib/screens/inventario/bodegas_screen.dart').
                  color: AppTheme.primary,
                         ^^^^^^^^
lib/screens/inventario/bodegas_screen.dart:138:26:
Error: The getter 'AppTheme' isn't defined for the type '_BodegasScreenState'.
 - '_BodegasScreenState' is from 'package:vercy_motos/screens/inventario/bodegas_screen.dart' ('lib/screens/inventario/bodegas_screen.dart').
                  color: AppTheme.textPrimary,
                         ^^^^^^^^
lib/screens/inventario/bodegas_screen.dart:179:30:
Error: The getter 'AppTheme' isn't defined for the type '_BodegasScreenState'.
 - '_BodegasScreenState' is from 'package:vercy_motos/screens/inventario/bodegas_screen.dart' ('lib/screens/inventario/bodegas_screen.dart').
                      color: AppTheme.textSecondary,
                             ^^^^^^^^
lib/screens/inventario/bodegas_screen.dart:187:30:
Error: The getter 'AppTheme' isn't defined for the type '_BodegasScreenState'.
 - '_BodegasScreenState' is from 'package:vercy_motos/screens/inventario/bodegas_screen.dart' ('lib/screens/inventario/bodegas_screen.dart').
                      color: AppTheme.surfaceDark,
                             ^^^^^^^^
lib/screens/inventario/bodegas_screen.dart:190:32:
Error: The getter 'AppTheme' isn't defined for the type '_BodegasScreenState'.
 - '_BodegasScreenState' is from 'package:vercy_motos/screens/inventario/bodegas_screen.dart' ('lib/screens/inventario/bodegas_screen.dart').
                        color: AppTheme.textSecondary.withOpacity(0.3),
                               ^^^^^^^^
lib/screens/inventario/bodegas_screen.dart:197:40:
Error: The getter 'AppTheme' isn't defined for the type '_BodegasScreenState'.
 - '_BodegasScreenState' is from 'package:vercy_motos/screens/inventario/bodegas_screen.dart' ('lib/screens/inventario/bodegas_screen.dart').
                        dropdownColor: AppTheme.cardBg,
                                       ^^^^^^^^
lib/screens/inventario/bodegas_screen.dart:198:49:
Error: The getter 'AppTheme' isn't defined for the type '_BodegasScreenState'.
 - '_BodegasScreenState' is from 'package:vercy_motos/screens/inventario/bodegas_screen.dart' ('lib/screens/inventario/bodegas_screen.dart').
                        style: TextStyle(color: AppTheme.textPrimary),
                                                ^^^^^^^^
lib/screens/inventario/bodegas_screen.dart:206:42:
Error: The getter 'AppTheme' isn't defined for the type '_BodegasScreenState'.
 - '_BodegasScreenState' is from 'package:vercy_motos/screens/inventario/bodegas_screen.dart' ('lib/screens/inventario/bodegas_screen.dart').
                                  color: AppTheme.primary,
                                         ^^^^^^^^
lib/screens/inventario/bodegas_screen.dart:267:30:
Error: The getter 'AppTheme' isn't defined for the type '_BodegasScreenState'.
 - '_BodegasScreenState' is from 'package:vercy_motos/screens/inventario/bodegas_screen.dart' ('lib/screens/inventario/bodegas_screen.dart').
                      color: AppTheme.surfaceDark,
                             ^^^^^^^^
lib/screens/inventario/bodegas_screen.dart:277:47:
Error: The getter 'AppTheme' isn't defined for the type '_BodegasScreenState'.
 - '_BodegasScreenState' is from 'package:vercy_motos/screens/inventario/bodegas_screen.dart' ('lib/screens/inventario/bodegas_screen.dart').
                              color: activa ? AppTheme.success : Colors.grey,
                                              ^^^^^^^^
lib/screens/inventario/bodegas_screen.dart:284:40:
Error: The getter 'AppTheme' isn't defined for the type '_BodegasScreenState'.
 - '_BodegasScreenState' is from 'package:vercy_motos/screens/inventario/bodegas_screen.dart' ('lib/screens/inventario/bodegas_screen.dart').
                                color: AppTheme.textPrimary,
                                       ^^^^^^^^
lib/screens/inventario/bodegas_screen.dart:295:40:
Error: The getter 'AppTheme' isn't defined for the type '_BodegasScreenState'.
 - '_BodegasScreenState' is from 'package:vercy_motos/screens/inventario/bodegas_screen.dart' ('lib/screens/inventario/bodegas_screen.dart').
                          activeColor: AppTheme.primary,
                                       ^^^^^^^^
lib/screens/inventario/bodegas_screen.dart:309:41:
Error: The getter 'AppTheme' isn't defined for the type '_BodegasScreenState'.
 - '_BodegasScreenState' is from 'package:vercy_motos/screens/inventario/bodegas_screen.dart' ('lib/screens/inventario/bodegas_screen.dart').
                style: TextStyle(color: AppTheme.textSecondary),
                                        ^^^^^^^^
lib/screens/inventario/bodegas_screen.dart:364:34:
Error: The getter 'AppTheme' isn't defined for the type '_BodegasScreenState'.
 - '_BodegasScreenState' is from 'package:vercy_motos/screens/inventario/bodegas_screen.dart' ('lib/screens/inventario/bodegas_screen.dart').
                backgroundColor: AppTheme.primary,
                                 ^^^^^^^^
lib/screens/inventario/bodegas_screen.dart:401:35:
Error: The getter 'AppTheme' isn't defined for the type '_BodegasScreenState'.
 - '_BodegasScreenState' is from 'package:vercy_motos/screens/inventario/bodegas_screen.dart' ('lib/screens/inventario/bodegas_screen.dart').
          style: TextStyle(color: AppTheme.textSecondary, fontSize: 13),
                                  ^^^^^^^^
lib/screens/inventario/bodegas_screen.dart:406:35:
Error: The getter 'AppTheme' isn't defined for the type '_BodegasScreenState'.
 - '_BodegasScreenState' is from 'package:vercy_motos/screens/inventario/bodegas_screen.dart' ('lib/screens/inventario/bodegas_screen.dart').
          style: TextStyle(color: AppTheme.textPrimary),
                                  ^^^^^^^^
lib/screens/inventario/bodegas_screen.dart:411:22:
Error: The getter 'AppTheme' isn't defined for the type '_BodegasScreenState'.
 - '_BodegasScreenState' is from 'package:vercy_motos/screens/inventario/bodegas_screen.dart' ('lib/screens/inventario/bodegas_screen.dart').
              color: AppTheme.textSecondary.withOpacity(0.5),
                     ^^^^^^^^
lib/screens/inventario/bodegas_screen.dart:414:24:
Error: The getter 'AppTheme' isn't defined for the type '_BodegasScreenState'.
 - '_BodegasScreenState' is from 'package:vercy_motos/screens/inventario/bodegas_screen.dart' ('lib/screens/inventario/bodegas_screen.dart').
            fillColor: AppTheme.surfaceDark,
                       ^^^^^^^^
lib/screens/inventario/bodegas_screen.dart:418:24:
Error: The getter 'AppTheme' isn't defined for the type '_BodegasScreenState'.
 - '_BodegasScreenState' is from 'package:vercy_motos/screens/inventario/bodegas_screen.dart' ('lib/screens/inventario/bodegas_screen.dart').
                color: AppTheme.textSecondary.withOpacity(0.3),
                       ^^^^^^^^
lib/screens/inventario/bodegas_screen.dart:424:24:
Error: The getter 'AppTheme' isn't defined for the type '_BodegasScreenState'.
 - '_BodegasScreenState' is from 'package:vercy_motos/screens/inventario/bodegas_screen.dart' ('lib/screens/inventario/bodegas_screen.dart').
                color: AppTheme.textSecondary.withOpacity(0.3),
                       ^^^^^^^^
lib/screens/inventario/bodegas_screen.dart:429:45:
Error: The getter 'AppTheme' isn't defined for the type '_BodegasScreenState'.
 - '_BodegasScreenState' is from 'package:vercy_motos/screens/inventario/bodegas_screen.dart' ('lib/screens/inventario/bodegas_screen.dart').
              borderSide: BorderSide(color: AppTheme.primary),
                                            ^^^^^^^^
lib/screens/inventario/bodegas_screen.dart:455:35:
Error: 'Bodega' isn't a type.
  Future<void> _confirmarEliminar(Bodega bodega) async {
                                  ^^^^^^
lib/screens/inventario/bodegas_screen.dart:459:26:
Error: The getter 'AppTheme' isn't defined for the type '_BodegasScreenState'.
 - '_BodegasScreenState' is from 'package:vercy_motos/screens/inventario/bodegas_screen.dart' ('lib/screens/inventario/bodegas_screen.dart').
        backgroundColor: AppTheme.cardBg,
                         ^^^^^^^^
lib/screens/inventario/bodegas_screen.dart:467:39:
Error: The getter 'AppTheme' isn't defined for the type '_BodegasScreenState'.
 - '_BodegasScreenState' is from 'package:vercy_motos/screens/inventario/bodegas_screen.dart' ('lib/screens/inventario/bodegas_screen.dart').
              style: TextStyle(color: AppTheme.textPrimary),
                                      ^^^^^^^^
lib/screens/inventario/bodegas_screen.dart:477:39:
Error: The getter 'AppTheme' isn't defined for the type '_BodegasScreenState'.
 - '_BodegasScreenState' is from 'package:vercy_motos/screens/inventario/bodegas_screen.dart' ('lib/screens/inventario/bodegas_screen.dart').
              style: TextStyle(color: AppTheme.textSecondary),
                                      ^^^^^^^^
lib/screens/inventario/bodegas_screen.dart:507:39:
Error: The getter 'AppTheme' isn't defined for the type '_BodegasScreenState'.
 - '_BodegasScreenState' is from 'package:vercy_motos/screens/inventario/bodegas_screen.dart' ('lib/screens/inventario/bodegas_screen.dart').
              style: TextStyle(color: AppTheme.textSecondary),
                                      ^^^^^^^^
lib/screens/inventario/bodegas_screen.dart:561:32:
Error: The getter 'AppTheme' isn't defined for the type '_BodegasScreenState'.
 - '_BodegasScreenState' is from 'package:vercy_motos/screens/inventario/bodegas_screen.dart' ('lib/screens/inventario/bodegas_screen.dart').
                        color: AppTheme.textSecondary,
                               ^^^^^^^^
lib/screens/inventario/bodegas_screen.dart:578:38:
Error: The getter 'AppTheme' isn't defined for the type '_BodegasScreenState'.
 - '_BodegasScreenState' is from 'package:vercy_motos/screens/inventario/bodegas_screen.dart' ('lib/screens/inventario/bodegas_screen.dart').
                    backgroundColor: AppTheme.primary,
                                     ^^^^^^^^
lib/screens/inventario/bodegas_screen.dart:593:24:
Error: The getter 'AppTheme' isn't defined for the type '_BodegasScreenState'.
 - '_BodegasScreenState' is from 'package:vercy_motos/screens/inventario/bodegas_screen.dart' ('lib/screens/inventario/bodegas_screen.dart').
                color: AppTheme.cardBg,
                       ^^^^^^^^
lib/screens/inventario/bodegas_screen.dart:606:32:
Error: The getter 'AppTheme' isn't defined for the type '_BodegasScreenState'.
 - '_BodegasScreenState' is from 'package:vercy_motos/screens/inventario/bodegas_screen.dart' ('lib/screens/inventario/bodegas_screen.dart').
                        color: AppTheme.textPrimary,
                               ^^^^^^^^
lib/screens/inventario/bodegas_screen.dart:614:36:
Error: The getter 'AppTheme' isn't defined for the type '_BodegasScreenState'.
 - '_BodegasScreenState' is from 'package:vercy_motos/screens/inventario/bodegas_screen.dart' ('lib/screens/inventario/bodegas_screen.dart').
                        fillColor: AppTheme.surfaceDark,
                                   ^^^^^^^^
lib/screens/inventario/bodegas_screen.dart:630:36:
Error: The getter 'AppTheme' isn't defined for the type '_BodegasScreenState'.
 - '_BodegasScreenState' is from 'package:vercy_motos/screens/inventario/bodegas_screen.dart' ('lib/screens/inventario/bodegas_screen.dart').
                            color: AppTheme.primary,
                                   ^^^^^^^^
lib/screens/inventario/bodegas_screen.dart:643:30:
Error: The getter 'AppTheme' isn't defined for the type '_BodegasScreenState'.
 - '_BodegasScreenState' is from 'package:vercy_motos/screens/inventario/bodegas_screen.dart' ('lib/screens/inventario/bodegas_screen.dart').
                      color: AppTheme.surfaceDark,
                             ^^^^^^^^
lib/screens/inventario/bodegas_screen.dart:650:40:
Error: The getter 'AppTheme' isn't defined for the type '_BodegasScreenState'.
 - '_BodegasScreenState' is from 'package:vercy_motos/screens/inventario/bodegas_screen.dart' ('lib/screens/inventario/bodegas_screen.dart').
                        dropdownColor: AppTheme.cardBg,
                                       ^^^^^^^^
lib/screens/inventario/bodegas_screen.dart:651:49:
Error: The getter 'AppTheme' isn't defined for the type '_BodegasScreenState'.
 - '_BodegasScreenState' is from 'package:vercy_motos/screens/inventario/bodegas_screen.dart' ('lib/screens/inventario/bodegas_screen.dart').
                        style: TextStyle(color: AppTheme.textPrimary),
                                                ^^^^^^^^
lib/screens/inventario/bodegas_screen.dart:679:54:
Error: The getter 'AppTheme' isn't defined for the type '_BodegasScreenState'.
 - '_BodegasScreenState' is from 'package:vercy_motos/screens/inventario/bodegas_screen.dart' ('lib/screens/inventario/bodegas_screen.dart').
                    icon: Icon(Icons.refresh, color: AppTheme.primary),
                                                     ^^^^^^^^
lib/screens/inventario/bodegas_screen.dart:697:63:
Error: The getter 'AppTheme' isn't defined for the type '_BodegasScreenState'.
 - '_BodegasScreenState' is from 'package:vercy_motos/screens/inventario/bodegas_screen.dart' ('lib/screens/inventario/bodegas_screen.dart').
                      child: CircularProgressIndicator(color: AppTheme.primary),
                                                              ^^^^^^^^
lib/screens/inventario/bodegas_screen.dart:535:12:
Error: The method 'VercySidebarLayout' isn't defined for the type '_BodegasScreenState'.
 - '_BodegasScreenState' is from 'package:vercy_motos/screens/inventario/bodegas_screen.dart' ('lib/screens/inventario/bodegas_screen.dart').
    return VercySidebarLayout(
           ^^^^^^^^^^^^^^^^^^
lib/screens/inventario/bodegas_screen.dart:739:34:
Error: The getter 'AppTheme' isn't defined for the type '_BodegasScreenState'.
 - '_BodegasScreenState' is from 'package:vercy_motos/screens/inventario/bodegas_screen.dart' ('lib/screens/inventario/bodegas_screen.dart').
                backgroundColor: AppTheme.primary,
                                 ^^^^^^^^
lib/screens/inventario/bodegas_screen.dart:765:27:
Error: 'Bodega' isn't a type.
  Widget _buildBodegaCard(Bodega bodega) {
                          ^^^^^^
lib/screens/inventario/bodegas_screen.dart:768:16:
Error: The getter 'AppTheme' isn't defined for the type '_BodegasScreenState'.
 - '_BodegasScreenState' is from 'package:vercy_motos/screens/inventario/bodegas_screen.dart' ('lib/screens/inventario/bodegas_screen.dart').
        color: AppTheme.cardBg,
               ^^^^^^^^
lib/screens/inventario/bodegas_screen.dart:772:17:
Error: The getter 'AppTheme' isn't defined for the type '_BodegasScreenState'.
 - '_BodegasScreenState' is from 'package:vercy_motos/screens/inventario/bodegas_screen.dart' ('lib/screens/inventario/bodegas_screen.dart').
              ? AppTheme.primary.withOpacity(0.3)
                ^^^^^^^^
lib/screens/inventario/bodegas_screen.dart:784:21:
Error: The getter 'AppTheme' isn't defined for the type '_BodegasScreenState'.
 - '_BodegasScreenState' is from 'package:vercy_motos/screens/inventario/bodegas_screen.dart' ('lib/screens/inventario/bodegas_screen.dart').
                  ? AppTheme.primary.withOpacity(0.1)
                    ^^^^^^^^
lib/screens/inventario/bodegas_screen.dart:794:27:
Error: The getter 'AppTheme' isn't defined for the type '_BodegasScreenState'.
 - '_BodegasScreenState' is from 'package:vercy_motos/screens/inventario/bodegas_screen.dart' ('lib/screens/inventario/bodegas_screen.dart').
                        ? AppTheme.primary.withOpacity(0.2)
                          ^^^^^^^^
lib/screens/inventario/bodegas_screen.dart:800:44:
Error: The getter 'AppTheme' isn't defined for the type '_BodegasScreenState'.
 - '_BodegasScreenState' is from 'package:vercy_motos/screens/inventario/bodegas_screen.dart' ('lib/screens/inventario/bodegas_screen.dart').
                    color: bodega.activa ? AppTheme.primary : Colors.grey,
                                           ^^^^^^^^
lib/screens/inventario/bodegas_screen.dart:822:36:
Error: The getter 'AppTheme' isn't defined for the type '_BodegasScreenState'.
 - '_BodegasScreenState' is from 'package:vercy_motos/screens/inventario/bodegas_screen.dart' ('lib/screens/inventario/bodegas_screen.dart').
                            color: AppTheme.textSecondary,
                                   ^^^^^^^^
lib/screens/inventario/bodegas_screen.dart:834:27:
Error: The getter 'AppTheme' isn't defined for the type '_BodegasScreenState'.
 - '_BodegasScreenState' is from 'package:vercy_motos/screens/inventario/bodegas_screen.dart' ('lib/screens/inventario/bodegas_screen.dart').
                        ? AppTheme.success.withOpacity(0.2)
                          ^^^^^^^^
lib/screens/inventario/bodegas_screen.dart:841:46:
Error: The getter 'AppTheme' isn't defined for the type '_BodegasScreenState'.
 - '_BodegasScreenState' is from 'package:vercy_motos/screens/inventario/bodegas_screen.dart' ('lib/screens/inventario/bodegas_screen.dart').
                      color: bodega.activa ? AppTheme.success : Colors.grey,
                                             ^^^^^^^^
lib/screens/inventario/bodegas_screen.dart:874:34:
Error: The getter 'AppTheme' isn't defined for the type '_BodegasScreenState'.
 - '_BodegasScreenState' is from 'package:vercy_motos/screens/inventario/bodegas_screen.dart' ('lib/screens/inventario/bodegas_screen.dart').
                          color: AppTheme.textSecondary,
                                 ^^^^^^^^
lib/screens/inventario/bodegas_screen.dart:890:22:
Error: The getter 'AppTheme' isn't defined for the type '_BodegasScreenState'.
 - '_BodegasScreenState' is from 'package:vercy_motos/screens/inventario/bodegas_screen.dart' ('lib/screens/inventario/bodegas_screen.dart').
              color: AppTheme.surfaceDark.withOpacity(0.5),
                     ^^^^^^^^
lib/screens/inventario/bodegas_screen.dart:900:49:
Error: The getter 'AppTheme' isn't defined for the type '_BodegasScreenState'.
 - '_BodegasScreenState' is from 'package:vercy_motos/screens/inventario/bodegas_screen.dart' ('lib/screens/inventario/bodegas_screen.dart').
                  icon: Icon(Icons.edit, color: AppTheme.primary, size: 20),
                                                ^^^^^^^^
lib/screens/inventario/bodegas_screen.dart:911:44:
Error: The getter 'AppTheme' isn't defined for the type '_BodegasScreenState'.
 - '_BodegasScreenState' is from 'package:vercy_motos/screens/inventario/bodegas_screen.dart' ('lib/screens/inventario/bodegas_screen.dart').
                    color: bodega.activa ? AppTheme.success : Colors.grey,
                                           ^^^^^^^^
lib/screens/inventario/bodegas_screen.dart:954:39:
Error: The getter 'AppTheme' isn't defined for the type '_BodegasScreenState'.
 - '_BodegasScreenState' is from 'package:vercy_motos/screens/inventario/bodegas_screen.dart' ('lib/screens/inventario/bodegas_screen.dart').
          Icon(icon, size: 14, color: AppTheme.textSecondary),
                                      ^^^^^^^^
lib/screens/inventario/bodegas_screen.dart:959:39:
Error: The getter 'AppTheme' isn't defined for the type '_BodegasScreenState'.
 - '_BodegasScreenState' is from 'package:vercy_motos/screens/inventario/bodegas_screen.dart' ('lib/screens/inventario/bodegas_screen.dart').
              style: TextStyle(color: AppTheme.textSecondary, fontSize: 12),
                                      ^^^^^^^^
lib/screens/facturacion/asesor_pedidos_screen.dart:28:9:
Error: 'PedidoAsesorService' isn't a type.
  final PedidoAsesorService _pedidoService = PedidoAsesorService();
        ^^^^^^^^^^^^^^^^^^^
lib/screens/facturacion/asesor_pedidos_screen.dart:28:46:
Error: Method not found: 'PedidoAsesorService'.
  final PedidoAsesorService _pedidoService = PedidoAsesorService();
                                             ^^^^^^^^^^^^^^^^^^^
lib/screens/facturacion/asesor_pedidos_screen.dart:29:9:
Error: 'ProductoService' isn't a type.
  final ProductoService _productoService = ProductoService();
        ^^^^^^^^^^^^^^^
lib/screens/facturacion/asesor_pedidos_screen.dart:29:44:
Error: Method not found: 'ProductoService'.
  final ProductoService _productoService = ProductoService();
                                           ^^^^^^^^^^^^^^^
lib/screens/facturacion/asesor_pedidos_screen.dart:30:9:
Error: 'ClienteService' isn't a type.
  final ClienteService _clienteService = ClienteService();
        ^^^^^^^^^^^^^^
lib/screens/facturacion/asesor_pedidos_screen.dart:30:42:
Error: Method not found: 'ClienteService'.
  final ClienteService _clienteService = ClienteService();
                                         ^^^^^^^^^^^^^^
lib/screens/facturacion/asesor_pedidos_screen.dart:44:8:
Error: 'ItemPedido' isn't a type.
  List<ItemPedido> _carrito = [];
       ^^^^^^^^^^
lib/screens/facturacion/asesor_pedidos_screen.dart:45:8:
Error: 'Producto' isn't a type.
  List<Producto> _productos = [];
       ^^^^^^^^
lib/screens/facturacion/asesor_pedidos_screen.dart:46:8:
Error: 'Producto' isn't a type.
  List<Producto> _productosFiltrados = [];
       ^^^^^^^^
lib/screens/facturacion/asesor_pedidos_screen.dart:47:8:
Error: 'Categoria' isn't a type.
  List<Categoria> _categorias = [];
       ^^^^^^^^^
lib/screens/facturacion/asesor_pedidos_screen.dart:48:8:
Error: 'Cliente' isn't a type.
  List<Cliente> _clientes = [];
       ^^^^^^^
lib/screens/facturacion/asesor_pedidos_screen.dart:50:3:
Error: 'Producto' isn't a type.
  Producto? _productoSeleccionado;
  ^^^^^^^^
lib/screens/facturacion/asesor_pedidos_screen.dart:51:3:
Error: 'Cliente' isn't a type.
  Cliente? _clienteSeleccionado;
  ^^^^^^^
lib/screens/facturacion/asesor_pedidos_screen.dart:80:41:
Error: 'DatosCacheProvider' isn't a type.
      final cacheProvider = Provider.of<DatosCacheProvider>(
                                        ^^^^^^^^^^^^^^^^^^
lib/screens/facturacion/asesor_pedidos_screen.dart:84:12:
Error: 'Producto' isn't a type.
      List<Producto> productos = cacheProvider.productos ?? [];
           ^^^^^^^^
lib/screens/facturacion/asesor_pedidos_screen.dart:91:12:
Error: 'Categoria' isn't a type.
      List<Categoria> categorias = [];
           ^^^^^^^^^
lib/screens/facturacion/asesor_pedidos_screen.dart:99:12:
Error: 'Cliente' isn't a type.
      List<Cliente> clientes = [];
           ^^^^^^^
lib/screens/facturacion/asesor_pedidos_screen.dart:124:13:
Error: The method 'busquedaInteligente' isn't defined for the type '_AsesorPedidosScreenState'.
 - '_AsesorPedidosScreenState' is from 'package:vercy_motos/screens/facturacion/asesor_pedidos_screen.dart' ('lib/screens/facturacion/asesor_pedidos_screen.dart').
            busquedaInteligente(producto, busqueda);
            ^^^^^^^^^^^^^^^^^^^
lib/screens/facturacion/asesor_pedidos_screen.dart:128:22:
Error: The getter 'categoria' isn't defined for the type 'Object?'.
 - 'Object' is from 'dart:core'.
            producto.categoria?.id == _categoriaSeleccionada;
                     ^^^^^^^^^
lib/screens/facturacion/asesor_pedidos_screen.dart:140:13:
Error: The getter 'codigo' isn't defined for the type 'Object?'.
 - 'Object' is from 'dart:core'.
          p.codigo?.toLowerCase() == codigo.toLowerCase() ||
            ^^^^^^
lib/screens/facturacion/asesor_pedidos_screen.dart:141:13:
Error: The getter 'codigoBarras' isn't defined for the type 'Object?'.
 - 'Object' is from 'dart:core'.
          p.codigoBarras?.toLowerCase() == codigo.toLowerCase(),
            ^^^^^^^^^^^^
lib/screens/facturacion/asesor_pedidos_screen.dart:143:11:
Error: The method 'Producto' isn't defined for the type '_AsesorPedidosScreenState'.
 - '_AsesorPedidosScreenState' is from 'package:vercy_motos/screens/facturacion/asesor_pedidos_screen.dart' ('lib/screens/facturacion/asesor_pedidos_screen.dart').
          Producto(id: '', nombre: '', precio: 0, costo: 0, utilidad: 0),
          ^^^^^^^^
lib/screens/facturacion/asesor_pedidos_screen.dart:154:29:
Error: 'Producto' isn't a type.
  void _seleccionarProducto(Producto producto) {
                            ^^^^^^^^
lib/screens/facturacion/asesor_pedidos_screen.dart:161:26:
Error: 'Producto' isn't a type.
  void _agregarAlCarrito(Producto producto) async {
                         ^^^^^^^^
lib/screens/facturacion/asesor_pedidos_screen.dart:165:5:
Error: The method 'appLog' isn't defined for the type '_AsesorPedidosScreenState'.
 - '_AsesorPedidosScreenState' is from 'package:vercy_motos/screens/facturacion/asesor_pedidos_screen.dart' ('lib/screens/facturacion/asesor_pedidos_screen.dart').
    appLog('🔍 DEBUG agregar al carrito:');
    ^^^^^^
lib/screens/facturacion/asesor_pedidos_screen.dart:166:5:
Error: The method 'appLog' isn't defined for the type '_AsesorPedidosScreenState'.
 - '_AsesorPedidosScreenState' is from 'package:vercy_motos/screens/facturacion/asesor_pedidos_screen.dart' ('lib/screens/facturacion/asesor_pedidos_screen.dart').
    appLog('   - Producto: ${producto.nombre}');
    ^^^^^^
lib/screens/facturacion/asesor_pedidos_screen.dart:167:5:
Error: The method 'appLog' isn't defined for the type '_AsesorPedidosScreenState'.
 - '_AsesorPedidosScreenState' is from 'package:vercy_motos/screens/facturacion/asesor_pedidos_screen.dart' ('lib/screens/facturacion/asesor_pedidos_screen.dart').
    appLog('   - Bodega: ${producto.bodega}');
    ^^^^^^
lib/screens/facturacion/asesor_pedidos_screen.dart:168:5:
Error: The method 'appLog' isn't defined for the type '_AsesorPedidosScreenState'.
 - '_AsesorPedidosScreenState' is from 'package:vercy_motos/screens/facturacion/asesor_pedidos_screen.dart' ('lib/screens/facturacion/asesor_pedidos_screen.dart').
    appLog('   - Almacén: ${producto.almacen}');
    ^^^^^^
lib/screens/facturacion/asesor_pedidos_screen.dart:169:5:
Error: The method 'appLog' isn't defined for the type '_AsesorPedidosScreenState'.
 - '_AsesorPedidosScreenState' is from 'package:vercy_motos/screens/facturacion/asesor_pedidos_screen.dart' ('lib/screens/facturacion/asesor_pedidos_screen.dart').
    appLog('   - TipoItem: ${producto.productoOServicio}');
    ^^^^^^
lib/screens/facturacion/asesor_pedidos_screen.dart:181:9:
Error: The method 'appLog' isn't defined for the type '_AsesorPedidosScreenState'.
 - '_AsesorPedidosScreenState' is from 'package:vercy_motos/screens/facturacion/asesor_pedidos_screen.dart' ('lib/screens/facturacion/asesor_pedidos_screen.dart').
        appLog('   ❌ BLOQUEADO: No hay stock en ninguna ubicación');
        ^^^^^^
lib/screens/facturacion/asesor_pedidos_screen.dart:199:9:
Error: The method 'appLog' isn't defined for the type '_AsesorPedidosScreenState'.
 - '_AsesorPedidosScreenState' is from 'package:vercy_motos/screens/facturacion/asesor_pedidos_screen.dart' ('lib/screens/facturacion/asesor_pedidos_screen.dart').
        appLog(
        ^^^^^^
lib/screens/facturacion/asesor_pedidos_screen.dart:217:7:
Error: The method 'appLog' isn't defined for the type '_AsesorPedidosScreenState'.
 - '_AsesorPedidosScreenState' is from 'package:vercy_motos/screens/facturacion/asesor_pedidos_screen.dart' ('lib/screens/facturacion/asesor_pedidos_screen.dart').
      appLog('   ✅ Validación pasada: Stock suficiente');
      ^^^^^^
lib/screens/facturacion/asesor_pedidos_screen.dart:219:7:
Error: The method 'appLog' isn't defined for the type '_AsesorPedidosScreenState'.
 - '_AsesorPedidosScreenState' is from 'package:vercy_motos/screens/facturacion/asesor_pedidos_screen.dart' ('lib/screens/facturacion/asesor_pedidos_screen.dart').
      appLog('   ℹ️  Es servicio - sin validación de stock');
      ^^^^^^
lib/screens/facturacion/asesor_pedidos_screen.dart:229:5:
Error: The method 'appLog' isn't defined for the type '_AsesorPedidosScreenState'.
 - '_AsesorPedidosScreenState' is from 'package:vercy_motos/screens/facturacion/asesor_pedidos_screen.dart' ('lib/screens/facturacion/asesor_pedidos_screen.dart').
    appLog('   - Origen seleccionado: $origen');
    ^^^^^^
lib/screens/facturacion/asesor_pedidos_screen.dart:235:24:
Error: The getter 'productoId' isn't defined for the type 'Object?'.
 - 'Object' is from 'dart:core'.
        (item) => item.productoId == producto.id && item.origen == origen,
                       ^^^^^^^^^^
lib/screens/facturacion/asesor_pedidos_screen.dart:235:58:
Error: The getter 'origen' isn't defined for the type 'Object?'.
 - 'Object' is from 'dart:core'.
        (item) => item.productoId == producto.id && item.origen == origen,
                                                         ^^^^^^
lib/screens/facturacion/asesor_pedidos_screen.dart:240:27:
Error: The method 'ItemPedido' isn't defined for the type '_AsesorPedidosScreenState'.
 - '_AsesorPedidosScreenState' is from 'package:vercy_motos/screens/facturacion/asesor_pedidos_screen.dart' ('lib/screens/facturacion/asesor_pedidos_screen.dart').
        _carrito[index] = ItemPedido(
                          ^^^^^^^^^^
lib/screens/facturacion/asesor_pedidos_screen.dart:250:11:
Error: The method 'ItemPedido' isn't defined for the type '_AsesorPedidosScreenState'.
 - '_AsesorPedidosScreenState' is from 'package:vercy_motos/screens/facturacion/asesor_pedidos_screen.dart' ('lib/screens/facturacion/asesor_pedidos_screen.dart').
          ItemPedido(
          ^^^^^^^^^^
lib/screens/facturacion/asesor_pedidos_screen.dart:268:26:
Error: The getter 'AppTheme' isn't defined for the type '_AsesorPedidosScreenState'.
 - '_AsesorPedidosScreenState' is from 'package:vercy_motos/screens/facturacion/asesor_pedidos_screen.dart' ('lib/screens/facturacion/asesor_pedidos_screen.dart').
        backgroundColor: AppTheme.success,
                         ^^^^^^^^
lib/screens/facturacion/asesor_pedidos_screen.dart:284:16:
Error: The getter 'id' isn't defined for the type 'Object?'.
 - 'Object' is from 'dart:core'.
      (p) => p.id == item.productoId,
               ^^
lib/screens/facturacion/asesor_pedidos_screen.dart:323:25:
Error: The method 'ItemPedido' isn't defined for the type '_AsesorPedidosScreenState'.
 - '_AsesorPedidosScreenState' is from 'package:vercy_motos/screens/facturacion/asesor_pedidos_screen.dart' ('lib/screens/facturacion/asesor_pedidos_screen.dart').
      _carrito[index] = ItemPedido(
                        ^^^^^^^^^^
lib/screens/facturacion/asesor_pedidos_screen.dart:369:40:
Error: 'UserProvider' isn't a type.
      final userProvider = Provider.of<UserProvider>(context, listen: false);
                                       ^^^^^^^^^^^^
lib/screens/facturacion/asesor_pedidos_screen.dart:371:22:
Error: The method 'PedidoAsesor' isn't defined for the type '_AsesorPedidosScreenState'.
 - '_AsesorPedidosScreenState' is from 'package:vercy_motos/screens/facturacion/asesor_pedidos_screen.dart' ('lib/screens/facturacion/asesor_pedidos_screen.dart').
      final pedido = PedidoAsesor(
                     ^^^^^^^^^^^^
lib/screens/facturacion/asesor_pedidos_screen.dart:424:38:
Error: 'UserProvider' isn't a type.
    final userProvider = Provider.of<UserProvider>(context, listen: false);
                                     ^^^^^^^^^^^^
lib/screens/facturacion/asesor_pedidos_screen.dart:427:24:
Error: The getter 'AppTheme' isn't defined for the type '_AsesorPedidosScreenState'.
 - '_AsesorPedidosScreenState' is from 'package:vercy_motos/screens/facturacion/asesor_pedidos_screen.dart' ('lib/screens/facturacion/asesor_pedidos_screen.dart').
      backgroundColor: AppTheme.backgroundDark,
                       ^^^^^^^^
lib/screens/facturacion/asesor_pedidos_screen.dart:448:26:
Error: The getter 'AppTheme' isn't defined for the type '_AsesorPedidosScreenState'.
 - '_AsesorPedidosScreenState' is from 'package:vercy_motos/screens/facturacion/asesor_pedidos_screen.dart' ('lib/screens/facturacion/asesor_pedidos_screen.dart').
        backgroundColor: AppTheme.primary,
                         ^^^^^^^^
lib/screens/facturacion/asesor_pedidos_screen.dart:472:60:
Error: The getter 'AppTheme' isn't defined for the type '_AsesorPedidosScreenState'.
 - '_AsesorPedidosScreenState' is from 'package:vercy_motos/screens/facturacion/asesor_pedidos_screen.dart' ('lib/screens/facturacion/asesor_pedidos_screen.dart').
          ? Center(child: CircularProgressIndicator(color: AppTheme.primary))
                                                           ^^^^^^^^
lib/screens/facturacion/asesor_pedidos_screen.dart:488:34:
Error: The getter 'AppTheme' isn't defined for the type '_AsesorPedidosScreenState'.
 - '_AsesorPedidosScreenState' is from 'package:vercy_motos/screens/facturacion/asesor_pedidos_screen.dart' ('lib/screens/facturacion/asesor_pedidos_screen.dart').
                          color: AppTheme.cardBg,
                                 ^^^^^^^^
lib/screens/facturacion/asesor_pedidos_screen.dart:491:38:
Error: The getter 'AppTheme' isn't defined for the type '_AsesorPedidosScreenState'.
 - '_AsesorPedidosScreenState' is from 'package:vercy_motos/screens/facturacion/asesor_pedidos_screen.dart' ('lib/screens/facturacion/asesor_pedidos_screen.dart').
                              color: AppTheme.primary.withOpacity(0.3),
                                     ^^^^^^^^
lib/screens/facturacion/asesor_pedidos_screen.dart:510:34:
Error: The getter 'AppTheme' isn't defined for the type '_AsesorPedidosScreenState'.
 - '_AsesorPedidosScreenState' is from 'package:vercy_motos/screens/facturacion/asesor_pedidos_screen.dart' ('lib/screens/facturacion/asesor_pedidos_screen.dart').
                          color: AppTheme.cardBg,
                                 ^^^^^^^^
lib/screens/facturacion/asesor_pedidos_screen.dart:513:38:
Error: The getter 'AppTheme' isn't defined for the type '_AsesorPedidosScreenState'.
 - '_AsesorPedidosScreenState' is from 'package:vercy_motos/screens/facturacion/asesor_pedidos_screen.dart' ('lib/screens/facturacion/asesor_pedidos_screen.dart').
                              color: AppTheme.primary.withOpacity(0.3),
                                     ^^^^^^^^
lib/screens/facturacion/asesor_pedidos_screen.dart:535:52:
Error: The getter 'AppTheme' isn't defined for the type '_AsesorPedidosScreenState'.
 - '_AsesorPedidosScreenState' is from 'package:vercy_motos/screens/facturacion/asesor_pedidos_screen.dart' ('lib/screens/facturacion/asesor_pedidos_screen.dart').
                                  backgroundColor: AppTheme.primary,
                                                   ^^^^^^^^
lib/screens/facturacion/asesor_pedidos_screen.dart:557:18:
Error: The getter 'AppTheme' isn't defined for the type '_AsesorPedidosScreenState'.
 - '_AsesorPedidosScreenState' is from 'package:vercy_motos/screens/facturacion/asesor_pedidos_screen.dart' ('lib/screens/facturacion/asesor_pedidos_screen.dart').
          color: AppTheme.cardBg,
                 ^^^^^^^^
lib/screens/facturacion/asesor_pedidos_screen.dart:571:32:
Error: The getter 'AppTheme' isn't defined for the type '_AsesorPedidosScreenState'.
 - '_AsesorPedidosScreenState' is from 'package:vercy_motos/screens/facturacion/asesor_pedidos_screen.dart' ('lib/screens/facturacion/asesor_pedidos_screen.dart').
                        color: AppTheme.primary,
                               ^^^^^^^^
lib/screens/facturacion/asesor_pedidos_screen.dart:598:47:
Error: The getter 'AppTheme' isn't defined for the type '_AsesorPedidosScreenState'.
 - '_AsesorPedidosScreenState' is from 'package:vercy_motos/screens/facturacion/asesor_pedidos_screen.dart' ('lib/screens/facturacion/asesor_pedidos_screen.dart').
                      style: TextStyle(color: AppTheme.textPrimary),
                                              ^^^^^^^^
lib/screens/facturacion/asesor_pedidos_screen.dart:601:53:
Error: The getter 'AppTheme' isn't defined for the type '_AsesorPedidosScreenState'.
 - '_AsesorPedidosScreenState' is from 'package:vercy_motos/screens/facturacion/asesor_pedidos_screen.dart' ('lib/screens/facturacion/asesor_pedidos_screen.dart').
                        hintStyle: TextStyle(color: AppTheme.textSecondary),
                                                    ^^^^^^^^
lib/screens/facturacion/asesor_pedidos_screen.dart:603:36:
Error: The getter 'AppTheme' isn't defined for the type '_AsesorPedidosScreenState'.
 - '_AsesorPedidosScreenState' is from 'package:vercy_motos/screens/facturacion/asesor_pedidos_screen.dart' ('lib/screens/facturacion/asesor_pedidos_screen.dart').
                        fillColor: AppTheme.surfaceDark,
                                   ^^^^^^^^
lib/screens/facturacion/asesor_pedidos_screen.dart:626:47:
Error: The getter 'AppTheme' isn't defined for the type '_AsesorPedidosScreenState'.
 - '_AsesorPedidosScreenState' is from 'package:vercy_motos/screens/facturacion/asesor_pedidos_screen.dart' ('lib/screens/facturacion/asesor_pedidos_screen.dart').
                      style: TextStyle(color: AppTheme.textPrimary),
                                              ^^^^^^^^
lib/screens/facturacion/asesor_pedidos_screen.dart:629:53:
Error: The getter 'AppTheme' isn't defined for the type '_AsesorPedidosScreenState'.
 - '_AsesorPedidosScreenState' is from 'package:vercy_motos/screens/facturacion/asesor_pedidos_screen.dart' ('lib/screens/facturacion/asesor_pedidos_screen.dart').
                        hintStyle: TextStyle(color: AppTheme.textSecondary),
                                                    ^^^^^^^^
lib/screens/facturacion/asesor_pedidos_screen.dart:630:63:
Error: The getter 'AppTheme' isn't defined for the type '_AsesorPedidosScreenState'.
 - '_AsesorPedidosScreenState' is from 'package:vercy_motos/screens/facturacion/asesor_pedidos_screen.dart' ('lib/screens/facturacion/asesor_pedidos_screen.dart').
                        prefixIcon: Icon(Icons.search, color: AppTheme.primary),
                                                              ^^^^^^^^
lib/screens/facturacion/asesor_pedidos_screen.dart:632:36:
Error: The getter 'AppTheme' isn't defined for the type '_AsesorPedidosScreenState'.
 - '_AsesorPedidosScreenState' is from 'package:vercy_motos/screens/facturacion/asesor_pedidos_screen.dart' ('lib/screens/facturacion/asesor_pedidos_screen.dart').
                        fillColor: AppTheme.surfaceDark,
                                   ^^^^^^^^
lib/screens/facturacion/asesor_pedidos_screen.dart:646:53:
Error: The getter 'AppTheme' isn't defined for the type '_AsesorPedidosScreenState'.
 - '_AsesorPedidosScreenState' is from 'package:vercy_motos/screens/facturacion/asesor_pedidos_screen.dart' ('lib/screens/facturacion/asesor_pedidos_screen.dart').
                        hintStyle: TextStyle(color: AppTheme.textSecondary),
                                                    ^^^^^^^^
lib/screens/facturacion/asesor_pedidos_screen.dart:648:36:
Error: The getter 'AppTheme' isn't defined for the type '_AsesorPedidosScreenState'.
 - '_AsesorPedidosScreenState' is from 'package:vercy_motos/screens/facturacion/asesor_pedidos_screen.dart' ('lib/screens/facturacion/asesor_pedidos_screen.dart').
                        fillColor: AppTheme.surfaceDark,
                                   ^^^^^^^^
lib/screens/facturacion/asesor_pedidos_screen.dart:655:47:
Error: The getter 'AppTheme' isn't defined for the type '_AsesorPedidosScreenState'.
 - '_AsesorPedidosScreenState' is from 'package:vercy_motos/screens/facturacion/asesor_pedidos_screen.dart' ('lib/screens/facturacion/asesor_pedidos_screen.dart').
                      style: TextStyle(color: AppTheme.textPrimary),
                                              ^^^^^^^^
lib/screens/facturacion/asesor_pedidos_screen.dart:656:38:
Error: The getter 'AppTheme' isn't defined for the type '_AsesorPedidosScreenState'.
 - '_AsesorPedidosScreenState' is from 'package:vercy_motos/screens/facturacion/asesor_pedidos_screen.dart' ('lib/screens/facturacion/asesor_pedidos_screen.dart').
                      dropdownColor: AppTheme.cardBg,
                                     ^^^^^^^^
lib/screens/facturacion/asesor_pedidos_screen.dart:662:53:
Error: The getter 'AppTheme' isn't defined for the type '_AsesorPedidosScreenState'.
 - '_AsesorPedidosScreenState' is from 'package:vercy_motos/screens/facturacion/asesor_pedidos_screen.dart' ('lib/screens/facturacion/asesor_pedidos_screen.dart').
                            style: TextStyle(color: AppTheme.textPrimary),
                                                    ^^^^^^^^
lib/screens/facturacion/asesor_pedidos_screen.dart:667:40:
Error: The getter 'id' isn't defined for the type 'Object?'.
 - 'Object' is from 'dart:core'.
                            value: cat.id,
                                       ^^
lib/screens/facturacion/asesor_pedidos_screen.dart:669:35:
Error: The getter 'nombre' isn't defined for the type 'Object?'.
 - 'Object' is from 'dart:core'.
                              cat.nombre,
                                  ^^^^^^
lib/screens/facturacion/asesor_pedidos_screen.dart:670:55:
Error: The getter 'AppTheme' isn't defined for the type '_AsesorPedidosScreenState'.
 - '_AsesorPedidosScreenState' is from 'package:vercy_motos/screens/facturacion/asesor_pedidos_screen.dart' ('lib/screens/facturacion/asesor_pedidos_screen.dart').
                              style: TextStyle(color: AppTheme.textPrimary),
                                                      ^^^^^^^^
lib/screens/facturacion/asesor_pedidos_screen.dart:696:32:
Error: The getter 'AppTheme' isn't defined for the type '_AsesorPedidosScreenState'.
 - '_AsesorPedidosScreenState' is from 'package:vercy_motos/screens/facturacion/asesor_pedidos_screen.dart' ('lib/screens/facturacion/asesor_pedidos_screen.dart').
                        color: AppTheme.textSecondary,
                               ^^^^^^^^
lib/screens/facturacion/asesor_pedidos_screen.dart:702:34:
Error: The getter 'AppTheme' isn't defined for the type '_AsesorPedidosScreenState'.
 - '_AsesorPedidosScreenState' is from 'package:vercy_motos/screens/facturacion/asesor_pedidos_screen.dart' ('lib/screens/facturacion/asesor_pedidos_screen.dart').
                          color: AppTheme.textSecondary,
                                 ^^^^^^^^
lib/screens/facturacion/asesor_pedidos_screen.dart:728:29:
Error: 'Producto' isn't a type.
  Widget _buildProductoCard(Producto producto) {
                            ^^^^^^^^
lib/screens/facturacion/asesor_pedidos_screen.dart:737:17:
Error: The getter 'AppTheme' isn't defined for the type '_AsesorPedidosScreenState'.
 - '_AsesorPedidosScreenState' is from 'package:vercy_motos/screens/facturacion/asesor_pedidos_screen.dart' ('lib/screens/facturacion/asesor_pedidos_screen.dart').
              ? AppTheme.primary.withOpacity(0.2)
                ^^^^^^^^
lib/screens/facturacion/asesor_pedidos_screen.dart:738:17:
Error: The getter 'AppTheme' isn't defined for the type '_AsesorPedidosScreenState'.
 - '_AsesorPedidosScreenState' is from 'package:vercy_motos/screens/facturacion/asesor_pedidos_screen.dart' ('lib/screens/facturacion/asesor_pedidos_screen.dart').
              : AppTheme.cardBg,
                ^^^^^^^^
lib/screens/facturacion/asesor_pedidos_screen.dart:742:19:
Error: The getter 'AppTheme' isn't defined for the type '_AsesorPedidosScreenState'.
 - '_AsesorPedidosScreenState' is from 'package:vercy_motos/screens/facturacion/asesor_pedidos_screen.dart' ('lib/screens/facturacion/asesor_pedidos_screen.dart').
                ? AppTheme.primary
                  ^^^^^^^^
lib/screens/facturacion/asesor_pedidos_screen.dart:743:19:
Error: The getter 'AppTheme' isn't defined for the type '_AsesorPedidosScreenState'.
 - '_AsesorPedidosScreenState' is from 'package:vercy_motos/screens/facturacion/asesor_pedidos_screen.dart' ('lib/screens/facturacion/asesor_pedidos_screen.dart').
                : AppTheme.primary.withOpacity(0.2),
                  ^^^^^^^^
lib/screens/facturacion/asesor_pedidos_screen.dart:755:24:
Error: The getter 'AppTheme' isn't defined for the type '_AsesorPedidosScreenState'.
 - '_AsesorPedidosScreenState' is from 'package:vercy_motos/screens/facturacion/asesor_pedidos_screen.dart' ('lib/screens/facturacion/asesor_pedidos_screen.dart').
                color: AppTheme.primary.withOpacity(0.1),
                       ^^^^^^^^
lib/screens/facturacion/asesor_pedidos_screen.dart:767:34:
Error: The getter 'AppTheme' isn't defined for the type '_AsesorPedidosScreenState'.
 - '_AsesorPedidosScreenState' is from 'package:vercy_motos/screens/facturacion/asesor_pedidos_screen.dart' ('lib/screens/facturacion/asesor_pedidos_screen.dart').
                          color: AppTheme.primary,
                                 ^^^^^^^^
lib/screens/facturacion/asesor_pedidos_screen.dart:772:52:
Error: The getter 'AppTheme' isn't defined for the type '_AsesorPedidosScreenState'.
 - '_AsesorPedidosScreenState' is from 'package:vercy_motos/screens/facturacion/asesor_pedidos_screen.dart' ('lib/screens/facturacion/asesor_pedidos_screen.dart').
                  : Icon(Icons.inventory_2, color: AppTheme.primary, size: 32),
                                                   ^^^^^^^^
lib/screens/facturacion/asesor_pedidos_screen.dart:781:26:
Error: The getter 'AppTheme' isn't defined for the type '_AsesorPedidosScreenState'.
 - '_AsesorPedidosScreenState' is from 'package:vercy_motos/screens/facturacion/asesor_pedidos_screen.dart' ('lib/screens/facturacion/asesor_pedidos_screen.dart').
                  color: AppTheme.textPrimary,
                         ^^^^^^^^
lib/screens/facturacion/asesor_pedidos_screen.dart:795:41:
Error: The getter 'AppTheme' isn't defined for the type '_AsesorPedidosScreenState'.
 - '_AsesorPedidosScreenState' is from 'package:vercy_motos/screens/facturacion/asesor_pedidos_screen.dart' ('lib/screens/facturacion/asesor_pedidos_screen.dart').
                style: TextStyle(color: AppTheme.textSecondary, fontSize: 10),
                                        ^^^^^^^^
lib/screens/facturacion/asesor_pedidos_screen.dart:802:24:
Error: The getter 'AppTheme' isn't defined for the type '_AsesorPedidosScreenState'.
 - '_AsesorPedidosScreenState' is from 'package:vercy_motos/screens/facturacion/asesor_pedidos_screen.dart' ('lib/screens/facturacion/asesor_pedidos_screen.dart').
                color: AppTheme.primary,
                       ^^^^^^^^
lib/screens/facturacion/asesor_pedidos_screen.dart:817:27:
Error: The getter 'AppTheme' isn't defined for the type '_AsesorPedidosScreenState'.
 - '_AsesorPedidosScreenState' is from 'package:vercy_motos/screens/facturacion/asesor_pedidos_screen.dart' ('lib/screens/facturacion/asesor_pedidos_screen.dart').
                        ? AppTheme.success.withOpacity(0.2)
                          ^^^^^^^^
lib/screens/facturacion/asesor_pedidos_screen.dart:818:27:
Error: The getter 'AppTheme' isn't defined for the type '_AsesorPedidosScreenState'.
 - '_AsesorPedidosScreenState' is from 'package:vercy_motos/screens/facturacion/asesor_pedidos_screen.dart' ('lib/screens/facturacion/asesor_pedidos_screen.dart').
                        : AppTheme.error.withOpacity(0.2),
                          ^^^^^^^^
lib/screens/facturacion/asesor_pedidos_screen.dart:825:29:
Error: The getter 'AppTheme' isn't defined for the type '_AsesorPedidosScreenState'.
 - '_AsesorPedidosScreenState' is from 'package:vercy_motos/screens/facturacion/asesor_pedidos_screen.dart' ('lib/screens/facturacion/asesor_pedidos_screen.dart').
                          ? AppTheme.success
                            ^^^^^^^^
lib/screens/facturacion/asesor_pedidos_screen.dart:826:29:
Error: The getter 'AppTheme' isn't defined for the type '_AsesorPedidosScreenState'.
 - '_AsesorPedidosScreenState' is from 'package:vercy_motos/screens/facturacion/asesor_pedidos_screen.dart' ('lib/screens/facturacion/asesor_pedidos_screen.dart').
                          : AppTheme.error,
                            ^^^^^^^^
lib/screens/facturacion/asesor_pedidos_screen.dart:838:27:
Error: The getter 'AppTheme' isn't defined for the type '_AsesorPedidosScreenState'.
 - '_AsesorPedidosScreenState' is from 'package:vercy_motos/screens/facturacion/asesor_pedidos_screen.dart' ('lib/screens/facturacion/asesor_pedidos_screen.dart').
                        ? AppTheme.success.withOpacity(0.2)
                          ^^^^^^^^
lib/screens/facturacion/asesor_pedidos_screen.dart:839:27:
Error: The getter 'AppTheme' isn't defined for the type '_AsesorPedidosScreenState'.
 - '_AsesorPedidosScreenState' is from 'package:vercy_motos/screens/facturacion/asesor_pedidos_screen.dart' ('lib/screens/facturacion/asesor_pedidos_screen.dart').
                        : AppTheme.error.withOpacity(0.2),
                          ^^^^^^^^
lib/screens/facturacion/asesor_pedidos_screen.dart:846:29:
Error: The getter 'AppTheme' isn't defined for the type '_AsesorPedidosScreenState'.
 - '_AsesorPedidosScreenState' is from 'package:vercy_motos/screens/facturacion/asesor_pedidos_screen.dart' ('lib/screens/facturacion/asesor_pedidos_screen.dart').
                          ? AppTheme.success
                            ^^^^^^^^
lib/screens/facturacion/asesor_pedidos_screen.dart:847:29:
Error: The getter 'AppTheme' isn't defined for the type '_AsesorPedidosScreenState'.
 - '_AsesorPedidosScreenState' is from 'package:vercy_motos/screens/facturacion/asesor_pedidos_screen.dart' ('lib/screens/facturacion/asesor_pedidos_screen.dart').
                          : AppTheme.error,
                            ^^^^^^^^
lib/screens/facturacion/asesor_pedidos_screen.dart:926:41:
Error: 'Cliente' isn't a type.
                    child: Autocomplete<Cliente>(
                                        ^^^^^^^
lib/screens/facturacion/asesor_pedidos_screen.dart:932:37:
Error: 'Cliente' isn't a type.
                            .where((Cliente cliente) {
                                    ^^^^^^^
lib/screens/facturacion/asesor_pedidos_screen.dart:946:48:
Error: 'Cliente' isn't a type.
                      displayStringForOption: (Cliente cliente) {
                                               ^^^^^^^
lib/screens/facturacion/asesor_pedidos_screen.dart:951:36:
Error: 'Cliente' isn't a type.
                      onSelected: (Cliente cliente) {
                                   ^^^^^^^
lib/screens/facturacion/asesor_pedidos_screen.dart:1018:52:
Error: 'Cliente' isn't a type.
                            AutocompleteOnSelected<Cliente> onSelected,
                                                   ^^^^^^^
lib/screens/facturacion/asesor_pedidos_screen.dart:1019:38:
Error: 'Cliente' isn't a type.
                            Iterable<Cliente> options,
                                     ^^^^^^^
lib/screens/facturacion/asesor_pedidos_screen.dart:1037:45:
Error: 'Cliente' isn't a type.
                                      final Cliente cliente = options.elementAt(
                                            ^^^^^^^
lib/screens/facturacion/asesor_pedidos_screen.dart:868:20:
Error: The getter 'AppTheme' isn't defined for the type '_AsesorPedidosScreenState'.
 - '_AsesorPedidosScreenState' is from 'package:vercy_motos/screens/facturacion/asesor_pedidos_screen.dart' ('lib/screens/facturacion/asesor_pedidos_screen.dart').
            color: AppTheme.primary.withOpacity(0.1),
                   ^^^^^^^^
lib/screens/facturacion/asesor_pedidos_screen.dart:870:41:
Error: The getter 'AppTheme' isn't defined for the type '_AsesorPedidosScreenState'.
 - '_AsesorPedidosScreenState' is from 'package:vercy_motos/screens/facturacion/asesor_pedidos_screen.dart' ('lib/screens/facturacion/asesor_pedidos_screen.dart').
              bottom: BorderSide(color: AppTheme.primary.withOpacity(0.3)),
                                        ^^^^^^^^
lib/screens/facturacion/asesor_pedidos_screen.dart:875:50:
Error: The getter 'AppTheme' isn't defined for the type '_AsesorPedidosScreenState'.
 - '_AsesorPedidosScreenState' is from 'package:vercy_motos/screens/facturacion/asesor_pedidos_screen.dart' ('lib/screens/facturacion/asesor_pedidos_screen.dart').
              Icon(Icons.shopping_basket, color: AppTheme.primary, size: 20),
                                                 ^^^^^^^^
lib/screens/facturacion/asesor_pedidos_screen.dart:880:26:
Error: The getter 'AppTheme' isn't defined for the type '_AsesorPedidosScreenState'.
 - '_AsesorPedidosScreenState' is from 'package:vercy_motos/screens/facturacion/asesor_pedidos_screen.dart' ('lib/screens/facturacion/asesor_pedidos_screen.dart').
                  color: AppTheme.textPrimary,
                         ^^^^^^^^
lib/screens/facturacion/asesor_pedidos_screen.dart:889:26:
Error: The getter 'AppTheme' isn't defined for the type '_AsesorPedidosScreenState'.
 - '_AsesorPedidosScreenState' is from 'package:vercy_motos/screens/facturacion/asesor_pedidos_screen.dart' ('lib/screens/facturacion/asesor_pedidos_screen.dart').
                  color: AppTheme.primary,
                         ^^^^^^^^
lib/screens/facturacion/asesor_pedidos_screen.dart:908:20:
Error: The getter 'AppTheme' isn't defined for the type '_AsesorPedidosScreenState'.
 - '_AsesorPedidosScreenState' is from 'package:vercy_motos/screens/facturacion/asesor_pedidos_screen.dart' ('lib/screens/facturacion/asesor_pedidos_screen.dart').
            color: AppTheme.surfaceDark.withOpacity(0.5),
                   ^^^^^^^^
lib/screens/facturacion/asesor_pedidos_screen.dart:916:26:
Error: The getter 'AppTheme' isn't defined for the type '_AsesorPedidosScreenState'.
 - '_AsesorPedidosScreenState' is from 'package:vercy_motos/screens/facturacion/asesor_pedidos_screen.dart' ('lib/screens/facturacion/asesor_pedidos_screen.dart').
                  color: AppTheme.textPrimary,
                         ^^^^^^^^
lib/screens/facturacion/asesor_pedidos_screen.dart:979:40:
Error: The getter 'AppTheme' isn't defined for the type '_AsesorPedidosScreenState'.
 - '_AsesorPedidosScreenState' is from 'package:vercy_motos/screens/facturacion/asesor_pedidos_screen.dart' ('lib/screens/facturacion/asesor_pedidos_screen.dart').
                                color: AppTheme.textPrimary,
                                       ^^^^^^^^
lib/screens/facturacion/asesor_pedidos_screen.dart:985:42:
Error: The getter 'AppTheme' isn't defined for the type '_AsesorPedidosScreenState'.
 - '_AsesorPedidosScreenState' is from 'package:vercy_motos/screens/facturacion/asesor_pedidos_screen.dart' ('lib/screens/facturacion/asesor_pedidos_screen.dart').
                                  color: AppTheme.textSecondary,
                                         ^^^^^^^^
lib/screens/facturacion/asesor_pedidos_screen.dart:990:42:
Error: The getter 'AppTheme' isn't defined for the type '_AsesorPedidosScreenState'.
 - '_AsesorPedidosScreenState' is from 'package:vercy_motos/screens/facturacion/asesor_pedidos_screen.dart' ('lib/screens/facturacion/asesor_pedidos_screen.dart').
                                  color: AppTheme.primary,
                                         ^^^^^^^^
lib/screens/facturacion/asesor_pedidos_screen.dart:995:42:
Error: The getter 'AppTheme' isn't defined for the type '_AsesorPedidosScreenState'.
 - '_AsesorPedidosScreenState' is from 'package:vercy_motos/screens/facturacion/asesor_pedidos_screen.dart' ('lib/screens/facturacion/asesor_pedidos_screen.dart').
                                  color: AppTheme.textSecondary,
                                         ^^^^^^^^
lib/screens/facturacion/asesor_pedidos_screen.dart:998:44:
Error: The getter 'AppTheme' isn't defined for the type '_AsesorPedidosScreenState'.
 - '_AsesorPedidosScreenState' is from 'package:vercy_motos/screens/facturacion/asesor_pedidos_screen.dart' ('lib/screens/facturacion/asesor_pedidos_screen.dart').
                                fillColor: AppTheme.surfaceDark,
                                           ^^^^^^^^
lib/screens/facturacion/asesor_pedidos_screen.dart:1009:42:
Error: The getter 'AppTheme' isn't defined for the type '_AsesorPedidosScreenState'.
 - '_AsesorPedidosScreenState' is from 'package:vercy_motos/screens/facturacion/asesor_pedidos_screen.dart' ('lib/screens/facturacion/asesor_pedidos_screen.dart').
                                  color: AppTheme.textSecondary,
                                         ^^^^^^^^
lib/screens/facturacion/asesor_pedidos_screen.dart:1025:40:
Error: The getter 'AppTheme' isn't defined for the type '_AsesorPedidosScreenState'.
 - '_AsesorPedidosScreenState' is from 'package:vercy_motos/screens/facturacion/asesor_pedidos_screen.dart' ('lib/screens/facturacion/asesor_pedidos_screen.dart').
                                color: AppTheme.surfaceDark,
                                       ^^^^^^^^
lib/screens/facturacion/asesor_pedidos_screen.dart:1051:56:
Error: The getter 'AppTheme' isn't defined for the type '_AsesorPedidosScreenState'.
 - '_AsesorPedidosScreenState' is from 'package:vercy_motos/screens/facturacion/asesor_pedidos_screen.dart' ('lib/screens/facturacion/asesor_pedidos_screen.dart').
                                                color: AppTheme.textSecondary
                                                       ^^^^^^^^
lib/screens/facturacion/asesor_pedidos_screen.dart:1060:66:
Error: The getter 'AppTheme' isn't defined for the type '_AsesorPedidosScreenState'.
 - '_AsesorPedidosScreenState' is from 'package:vercy_motos/screens/facturacion/asesor_pedidos_screen.dart' ('lib/screens/facturacion/asesor_pedidos_screen.dart').
                                                backgroundColor: AppTheme
                                                                 ^^^^^^^^
lib/screens/facturacion/asesor_pedidos_screen.dart:1069:60:
Error: The getter 'AppTheme' isn't defined for the type '_AsesorPedidosScreenState'.
 - '_AsesorPedidosScreenState' is from 'package:vercy_motos/screens/facturacion/asesor_pedidos_screen.dart' ('lib/screens/facturacion/asesor_pedidos_screen.dart').
                                                    color: AppTheme.primary,
                                                           ^^^^^^^^
lib/screens/facturacion/asesor_pedidos_screen.dart:1087:64:
Error: The getter 'AppTheme' isn't defined for the type '_AsesorPedidosScreenState'.
 - '_AsesorPedidosScreenState' is from 'package:vercy_motos/screens/facturacion/asesor_pedidos_screen.dart' ('lib/screens/facturacion/asesor_pedidos_screen.dart').
                                                        color: AppTheme
                                                               ^^^^^^^^
lib/screens/facturacion/asesor_pedidos_screen.dart:1100:64:
Error: The getter 'AppTheme' isn't defined for the type '_AsesorPedidosScreenState'.
 - '_AsesorPedidosScreenState' is from 'package:vercy_motos/screens/facturacion/asesor_pedidos_screen.dart' ('lib/screens/facturacion/asesor_pedidos_screen.dart').
                                                        color: AppTheme
                                                               ^^^^^^^^
lib/screens/facturacion/asesor_pedidos_screen.dart:1127:32:
Error: The getter 'AppTheme' isn't defined for the type '_AsesorPedidosScreenState'.
 - '_AsesorPedidosScreenState' is from 'package:vercy_motos/screens/facturacion/asesor_pedidos_screen.dart' ('lib/screens/facturacion/asesor_pedidos_screen.dart').
                        color: AppTheme.primary,
                               ^^^^^^^^
lib/screens/facturacion/asesor_pedidos_screen.dart:1147:34:
Error: The getter 'AppTheme' isn't defined for the type '_AsesorPedidosScreenState'.
 - '_AsesorPedidosScreenState' is from 'package:vercy_motos/screens/facturacion/asesor_pedidos_screen.dart' ('lib/screens/facturacion/asesor_pedidos_screen.dart').
                          color: AppTheme.textPrimary,
                                 ^^^^^^^^
lib/screens/facturacion/asesor_pedidos_screen.dart:1154:36:
Error: The getter 'AppTheme' isn't defined for the type '_AsesorPedidosScreenState'.
 - '_AsesorPedidosScreenState' is from 'package:vercy_motos/screens/facturacion/asesor_pedidos_screen.dart' ('lib/screens/facturacion/asesor_pedidos_screen.dart').
                            color: AppTheme.textSecondary,
                                   ^^^^^^^^
lib/screens/facturacion/asesor_pedidos_screen.dart:1159:36:
Error: The getter 'AppTheme' isn't defined for the type '_AsesorPedidosScreenState'.
 - '_AsesorPedidosScreenState' is from 'package:vercy_motos/screens/facturacion/asesor_pedidos_screen.dart' ('lib/screens/facturacion/asesor_pedidos_screen.dart').
                            color: AppTheme.textSecondary,
                                   ^^^^^^^^
lib/screens/facturacion/asesor_pedidos_screen.dart:1163:38:
Error: The getter 'AppTheme' isn't defined for the type '_AsesorPedidosScreenState'.
 - '_AsesorPedidosScreenState' is from 'package:vercy_motos/screens/facturacion/asesor_pedidos_screen.dart' ('lib/screens/facturacion/asesor_pedidos_screen.dart').
                          fillColor: AppTheme.surfaceDark,
                                     ^^^^^^^^
lib/screens/facturacion/asesor_pedidos_screen.dart:1183:43:
Error: The getter 'AppTheme' isn't defined for the type '_AsesorPedidosScreenState'.
 - '_AsesorPedidosScreenState' is from 'package:vercy_motos/screens/facturacion/asesor_pedidos_screen.dart' ('lib/screens/facturacion/asesor_pedidos_screen.dart').
                  style: TextStyle(color: AppTheme.textPrimary, fontSize: 13),
                                          ^^^^^^^^
lib/screens/facturacion/asesor_pedidos_screen.dart:1187:30:
Error: The getter 'AppTheme' isn't defined for the type '_AsesorPedidosScreenState'.
 - '_AsesorPedidosScreenState' is from 'package:vercy_motos/screens/facturacion/asesor_pedidos_screen.dart' ('lib/screens/facturacion/asesor_pedidos_screen.dart').
                      color: AppTheme.textSecondary,
                             ^^^^^^^^
lib/screens/facturacion/asesor_pedidos_screen.dart:1192:30:
Error: The getter 'AppTheme' isn't defined for the type '_AsesorPedidosScreenState'.
 - '_AsesorPedidosScreenState' is from 'package:vercy_motos/screens/facturacion/asesor_pedidos_screen.dart' ('lib/screens/facturacion/asesor_pedidos_screen.dart').
                      color: AppTheme.textSecondary,
                             ^^^^^^^^
lib/screens/facturacion/asesor_pedidos_screen.dart:1196:32:
Error: The getter 'AppTheme' isn't defined for the type '_AsesorPedidosScreenState'.
 - '_AsesorPedidosScreenState' is from 'package:vercy_motos/screens/facturacion/asesor_pedidos_screen.dart' ('lib/screens/facturacion/asesor_pedidos_screen.dart').
                    fillColor: AppTheme.surfaceDark,
                               ^^^^^^^^
lib/screens/facturacion/asesor_pedidos_screen.dart:1211:24:
Error: The getter 'AppTheme' isn't defined for the type '_AsesorPedidosScreenState'.
 - '_AsesorPedidosScreenState' is from 'package:vercy_motos/screens/facturacion/asesor_pedidos_screen.dart' ('lib/screens/facturacion/asesor_pedidos_screen.dart').
        Divider(color: AppTheme.primary.withOpacity(0.3), height: 1),
                       ^^^^^^^^
lib/screens/facturacion/asesor_pedidos_screen.dart:1222:32:
Error: The getter 'AppTheme' isn't defined for the type '_AsesorPedidosScreenState'.
 - '_AsesorPedidosScreenState' is from 'package:vercy_motos/screens/facturacion/asesor_pedidos_screen.dart' ('lib/screens/facturacion/asesor_pedidos_screen.dart').
                        color: AppTheme.textSecondary,
                               ^^^^^^^^
lib/screens/facturacion/asesor_pedidos_screen.dart:1228:34:
Error: The getter 'AppTheme' isn't defined for the type '_AsesorPedidosScreenState'.
 - '_AsesorPedidosScreenState' is from 'package:vercy_motos/screens/facturacion/asesor_pedidos_screen.dart' ('lib/screens/facturacion/asesor_pedidos_screen.dart').
                          color: AppTheme.textSecondary,
                                 ^^^^^^^^
lib/screens/facturacion/asesor_pedidos_screen.dart:1236:34:
Error: The getter 'AppTheme' isn't defined for the type '_AsesorPedidosScreenState'.
 - '_AsesorPedidosScreenState' is from 'package:vercy_motos/screens/facturacion/asesor_pedidos_screen.dart' ('lib/screens/facturacion/asesor_pedidos_screen.dart').
                          color: AppTheme.textSecondary,
                                 ^^^^^^^^
lib/screens/facturacion/asesor_pedidos_screen.dart:1256:20:
Error: The getter 'AppTheme' isn't defined for the type '_AsesorPedidosScreenState'.
 - '_AsesorPedidosScreenState' is from 'package:vercy_motos/screens/facturacion/asesor_pedidos_screen.dart' ('lib/screens/facturacion/asesor_pedidos_screen.dart').
            color: AppTheme.surfaceDark,
                   ^^^^^^^^
lib/screens/facturacion/asesor_pedidos_screen.dart:1258:38:
Error: The getter 'AppTheme' isn't defined for the type '_AsesorPedidosScreenState'.
 - '_AsesorPedidosScreenState' is from 'package:vercy_motos/screens/facturacion/asesor_pedidos_screen.dart' ('lib/screens/facturacion/asesor_pedidos_screen.dart').
              top: BorderSide(color: AppTheme.primary.withOpacity(0.3)),
                                     ^^^^^^^^
lib/screens/facturacion/asesor_pedidos_screen.dart:1268:45:
Error: The getter 'AppTheme' isn't defined for the type '_AsesorPedidosScreenState'.
 - '_AsesorPedidosScreenState' is from 'package:vercy_motos/screens/facturacion/asesor_pedidos_screen.dart' ('lib/screens/facturacion/asesor_pedidos_screen.dart').
                    style: TextStyle(color: AppTheme.textSecondary),
                                            ^^^^^^^^
lib/screens/facturacion/asesor_pedidos_screen.dart:1273:30:
Error: The getter 'AppTheme' isn't defined for the type '_AsesorPedidosScreenState'.
 - '_AsesorPedidosScreenState' is from 'package:vercy_motos/screens/facturacion/asesor_pedidos_screen.dart' ('lib/screens/facturacion/asesor_pedidos_screen.dart').
                      color: AppTheme.textPrimary,
                             ^^^^^^^^
lib/screens/facturacion/asesor_pedidos_screen.dart:1280:30:
Error: The getter 'AppTheme' isn't defined for the type '_AsesorPedidosScreenState'.
 - '_AsesorPedidosScreenState' is from 'package:vercy_motos/screens/facturacion/asesor_pedidos_screen.dart' ('lib/screens/facturacion/asesor_pedidos_screen.dart').
              Divider(color: AppTheme.primary.withOpacity(0.3)),
                             ^^^^^^^^
lib/screens/facturacion/asesor_pedidos_screen.dart:1288:30:
Error: The getter 'AppTheme' isn't defined for the type '_AsesorPedidosScreenState'.
 - '_AsesorPedidosScreenState' is from 'package:vercy_motos/screens/facturacion/asesor_pedidos_screen.dart' ('lib/screens/facturacion/asesor_pedidos_screen.dart').
                      color: AppTheme.textPrimary,
                             ^^^^^^^^
lib/screens/facturacion/asesor_pedidos_screen.dart:1296:30:
Error: The getter 'AppTheme' isn't defined for the type '_AsesorPedidosScreenState'.
 - '_AsesorPedidosScreenState' is from 'package:vercy_motos/screens/facturacion/asesor_pedidos_screen.dart' ('lib/screens/facturacion/asesor_pedidos_screen.dart').
                      color: AppTheme.primary,
                             ^^^^^^^^
lib/screens/facturacion/asesor_pedidos_screen.dart:1317:38:
Error: The getter 'AppTheme' isn't defined for the type '_AsesorPedidosScreenState'.
 - '_AsesorPedidosScreenState' is from 'package:vercy_motos/screens/facturacion/asesor_pedidos_screen.dart' ('lib/screens/facturacion/asesor_pedidos_screen.dart').
                    foregroundColor: AppTheme.error,
                                     ^^^^^^^^
lib/screens/facturacion/asesor_pedidos_screen.dart:1318:45:
Error: The getter 'AppTheme' isn't defined for the type '_AsesorPedidosScreenState'.
 - '_AsesorPedidosScreenState' is from 'package:vercy_motos/screens/facturacion/asesor_pedidos_screen.dart' ('lib/screens/facturacion/asesor_pedidos_screen.dart').
                    side: BorderSide(color: AppTheme.error),
                                            ^^^^^^^^
lib/screens/facturacion/asesor_pedidos_screen.dart:1349:38:
Error: The getter 'AppTheme' isn't defined for the type '_AsesorPedidosScreenState'.
 - '_AsesorPedidosScreenState' is from 'package:vercy_motos/screens/facturacion/asesor_pedidos_screen.dart' ('lib/screens/facturacion/asesor_pedidos_screen.dart').
                    backgroundColor: AppTheme.primary,
                                     ^^^^^^^^
lib/screens/facturacion/asesor_pedidos_screen.dart:1351:46:
Error: The getter 'AppTheme' isn't defined for the type '_AsesorPedidosScreenState'.
 - '_AsesorPedidosScreenState' is from 'package:vercy_motos/screens/facturacion/asesor_pedidos_screen.dart' ('lib/screens/facturacion/asesor_pedidos_screen.dart').
                    disabledBackgroundColor: AppTheme.primary.withOpacity(0.5),
                                             ^^^^^^^^
lib/screens/facturacion/asesor_pedidos_screen.dart:1362:28:
Error: 'ItemPedido' isn't a type.
  Widget _buildCarritoItem(ItemPedido item, int index) {
                           ^^^^^^^^^^
lib/screens/facturacion/asesor_pedidos_screen.dart:1367:16:
Error: The getter 'AppTheme' isn't defined for the type '_AsesorPedidosScreenState'.
 - '_AsesorPedidosScreenState' is from 'package:vercy_motos/screens/facturacion/asesor_pedidos_screen.dart' ('lib/screens/facturacion/asesor_pedidos_screen.dart').
        color: AppTheme.cardBg,
               ^^^^^^^^
lib/screens/facturacion/asesor_pedidos_screen.dart:1369:35:
Error: The getter 'AppTheme' isn't defined for the type '_AsesorPedidosScreenState'.
 - '_AsesorPedidosScreenState' is from 'package:vercy_motos/screens/facturacion/asesor_pedidos_screen.dart' ('lib/screens/facturacion/asesor_pedidos_screen.dart').
        border: Border.all(color: AppTheme.primary.withOpacity(0.2)),
                                  ^^^^^^^^
lib/screens/facturacion/asesor_pedidos_screen.dart:1384:34:
Error: The getter 'AppTheme' isn't defined for the type '_AsesorPedidosScreenState'.
 - '_AsesorPedidosScreenState' is from 'package:vercy_motos/screens/facturacion/asesor_pedidos_screen.dart' ('lib/screens/facturacion/asesor_pedidos_screen.dart').
                          color: AppTheme.textPrimary,
                                 ^^^^^^^^
lib/screens/facturacion/asesor_pedidos_screen.dart:1397:31:
Error: The getter 'AppTheme' isn't defined for the type '_AsesorPedidosScreenState'.
 - '_AsesorPedidosScreenState' is from 'package:vercy_motos/screens/facturacion/asesor_pedidos_screen.dart' ('lib/screens/facturacion/asesor_pedidos_screen.dart').
                            ? AppTheme.primary.withOpacity(0.2)
                              ^^^^^^^^
lib/screens/facturacion/asesor_pedidos_screen.dart:1398:31:
Error: The getter 'AppTheme' isn't defined for the type '_AsesorPedidosScreenState'.
 - '_AsesorPedidosScreenState' is from 'package:vercy_motos/screens/facturacion/asesor_pedidos_screen.dart' ('lib/screens/facturacion/asesor_pedidos_screen.dart').
                            : AppTheme.success.withOpacity(0.2),
                              ^^^^^^^^
lib/screens/facturacion/asesor_pedidos_screen.dart:1405:33:
Error: The getter 'AppTheme' isn't defined for the type '_AsesorPedidosScreenState'.
 - '_AsesorPedidosScreenState' is from 'package:vercy_motos/screens/facturacion/asesor_pedidos_screen.dart' ('lib/screens/facturacion/asesor_pedidos_screen.dart').
                              ? AppTheme.primary
                                ^^^^^^^^
lib/screens/facturacion/asesor_pedidos_screen.dart:1406:33:
Error: The getter 'AppTheme' isn't defined for the type '_AsesorPedidosScreenState'.
 - '_AsesorPedidosScreenState' is from 'package:vercy_motos/screens/facturacion/asesor_pedidos_screen.dart' ('lib/screens/facturacion/asesor_pedidos_screen.dart').
                              : AppTheme.success,
                                ^^^^^^^^
lib/screens/facturacion/asesor_pedidos_screen.dart:1417:43:
Error: The getter 'AppTheme' isn't defined for the type '_AsesorPedidosScreenState'.
 - '_AsesorPedidosScreenState' is from 'package:vercy_motos/screens/facturacion/asesor_pedidos_screen.dart' ('lib/screens/facturacion/asesor_pedidos_screen.dart').
                  style: TextStyle(color: AppTheme.textSecondary, fontSize: 12),
                                          ^^^^^^^^
lib/screens/facturacion/asesor_pedidos_screen.dart:1425:22:
Error: The getter 'AppTheme' isn't defined for the type '_AsesorPedidosScreenState'.
 - '_AsesorPedidosScreenState' is from 'package:vercy_motos/screens/facturacion/asesor_pedidos_screen.dart' ('lib/screens/facturacion/asesor_pedidos_screen.dart').
              color: AppTheme.surfaceDark,
                     ^^^^^^^^
lib/screens/facturacion/asesor_pedidos_screen.dart:1432:51:
Error: The getter 'AppTheme' isn't defined for the type '_AsesorPedidosScreenState'.
 - '_AsesorPedidosScreenState' is from 'package:vercy_motos/screens/facturacion/asesor_pedidos_screen.dart' ('lib/screens/facturacion/asesor_pedidos_screen.dart').
                  icon: Icon(Icons.remove, color: AppTheme.error, size: 18),
                                                  ^^^^^^^^
lib/screens/facturacion/asesor_pedidos_screen.dart:1444:30:
Error: The getter 'AppTheme' isn't defined for the type '_AsesorPedidosScreenState'.
 - '_AsesorPedidosScreenState' is from 'package:vercy_motos/screens/facturacion/asesor_pedidos_screen.dart' ('lib/screens/facturacion/asesor_pedidos_screen.dart').
                      color: AppTheme.textPrimary,
                             ^^^^^^^^
lib/screens/facturacion/asesor_pedidos_screen.dart:1450:48:
Error: The getter 'AppTheme' isn't defined for the type '_AsesorPedidosScreenState'.
 - '_AsesorPedidosScreenState' is from 'package:vercy_motos/screens/facturacion/asesor_pedidos_screen.dart' ('lib/screens/facturacion/asesor_pedidos_screen.dart').
                  icon: Icon(Icons.add, color: AppTheme.primary, size: 18),
                                               ^^^^^^^^
lib/screens/facturacion/asesor_pedidos_screen.dart:1467:26:
Error: The getter 'AppTheme' isn't defined for the type '_AsesorPedidosScreenState'.
 - '_AsesorPedidosScreenState' is from 'package:vercy_motos/screens/facturacion/asesor_pedidos_screen.dart' ('lib/screens/facturacion/asesor_pedidos_screen.dart').
                  color: AppTheme.primary,
                         ^^^^^^^^
lib/screens/facturacion/asesor_pedidos_screen.dart:1474:26:
Error: The getter 'AppTheme' isn't defined for the type '_AsesorPedidosScreenState'.
 - '_AsesorPedidosScreenState' is from 'package:vercy_motos/screens/facturacion/asesor_pedidos_screen.dart' ('lib/screens/facturacion/asesor_pedidos_screen.dart').
                  color: AppTheme.error,
                         ^^^^^^^^
lib/screens/facturacion/asesor_pedidos_screen.dart:1527:57:
Error: The getter 'AppTheme' isn't defined for the type '_AsesorPedidosScreenState'.
 - '_AsesorPedidosScreenState' is from 'package:vercy_motos/screens/facturacion/asesor_pedidos_screen.dart' ('lib/screens/facturacion/asesor_pedidos_screen.dart').
      SnackBar(content: Text(mensaje), backgroundColor: AppTheme.error),
                                                        ^^^^^^^^
lib/screens/facturacion/asesor_pedidos_screen.dart:1533:57:
Error: The getter 'AppTheme' isn't defined for the type '_AsesorPedidosScreenState'.
 - '_AsesorPedidosScreenState' is from 'package:vercy_motos/screens/facturacion/asesor_pedidos_screen.dart' ('lib/screens/facturacion/asesor_pedidos_screen.dart').
      SnackBar(content: Text(mensaje), backgroundColor: AppTheme.success),
                                                        ^^^^^^^^
lib/screens/facturacion/asesor_pedidos_screen.dart:1540:5:
Error: 'Producto' isn't a type.
    Producto producto,
    ^^^^^^^^
lib/screens/facturacion/asesor_pedidos_screen.dart:1547:5:
Error: The method 'appLog' isn't defined for the type '_AsesorPedidosScreenState'.
 - '_AsesorPedidosScreenState' is from 'package:vercy_motos/screens/facturacion/asesor_pedidos_screen.dart' ('lib/screens/facturacion/asesor_pedidos_screen.dart').
    appLog('🔍 _mostrarDialogoSeleccionarOrigen:');
    ^^^^^^
lib/screens/facturacion/asesor_pedidos_screen.dart:1548:5:
Error: The method 'appLog' isn't defined for the type '_AsesorPedidosScreenState'.
 - '_AsesorPedidosScreenState' is from 'package:vercy_motos/screens/facturacion/asesor_pedidos_screen.dart' ('lib/screens/facturacion/asesor_pedidos_screen.dart').
    appLog('   - bodegaDisponible: $bodegaDisponible');
    ^^^^^^
lib/screens/facturacion/asesor_pedidos_screen.dart:1549:5:
Error: The method 'appLog' isn't defined for the type '_AsesorPedidosScreenState'.
 - '_AsesorPedidosScreenState' is from 'package:vercy_motos/screens/facturacion/asesor_pedidos_screen.dart' ('lib/screens/facturacion/asesor_pedidos_screen.dart').
    appLog('   - almacenDisponible: $almacenDisponible');
    ^^^^^^
lib/screens/facturacion/asesor_pedidos_screen.dart:1556:9:
Error: The method 'appLog' isn't defined for the type '_AsesorPedidosScreenState'.
 - '_AsesorPedidosScreenState' is from 'package:vercy_motos/screens/facturacion/asesor_pedidos_screen.dart' ('lib/screens/facturacion/asesor_pedidos_screen.dart').
        appLog('   ❌ Sin stock en ninguna ubicación');
        ^^^^^^
lib/screens/facturacion/asesor_pedidos_screen.dart:1569:9:
Error: The method 'appLog' isn't defined for the type '_AsesorPedidosScreenState'.
 - '_AsesorPedidosScreenState' is from 'package:vercy_motos/screens/facturacion/asesor_pedidos_screen.dart' ('lib/screens/facturacion/asesor_pedidos_screen.dart').
        appLog('   ✅ Solo hay stock en BODEGA, seleccionando automáticamente');
        ^^^^^^
lib/screens/facturacion/asesor_pedidos_screen.dart:1588:9:
Error: The method 'appLog' isn't defined for the type '_AsesorPedidosScreenState'.
 - '_AsesorPedidosScreenState' is from 'package:vercy_motos/screens/facturacion/asesor_pedidos_screen.dart' ('lib/screens/facturacion/asesor_pedidos_screen.dart').
        appLog('   ✅ Solo hay stock en ALMACÉN, seleccionando automáticamente');
        ^^^^^^
lib/screens/facturacion/asesor_pedidos_screen.dart:1607:5:
Error: The method 'appLog' isn't defined for the type '_AsesorPedidosScreenState'.
 - '_AsesorPedidosScreenState' is from 'package:vercy_motos/screens/facturacion/asesor_pedidos_screen.dart' ('lib/screens/facturacion/asesor_pedidos_screen.dart').
    appLog(
    ^^^^^^
lib/screens/facturacion/asesor_pedidos_screen.dart:1615:26:
Error: The getter 'AppTheme' isn't defined for the type '_AsesorPedidosScreenState'.
 - '_AsesorPedidosScreenState' is from 'package:vercy_motos/screens/facturacion/asesor_pedidos_screen.dart' ('lib/screens/facturacion/asesor_pedidos_screen.dart').
        backgroundColor: AppTheme.cardBg,
                         ^^^^^^^^
lib/screens/facturacion/asesor_pedidos_screen.dart:1618:42:
Error: The getter 'AppTheme' isn't defined for the type '_AsesorPedidosScreenState'.
 - '_AsesorPedidosScreenState' is from 'package:vercy_motos/screens/facturacion/asesor_pedidos_screen.dart' ('lib/screens/facturacion/asesor_pedidos_screen.dart').
            Icon(Icons.warehouse, color: AppTheme.primary),
                                         ^^^^^^^^
lib/screens/facturacion/asesor_pedidos_screen.dart:1623:41:
Error: The getter 'AppTheme' isn't defined for the type '_AsesorPedidosScreenState'.
 - '_AsesorPedidosScreenState' is from 'package:vercy_motos/screens/facturacion/asesor_pedidos_screen.dart' ('lib/screens/facturacion/asesor_pedidos_screen.dart').
                style: TextStyle(color: AppTheme.textPrimary),
                                        ^^^^^^^^
lib/screens/facturacion/asesor_pedidos_screen.dart:1635:24:
Error: The getter 'AppTheme' isn't defined for the type '_AsesorPedidosScreenState'.
 - '_AsesorPedidosScreenState' is from 'package:vercy_motos/screens/facturacion/asesor_pedidos_screen.dart' ('lib/screens/facturacion/asesor_pedidos_screen.dart').
                color: AppTheme.textPrimary,
                       ^^^^^^^^
lib/screens/facturacion/asesor_pedidos_screen.dart:1642:39:
Error: The getter 'AppTheme' isn't defined for the type '_AsesorPedidosScreenState'.
 - '_AsesorPedidosScreenState' is from 'package:vercy_motos/screens/facturacion/asesor_pedidos_screen.dart' ('lib/screens/facturacion/asesor_pedidos_screen.dart').
              style: TextStyle(color: AppTheme.textSecondary, fontSize: 12),
                                      ^^^^^^^^
lib/screens/facturacion/asesor_pedidos_screen.dart:1669:23:
Error: The getter 'AppTheme' isn't defined for the type '_AsesorPedidosScreenState'.
 - '_AsesorPedidosScreenState' is from 'package:vercy_motos/screens/facturacion/asesor_pedidos_screen.dart' ('lib/screens/facturacion/asesor_pedidos_screen.dart').
                    ? AppTheme.primary
                      ^^^^^^^^
lib/screens/facturacion/asesor_pedidos_screen.dart:1701:23:
Error: The getter 'AppTheme' isn't defined for the type '_AsesorPedidosScreenState'.
 - '_AsesorPedidosScreenState' is from 'package:vercy_motos/screens/facturacion/asesor_pedidos_screen.dart' ('lib/screens/facturacion/asesor_pedidos_screen.dart').
                    ? AppTheme.success
                      ^^^^^^^^
lib/screens/facturacion/asesor_pedidos_screen.dart:1713:43:
Error: The getter 'AppTheme' isn't defined for the type '_AsesorPedidosScreenState'.
 - '_AsesorPedidosScreenState' is from 'package:vercy_motos/screens/facturacion/asesor_pedidos_screen.dart' ('lib/screens/facturacion/asesor_pedidos_screen.dart').
                  style: TextStyle(color: AppTheme.error, fontSize: 12),
                                          ^^^^^^^^
lib/screens/facturacion/asesor_pedidos_screen.dart:1729:44:
Error: 'UserProvider' isn't a type.
  void _cerrarSesion(BuildContext context, UserProvider userProvider) {
                                           ^^^^^^^^^^^^
lib/screens/facturacion/asesor_pedidos_screen.dart:1733:26:
Error: The getter 'AppTheme' isn't defined for the type '_AsesorPedidosScreenState'.
 - '_AsesorPedidosScreenState' is from 'package:vercy_motos/screens/facturacion/asesor_pedidos_screen.dart' ('lib/screens/facturacion/asesor_pedidos_screen.dart').
        backgroundColor: AppTheme.cardBg,
                         ^^^^^^^^
lib/screens/facturacion/asesor_pedidos_screen.dart:1736:35:
Error: The getter 'AppTheme' isn't defined for the type '_AsesorPedidosScreenState'.
 - '_AsesorPedidosScreenState' is from 'package:vercy_motos/screens/facturacion/asesor_pedidos_screen.dart' ('lib/screens/facturacion/asesor_pedidos_screen.dart').
          style: TextStyle(color: AppTheme.textPrimary),
                                  ^^^^^^^^
lib/screens/facturacion/asesor_pedidos_screen.dart:1740:35:
Error: The getter 'AppTheme' isn't defined for the type '_AsesorPedidosScreenState'.
 - '_AsesorPedidosScreenState' is from 'package:vercy_motos/screens/facturacion/asesor_pedidos_screen.dart' ('lib/screens/facturacion/asesor_pedidos_screen.dart').
          style: TextStyle(color: AppTheme.textSecondary),
                                  ^^^^^^^^
lib/screens/facturacion/asesor_pedidos_screen.dart:1747:39:
Error: The getter 'AppTheme' isn't defined for the type '_AsesorPedidosScreenState'.
 - '_AsesorPedidosScreenState' is from 'package:vercy_motos/screens/facturacion/asesor_pedidos_screen.dart' ('lib/screens/facturacion/asesor_pedidos_screen.dart').
              style: TextStyle(color: AppTheme.textSecondary),
                                      ^^^^^^^^
lib/screens/facturacion/asesor_pedidos_screen.dart:1757:62:
Error: The getter 'AppTheme' isn't defined for the type '_AsesorPedidosScreenState'.
 - '_AsesorPedidosScreenState' is from 'package:vercy_motos/screens/facturacion/asesor_pedidos_screen.dart' ('lib/screens/facturacion/asesor_pedidos_screen.dart').
            style: ElevatedButton.styleFrom(backgroundColor: AppTheme.error),
                                                             ^^^^^^^^
lib/screens/facturacion/asesor_pedidos_screen.dart:1788:24:
Error: The getter 'AppTheme' isn't defined for the type '_AsesorPedidosScreenState'.
 - '_AsesorPedidosScreenState' is from 'package:vercy_motos/screens/facturacion/asesor_pedidos_screen.dart' ('lib/screens/facturacion/asesor_pedidos_screen.dart').
                color: AppTheme.cardBg,
                       ^^^^^^^^
lib/screens/facturacion/asesor_pedidos_screen.dart:1802:30:
Error: The getter 'AppTheme' isn't defined for the type '_AsesorPedidosScreenState'.
 - '_AsesorPedidosScreenState' is from 'package:vercy_motos/screens/facturacion/asesor_pedidos_screen.dart' ('lib/screens/facturacion/asesor_pedidos_screen.dart').
                      color: AppTheme.textSecondary.withOpacity(0.3),
                             ^^^^^^^^
lib/screens/facturacion/asesor_pedidos_screen.dart:1812:34:
Error: The getter 'AppTheme' isn't defined for the type '_AsesorPedidosScreenState'.
 - '_AsesorPedidosScreenState' is from 'package:vercy_motos/screens/facturacion/asesor_pedidos_screen.dart' ('lib/screens/facturacion/asesor_pedidos_screen.dart').
                          color: AppTheme.primary.withOpacity(0.3),
                                 ^^^^^^^^
lib/screens/facturacion/asesor_pedidos_screen.dart:1818:58:
Error: The getter 'AppTheme' isn't defined for the type '_AsesorPedidosScreenState'.
 - '_AsesorPedidosScreenState' is from 'package:vercy_motos/screens/facturacion/asesor_pedidos_screen.dart' ('lib/screens/facturacion/asesor_pedidos_screen.dart').
                        Icon(Icons.shopping_cart, color: AppTheme.primary),
                                                         ^^^^^^^^
lib/screens/facturacion/asesor_pedidos_screen.dart:1823:36:
Error: The getter 'AppTheme' isn't defined for the type '_AsesorPedidosScreenState'.
 - '_AsesorPedidosScreenState' is from 'package:vercy_motos/screens/facturacion/asesor_pedidos_screen.dart' ('lib/screens/facturacion/asesor_pedidos_screen.dart').
                            color: AppTheme.textPrimary,
                                   ^^^^^^^^
lib/screens/facturacion/asesor_pedidos_screen.dart:1832:36:
Error: The getter 'AppTheme' isn't defined for the type '_AsesorPedidosScreenState'.
 - '_AsesorPedidosScreenState' is from 'package:vercy_motos/screens/facturacion/asesor_pedidos_screen.dart' ('lib/screens/facturacion/asesor_pedidos_screen.dart').
                            color: AppTheme.textSecondary,
                                   ^^^^^^^^
lib/screens/facturacion/asesor_pedidos_screen.dart:1921:41:
Error: 'Cliente' isn't a type.
                    child: Autocomplete<Cliente>(
                                        ^^^^^^^
lib/screens/facturacion/asesor_pedidos_screen.dart:1927:37:
Error: 'Cliente' isn't a type.
                            .where((Cliente cliente) {
                                    ^^^^^^^
lib/screens/facturacion/asesor_pedidos_screen.dart:1941:48:
Error: 'Cliente' isn't a type.
                      displayStringForOption: (Cliente cliente) {
                                               ^^^^^^^
lib/screens/facturacion/asesor_pedidos_screen.dart:1946:36:
Error: 'Cliente' isn't a type.
                      onSelected: (Cliente cliente) {
                                   ^^^^^^^
lib/screens/facturacion/asesor_pedidos_screen.dart:2014:52:
Error: 'Cliente' isn't a type.
                            AutocompleteOnSelected<Cliente> onSelected,
                                                   ^^^^^^^
lib/screens/facturacion/asesor_pedidos_screen.dart:2015:38:
Error: 'Cliente' isn't a type.
                            Iterable<Cliente> options,
                                     ^^^^^^^
lib/screens/facturacion/asesor_pedidos_screen.dart:2033:45:
Error: 'Cliente' isn't a type.
                                      final Cliente cliente = options.elementAt(
                                            ^^^^^^^
lib/screens/facturacion/asesor_pedidos_screen.dart:1863:20:
Error: The getter 'AppTheme' isn't defined for the type '_AsesorPedidosScreenState'.
 - '_AsesorPedidosScreenState' is from 'package:vercy_motos/screens/facturacion/asesor_pedidos_screen.dart' ('lib/screens/facturacion/asesor_pedidos_screen.dart').
            color: AppTheme.primary.withOpacity(0.1),
                   ^^^^^^^^
lib/screens/facturacion/asesor_pedidos_screen.dart:1865:41:
Error: The getter 'AppTheme' isn't defined for the type '_AsesorPedidosScreenState'.
 - '_AsesorPedidosScreenState' is from 'package:vercy_motos/screens/facturacion/asesor_pedidos_screen.dart' ('lib/screens/facturacion/asesor_pedidos_screen.dart').
              bottom: BorderSide(color: AppTheme.primary.withOpacity(0.3)),
                                        ^^^^^^^^
lib/screens/facturacion/asesor_pedidos_screen.dart:1870:50:
Error: The getter 'AppTheme' isn't defined for the type '_AsesorPedidosScreenState'.
 - '_AsesorPedidosScreenState' is from 'package:vercy_motos/screens/facturacion/asesor_pedidos_screen.dart' ('lib/screens/facturacion/asesor_pedidos_screen.dart').
              Icon(Icons.shopping_basket, color: AppTheme.primary, size: 20),
                                                 ^^^^^^^^
lib/screens/facturacion/asesor_pedidos_screen.dart:1875:26:
Error: The getter 'AppTheme' isn't defined for the type '_AsesorPedidosScreenState'.
 - '_AsesorPedidosScreenState' is from 'package:vercy_motos/screens/facturacion/asesor_pedidos_screen.dart' ('lib/screens/facturacion/asesor_pedidos_screen.dart').
                  color: AppTheme.textPrimary,
                         ^^^^^^^^
lib/screens/facturacion/asesor_pedidos_screen.dart:1884:26:
Error: The getter 'AppTheme' isn't defined for the type '_AsesorPedidosScreenState'.
 - '_AsesorPedidosScreenState' is from 'package:vercy_motos/screens/facturacion/asesor_pedidos_screen.dart' ('lib/screens/facturacion/asesor_pedidos_screen.dart').
                  color: AppTheme.primary,
                         ^^^^^^^^
lib/screens/facturacion/asesor_pedidos_screen.dart:1903:20:
Error: The getter 'AppTheme' isn't defined for the type '_AsesorPedidosScreenState'.
 - '_AsesorPedidosScreenState' is from 'package:vercy_motos/screens/facturacion/asesor_pedidos_screen.dart' ('lib/screens/facturacion/asesor_pedidos_screen.dart').
            color: AppTheme.surfaceDark.withOpacity(0.5),
                   ^^^^^^^^
lib/screens/facturacion/asesor_pedidos_screen.dart:1911:26:
Error: The getter 'AppTheme' isn't defined for the type '_AsesorPedidosScreenState'.
 - '_AsesorPedidosScreenState' is from 'package:vercy_motos/screens/facturacion/asesor_pedidos_screen.dart' ('lib/screens/facturacion/asesor_pedidos_screen.dart').
                  color: AppTheme.textPrimary,
                         ^^^^^^^^
lib/screens/facturacion/asesor_pedidos_screen.dart:1975:40:
Error: The getter 'AppTheme' isn't defined for the type '_AsesorPedidosScreenState'.
 - '_AsesorPedidosScreenState' is from 'package:vercy_motos/screens/facturacion/asesor_pedidos_screen.dart' ('lib/screens/facturacion/asesor_pedidos_screen.dart').
                                color: AppTheme.textPrimary,
                                       ^^^^^^^^
lib/screens/facturacion/asesor_pedidos_screen.dart:1981:42:
Error: The getter 'AppTheme' isn't defined for the type '_AsesorPedidosScreenState'.
 - '_AsesorPedidosScreenState' is from 'package:vercy_motos/screens/facturacion/asesor_pedidos_screen.dart' ('lib/screens/facturacion/asesor_pedidos_screen.dart').
                                  color: AppTheme.textSecondary,
                                         ^^^^^^^^
lib/screens/facturacion/asesor_pedidos_screen.dart:1986:42:
Error: The getter 'AppTheme' isn't defined for the type '_AsesorPedidosScreenState'.
 - '_AsesorPedidosScreenState' is from 'package:vercy_motos/screens/facturacion/asesor_pedidos_screen.dart' ('lib/screens/facturacion/asesor_pedidos_screen.dart').
                                  color: AppTheme.primary,
                                         ^^^^^^^^
lib/screens/facturacion/asesor_pedidos_screen.dart:1991:42:
Error: The getter 'AppTheme' isn't defined for the type '_AsesorPedidosScreenState'.
 - '_AsesorPedidosScreenState' is from 'package:vercy_motos/screens/facturacion/asesor_pedidos_screen.dart' ('lib/screens/facturacion/asesor_pedidos_screen.dart').
                                  color: AppTheme.textSecondary,
                                         ^^^^^^^^
lib/screens/facturacion/asesor_pedidos_screen.dart:1994:44:
Error: The getter 'AppTheme' isn't defined for the type '_AsesorPedidosScreenState'.
 - '_AsesorPedidosScreenState' is from 'package:vercy_motos/screens/facturacion/asesor_pedidos_screen.dart' ('lib/screens/facturacion/asesor_pedidos_screen.dart').
                                fillColor: AppTheme.surfaceDark,
                                           ^^^^^^^^
lib/screens/facturacion/asesor_pedidos_screen.dart:2005:42:
Error: The getter 'AppTheme' isn't defined for the type '_AsesorPedidosScreenState'.
 - '_AsesorPedidosScreenState' is from 'package:vercy_motos/screens/facturacion/asesor_pedidos_screen.dart' ('lib/screens/facturacion/asesor_pedidos_screen.dart').
                                  color: AppTheme.textSecondary,
                                         ^^^^^^^^
lib/screens/facturacion/asesor_pedidos_screen.dart:2021:40:
Error: The getter 'AppTheme' isn't defined for the type '_AsesorPedidosScreenState'.
 - '_AsesorPedidosScreenState' is from 'package:vercy_motos/screens/facturacion/asesor_pedidos_screen.dart' ('lib/screens/facturacion/asesor_pedidos_screen.dart').
                                color: AppTheme.surfaceDark,
                                       ^^^^^^^^
lib/screens/facturacion/asesor_pedidos_screen.dart:2047:56:
Error: The getter 'AppTheme' isn't defined for the type '_AsesorPedidosScreenState'.
 - '_AsesorPedidosScreenState' is from 'package:vercy_motos/screens/facturacion/asesor_pedidos_screen.dart' ('lib/screens/facturacion/asesor_pedidos_screen.dart').
                                                color: AppTheme.textSecondary
                                                       ^^^^^^^^
lib/screens/facturacion/asesor_pedidos_screen.dart:2056:66:
Error: The getter 'AppTheme' isn't defined for the type '_AsesorPedidosScreenState'.
 - '_AsesorPedidosScreenState' is from 'package:vercy_motos/screens/facturacion/asesor_pedidos_screen.dart' ('lib/screens/facturacion/asesor_pedidos_screen.dart').
                                                backgroundColor: AppTheme
                                                                 ^^^^^^^^
lib/screens/facturacion/asesor_pedidos_screen.dart:2065:60:
Error: The getter 'AppTheme' isn't defined for the type '_AsesorPedidosScreenState'.
 - '_AsesorPedidosScreenState' is from 'package:vercy_motos/screens/facturacion/asesor_pedidos_screen.dart' ('lib/screens/facturacion/asesor_pedidos_screen.dart').
                                                    color: AppTheme.primary,
                                                           ^^^^^^^^
lib/screens/facturacion/asesor_pedidos_screen.dart:2083:64:
Error: The getter 'AppTheme' isn't defined for the type '_AsesorPedidosScreenState'.
 - '_AsesorPedidosScreenState' is from 'package:vercy_motos/screens/facturacion/asesor_pedidos_screen.dart' ('lib/screens/facturacion/asesor_pedidos_screen.dart').
                                                        color: AppTheme
                                                               ^^^^^^^^
lib/screens/facturacion/asesor_pedidos_screen.dart:2096:64:
Error: The getter 'AppTheme' isn't defined for the type '_AsesorPedidosScreenState'.
 - '_AsesorPedidosScreenState' is from 'package:vercy_motos/screens/facturacion/asesor_pedidos_screen.dart' ('lib/screens/facturacion/asesor_pedidos_screen.dart').
                                                        color: AppTheme
                                                               ^^^^^^^^
lib/screens/facturacion/asesor_pedidos_screen.dart:2123:32:
Error: The getter 'AppTheme' isn't defined for the type '_AsesorPedidosScreenState'.
 - '_AsesorPedidosScreenState' is from 'package:vercy_motos/screens/facturacion/asesor_pedidos_screen.dart' ('lib/screens/facturacion/asesor_pedidos_screen.dart').
                        color: AppTheme.primary,
                               ^^^^^^^^
lib/screens/facturacion/asesor_pedidos_screen.dart:2138:43:
Error: The getter 'AppTheme' isn't defined for the type '_AsesorPedidosScreenState'.
 - '_AsesorPedidosScreenState' is from 'package:vercy_motos/screens/facturacion/asesor_pedidos_screen.dart' ('lib/screens/facturacion/asesor_pedidos_screen.dart').
                  style: TextStyle(color: AppTheme.textPrimary, fontSize: 13),
                                          ^^^^^^^^
lib/screens/facturacion/asesor_pedidos_screen.dart:2143:30:
Error: The getter 'AppTheme' isn't defined for the type '_AsesorPedidosScreenState'.
 - '_AsesorPedidosScreenState' is from 'package:vercy_motos/screens/facturacion/asesor_pedidos_screen.dart' ('lib/screens/facturacion/asesor_pedidos_screen.dart').
                      color: AppTheme.textSecondary,
                             ^^^^^^^^
lib/screens/facturacion/asesor_pedidos_screen.dart:2148:30:
Error: The getter 'AppTheme' isn't defined for the type '_AsesorPedidosScreenState'.
 - '_AsesorPedidosScreenState' is from 'package:vercy_motos/screens/facturacion/asesor_pedidos_screen.dart' ('lib/screens/facturacion/asesor_pedidos_screen.dart').
                      color: AppTheme.textSecondary,
                             ^^^^^^^^
lib/screens/facturacion/asesor_pedidos_screen.dart:2152:32:
Error: The getter 'AppTheme' isn't defined for the type '_AsesorPedidosScreenState'.
 - '_AsesorPedidosScreenState' is from 'package:vercy_motos/screens/facturacion/asesor_pedidos_screen.dart' ('lib/screens/facturacion/asesor_pedidos_screen.dart').
                    fillColor: AppTheme.surfaceDark,
                               ^^^^^^^^
lib/screens/facturacion/asesor_pedidos_screen.dart:2169:43:
Error: The getter 'AppTheme' isn't defined for the type '_AsesorPedidosScreenState'.
 - '_AsesorPedidosScreenState' is from 'package:vercy_motos/screens/facturacion/asesor_pedidos_screen.dart' ('lib/screens/facturacion/asesor_pedidos_screen.dart').
                  style: TextStyle(color: AppTheme.textPrimary, fontSize: 13),
                                          ^^^^^^^^
lib/screens/facturacion/asesor_pedidos_screen.dart:2173:30:
Error: The getter 'AppTheme' isn't defined for the type '_AsesorPedidosScreenState'.
 - '_AsesorPedidosScreenState' is from 'package:vercy_motos/screens/facturacion/asesor_pedidos_screen.dart' ('lib/screens/facturacion/asesor_pedidos_screen.dart').
                      color: AppTheme.textSecondary,
                             ^^^^^^^^
lib/screens/facturacion/asesor_pedidos_screen.dart:2178:30:
Error: The getter 'AppTheme' isn't defined for the type '_AsesorPedidosScreenState'.
 - '_AsesorPedidosScreenState' is from 'package:vercy_motos/screens/facturacion/asesor_pedidos_screen.dart' ('lib/screens/facturacion/asesor_pedidos_screen.dart').
                      color: AppTheme.textSecondary,
                             ^^^^^^^^
lib/screens/facturacion/asesor_pedidos_screen.dart:2182:32:
Error: The getter 'AppTheme' isn't defined for the type '_AsesorPedidosScreenState'.
 - '_AsesorPedidosScreenState' is from 'package:vercy_motos/screens/facturacion/asesor_pedidos_screen.dart' ('lib/screens/facturacion/asesor_pedidos_screen.dart').
                    fillColor: AppTheme.surfaceDark,
                               ^^^^^^^^
lib/screens/facturacion/asesor_pedidos_screen.dart:2197:24:
Error: The getter 'AppTheme' isn't defined for the type '_AsesorPedidosScreenState'.
 - '_AsesorPedidosScreenState' is from 'package:vercy_motos/screens/facturacion/asesor_pedidos_screen.dart' ('lib/screens/facturacion/asesor_pedidos_screen.dart').
        Divider(color: AppTheme.primary.withOpacity(0.3), height: 1),
                       ^^^^^^^^
lib/screens/facturacion/asesor_pedidos_screen.dart:2208:32:
Error: The getter 'AppTheme' isn't defined for the type '_AsesorPedidosScreenState'.
 - '_AsesorPedidosScreenState' is from 'package:vercy_motos/screens/facturacion/asesor_pedidos_screen.dart' ('lib/screens/facturacion/asesor_pedidos_screen.dart').
                        color: AppTheme.textSecondary,
                               ^^^^^^^^
lib/screens/facturacion/asesor_pedidos_screen.dart:2214:34:
Error: The getter 'AppTheme' isn't defined for the type '_AsesorPedidosScreenState'.
 - '_AsesorPedidosScreenState' is from 'package:vercy_motos/screens/facturacion/asesor_pedidos_screen.dart' ('lib/screens/facturacion/asesor_pedidos_screen.dart').
                          color: AppTheme.textSecondary,
                                 ^^^^^^^^
lib/screens/facturacion/asesor_pedidos_screen.dart:2222:34:
Error: The getter 'AppTheme' isn't defined for the type '_AsesorPedidosScreenState'.
 - '_AsesorPedidosScreenState' is from 'package:vercy_motos/screens/facturacion/asesor_pedidos_screen.dart' ('lib/screens/facturacion/asesor_pedidos_screen.dart').
                          color: AppTheme.textSecondary,
                                 ^^^^^^^^
lib/screens/facturacion/asesor_pedidos_screen.dart:2242:20:
Error: The getter 'AppTheme' isn't defined for the type '_AsesorPedidosScreenState'.
 - '_AsesorPedidosScreenState' is from 'package:vercy_motos/screens/facturacion/asesor_pedidos_screen.dart' ('lib/screens/facturacion/asesor_pedidos_screen.dart').
            color: AppTheme.surfaceDark,
                   ^^^^^^^^
lib/screens/facturacion/asesor_pedidos_screen.dart:2258:45:
Error: The getter 'AppTheme' isn't defined for the type '_AsesorPedidosScreenState'.
 - '_AsesorPedidosScreenState' is from 'package:vercy_motos/screens/facturacion/asesor_pedidos_screen.dart' ('lib/screens/facturacion/asesor_pedidos_screen.dart').
                    style: TextStyle(color: AppTheme.textSecondary),
                                            ^^^^^^^^
lib/screens/facturacion/asesor_pedidos_screen.dart:2263:30:
Error: The getter 'AppTheme' isn't defined for the type '_AsesorPedidosScreenState'.
 - '_AsesorPedidosScreenState' is from 'package:vercy_motos/screens/facturacion/asesor_pedidos_screen.dart' ('lib/screens/facturacion/asesor_pedidos_screen.dart').
                      color: AppTheme.textPrimary,
                             ^^^^^^^^
lib/screens/facturacion/asesor_pedidos_screen.dart:2269:30:
Error: The getter 'AppTheme' isn't defined for the type '_AsesorPedidosScreenState'.
 - '_AsesorPedidosScreenState' is from 'package:vercy_motos/screens/facturacion/asesor_pedidos_screen.dart' ('lib/screens/facturacion/asesor_pedidos_screen.dart').
              Divider(color: AppTheme.primary.withOpacity(0.3)),
                             ^^^^^^^^
lib/screens/facturacion/asesor_pedidos_screen.dart:2276:30:
Error: The getter 'AppTheme' isn't defined for the type '_AsesorPedidosScreenState'.
 - '_AsesorPedidosScreenState' is from 'package:vercy_motos/screens/facturacion/asesor_pedidos_screen.dart' ('lib/screens/facturacion/asesor_pedidos_screen.dart').
                      color: AppTheme.textPrimary,
                             ^^^^^^^^
lib/screens/facturacion/asesor_pedidos_screen.dart:2284:30:
Error: The getter 'AppTheme' isn't defined for the type '_AsesorPedidosScreenState'.
 - '_AsesorPedidosScreenState' is from 'package:vercy_motos/screens/facturacion/asesor_pedidos_screen.dart' ('lib/screens/facturacion/asesor_pedidos_screen.dart').
                      color: AppTheme.primary,
                             ^^^^^^^^
lib/screens/facturacion/asesor_pedidos_screen.dart:2305:42:
Error: The getter 'AppTheme' isn't defined for the type '_AsesorPedidosScreenState'.
 - '_AsesorPedidosScreenState' is from 'package:vercy_motos/screens/facturacion/asesor_pedidos_screen.dart' ('lib/screens/facturacion/asesor_pedidos_screen.dart').
                        foregroundColor: AppTheme.error,
                                         ^^^^^^^^
lib/screens/facturacion/asesor_pedidos_screen.dart:2306:49:
Error: The getter 'AppTheme' isn't defined for the type '_AsesorPedidosScreenState'.
 - '_AsesorPedidosScreenState' is from 'package:vercy_motos/screens/facturacion/asesor_pedidos_screen.dart' ('lib/screens/facturacion/asesor_pedidos_screen.dart').
                        side: BorderSide(color: AppTheme.error),
                                                ^^^^^^^^
lib/screens/facturacion/asesor_pedidos_screen.dart:2340:42:
Error: The getter 'AppTheme' isn't defined for the type '_AsesorPedidosScreenState'.
 - '_AsesorPedidosScreenState' is from 'package:vercy_motos/screens/facturacion/asesor_pedidos_screen.dart' ('lib/screens/facturacion/asesor_pedidos_screen.dart').
                        backgroundColor: AppTheme.primary,
                                         ^^^^^^^^
lib/screens/facturacion/asesor_pedidos_screen.dart:2342:50:
Error: The getter 'AppTheme' isn't defined for the type '_AsesorPedidosScreenState'.
 - '_AsesorPedidosScreenState' is from 'package:vercy_motos/screens/facturacion/asesor_pedidos_screen.dart' ('lib/screens/facturacion/asesor_pedidos_screen.dart').
                        disabledBackgroundColor: AppTheme.primary.withOpacity(
                                                 ^^^^^^^^
lib/screens/facturacion/asesor_pedidos_screen.dart:2378:40:
Error: 'UserProvider' isn't a type.
      final userProvider = Provider.of<UserProvider>(context, listen: false);
                                       ^^^^^^^^^^^^
lib/screens/facturacion/asesor_pedidos_screen.dart:2380:22:
Error: The method 'PedidoAsesor' isn't defined for the type '_AsesorPedidosScreenState'.
 - '_AsesorPedidosScreenState' is from 'package:vercy_motos/screens/facturacion/asesor_pedidos_screen.dart' ('lib/screens/facturacion/asesor_pedidos_screen.dart').
      final pedido = PedidoAsesor(
                     ^^^^^^^^^^^^
lib/screens/facturacion/asesor_pedidos_screen.dart:2425:5:
Error: 'ItemPedido' isn't a type.
    ItemPedido item,
    ^^^^^^^^^^
lib/screens/facturacion/asesor_pedidos_screen.dart:2433:16:
Error: The getter 'AppTheme' isn't defined for the type '_AsesorPedidosScreenState'.
 - '_AsesorPedidosScreenState' is from 'package:vercy_motos/screens/facturacion/asesor_pedidos_screen.dart' ('lib/screens/facturacion/asesor_pedidos_screen.dart').
        color: AppTheme.cardBg,
               ^^^^^^^^
lib/screens/facturacion/asesor_pedidos_screen.dart:2435:35:
Error: The getter 'AppTheme' isn't defined for the type '_AsesorPedidosScreenState'.
 - '_AsesorPedidosScreenState' is from 'package:vercy_motos/screens/facturacion/asesor_pedidos_screen.dart' ('lib/screens/facturacion/asesor_pedidos_screen.dart').
        border: Border.all(color: AppTheme.primary.withOpacity(0.2)),
                                  ^^^^^^^^
lib/screens/facturacion/asesor_pedidos_screen.dart:2449:34:
Error: The getter 'AppTheme' isn't defined for the type '_AsesorPedidosScreenState'.
 - '_AsesorPedidosScreenState' is from 'package:vercy_motos/screens/facturacion/asesor_pedidos_screen.dart' ('lib/screens/facturacion/asesor_pedidos_screen.dart').
                          color: AppTheme.textPrimary,
                                 ^^^^^^^^
lib/screens/facturacion/asesor_pedidos_screen.dart:2463:31:
Error: The getter 'AppTheme' isn't defined for the type '_AsesorPedidosScreenState'.
 - '_AsesorPedidosScreenState' is from 'package:vercy_motos/screens/facturacion/asesor_pedidos_screen.dart' ('lib/screens/facturacion/asesor_pedidos_screen.dart').
                            ? AppTheme.primary.withOpacity(0.2)
                              ^^^^^^^^
lib/screens/facturacion/asesor_pedidos_screen.dart:2464:31:
Error: The getter 'AppTheme' isn't defined for the type '_AsesorPedidosScreenState'.
 - '_AsesorPedidosScreenState' is from 'package:vercy_motos/screens/facturacion/asesor_pedidos_screen.dart' ('lib/screens/facturacion/asesor_pedidos_screen.dart').
                            : AppTheme.success.withOpacity(0.2),
                              ^^^^^^^^
lib/screens/facturacion/asesor_pedidos_screen.dart:2471:33:
Error: The getter 'AppTheme' isn't defined for the type '_AsesorPedidosScreenState'.
 - '_AsesorPedidosScreenState' is from 'package:vercy_motos/screens/facturacion/asesor_pedidos_screen.dart' ('lib/screens/facturacion/asesor_pedidos_screen.dart').
                              ? AppTheme.primary
                                ^^^^^^^^
lib/screens/facturacion/asesor_pedidos_screen.dart:2472:33:
Error: The getter 'AppTheme' isn't defined for the type '_AsesorPedidosScreenState'.
 - '_AsesorPedidosScreenState' is from 'package:vercy_motos/screens/facturacion/asesor_pedidos_screen.dart' ('lib/screens/facturacion/asesor_pedidos_screen.dart').
                              : AppTheme.success,
                                ^^^^^^^^
lib/screens/facturacion/asesor_pedidos_screen.dart:2483:43:
Error: The getter 'AppTheme' isn't defined for the type '_AsesorPedidosScreenState'.
 - '_AsesorPedidosScreenState' is from 'package:vercy_motos/screens/facturacion/asesor_pedidos_screen.dart' ('lib/screens/facturacion/asesor_pedidos_screen.dart').
                  style: TextStyle(color: AppTheme.textSecondary, fontSize: 11),
                                          ^^^^^^^^
lib/screens/facturacion/asesor_pedidos_screen.dart:2494:26:
Error: The getter 'AppTheme' isn't defined for the type '_AsesorPedidosScreenState'.
 - '_AsesorPedidosScreenState' is from 'package:vercy_motos/screens/facturacion/asesor_pedidos_screen.dart' ('lib/screens/facturacion/asesor_pedidos_screen.dart').
                  color: AppTheme.textSecondary,
                         ^^^^^^^^
lib/screens/facturacion/asesor_pedidos_screen.dart:2509:28:
Error: The getter 'AppTheme' isn't defined for the type '_AsesorPedidosScreenState'.
 - '_AsesorPedidosScreenState' is from 'package:vercy_motos/screens/facturacion/asesor_pedidos_screen.dart' ('lib/screens/facturacion/asesor_pedidos_screen.dart').
                    color: AppTheme.textPrimary,
                           ^^^^^^^^
lib/screens/facturacion/asesor_pedidos_screen.dart:2518:26:
Error: The getter 'AppTheme' isn't defined for the type '_AsesorPedidosScreenState'.
 - '_AsesorPedidosScreenState' is from 'package:vercy_motos/screens/facturacion/asesor_pedidos_screen.dart' ('lib/screens/facturacion/asesor_pedidos_screen.dart').
                  color: AppTheme.primary,
                         ^^^^^^^^
lib/screens/facturacion/asesor_pedidos_screen.dart:2533:22:
Error: The getter 'AppTheme' isn't defined for the type '_AsesorPedidosScreenState'.
 - '_AsesorPedidosScreenState' is from 'package:vercy_motos/screens/facturacion/asesor_pedidos_screen.dart' ('lib/screens/facturacion/asesor_pedidos_screen.dart').
              color: AppTheme.primary,
                     ^^^^^^^^
lib/screens/facturacion/asesor_pedidos_screen.dart:2539:53:
Error: The getter 'AppTheme' isn't defined for the type '_AsesorPedidosScreenState'.
 - '_AsesorPedidosScreenState' is from 'package:vercy_motos/screens/facturacion/asesor_pedidos_screen.dart' ('lib/screens/facturacion/asesor_pedidos_screen.dart').
            icon: Icon(Icons.delete_outline, color: AppTheme.error, size: 20),
                                                    ^^^^^^^^
lib/screens/facturacion/asesor_pedidos_screen.dart:2566:28:
Error: The getter 'AppTheme' isn't defined for the type '_AsesorPedidosScreenState'.
 - '_AsesorPedidosScreenState' is from 'package:vercy_motos/screens/facturacion/asesor_pedidos_screen.dart' ('lib/screens/facturacion/asesor_pedidos_screen.dart').
          backgroundColor: AppTheme.cardBg,
                           ^^^^^^^^
lib/screens/facturacion/asesor_pedidos_screen.dart:2569:37:
Error: The getter 'AppTheme' isn't defined for the type '_AsesorPedidosScreenState'.
 - '_AsesorPedidosScreenState' is from 'package:vercy_motos/screens/facturacion/asesor_pedidos_screen.dart' ('lib/screens/facturacion/asesor_pedidos_screen.dart').
            style: TextStyle(color: AppTheme.textPrimary),
                                    ^^^^^^^^
lib/screens/facturacion/asesor_pedidos_screen.dart:2580:50:
Error: The getter 'AppTheme' isn't defined for the type '_AsesorPedidosScreenState'.
 - '_AsesorPedidosScreenState' is from 'package:vercy_motos/screens/facturacion/asesor_pedidos_screen.dart' ('lib/screens/facturacion/asesor_pedidos_screen.dart').
                    labelStyle: TextStyle(color: AppTheme.textSecondary),
                                                 ^^^^^^^^
lib/screens/facturacion/asesor_pedidos_screen.dart:2582:32:
Error: The getter 'AppTheme' isn't defined for the type '_AsesorPedidosScreenState'.
 - '_AsesorPedidosScreenState' is from 'package:vercy_motos/screens/facturacion/asesor_pedidos_screen.dart' ('lib/screens/facturacion/asesor_pedidos_screen.dart').
                    fillColor: AppTheme.surfaceDark,
                               ^^^^^^^^
lib/screens/facturacion/asesor_pedidos_screen.dart:2588:43:
Error: The getter 'AppTheme' isn't defined for the type '_AsesorPedidosScreenState'.
 - '_AsesorPedidosScreenState' is from 'package:vercy_motos/screens/facturacion/asesor_pedidos_screen.dart' ('lib/screens/facturacion/asesor_pedidos_screen.dart').
                  style: TextStyle(color: AppTheme.textPrimary),
                                          ^^^^^^^^
lib/screens/facturacion/asesor_pedidos_screen.dart:2589:34:
Error: The getter 'AppTheme' isn't defined for the type '_AsesorPedidosScreenState'.
 - '_AsesorPedidosScreenState' is from 'package:vercy_motos/screens/facturacion/asesor_pedidos_screen.dart' ('lib/screens/facturacion/asesor_pedidos_screen.dart').
                  dropdownColor: AppTheme.surfaceDark,
                                 ^^^^^^^^
lib/screens/facturacion/asesor_pedidos_screen.dart:2606:50:
Error: The getter 'AppTheme' isn't defined for the type '_AsesorPedidosScreenState'.
 - '_AsesorPedidosScreenState' is from 'package:vercy_motos/screens/facturacion/asesor_pedidos_screen.dart' ('lib/screens/facturacion/asesor_pedidos_screen.dart').
                    labelStyle: TextStyle(color: AppTheme.textSecondary),
                                                 ^^^^^^^^
lib/screens/facturacion/asesor_pedidos_screen.dart:2608:32:
Error: The getter 'AppTheme' isn't defined for the type '_AsesorPedidosScreenState'.
 - '_AsesorPedidosScreenState' is from 'package:vercy_motos/screens/facturacion/asesor_pedidos_screen.dart' ('lib/screens/facturacion/asesor_pedidos_screen.dart').
                    fillColor: AppTheme.surfaceDark,
                               ^^^^^^^^
lib/screens/facturacion/asesor_pedidos_screen.dart:2614:43:
Error: The getter 'AppTheme' isn't defined for the type '_AsesorPedidosScreenState'.
 - '_AsesorPedidosScreenState' is from 'package:vercy_motos/screens/facturacion/asesor_pedidos_screen.dart' ('lib/screens/facturacion/asesor_pedidos_screen.dart').
                  style: TextStyle(color: AppTheme.textPrimary),
                                          ^^^^^^^^
lib/screens/facturacion/asesor_pedidos_screen.dart:2615:34:
Error: The getter 'AppTheme' isn't defined for the type '_AsesorPedidosScreenState'.
 - '_AsesorPedidosScreenState' is from 'package:vercy_motos/screens/facturacion/asesor_pedidos_screen.dart' ('lib/screens/facturacion/asesor_pedidos_screen.dart').
                  dropdownColor: AppTheme.surfaceDark,
                                 ^^^^^^^^
lib/screens/facturacion/asesor_pedidos_screen.dart:2630:43:
Error: The getter 'AppTheme' isn't defined for the type '_AsesorPedidosScreenState'.
 - '_AsesorPedidosScreenState' is from 'package:vercy_motos/screens/facturacion/asesor_pedidos_screen.dart' ('lib/screens/facturacion/asesor_pedidos_screen.dart').
                  style: TextStyle(color: AppTheme.textPrimary),
                                          ^^^^^^^^
lib/screens/facturacion/asesor_pedidos_screen.dart:2633:50:
Error: The getter 'AppTheme' isn't defined for the type '_AsesorPedidosScreenState'.
 - '_AsesorPedidosScreenState' is from 'package:vercy_motos/screens/facturacion/asesor_pedidos_screen.dart' ('lib/screens/facturacion/asesor_pedidos_screen.dart').
                    labelStyle: TextStyle(color: AppTheme.textSecondary),
                                                 ^^^^^^^^
lib/screens/facturacion/asesor_pedidos_screen.dart:2635:32:
Error: The getter 'AppTheme' isn't defined for the type '_AsesorPedidosScreenState'.
 - '_AsesorPedidosScreenState' is from 'package:vercy_motos/screens/facturacion/asesor_pedidos_screen.dart' ('lib/screens/facturacion/asesor_pedidos_screen.dart').
                    fillColor: AppTheme.surfaceDark,
                               ^^^^^^^^
lib/screens/facturacion/asesor_pedidos_screen.dart:2646:45:
Error: The getter 'AppTheme' isn't defined for the type '_AsesorPedidosScreenState'.
 - '_AsesorPedidosScreenState' is from 'package:vercy_motos/screens/facturacion/asesor_pedidos_screen.dart' ('lib/screens/facturacion/asesor_pedidos_screen.dart').
                    style: TextStyle(color: AppTheme.textPrimary),
                                            ^^^^^^^^
lib/screens/facturacion/asesor_pedidos_screen.dart:2649:52:
Error: The getter 'AppTheme' isn't defined for the type '_AsesorPedidosScreenState'.
 - '_AsesorPedidosScreenState' is from 'package:vercy_motos/screens/facturacion/asesor_pedidos_screen.dart' ('lib/screens/facturacion/asesor_pedidos_screen.dart').
                      labelStyle: TextStyle(color: AppTheme.textSecondary),
                                                   ^^^^^^^^
lib/screens/facturacion/asesor_pedidos_screen.dart:2651:34:
Error: The getter 'AppTheme' isn't defined for the type '_AsesorPedidosScreenState'.
 - '_AsesorPedidosScreenState' is from 'package:vercy_motos/screens/facturacion/asesor_pedidos_screen.dart' ('lib/screens/facturacion/asesor_pedidos_screen.dart').
                      fillColor: AppTheme.surfaceDark,
                                 ^^^^^^^^
lib/screens/facturacion/asesor_pedidos_screen.dart:2661:45:
Error: The getter 'AppTheme' isn't defined for the type '_AsesorPedidosScreenState'.
 - '_AsesorPedidosScreenState' is from 'package:vercy_motos/screens/facturacion/asesor_pedidos_screen.dart' ('lib/screens/facturacion/asesor_pedidos_screen.dart').
                    style: TextStyle(color: AppTheme.textPrimary),
                                            ^^^^^^^^
lib/screens/facturacion/asesor_pedidos_screen.dart:2664:52:
Error: The getter 'AppTheme' isn't defined for the type '_AsesorPedidosScreenState'.
 - '_AsesorPedidosScreenState' is from 'package:vercy_motos/screens/facturacion/asesor_pedidos_screen.dart' ('lib/screens/facturacion/asesor_pedidos_screen.dart').
                      labelStyle: TextStyle(color: AppTheme.textSecondary),
                                                   ^^^^^^^^
lib/screens/facturacion/asesor_pedidos_screen.dart:2666:34:
Error: The getter 'AppTheme' isn't defined for the type '_AsesorPedidosScreenState'.
 - '_AsesorPedidosScreenState' is from 'package:vercy_motos/screens/facturacion/asesor_pedidos_screen.dart' ('lib/screens/facturacion/asesor_pedidos_screen.dart').
                      fillColor: AppTheme.surfaceDark,
                                 ^^^^^^^^
lib/screens/facturacion/asesor_pedidos_screen.dart:2677:45:
Error: The getter 'AppTheme' isn't defined for the type '_AsesorPedidosScreenState'.
 - '_AsesorPedidosScreenState' is from 'package:vercy_motos/screens/facturacion/asesor_pedidos_screen.dart' ('lib/screens/facturacion/asesor_pedidos_screen.dart').
                    style: TextStyle(color: AppTheme.textPrimary),
                                            ^^^^^^^^
lib/screens/facturacion/asesor_pedidos_screen.dart:2680:52:
Error: The getter 'AppTheme' isn't defined for the type '_AsesorPedidosScreenState'.
 - '_AsesorPedidosScreenState' is from 'package:vercy_motos/screens/facturacion/asesor_pedidos_screen.dart' ('lib/screens/facturacion/asesor_pedidos_screen.dart').
                      labelStyle: TextStyle(color: AppTheme.textSecondary),
                                                   ^^^^^^^^
lib/screens/facturacion/asesor_pedidos_screen.dart:2682:34:
Error: The getter 'AppTheme' isn't defined for the type '_AsesorPedidosScreenState'.
 - '_AsesorPedidosScreenState' is from 'package:vercy_motos/screens/facturacion/asesor_pedidos_screen.dart' ('lib/screens/facturacion/asesor_pedidos_screen.dart').
                      fillColor: AppTheme.surfaceDark,
                                 ^^^^^^^^
lib/screens/facturacion/asesor_pedidos_screen.dart:2693:43:
Error: The getter 'AppTheme' isn't defined for the type '_AsesorPedidosScreenState'.
 - '_AsesorPedidosScreenState' is from 'package:vercy_motos/screens/facturacion/asesor_pedidos_screen.dart' ('lib/screens/facturacion/asesor_pedidos_screen.dart').
                  style: TextStyle(color: AppTheme.textPrimary),
                                          ^^^^^^^^
lib/screens/facturacion/asesor_pedidos_screen.dart:2697:50:
Error: The getter 'AppTheme' isn't defined for the type '_AsesorPedidosScreenState'.
 - '_AsesorPedidosScreenState' is from 'package:vercy_motos/screens/facturacion/asesor_pedidos_screen.dart' ('lib/screens/facturacion/asesor_pedidos_screen.dart').
                    labelStyle: TextStyle(color: AppTheme.textSecondary),
                                                 ^^^^^^^^
lib/screens/facturacion/asesor_pedidos_screen.dart:2699:32:
Error: The getter 'AppTheme' isn't defined for the type '_AsesorPedidosScreenState'.
 - '_AsesorPedidosScreenState' is from 'package:vercy_motos/screens/facturacion/asesor_pedidos_screen.dart' ('lib/screens/facturacion/asesor_pedidos_screen.dart').
                    fillColor: AppTheme.surfaceDark,
                               ^^^^^^^^
lib/screens/facturacion/asesor_pedidos_screen.dart:2709:43:
Error: The getter 'AppTheme' isn't defined for the type '_AsesorPedidosScreenState'.
 - '_AsesorPedidosScreenState' is from 'package:vercy_motos/screens/facturacion/asesor_pedidos_screen.dart' ('lib/screens/facturacion/asesor_pedidos_screen.dart').
                  style: TextStyle(color: AppTheme.textPrimary),
                                          ^^^^^^^^
lib/screens/facturacion/asesor_pedidos_screen.dart:2713:50:
Error: The getter 'AppTheme' isn't defined for the type '_AsesorPedidosScreenState'.
 - '_AsesorPedidosScreenState' is from 'package:vercy_motos/screens/facturacion/asesor_pedidos_screen.dart' ('lib/screens/facturacion/asesor_pedidos_screen.dart').
                    labelStyle: TextStyle(color: AppTheme.textSecondary),
                                                 ^^^^^^^^
lib/screens/facturacion/asesor_pedidos_screen.dart:2715:32:
Error: The getter 'AppTheme' isn't defined for the type '_AsesorPedidosScreenState'.
 - '_AsesorPedidosScreenState' is from 'package:vercy_motos/screens/facturacion/asesor_pedidos_screen.dart' ('lib/screens/facturacion/asesor_pedidos_screen.dart').
                    fillColor: AppTheme.surfaceDark,
                               ^^^^^^^^
lib/screens/facturacion/asesor_pedidos_screen.dart:2730:41:
Error: The getter 'AppTheme' isn't defined for the type '_AsesorPedidosScreenState'.
 - '_AsesorPedidosScreenState' is from 'package:vercy_motos/screens/facturacion/asesor_pedidos_screen.dart' ('lib/screens/facturacion/asesor_pedidos_screen.dart').
                style: TextStyle(color: AppTheme.textSecondary),
                                        ^^^^^^^^
lib/screens/facturacion/asesor_pedidos_screen.dart:2800:34:
Error: The getter 'AppTheme' isn't defined for the type '_AsesorPedidosScreenState'.
 - '_AsesorPedidosScreenState' is from 'package:vercy_motos/screens/facturacion/asesor_pedidos_screen.dart' ('lib/screens/facturacion/asesor_pedidos_screen.dart').
                backgroundColor: AppTheme.primary,
                                 ^^^^^^^^
lib/screens/facturacion/asesor_pedidos_screen.dart:2754:40:
Error: The method 'Cliente' isn't defined for the type '_AsesorPedidosScreenState'.
 - '_AsesorPedidosScreenState' is from 'package:vercy_motos/screens/facturacion/asesor_pedidos_screen.dart' ('lib/screens/facturacion/asesor_pedidos_screen.dart').
                  final nuevoCliente = Cliente(
                                       ^^^^^^^
lib/screens/facturacion/asesor_pedidos_screen.dart:2855:28:
Error: The getter 'AppTheme' isn't defined for the type '_ScannerScreenState'.
 - '_ScannerScreenState' is from 'package:vercy_motos/screens/facturacion/asesor_pedidos_screen.dart' ('lib/screens/facturacion/asesor_pedidos_screen.dart').
          backgroundColor: AppTheme.primary,
                           ^^^^^^^^
lib/screens/facturacion/asesor_pedidos_screen.dart:2861:60:
Error: The getter 'AppTheme' isn't defined for the type '_ScannerScreenState'.
 - '_ScannerScreenState' is from 'package:vercy_motos/screens/facturacion/asesor_pedidos_screen.dart' ('lib/screens/facturacion/asesor_pedidos_screen.dart').
              Icon(Icons.warning_rounded, size: 64, color: AppTheme.warning),
                                                           ^^^^^^^^
lib/screens/facturacion/asesor_pedidos_screen.dart:2868:26:
Error: The getter 'AppTheme' isn't defined for the type '_ScannerScreenState'.
 - '_ScannerScreenState' is from 'package:vercy_motos/screens/facturacion/asesor_pedidos_screen.dart' ('lib/screens/facturacion/asesor_pedidos_screen.dart').
                  color: AppTheme.textPrimary,
                         ^^^^^^^^
lib/screens/facturacion/asesor_pedidos_screen.dart:2875:55:
Error: The getter 'AppTheme' isn't defined for the type '_ScannerScreenState'.
 - '_ScannerScreenState' is from 'package:vercy_motos/screens/facturacion/asesor_pedidos_screen.dart' ('lib/screens/facturacion/asesor_pedidos_screen.dart').
                style: TextStyle(fontSize: 14, color: AppTheme.textSecondary),
                                                      ^^^^^^^^
lib/screens/facturacion/asesor_pedidos_screen.dart:2891:26:
Error: The getter 'AppTheme' isn't defined for the type '_ScannerScreenState'.
 - '_ScannerScreenState' is from 'package:vercy_motos/screens/facturacion/asesor_pedidos_screen.dart' ('lib/screens/facturacion/asesor_pedidos_screen.dart').
        backgroundColor: AppTheme.primary,
                         ^^^^^^^^
lib/screens/facturacion/asesor_pedidos_screen.dart:2927:54:
Error: The getter 'AppTheme' isn't defined for the type '_ScannerScreenState'.
 - '_ScannerScreenState' is from 'package:vercy_motos/screens/facturacion/asesor_pedidos_screen.dart' ('lib/screens/facturacion/asesor_pedidos_screen.dart').
                    Icon(Icons.error_outline, color: AppTheme.error, size: 48),
                                                     ^^^^^^^^
lib/screens/facturacion/asesor_pedidos_screen.dart:2932:32:
Error: The getter 'AppTheme' isn't defined for the type '_ScannerScreenState'.
 - '_ScannerScreenState' is from 'package:vercy_motos/screens/facturacion/asesor_pedidos_screen.dart' ('lib/screens/facturacion/asesor_pedidos_screen.dart').
                        color: AppTheme.textPrimary,
                               ^^^^^^^^
lib/screens/facturacion/asesor_pedidos_screen.dart:2940:32:
Error: The getter 'AppTheme' isn't defined for the type '_ScannerScreenState'.
 - '_ScannerScreenState' is from 'package:vercy_motos/screens/facturacion/asesor_pedidos_screen.dart' ('lib/screens/facturacion/asesor_pedidos_screen.dart').
                        color: AppTheme.textSecondary,
                               ^^^^^^^^
lib/screens/admin/admin_pedidos_asesor_screen.dart:16:9:
Error: 'PedidoAsesorService' isn't a type.
  final PedidoAsesorService _pedidoService = PedidoAsesorService();
        ^^^^^^^^^^^^^^^^^^^
lib/screens/admin/admin_pedidos_asesor_screen.dart:16:46:
Error: Method not found: 'PedidoAsesorService'.
  final PedidoAsesorService _pedidoService = PedidoAsesorService();
                                             ^^^^^^^^^^^^^^^^^^^
lib/screens/admin/admin_pedidos_asesor_screen.dart:18:8:
Error: 'PedidoAsesor' isn't a type.
  List<PedidoAsesor> _pedidos = [];
       ^^^^^^^^^^^^
lib/screens/admin/admin_pedidos_asesor_screen.dart:19:8:
Error: 'PedidoAsesor' isn't a type.
  List<PedidoAsesor> _pedidosFiltrados = [];
       ^^^^^^^^^^^^
lib/screens/admin/admin_pedidos_asesor_screen.dart:50:29:
Error: The getter 'estado' isn't defined for the type 'Object?'.
 - 'Object' is from 'dart:core'.
            .where((p) => p.estado == _filtroEstado)
                            ^^^^^^
lib/screens/admin/admin_pedidos_asesor_screen.dart:55:21:
Error: The getter 'fechaCreacion' isn't defined for the type 'Object?'.
 - 'Object' is from 'dart:core'.
        (a, b) => b.fechaCreacion.compareTo(a.fechaCreacion),
                    ^^^^^^^^^^^^^
lib/screens/admin/admin_pedidos_asesor_screen.dart:55:47:
Error: The getter 'fechaCreacion' isn't defined for the type 'Object?'.
 - 'Object' is from 'dart:core'.
        (a, b) => b.fechaCreacion.compareTo(a.fechaCreacion),
                                              ^^^^^^^^^^^^^
lib/screens/admin/admin_pedidos_asesor_screen.dart:60:27:
Error: 'PedidoAsesor' isn't a type.
  void _seleccionarPedido(PedidoAsesor pedido) async {
                          ^^^^^^^^^^^^
lib/screens/admin/admin_pedidos_asesor_screen.dart:64:31:
Error: The method 'FacturacionScreen' isn't defined for the type '_AdminPedidosAsesorScreenState'.
 - '_AdminPedidosAsesorScreenState' is from 'package:vercy_motos/screens/admin/admin_pedidos_asesor_screen.dart' ('lib/screens/admin/admin_pedidos_asesor_screen.dart').
        builder: (context) => FacturacionScreen(pedidoAsesor: pedido),
                              ^^^^^^^^^^^^^^^^^
lib/screens/admin/admin_pedidos_asesor_screen.dart:75:26:
Error: The getter 'AppTheme' isn't defined for the type '_AdminPedidosAsesorScreenState'.
 - '_AdminPedidosAsesorScreenState' is from 'package:vercy_motos/screens/admin/admin_pedidos_asesor_screen.dart' ('lib/screens/admin/admin_pedidos_asesor_screen.dart').
        backgroundColor: AppTheme.cardBg,
                         ^^^^^^^^
lib/screens/admin/admin_pedidos_asesor_screen.dart:78:35:
Error: The getter 'AppTheme' isn't defined for the type '_AdminPedidosAsesorScreenState'.
 - '_AdminPedidosAsesorScreenState' is from 'package:vercy_motos/screens/admin/admin_pedidos_asesor_screen.dart' ('lib/screens/admin/admin_pedidos_asesor_screen.dart').
          style: TextStyle(color: AppTheme.textPrimary),
                                  ^^^^^^^^
lib/screens/admin/admin_pedidos_asesor_screen.dart:82:35:
Error: The getter 'AppTheme' isn't defined for the type '_AdminPedidosAsesorScreenState'.
 - '_AdminPedidosAsesorScreenState' is from 'package:vercy_motos/screens/admin/admin_pedidos_asesor_screen.dart' ('lib/screens/admin/admin_pedidos_asesor_screen.dart').
          style: TextStyle(color: AppTheme.textSecondary),
                                  ^^^^^^^^
lib/screens/admin/admin_pedidos_asesor_screen.dart:87:55:
Error: The getter 'AppTheme' isn't defined for the type '_AdminPedidosAsesorScreenState'.
 - '_AdminPedidosAsesorScreenState' is from 'package:vercy_motos/screens/admin/admin_pedidos_asesor_screen.dart' ('lib/screens/admin/admin_pedidos_asesor_screen.dart').
            child: Text('No', style: TextStyle(color: AppTheme.textSecondary)),
                                                      ^^^^^^^^
lib/screens/admin/admin_pedidos_asesor_screen.dart:93:39:
Error: The getter 'AppTheme' isn't defined for the type '_AdminPedidosAsesorScreenState'.
 - '_AdminPedidosAsesorScreenState' is from 'package:vercy_motos/screens/admin/admin_pedidos_asesor_screen.dart' ('lib/screens/admin/admin_pedidos_asesor_screen.dart').
              style: TextStyle(color: AppTheme.error),
                                      ^^^^^^^^
lib/screens/admin/admin_pedidos_asesor_screen.dart:118:16:
Error: The getter 'AppTheme' isn't defined for the type '_AdminPedidosAsesorScreenState'.
 - '_AdminPedidosAsesorScreenState' is from 'package:vercy_motos/screens/admin/admin_pedidos_asesor_screen.dart' ('lib/screens/admin/admin_pedidos_asesor_screen.dart').
        return AppTheme.error;
               ^^^^^^^^
lib/screens/admin/admin_pedidos_asesor_screen.dart:120:16:
Error: The getter 'AppTheme' isn't defined for the type '_AdminPedidosAsesorScreenState'.
 - '_AdminPedidosAsesorScreenState' is from 'package:vercy_motos/screens/admin/admin_pedidos_asesor_screen.dart' ('lib/screens/admin/admin_pedidos_asesor_screen.dart').
        return AppTheme.textSecondary;
               ^^^^^^^^
lib/screens/admin/admin_pedidos_asesor_screen.dart:127:24:
Error: The getter 'AppTheme' isn't defined for the type '_AdminPedidosAsesorScreenState'.
 - '_AdminPedidosAsesorScreenState' is from 'package:vercy_motos/screens/admin/admin_pedidos_asesor_screen.dart' ('lib/screens/admin/admin_pedidos_asesor_screen.dart').
      backgroundColor: AppTheme.backgroundDark,
                       ^^^^^^^^
lib/screens/admin/admin_pedidos_asesor_screen.dart:133:26:
Error: The getter 'AppTheme' isn't defined for the type '_AdminPedidosAsesorScreenState'.
 - '_AdminPedidosAsesorScreenState' is from 'package:vercy_motos/screens/admin/admin_pedidos_asesor_screen.dart' ('lib/screens/admin/admin_pedidos_asesor_screen.dart').
        backgroundColor: AppTheme.primary,
                         ^^^^^^^^
lib/screens/admin/admin_pedidos_asesor_screen.dart:161:61:
Error: The getter 'AppTheme' isn't defined for the type '_AdminPedidosAsesorScreenState'.
 - '_AdminPedidosAsesorScreenState' is from 'package:vercy_motos/screens/admin/admin_pedidos_asesor_screen.dart' ('lib/screens/admin/admin_pedidos_asesor_screen.dart').
                    child: CircularProgressIndicator(color: AppTheme.primary),
                                                            ^^^^^^^^
lib/screens/admin/admin_pedidos_asesor_screen.dart:176:16:
Error: The getter 'AppTheme' isn't defined for the type '_AdminPedidosAsesorScreenState'.
 - '_AdminPedidosAsesorScreenState' is from 'package:vercy_motos/screens/admin/admin_pedidos_asesor_screen.dart' ('lib/screens/admin/admin_pedidos_asesor_screen.dart').
        color: AppTheme.surfaceDark,
               ^^^^^^^^
lib/screens/admin/admin_pedidos_asesor_screen.dart:178:37:
Error: The getter 'AppTheme' isn't defined for the type '_AdminPedidosAsesorScreenState'.
 - '_AdminPedidosAsesorScreenState' is from 'package:vercy_motos/screens/admin/admin_pedidos_asesor_screen.dart' ('lib/screens/admin/admin_pedidos_asesor_screen.dart').
          bottom: BorderSide(color: AppTheme.primary.withOpacity(0.3)),
                                    ^^^^^^^^
lib/screens/admin/admin_pedidos_asesor_screen.dart:186:22:
Error: The getter 'AppTheme' isn't defined for the type '_AdminPedidosAsesorScreenState'.
 - '_AdminPedidosAsesorScreenState' is from 'package:vercy_motos/screens/admin/admin_pedidos_asesor_screen.dart' ('lib/screens/admin/admin_pedidos_asesor_screen.dart').
              color: AppTheme.textPrimary,
                     ^^^^^^^^
lib/screens/admin/admin_pedidos_asesor_screen.dart:213:24:
Error: The getter 'AppTheme' isn't defined for the type '_AdminPedidosAsesorScreenState'.
 - '_AdminPedidosAsesorScreenState' is from 'package:vercy_motos/screens/admin/admin_pedidos_asesor_screen.dart' ('lib/screens/admin/admin_pedidos_asesor_screen.dart').
        selectedColor: AppTheme.primary,
                       ^^^^^^^^
lib/screens/admin/admin_pedidos_asesor_screen.dart:214:26:
Error: The getter 'AppTheme' isn't defined for the type '_AdminPedidosAsesorScreenState'.
 - '_AdminPedidosAsesorScreenState' is from 'package:vercy_motos/screens/admin/admin_pedidos_asesor_screen.dart' ('lib/screens/admin/admin_pedidos_asesor_screen.dart').
        backgroundColor: AppTheme.cardBg,
                         ^^^^^^^^
lib/screens/admin/admin_pedidos_asesor_screen.dart:216:46:
Error: The getter 'AppTheme' isn't defined for the type '_AdminPedidosAsesorScreenState'.
 - '_AdminPedidosAsesorScreenState' is from 'package:vercy_motos/screens/admin/admin_pedidos_asesor_screen.dart' ('lib/screens/admin/admin_pedidos_asesor_screen.dart').
          color: isSelected ? Colors.white : AppTheme.textSecondary,
                                             ^^^^^^^^
lib/screens/admin/admin_pedidos_asesor_screen.dart:228:46:
Error: The getter 'AppTheme' isn't defined for the type '_AdminPedidosAsesorScreenState'.
 - '_AdminPedidosAsesorScreenState' is from 'package:vercy_motos/screens/admin/admin_pedidos_asesor_screen.dart' ('lib/screens/admin/admin_pedidos_asesor_screen.dart').
          Icon(Icons.inbox, size: 80, color: AppTheme.textSecondary),
                                             ^^^^^^^^
lib/screens/admin/admin_pedidos_asesor_screen.dart:232:37:
Error: The getter 'AppTheme' isn't defined for the type '_AdminPedidosAsesorScreenState'.
 - '_AdminPedidosAsesorScreenState' is from 'package:vercy_motos/screens/admin/admin_pedidos_asesor_screen.dart' ('lib/screens/admin/admin_pedidos_asesor_screen.dart').
            style: TextStyle(color: AppTheme.textSecondary, fontSize: 16),
                                    ^^^^^^^^
lib/screens/admin/admin_pedidos_asesor_screen.dart:250:27:
Error: 'PedidoAsesor' isn't a type.
  Widget _buildPedidoCard(PedidoAsesor pedido) {
                          ^^^^^^^^^^^^
lib/screens/admin/admin_pedidos_asesor_screen.dart:252:14:
Error: The getter 'AppTheme' isn't defined for the type '_AdminPedidosAsesorScreenState'.
 - '_AdminPedidosAsesorScreenState' is from 'package:vercy_motos/screens/admin/admin_pedidos_asesor_screen.dart' ('lib/screens/admin/admin_pedidos_asesor_screen.dart').
      color: AppTheme.cardBg,
             ^^^^^^^^
lib/screens/admin/admin_pedidos_asesor_screen.dart:269:28:
Error: The getter 'AppTheme' isn't defined for the type '_AdminPedidosAsesorScreenState'.
 - '_AdminPedidosAsesorScreenState' is from 'package:vercy_motos/screens/admin/admin_pedidos_asesor_screen.dart' ('lib/screens/admin/admin_pedidos_asesor_screen.dart').
                    color: AppTheme.primary.withOpacity(0.3),
                           ^^^^^^^^
lib/screens/admin/admin_pedidos_asesor_screen.dart:291:38:
Error: The getter 'AppTheme' isn't defined for the type '_AdminPedidosAsesorScreenState'.
 - '_AdminPedidosAsesorScreenState' is from 'package:vercy_motos/screens/admin/admin_pedidos_asesor_screen.dart' ('lib/screens/admin/admin_pedidos_asesor_screen.dart').
                              color: AppTheme.primary,
                                     ^^^^^^^^
lib/screens/admin/admin_pedidos_asesor_screen.dart:299:42:
Error: The getter 'AppTheme' isn't defined for the type '_AdminPedidosAsesorScreenState'.
 - '_AdminPedidosAsesorScreenState' is from 'package:vercy_motos/screens/admin/admin_pedidos_asesor_screen.dart' ('lib/screens/admin/admin_pedidos_asesor_screen.dart').
                                  color: AppTheme.textPrimary,
                                         ^^^^^^^^
lib/screens/admin/admin_pedidos_asesor_screen.dart:313:38:
Error: The getter 'AppTheme' isn't defined for the type '_AdminPedidosAsesorScreenState'.
 - '_AdminPedidosAsesorScreenState' is from 'package:vercy_motos/screens/admin/admin_pedidos_asesor_screen.dart' ('lib/screens/admin/admin_pedidos_asesor_screen.dart').
                              color: AppTheme.textSecondary,
                                     ^^^^^^^^
lib/screens/admin/admin_pedidos_asesor_screen.dart:320:40:
Error: The getter 'AppTheme' isn't defined for the type '_AdminPedidosAsesorScreenState'.
 - '_AdminPedidosAsesorScreenState' is from 'package:vercy_motos/screens/admin/admin_pedidos_asesor_screen.dart' ('lib/screens/admin/admin_pedidos_asesor_screen.dart').
                                color: AppTheme.textSecondary,
                                       ^^^^^^^^
lib/screens/admin/admin_pedidos_asesor_screen.dart:362:38:
Error: The getter 'AppTheme' isn't defined for the type '_AdminPedidosAsesorScreenState'.
 - '_AdminPedidosAsesorScreenState' is from 'package:vercy_motos/screens/admin/admin_pedidos_asesor_screen.dart' ('lib/screens/admin/admin_pedidos_asesor_screen.dart').
                              color: AppTheme.primary,
                                     ^^^^^^^^
lib/screens/admin/admin_pedidos_asesor_screen.dart:369:40:
Error: The getter 'AppTheme' isn't defined for the type '_AdminPedidosAsesorScreenState'.
 - '_AdminPedidosAsesorScreenState' is from 'package:vercy_motos/screens/admin/admin_pedidos_asesor_screen.dart' ('lib/screens/admin/admin_pedidos_asesor_screen.dart').
                                color: AppTheme.primary,
                                       ^^^^^^^^
lib/screens/admin/admin_pedidos_asesor_screen.dart:382:30:
Error: The getter 'AppTheme' isn't defined for the type '_AdminPedidosAsesorScreenState'.
 - '_AdminPedidosAsesorScreenState' is from 'package:vercy_motos/screens/admin/admin_pedidos_asesor_screen.dart' ('lib/screens/admin/admin_pedidos_asesor_screen.dart').
              Divider(color: AppTheme.primary.withOpacity(0.3)),
                             ^^^^^^^^
lib/screens/admin/admin_pedidos_asesor_screen.dart:388:26:
Error: The getter 'AppTheme' isn't defined for the type '_AdminPedidosAsesorScreenState'.
 - '_AdminPedidosAsesorScreenState' is from 'package:vercy_motos/screens/admin/admin_pedidos_asesor_screen.dart' ('lib/screens/admin/admin_pedidos_asesor_screen.dart').
                  color: AppTheme.textSecondary,
                         ^^^^^^^^
lib/screens/admin/admin_pedidos_asesor_screen.dart:402:34:
Error: The getter 'AppTheme' isn't defined for the type '_AdminPedidosAsesorScreenState'.
 - '_AdminPedidosAsesorScreenState' is from 'package:vercy_motos/screens/admin/admin_pedidos_asesor_screen.dart' ('lib/screens/admin/admin_pedidos_asesor_screen.dart').
                          color: AppTheme.textPrimary,
                                 ^^^^^^^^
lib/screens/admin/admin_pedidos_asesor_screen.dart:414:30:
Error: The getter 'AppTheme' isn't defined for the type '_AdminPedidosAsesorScreenState'.
 - '_AdminPedidosAsesorScreenState' is from 'package:vercy_motos/screens/admin/admin_pedidos_asesor_screen.dart' ('lib/screens/admin/admin_pedidos_asesor_screen.dart').
                      color: AppTheme.textSecondary,
                             ^^^^^^^^
lib/screens/admin/admin_pedidos_asesor_screen.dart:426:28:
Error: The getter 'AppTheme' isn't defined for the type '_AdminPedidosAsesorScreenState'.
 - '_AdminPedidosAsesorScreenState' is from 'package:vercy_motos/screens/admin/admin_pedidos_asesor_screen.dart' ('lib/screens/admin/admin_pedidos_asesor_screen.dart').
                    color: AppTheme.textSecondary,
                           ^^^^^^^^
lib/screens/admin/admin_pedidos_asesor_screen.dart:434:28:
Error: The getter 'AppTheme' isn't defined for the type '_AdminPedidosAsesorScreenState'.
 - '_AdminPedidosAsesorScreenState' is from 'package:vercy_motos/screens/admin/admin_pedidos_asesor_screen.dart' ('lib/screens/admin/admin_pedidos_asesor_screen.dart').
                    color: AppTheme.textPrimary,
                           ^^^^^^^^
lib/screens/admin/admin_pedidos_asesor_screen.dart:451:34:
Error: The getter 'AppTheme' isn't defined for the type '_AdminPedidosAsesorScreenState'.
 - '_AdminPedidosAsesorScreenState' is from 'package:vercy_motos/screens/admin/admin_pedidos_asesor_screen.dart' ('lib/screens/admin/admin_pedidos_asesor_screen.dart').
                          color: AppTheme.primary,
                                 ^^^^^^^^
lib/screens/admin/admin_pedidos_asesor_screen.dart:459:34:
Error: The getter 'AppTheme' isn't defined for the type '_AdminPedidosAsesorScreenState'.
 - '_AdminPedidosAsesorScreenState' is from 'package:vercy_motos/screens/admin/admin_pedidos_asesor_screen.dart' ('lib/screens/admin/admin_pedidos_asesor_screen.dart').
                          color: AppTheme.textSecondary,
                                 ^^^^^^^^
lib/screens/admin/admin_pedidos_asesor_screen.dart:469:59:
Error: The getter 'AppTheme' isn't defined for the type '_AdminPedidosAsesorScreenState'.
 - '_AdminPedidosAsesorScreenState' is from 'package:vercy_motos/screens/admin/admin_pedidos_asesor_screen.dart' ('lib/screens/admin/admin_pedidos_asesor_screen.dart').
                          icon: Icon(Icons.cancel, color: AppTheme.error),
                                                          ^^^^^^^^
lib/screens/admin/admin_pedidos_asesor_screen.dart:482:46:
Error: The getter 'AppTheme' isn't defined for the type '_AdminPedidosAsesorScreenState'.
 - '_AdminPedidosAsesorScreenState' is from 'package:vercy_motos/screens/admin/admin_pedidos_asesor_screen.dart' ('lib/screens/admin/admin_pedidos_asesor_screen.dart').
                            backgroundColor: AppTheme.primary,
                                             ^^^^^^^^
lib/screens/compras/proveedores_list_screen.dart:20:9:
Error: 'ProveedorService' isn't a type.
  final ProveedorService _proveedorService = ProveedorService();
        ^^^^^^^^^^^^^^^^
lib/screens/compras/proveedores_list_screen.dart:20:46:
Error: Method not found: 'ProveedorService'.
  final ProveedorService _proveedorService = ProveedorService();
                                             ^^^^^^^^^^^^^^^^
lib/screens/compras/proveedores_list_screen.dart:27:8:
Error: 'Proveedor' isn't a type.
  List<Proveedor> _proveedores = [];
       ^^^^^^^^^
lib/screens/compras/proveedores_list_screen.dart:28:8:
Error: 'Proveedor' isn't a type.
  List<Proveedor> _proveedoresFiltrados = [];
       ^^^^^^^^^
lib/screens/compras/proveedores_list_screen.dart:71:23:
Error: The getter 'nombre' isn't defined for the type 'Object?'.
 - 'Object' is from 'dart:core'.
            proveedor.nombre.toLowerCase().contains(
                      ^^^^^^
lib/screens/compras/proveedores_list_screen.dart:76:24:
Error: The getter 'telefono' isn't defined for the type 'Object?'.
 - 'Object' is from 'dart:core'.
            (proveedor.telefono?.toLowerCase().contains(
                       ^^^^^^^^
lib/screens/compras/proveedores_list_screen.dart:82:24:
Error: The getter 'direccion' isn't defined for the type 'Object?'.
 - 'Object' is from 'dart:core'.
            (proveedor.direccion?.toLowerCase().contains(
                       ^^^^^^^^^
lib/screens/compras/proveedores_list_screen.dart:106:24:
Error: The getter 'AppTheme' isn't defined for the type '_ProveedoresListScreenState'.
 - '_ProveedoresListScreenState' is from 'package:vercy_motos/screens/compras/proveedores_list_screen.dart' ('lib/screens/compras/proveedores_list_screen.dart').
                color: AppTheme.textPrimary,
                       ^^^^^^^^
lib/screens/compras/proveedores_list_screen.dart:93:12:
Error: The method 'VercySidebarLayout' isn't defined for the type '_ProveedoresListScreenState'.
 - '_ProveedoresListScreenState' is from 'package:vercy_motos/screens/compras/proveedores_list_screen.dart' ('lib/screens/compras/proveedores_list_screen.dart').
    return VercySidebarLayout(
           ^^^^^^^^^^^^^^^^^^
lib/screens/compras/proveedores_list_screen.dart:127:16:
Error: The getter 'AppTheme' isn't defined for the type '_ProveedoresListScreenState'.
 - '_ProveedoresListScreenState' is from 'package:vercy_motos/screens/compras/proveedores_list_screen.dart' ('lib/screens/compras/proveedores_list_screen.dart').
        color: AppTheme.cardBg,
               ^^^^^^^^
lib/screens/compras/proveedores_list_screen.dart:176:32:
Error: The getter 'AppTheme' isn't defined for the type '_ProveedoresListScreenState'.
 - '_ProveedoresListScreenState' is from 'package:vercy_motos/screens/compras/proveedores_list_screen.dart' ('lib/screens/compras/proveedores_list_screen.dart').
              backgroundColor: AppTheme.primary,
                               ^^^^^^^^
lib/screens/compras/proveedores_list_screen.dart:197:32:
Error: The getter 'AppTheme' isn't defined for the type '_ProveedoresListScreenState'.
 - '_ProveedoresListScreenState' is from 'package:vercy_motos/screens/compras/proveedores_list_screen.dart' ('lib/screens/compras/proveedores_list_screen.dart').
              backgroundColor: AppTheme.success,
                               ^^^^^^^^
lib/screens/compras/proveedores_list_screen.dart:221:32:
Error: The getter 'AppTheme' isn't defined for the type '_ProveedoresListScreenState'.
 - '_ProveedoresListScreenState' is from 'package:vercy_motos/screens/compras/proveedores_list_screen.dart' ('lib/screens/compras/proveedores_list_screen.dart').
              backgroundColor: AppTheme.primary,
                               ^^^^^^^^
lib/screens/compras/proveedores_list_screen.dart:233:22:
Error: The getter 'AppTheme' isn't defined for the type '_ProveedoresListScreenState'.
 - '_ProveedoresListScreenState' is from 'package:vercy_motos/screens/compras/proveedores_list_screen.dart' ('lib/screens/compras/proveedores_list_screen.dart').
              color: AppTheme.primary,
                     ^^^^^^^^
lib/screens/compras/proveedores_list_screen.dart:251:22:
Error: The getter 'AppTheme' isn't defined for the type '_ProveedoresListScreenState'.
 - '_ProveedoresListScreenState' is from 'package:vercy_motos/screens/compras/proveedores_list_screen.dart' ('lib/screens/compras/proveedores_list_screen.dart').
              color: AppTheme.primary,
                     ^^^^^^^^
lib/screens/compras/proveedores_list_screen.dart:277:31:
Error: The getter 'AppTheme' isn't defined for the type '_ProveedoresListScreenState'.
 - '_ProveedoresListScreenState' is from 'package:vercy_motos/screens/compras/proveedores_list_screen.dart' ('lib/screens/compras/proveedores_list_screen.dart').
      style: TextStyle(color: AppTheme.textPrimary, fontSize: 14),
                              ^^^^^^^^
lib/screens/compras/proveedores_list_screen.dart:282:20:
Error: The getter 'AppTheme' isn't defined for the type '_ProveedoresListScreenState'.
 - '_ProveedoresListScreenState' is from 'package:vercy_motos/screens/compras/proveedores_list_screen.dart' ('lib/screens/compras/proveedores_list_screen.dart').
        fillColor: AppTheme.surfaceDark,
                   ^^^^^^^^
lib/screens/compras/proveedores_list_screen.dart:294:41:
Error: The getter 'AppTheme' isn't defined for the type '_ProveedoresListScreenState'.
 - '_ProveedoresListScreenState' is from 'package:vercy_motos/screens/compras/proveedores_list_screen.dart' ('lib/screens/compras/proveedores_list_screen.dart').
          borderSide: BorderSide(color: AppTheme.primary, width: 2),
                                        ^^^^^^^^
lib/screens/compras/proveedores_list_screen.dart:302:61:
Error: The getter 'AppTheme' isn't defined for the type '_ProveedoresListScreenState'.
 - '_ProveedoresListScreenState' is from 'package:vercy_motos/screens/compras/proveedores_list_screen.dart' ('lib/screens/compras/proveedores_list_screen.dart').
      return Center(child: CircularProgressIndicator(color: AppTheme.primary));
                                                            ^^^^^^^^
lib/screens/compras/proveedores_list_screen.dart:307:16:
Error: The getter 'AppTheme' isn't defined for the type '_ProveedoresListScreenState'.
 - '_ProveedoresListScreenState' is from 'package:vercy_motos/screens/compras/proveedores_list_screen.dart' ('lib/screens/compras/proveedores_list_screen.dart').
        color: AppTheme.cardBg,
               ^^^^^^^^
lib/screens/compras/proveedores_list_screen.dart:317:22:
Error: The getter 'AppTheme' isn't defined for the type '_ProveedoresListScreenState'.
 - '_ProveedoresListScreenState' is from 'package:vercy_motos/screens/compras/proveedores_list_screen.dart' ('lib/screens/compras/proveedores_list_screen.dart').
              color: AppTheme.surfaceDark,
                     ^^^^^^^^
lib/screens/compras/proveedores_list_screen.dart:359:36:
Error: The method 'paginarLista' isn't defined for the type '_ProveedoresListScreenState'.
 - '_ProveedoresListScreenState' is from 'package:vercy_motos/screens/compras/proveedores_list_screen.dart' ('lib/screens/compras/proveedores_list_screen.dart').
                        itemCount: paginarLista(_proveedoresFiltrados).length,
                                   ^^^^^^^^^^^^
lib/screens/compras/proveedores_list_screen.dart:361:45:
Error: The method 'paginarLista' isn't defined for the type '_ProveedoresListScreenState'.
 - '_ProveedoresListScreenState' is from 'package:vercy_motos/screens/compras/proveedores_list_screen.dart' ('lib/screens/compras/proveedores_list_screen.dart').
                          final proveedor = paginarLista(
                                            ^^^^^^^^^^^^
lib/screens/compras/proveedores_list_screen.dart:369:38:
Error: The getter 'AppTheme' isn't defined for the type '_ProveedoresListScreenState'.
 - '_ProveedoresListScreenState' is from 'package:vercy_motos/screens/compras/proveedores_list_screen.dart' ('lib/screens/compras/proveedores_list_screen.dart').
                        accentColor: AppTheme.primary,
                                     ^^^^^^^^
lib/screens/compras/proveedores_list_screen.dart:367:23:
Error: The method 'buildPaginacion' isn't defined for the type '_ProveedoresListScreenState'.
 - '_ProveedoresListScreenState' is from 'package:vercy_motos/screens/compras/proveedores_list_screen.dart' ('lib/screens/compras/proveedores_list_screen.dart').
                      buildPaginacion(
                      ^^^^^^^^^^^^^^^
lib/screens/compras/proveedores_list_screen.dart:385:18:
Error: The getter 'AppTheme' isn't defined for the type '_ProveedoresListScreenState'.
 - '_ProveedoresListScreenState' is from 'package:vercy_motos/screens/compras/proveedores_list_screen.dart' ('lib/screens/compras/proveedores_list_screen.dart').
          color: AppTheme.textPrimary,
                 ^^^^^^^^
lib/screens/compras/proveedores_list_screen.dart:393:26:
Error: 'Proveedor' isn't a type.
  Widget _buildFilaTabla(Proveedor proveedor, int index) {
                         ^^^^^^^^^
lib/screens/compras/proveedores_list_screen.dart:395:38:
Error: The getter 'AppTheme' isn't defined for the type '_ProveedoresListScreenState'.
 - '_ProveedoresListScreenState' is from 'package:vercy_motos/screens/compras/proveedores_list_screen.dart' ('lib/screens/compras/proveedores_list_screen.dart').
    final backgroundColor = isEven ? AppTheme.cardBg : AppTheme.surfaceDark;
                                     ^^^^^^^^
lib/screens/compras/proveedores_list_screen.dart:395:56:
Error: The getter 'AppTheme' isn't defined for the type '_ProveedoresListScreenState'.
 - '_ProveedoresListScreenState' is from 'package:vercy_motos/screens/compras/proveedores_list_screen.dart' ('lib/screens/compras/proveedores_list_screen.dart').
    final backgroundColor = isEven ? AppTheme.cardBg : AppTheme.surfaceDark;
                                                       ^^^^^^^^
lib/screens/compras/proveedores_list_screen.dart:417:39:
Error: The getter 'AppTheme' isn't defined for the type '_ProveedoresListScreenState'.
 - '_ProveedoresListScreenState' is from 'package:vercy_motos/screens/compras/proveedores_list_screen.dart' ('lib/screens/compras/proveedores_list_screen.dart').
              style: TextStyle(color: AppTheme.textPrimary, fontSize: 13),
                                      ^^^^^^^^
lib/screens/compras/proveedores_list_screen.dart:426:39:
Error: The getter 'AppTheme' isn't defined for the type '_ProveedoresListScreenState'.
 - '_ProveedoresListScreenState' is from 'package:vercy_motos/screens/compras/proveedores_list_screen.dart' ('lib/screens/compras/proveedores_list_screen.dart').
              style: TextStyle(color: AppTheme.textPrimary, fontSize: 13),
                                      ^^^^^^^^
lib/screens/compras/proveedores_list_screen.dart:436:39:
Error: The getter 'AppTheme' isn't defined for the type '_ProveedoresListScreenState'.
 - '_ProveedoresListScreenState' is from 'package:vercy_motos/screens/compras/proveedores_list_screen.dart' ('lib/screens/compras/proveedores_list_screen.dart').
              style: TextStyle(color: AppTheme.textPrimary, fontSize: 13),
                                      ^^^^^^^^
lib/screens/compras/proveedores_list_screen.dart:445:39:
Error: The getter 'AppTheme' isn't defined for the type '_ProveedoresListScreenState'.
 - '_ProveedoresListScreenState' is from 'package:vercy_motos/screens/compras/proveedores_list_screen.dart' ('lib/screens/compras/proveedores_list_screen.dart').
              style: TextStyle(color: AppTheme.textPrimary, fontSize: 13),
                                      ^^^^^^^^
lib/screens/compras/proveedores_list_screen.dart:461:28:
Error: The getter 'AppTheme' isn't defined for the type '_ProveedoresListScreenState'.
 - '_ProveedoresListScreenState' is from 'package:vercy_motos/screens/compras/proveedores_list_screen.dart' ('lib/screens/compras/proveedores_list_screen.dart').
                    color: AppTheme.success,
                           ^^^^^^^^
lib/screens/compras/proveedores_list_screen.dart:497:34:
Error: 'Proveedor' isn't a type.
  void _mostrarDialogoProveedor({Proveedor? proveedor}) {
                                 ^^^^^^^^^
lib/screens/compras/proveedores_list_screen.dart:554:24:
Error: The getter 'AppTheme' isn't defined for the type '_ProveedoresListScreenState'.
 - '_ProveedoresListScreenState' is from 'package:vercy_motos/screens/compras/proveedores_list_screen.dart' ('lib/screens/compras/proveedores_list_screen.dart').
                color: AppTheme.primary,
                       ^^^^^^^^
lib/screens/compras/proveedores_list_screen.dart:812:48:
Error: The method 'Proveedor' isn't defined for the type '_ProveedoresListScreenState'.
 - '_ProveedoresListScreenState' is from 'package:vercy_motos/screens/compras/proveedores_list_screen.dart' ('lib/screens/compras/proveedores_list_screen.dart').
                        final nuevoProveedor = Proveedor(
                                               ^^^^^^^^^
lib/screens/compras/proveedores_list_screen.dart:880:46:
Error: The getter 'AppTheme' isn't defined for the type '_ProveedoresListScreenState'.
 - '_ProveedoresListScreenState' is from 'package:vercy_motos/screens/compras/proveedores_list_screen.dart' ('lib/screens/compras/proveedores_list_screen.dart').
                            backgroundColor: AppTheme.success,
                                             ^^^^^^^^
lib/screens/compras/proveedores_list_screen.dart:937:22:
Error: The getter 'AppTheme' isn't defined for the type '_ProveedoresListScreenState'.
 - '_ProveedoresListScreenState' is from 'package:vercy_motos/screens/compras/proveedores_list_screen.dart' ('lib/screens/compras/proveedores_list_screen.dart').
          fillColor: AppTheme.surfaceDark,
                     ^^^^^^^^
lib/screens/compras/proveedores_list_screen.dart:948:43:
Error: The getter 'AppTheme' isn't defined for the type '_ProveedoresListScreenState'.
 - '_ProveedoresListScreenState' is from 'package:vercy_motos/screens/compras/proveedores_list_screen.dart' ('lib/screens/compras/proveedores_list_screen.dart').
            borderSide: BorderSide(color: AppTheme.primary, width: 2),
                                          ^^^^^^^^
lib/screens/compras/proveedores_list_screen.dart:984:43:
Error: The getter 'AppTheme' isn't defined for the type '_ProveedoresListScreenState'.
 - '_ProveedoresListScreenState' is from 'package:vercy_motos/screens/compras/proveedores_list_screen.dart' ('lib/screens/compras/proveedores_list_screen.dart').
            borderSide: BorderSide(color: AppTheme.primary, width: 2),
                                          ^^^^^^^^
lib/screens/compras/proveedores_list_screen.dart:1019:43:
Error: The getter 'AppTheme' isn't defined for the type '_ProveedoresListScreenState'.
 - '_ProveedoresListScreenState' is from 'package:vercy_motos/screens/compras/proveedores_list_screen.dart' ('lib/screens/compras/proveedores_list_screen.dart').
            borderSide: BorderSide(color: AppTheme.primary, width: 2),
                                          ^^^^^^^^
lib/screens/compras/proveedores_list_screen.dart:1038:35:
Error: 'Proveedor' isn't a type.
  Future<void> _confirmarEliminar(Proveedor proveedor) async {
                                  ^^^^^^^^^
lib/screens/compras/proveedores_list_screen.dart:1039:26:
Error: The getter 'DialogoConfirmacion' isn't defined for the type '_ProveedoresListScreenState'.
 - '_ProveedoresListScreenState' is from 'package:vercy_motos/screens/compras/proveedores_list_screen.dart' ('lib/screens/compras/proveedores_list_screen.dart').
    final result = await DialogoConfirmacion.confirmarEliminacion(
                         ^^^^^^^^^^^^^^^^^^^
lib/screens/compras/proveedores_list_screen.dart:1051:30:
Error: The getter 'AppTheme' isn't defined for the type '_ProveedoresListScreenState'.
 - '_ProveedoresListScreenState' is from 'package:vercy_motos/screens/compras/proveedores_list_screen.dart' ('lib/screens/compras/proveedores_list_screen.dart').
            backgroundColor: AppTheme.success,
                             ^^^^^^^^
lib/screens/compras/proveedores_list_screen.dart:1074:28:
Error: The getter 'AppTheme' isn't defined for the type '_ProveedoresListScreenState'.
 - '_ProveedoresListScreenState' is from 'package:vercy_motos/screens/compras/proveedores_list_screen.dart' ('lib/screens/compras/proveedores_list_screen.dart').
          backgroundColor: AppTheme.cardBg,
                           ^^^^^^^^
lib/screens/compras/proveedores_list_screen.dart:1077:46:
Error: The getter 'AppTheme' isn't defined for the type '_ProveedoresListScreenState'.
 - '_ProveedoresListScreenState' is from 'package:vercy_motos/screens/compras/proveedores_list_screen.dart' ('lib/screens/compras/proveedores_list_screen.dart').
              Icon(Icons.upload_file, color: AppTheme.primary),
                                             ^^^^^^^^
lib/screens/compras/proveedores_list_screen.dart:1081:41:
Error: The getter 'AppTheme' isn't defined for the type '_ProveedoresListScreenState'.
 - '_ProveedoresListScreenState' is from 'package:vercy_motos/screens/compras/proveedores_list_screen.dart' ('lib/screens/compras/proveedores_list_screen.dart').
                style: TextStyle(color: AppTheme.textPrimary),
                                        ^^^^^^^^
lib/screens/compras/proveedores_list_screen.dart:1093:43:
Error: The getter 'AppTheme' isn't defined for the type '_ProveedoresListScreenState'.
 - '_ProveedoresListScreenState' is from 'package:vercy_motos/screens/compras/proveedores_list_screen.dart' ('lib/screens/compras/proveedores_list_screen.dart').
                  style: TextStyle(color: AppTheme.textPrimary),
                                          ^^^^^^^^
lib/screens/compras/proveedores_list_screen.dart:1099:28:
Error: The getter 'AppTheme' isn't defined for the type '_ProveedoresListScreenState'.
 - '_ProveedoresListScreenState' is from 'package:vercy_motos/screens/compras/proveedores_list_screen.dart' ('lib/screens/compras/proveedores_list_screen.dart').
                    color: AppTheme.textSecondary,
                           ^^^^^^^^
lib/screens/compras/proveedores_list_screen.dart:1108:28:
Error: The getter 'AppTheme' isn't defined for the type '_ProveedoresListScreenState'.
 - '_ProveedoresListScreenState' is from 'package:vercy_motos/screens/compras/proveedores_list_screen.dart' ('lib/screens/compras/proveedores_list_screen.dart').
                    color: AppTheme.surfaceDark,
                           ^^^^^^^^
lib/screens/compras/proveedores_list_screen.dart:1128:41:
Error: The getter 'AppTheme' isn't defined for the type '_ProveedoresListScreenState'.
 - '_ProveedoresListScreenState' is from 'package:vercy_motos/screens/compras/proveedores_list_screen.dart' ('lib/screens/compras/proveedores_list_screen.dart').
                style: TextStyle(color: AppTheme.textSecondary),
                                        ^^^^^^^^
lib/screens/compras/proveedores_list_screen.dart:1139:34:
Error: The getter 'AppTheme' isn't defined for the type '_ProveedoresListScreenState'.
 - '_ProveedoresListScreenState' is from 'package:vercy_motos/screens/compras/proveedores_list_screen.dart' ('lib/screens/compras/proveedores_list_screen.dart').
                backgroundColor: AppTheme.success,
                                 ^^^^^^^^
lib/screens/compras/proveedores_list_screen.dart:1181:28:
Error: The getter 'AppTheme' isn't defined for the type '_ProveedoresListScreenState'.
 - '_ProveedoresListScreenState' is from 'package:vercy_motos/screens/compras/proveedores_list_screen.dart' ('lib/screens/compras/proveedores_list_screen.dart').
          backgroundColor: AppTheme.cardBg,
                           ^^^^^^^^
lib/screens/compras/proveedores_list_screen.dart:1184:48:
Error: The getter 'AppTheme' isn't defined for the type '_ProveedoresListScreenState'.
 - '_ProveedoresListScreenState' is from 'package:vercy_motos/screens/compras/proveedores_list_screen.dart' ('lib/screens/compras/proveedores_list_screen.dart').
              CircularProgressIndicator(color: AppTheme.primary),
                                               ^^^^^^^^
lib/screens/compras/proveedores_list_screen.dart:1188:41:
Error: The getter 'AppTheme' isn't defined for the type '_ProveedoresListScreenState'.
 - '_ProveedoresListScreenState' is from 'package:vercy_motos/screens/compras/proveedores_list_screen.dart' ('lib/screens/compras/proveedores_list_screen.dart').
                style: TextStyle(color: AppTheme.textPrimary),
                                        ^^^^^^^^
lib/screens/compras/proveedores_list_screen.dart:1231:26:
Error: The getter 'AppTheme' isn't defined for the type '_ProveedoresListScreenState'.
 - '_ProveedoresListScreenState' is from 'package:vercy_motos/screens/compras/proveedores_list_screen.dart' ('lib/screens/compras/proveedores_list_screen.dart').
        backgroundColor: AppTheme.cardBg,
                         ^^^^^^^^
lib/screens/compras/proveedores_list_screen.dart:1236:40:
Error: The getter 'AppTheme' isn't defined for the type '_ProveedoresListScreenState'.
 - '_ProveedoresListScreenState' is from 'package:vercy_motos/screens/compras/proveedores_list_screen.dart' ('lib/screens/compras/proveedores_list_screen.dart').
              color: errores.isEmpty ? AppTheme.success : Colors.orange,
                                       ^^^^^^^^
lib/screens/compras/proveedores_list_screen.dart:1241:39:
Error: The getter 'AppTheme' isn't defined for the type '_ProveedoresListScreenState'.
 - '_ProveedoresListScreenState' is from 'package:vercy_motos/screens/compras/proveedores_list_screen.dart' ('lib/screens/compras/proveedores_list_screen.dart').
              style: TextStyle(color: AppTheme.textPrimary),
                                      ^^^^^^^^
lib/screens/compras/proveedores_list_screen.dart:1266:26:
Error: The getter 'AppTheme' isn't defined for the type '_ProveedoresListScreenState'.
 - '_ProveedoresListScreenState' is from 'package:vercy_motos/screens/compras/proveedores_list_screen.dart' ('lib/screens/compras/proveedores_list_screen.dart').
                  color: AppTheme.surfaceDark,
                         ^^^^^^^^
lib/screens/compras/proveedores_list_screen.dart:1294:35:
Error: The getter 'AppTheme' isn't defined for the type '_ProveedoresListScreenState'.
 - '_ProveedoresListScreenState' is from 'package:vercy_motos/screens/compras/proveedores_list_screen.dart' ('lib/screens/compras/proveedores_list_screen.dart').
          style: TextStyle(color: AppTheme.textSecondary, fontSize: 12),
                                  ^^^^^^^^
lib/screens/compras/proveedores_list_screen.dart:1300:20:
Error: The getter 'AppTheme' isn't defined for the type '_ProveedoresListScreenState'.
 - '_ProveedoresListScreenState' is from 'package:vercy_motos/screens/compras/proveedores_list_screen.dart' ('lib/screens/compras/proveedores_list_screen.dart').
            color: AppTheme.primary.withOpacity(0.2),
                   ^^^^^^^^
lib/screens/compras/proveedores_list_screen.dart:1306:22:
Error: The getter 'AppTheme' isn't defined for the type '_ProveedoresListScreenState'.
 - '_ProveedoresListScreenState' is from 'package:vercy_motos/screens/compras/proveedores_list_screen.dart' ('lib/screens/compras/proveedores_list_screen.dart').
              color: AppTheme.primary,
                     ^^^^^^^^
lib/screens/compras/compras_list_screen.dart:21:9:
Error: 'FacturaCompraService' isn't a type.
  final FacturaCompraService _facturaCompraService = FacturaCompraService();
        ^^^^^^^^^^^^^^^^^^^^
lib/screens/compras/compras_list_screen.dart:21:54:
Error: Method not found: 'FacturaCompraService'.
  final FacturaCompraService _facturaCompraService = FacturaCompraService();
                                                     ^^^^^^^^^^^^^^^^^^^^
lib/screens/compras/compras_list_screen.dart:22:9:
Error: 'ProveedorService' isn't a type.
  final ProveedorService _proveedorService = ProveedorService();
        ^^^^^^^^^^^^^^^^
lib/screens/compras/compras_list_screen.dart:22:46:
Error: Method not found: 'ProveedorService'.
  final ProveedorService _proveedorService = ProveedorService();
                                             ^^^^^^^^^^^^^^^^
lib/screens/compras/compras_list_screen.dart:38:8:
Error: 'FacturaCompra' isn't a type.
  List<FacturaCompra> _compras = [];
       ^^^^^^^^^^^^^
lib/screens/compras/compras_list_screen.dart:39:8:
Error: 'FacturaCompra' isn't a type.
  List<FacturaCompra> _comprasFiltradas = [];
       ^^^^^^^^^^^^^
lib/screens/compras/compras_list_screen.dart:40:8:
Error: 'Proveedor' isn't a type.
  List<Proveedor> _proveedores = [];
       ^^^^^^^^^
lib/screens/compras/compras_list_screen.dart:85:21:
Error: The getter 'id' isn't defined for the type 'Object?'.
 - 'Object' is from 'dart:core'.
            (compra.id?.toLowerCase().contains(
                    ^^
lib/screens/compras/compras_list_screen.dart:93:20:
Error: The getter 'numeroFactura' isn't defined for the type 'Object?'.
 - 'Object' is from 'dart:core'.
            compra.numeroFactura.toLowerCase().contains(
                   ^^^^^^^^^^^^^
lib/screens/compras/compras_list_screen.dart:100:20:
Error: The getter 'proveedorNombre' isn't defined for the type 'Object?'.
 - 'Object' is from 'dart:core'.
            compra.proveedorNombre.toLowerCase().contains(
                   ^^^^^^^^^^^^^^^
lib/screens/compras/compras_list_screen.dart:107:20:
Error: The getter 'fechaFactura' isn't defined for the type 'Object?'.
 - 'Object' is from 'dart:core'.
            compra.fechaFactura.isAfter(_fechaInicio!) ||
                   ^^^^^^^^^^^^
lib/screens/compras/compras_list_screen.dart:108:20:
Error: The getter 'fechaFactura' isn't defined for the type 'Object?'.
 - 'Object' is from 'dart:core'.
            compra.fechaFactura.isAtSameMomentAs(_fechaInicio!);
                   ^^^^^^^^^^^^
lib/screens/compras/compras_list_screen.dart:113:20:
Error: The getter 'fechaFactura' isn't defined for the type 'Object?'.
 - 'Object' is from 'dart:core'.
            compra.fechaFactura.isBefore(_fechaFin!.add(Duration(days: 1)));
                   ^^^^^^^^^^^^
lib/screens/compras/compras_list_screen.dart:118:21:
Error: The getter 'estado' isn't defined for the type 'Object?'.
 - 'Object' is from 'dart:core'.
            (compra.estado.toUpperCase() == 'PENDIENTE' &&
                    ^^^^^^
lib/screens/compras/compras_list_screen.dart:119:25:
Error: The getter 'pagadoDesdeCaja' isn't defined for the type 'Object?'.
 - 'Object' is from 'dart:core'.
                !compra.pagadoDesdeCaja);
                        ^^^^^^^^^^^^^^^
lib/screens/compras/compras_list_screen.dart:132:23:
Error: The getter 'fechaCreacion' isn't defined for the type 'Object?'.
 - 'Object' is from 'dart:core'.
          (a, b) => b.fechaCreacion.compareTo(a.fechaCreacion),
                      ^^^^^^^^^^^^^
lib/screens/compras/compras_list_screen.dart:132:49:
Error: The getter 'fechaCreacion' isn't defined for the type 'Object?'.
 - 'Object' is from 'dart:core'.
          (a, b) => b.fechaCreacion.compareTo(a.fechaCreacion),
                                                ^^^^^^^^^^^^^
lib/screens/compras/compras_list_screen.dart:136:23:
Error: The getter 'fechaCreacion' isn't defined for the type 'Object?'.
 - 'Object' is from 'dart:core'.
          (a, b) => a.fechaCreacion.compareTo(b.fechaCreacion),
                      ^^^^^^^^^^^^^
lib/screens/compras/compras_list_screen.dart:136:49:
Error: The getter 'fechaCreacion' isn't defined for the type 'Object?'.
 - 'Object' is from 'dart:core'.
          (a, b) => a.fechaCreacion.compareTo(b.fechaCreacion),
                                                ^^^^^^^^^^^^^
lib/screens/compras/compras_list_screen.dart:139:44:
Error: The getter 'total' isn't defined for the type 'Object?'.
 - 'Object' is from 'dart:core'.
        _comprasFiltradas.sort((a, b) => b.total.compareTo(a.total));
                                           ^^^^^
lib/screens/compras/compras_list_screen.dart:139:62:
Error: The getter 'total' isn't defined for the type 'Object?'.
 - 'Object' is from 'dart:core'.
        _comprasFiltradas.sort((a, b) => b.total.compareTo(a.total));
                                                             ^^^^^
lib/screens/compras/compras_list_screen.dart:141:44:
Error: The getter 'total' isn't defined for the type 'Object?'.
 - 'Object' is from 'dart:core'.
        _comprasFiltradas.sort((a, b) => a.total.compareTo(b.total));
                                           ^^^^^
lib/screens/compras/compras_list_screen.dart:141:62:
Error: The getter 'total' isn't defined for the type 'Object?'.
 - 'Object' is from 'dart:core'.
        _comprasFiltradas.sort((a, b) => a.total.compareTo(b.total));
                                                             ^^^^^
lib/screens/compras/compras_list_screen.dart:161:24:
Error: The getter 'AppTheme' isn't defined for the type '_ComprasListScreenState'.
 - '_ComprasListScreenState' is from 'package:vercy_motos/screens/compras/compras_list_screen.dart' ('lib/screens/compras/compras_list_screen.dart').
                color: AppTheme.textPrimary,
                       ^^^^^^^^
lib/screens/compras/compras_list_screen.dart:148:12:
Error: The method 'VercySidebarLayout' isn't defined for the type '_ComprasListScreenState'.
 - '_ComprasListScreenState' is from 'package:vercy_motos/screens/compras/compras_list_screen.dart' ('lib/screens/compras/compras_list_screen.dart').
    return VercySidebarLayout(
           ^^^^^^^^^^^^^^^^^^
lib/screens/compras/compras_list_screen.dart:186:16:
Error: The getter 'AppTheme' isn't defined for the type '_ComprasListScreenState'.
 - '_ComprasListScreenState' is from 'package:vercy_motos/screens/compras/compras_list_screen.dart' ('lib/screens/compras/compras_list_screen.dart').
        color: AppTheme.cardBg,
               ^^^^^^^^
lib/screens/compras/compras_list_screen.dart:235:32:
Error: The getter 'AppTheme' isn't defined for the type '_ComprasListScreenState'.
 - '_ComprasListScreenState' is from 'package:vercy_motos/screens/compras/compras_list_screen.dart' ('lib/screens/compras/compras_list_screen.dart').
              backgroundColor: AppTheme.primary,
                               ^^^^^^^^
lib/screens/compras/compras_list_screen.dart:247:22:
Error: The getter 'AppTheme' isn't defined for the type '_ComprasListScreenState'.
 - '_ComprasListScreenState' is from 'package:vercy_motos/screens/compras/compras_list_screen.dart' ('lib/screens/compras/compras_list_screen.dart').
              color: AppTheme.primary,
                     ^^^^^^^^
lib/screens/compras/compras_list_screen.dart:269:16:
Error: The getter 'AppTheme' isn't defined for the type '_ComprasListScreenState'.
 - '_ComprasListScreenState' is from 'package:vercy_motos/screens/compras/compras_list_screen.dart' ('lib/screens/compras/compras_list_screen.dart').
        color: AppTheme.cardBg,
               ^^^^^^^^
lib/screens/compras/compras_list_screen.dart:290:36:
Error: The getter 'AppTheme' isn't defined for the type '_ComprasListScreenState'.
 - '_ComprasListScreenState' is from 'package:vercy_motos/screens/compras/compras_list_screen.dart' ('lib/screens/compras/compras_list_screen.dart').
                          primary: AppTheme.primary,
                                   ^^^^^^^^
lib/screens/compras/compras_list_screen.dart:291:36:
Error: The getter 'AppTheme' isn't defined for the type '_ComprasListScreenState'.
 - '_ComprasListScreenState' is from 'package:vercy_motos/screens/compras/compras_list_screen.dart' ('lib/screens/compras/compras_list_screen.dart').
                          surface: AppTheme.cardBg,
                                   ^^^^^^^^
lib/screens/compras/compras_list_screen.dart:326:36:
Error: The getter 'AppTheme' isn't defined for the type '_ComprasListScreenState'.
 - '_ComprasListScreenState' is from 'package:vercy_motos/screens/compras/compras_list_screen.dart' ('lib/screens/compras/compras_list_screen.dart').
                          primary: AppTheme.primary,
                                   ^^^^^^^^
lib/screens/compras/compras_list_screen.dart:327:36:
Error: The getter 'AppTheme' isn't defined for the type '_ComprasListScreenState'.
 - '_ComprasListScreenState' is from 'package:vercy_motos/screens/compras/compras_list_screen.dart' ('lib/screens/compras/compras_list_screen.dart').
                          surface: AppTheme.cardBg,
                                   ^^^^^^^^
lib/screens/compras/compras_list_screen.dart:351:22:
Error: The getter 'AppTheme' isn't defined for the type '_ComprasListScreenState'.
 - '_ComprasListScreenState' is from 'package:vercy_motos/screens/compras/compras_list_screen.dart' ('lib/screens/compras/compras_list_screen.dart').
              color: AppTheme.surfaceDark,
                     ^^^^^^^^
lib/screens/compras/compras_list_screen.dart:364:32:
Error: The getter 'AppTheme' isn't defined for the type '_ComprasListScreenState'.
 - '_ComprasListScreenState' is from 'package:vercy_motos/screens/compras/compras_list_screen.dart' ('lib/screens/compras/compras_list_screen.dart').
                  activeColor: AppTheme.primary,
                               ^^^^^^^^
lib/screens/compras/compras_list_screen.dart:369:43:
Error: The getter 'AppTheme' isn't defined for the type '_ComprasListScreenState'.
 - '_ComprasListScreenState' is from 'package:vercy_motos/screens/compras/compras_list_screen.dart' ('lib/screens/compras/compras_list_screen.dart').
                  style: TextStyle(color: AppTheme.textPrimary, fontSize: 12),
                                          ^^^^^^^^
lib/screens/compras/compras_list_screen.dart:380:22:
Error: The getter 'AppTheme' isn't defined for the type '_ComprasListScreenState'.
 - '_ComprasListScreenState' is from 'package:vercy_motos/screens/compras/compras_list_screen.dart' ('lib/screens/compras/compras_list_screen.dart').
              color: AppTheme.surfaceDark,
                     ^^^^^^^^
lib/screens/compras/compras_list_screen.dart:387:32:
Error: The getter 'AppTheme' isn't defined for the type '_ComprasListScreenState'.
 - '_ComprasListScreenState' is from 'package:vercy_motos/screens/compras/compras_list_screen.dart' ('lib/screens/compras/compras_list_screen.dart').
                dropdownColor: AppTheme.cardBg,
                               ^^^^^^^^
lib/screens/compras/compras_list_screen.dart:388:41:
Error: The getter 'AppTheme' isn't defined for the type '_ComprasListScreenState'.
 - '_ComprasListScreenState' is from 'package:vercy_motos/screens/compras/compras_list_screen.dart' ('lib/screens/compras/compras_list_screen.dart').
                style: TextStyle(color: AppTheme.textPrimary, fontSize: 14),
                                        ^^^^^^^^
lib/screens/compras/compras_list_screen.dart:415:22:
Error: The getter 'AppTheme' isn't defined for the type '_ComprasListScreenState'.
 - '_ComprasListScreenState' is from 'package:vercy_motos/screens/compras/compras_list_screen.dart' ('lib/screens/compras/compras_list_screen.dart').
              color: AppTheme.surfaceDark,
                     ^^^^^^^^
lib/screens/compras/compras_list_screen.dart:422:32:
Error: The getter 'AppTheme' isn't defined for the type '_ComprasListScreenState'.
 - '_ComprasListScreenState' is from 'package:vercy_motos/screens/compras/compras_list_screen.dart' ('lib/screens/compras/compras_list_screen.dart').
                dropdownColor: AppTheme.cardBg,
                               ^^^^^^^^
lib/screens/compras/compras_list_screen.dart:423:41:
Error: The getter 'AppTheme' isn't defined for the type '_ComprasListScreenState'.
 - '_ComprasListScreenState' is from 'package:vercy_motos/screens/compras/compras_list_screen.dart' ('lib/screens/compras/compras_list_screen.dart').
                style: TextStyle(color: AppTheme.textPrimary, fontSize: 14),
                                        ^^^^^^^^
lib/screens/compras/compras_list_screen.dart:452:32:
Error: The getter 'AppTheme' isn't defined for the type '_ComprasListScreenState'.
 - '_ComprasListScreenState' is from 'package:vercy_motos/screens/compras/compras_list_screen.dart' ('lib/screens/compras/compras_list_screen.dart').
              backgroundColor: AppTheme.primary,
                               ^^^^^^^^
lib/screens/compras/compras_list_screen.dart:472:31:
Error: The getter 'AppTheme' isn't defined for the type '_ComprasListScreenState'.
 - '_ComprasListScreenState' is from 'package:vercy_motos/screens/compras/compras_list_screen.dart' ('lib/screens/compras/compras_list_screen.dart').
      style: TextStyle(color: AppTheme.textPrimary, fontSize: 14),
                              ^^^^^^^^
lib/screens/compras/compras_list_screen.dart:477:20:
Error: The getter 'AppTheme' isn't defined for the type '_ComprasListScreenState'.
 - '_ComprasListScreenState' is from 'package:vercy_motos/screens/compras/compras_list_screen.dart' ('lib/screens/compras/compras_list_screen.dart').
        fillColor: AppTheme.surfaceDark,
                   ^^^^^^^^
lib/screens/compras/compras_list_screen.dart:489:41:
Error: The getter 'AppTheme' isn't defined for the type '_ComprasListScreenState'.
 - '_ComprasListScreenState' is from 'package:vercy_motos/screens/compras/compras_list_screen.dart' ('lib/screens/compras/compras_list_screen.dart').
          borderSide: BorderSide(color: AppTheme.primary, width: 2),
                                        ^^^^^^^^
lib/screens/compras/compras_list_screen.dart:506:18:
Error: The getter 'AppTheme' isn't defined for the type '_ComprasListScreenState'.
 - '_ComprasListScreenState' is from 'package:vercy_motos/screens/compras/compras_list_screen.dart' ('lib/screens/compras/compras_list_screen.dart').
          color: AppTheme.surfaceDark,
                 ^^^^^^^^
lib/screens/compras/compras_list_screen.dart:538:61:
Error: The getter 'AppTheme' isn't defined for the type '_ComprasListScreenState'.
 - '_ComprasListScreenState' is from 'package:vercy_motos/screens/compras/compras_list_screen.dart' ('lib/screens/compras/compras_list_screen.dart').
      return Center(child: CircularProgressIndicator(color: AppTheme.primary));
                                                            ^^^^^^^^
lib/screens/compras/compras_list_screen.dart:543:16:
Error: The getter 'AppTheme' isn't defined for the type '_ComprasListScreenState'.
 - '_ComprasListScreenState' is from 'package:vercy_motos/screens/compras/compras_list_screen.dart' ('lib/screens/compras/compras_list_screen.dart').
        color: AppTheme.cardBg,
               ^^^^^^^^
lib/screens/compras/compras_list_screen.dart:553:22:
Error: The getter 'AppTheme' isn't defined for the type '_ComprasListScreenState'.
 - '_ComprasListScreenState' is from 'package:vercy_motos/screens/compras/compras_list_screen.dart' ('lib/screens/compras/compras_list_screen.dart').
              color: AppTheme.surfaceDark,
                     ^^^^^^^^
lib/screens/compras/compras_list_screen.dart:639:18:
Error: The getter 'AppTheme' isn't defined for the type '_ComprasListScreenState'.
 - '_ComprasListScreenState' is from 'package:vercy_motos/screens/compras/compras_list_screen.dart' ('lib/screens/compras/compras_list_screen.dart').
          color: AppTheme.textPrimary,
                 ^^^^^^^^
lib/screens/compras/compras_list_screen.dart:648:26:
Error: 'FacturaCompra' isn't a type.
  Widget _buildFilaTabla(FacturaCompra compra, int index) {
                         ^^^^^^^^^^^^^
lib/screens/compras/compras_list_screen.dart:650:38:
Error: The getter 'AppTheme' isn't defined for the type '_ComprasListScreenState'.
 - '_ComprasListScreenState' is from 'package:vercy_motos/screens/compras/compras_list_screen.dart' ('lib/screens/compras/compras_list_screen.dart').
    final backgroundColor = isEven ? AppTheme.cardBg : AppTheme.surfaceDark;
                                     ^^^^^^^^
lib/screens/compras/compras_list_screen.dart:650:56:
Error: The getter 'AppTheme' isn't defined for the type '_ComprasListScreenState'.
 - '_ComprasListScreenState' is from 'package:vercy_motos/screens/compras/compras_list_screen.dart' ('lib/screens/compras/compras_list_screen.dart').
    final backgroundColor = isEven ? AppTheme.cardBg : AppTheme.surfaceDark;
                                                       ^^^^^^^^
lib/screens/compras/compras_list_screen.dart:694:39:
Error: The getter 'AppTheme' isn't defined for the type '_ComprasListScreenState'.
 - '_ComprasListScreenState' is from 'package:vercy_motos/screens/compras/compras_list_screen.dart' ('lib/screens/compras/compras_list_screen.dart').
              style: TextStyle(color: AppTheme.textPrimary, fontSize: 13),
                                      ^^^^^^^^
lib/screens/compras/compras_list_screen.dart:707:28:
Error: The getter 'AppTheme' isn't defined for the type '_ComprasListScreenState'.
 - '_ComprasListScreenState' is from 'package:vercy_motos/screens/compras/compras_list_screen.dart' ('lib/screens/compras/compras_list_screen.dart').
                    color: AppTheme.success,
                           ^^^^^^^^
lib/screens/compras/compras_list_screen.dart:750:39:
Error: The getter 'AppTheme' isn't defined for the type '_ComprasListScreenState'.
 - '_ComprasListScreenState' is from 'package:vercy_motos/screens/compras/compras_list_screen.dart' ('lib/screens/compras/compras_list_screen.dart').
              style: TextStyle(color: AppTheme.textPrimary, fontSize: 13),
                                      ^^^^^^^^
lib/screens/compras/compras_list_screen.dart:760:39:
Error: The getter 'AppTheme' isn't defined for the type '_ComprasListScreenState'.
 - '_ComprasListScreenState' is from 'package:vercy_motos/screens/compras/compras_list_screen.dart' ('lib/screens/compras/compras_list_screen.dart').
              style: TextStyle(color: AppTheme.textPrimary, fontSize: 13),
                                      ^^^^^^^^
lib/screens/compras/compras_list_screen.dart:769:39:
Error: The getter 'AppTheme' isn't defined for the type '_ComprasListScreenState'.
 - '_ComprasListScreenState' is from 'package:vercy_motos/screens/compras/compras_list_screen.dart' ('lib/screens/compras/compras_list_screen.dart').
              style: TextStyle(color: AppTheme.textPrimary, fontSize: 13),
                                      ^^^^^^^^
lib/screens/compras/compras_list_screen.dart:777:21:
Error: The method 'formatNumberWithDots' isn't defined for the type '_ComprasListScreenState'.
 - '_ComprasListScreenState' is from 'package:vercy_motos/screens/compras/compras_list_screen.dart' ('lib/screens/compras/compras_list_screen.dart').
              '\$ ${formatNumberWithDots(compra.total)}',
                    ^^^^^^^^^^^^^^^^^^^^
lib/screens/compras/compras_list_screen.dart:778:39:
Error: The getter 'AppTheme' isn't defined for the type '_ComprasListScreenState'.
 - '_ComprasListScreenState' is from 'package:vercy_motos/screens/compras/compras_list_screen.dart' ('lib/screens/compras/compras_list_screen.dart').
              style: TextStyle(color: AppTheme.textPrimary, fontSize: 13),
                                      ^^^^^^^^
lib/screens/compras/compras_list_screen.dart:787:21:
Error: The method 'formatNumberWithDots' isn't defined for the type '_ComprasListScreenState'.
 - '_ComprasListScreenState' is from 'package:vercy_motos/screens/compras/compras_list_screen.dart' ('lib/screens/compras/compras_list_screen.dart').
              '\$ ${formatNumberWithDots(compra.totalDescuentos)}',
                    ^^^^^^^^^^^^^^^^^^^^
lib/screens/compras/compras_list_screen.dart:788:39:
Error: The getter 'AppTheme' isn't defined for the type '_ComprasListScreenState'.
 - '_ComprasListScreenState' is from 'package:vercy_motos/screens/compras/compras_list_screen.dart' ('lib/screens/compras/compras_list_screen.dart').
              style: TextStyle(color: AppTheme.textPrimary, fontSize: 13),
                                      ^^^^^^^^
lib/screens/compras/compras_list_screen.dart:797:21:
Error: The method 'formatNumberWithDots' isn't defined for the type '_ComprasListScreenState'.
 - '_ComprasListScreenState' is from 'package:vercy_motos/screens/compras/compras_list_screen.dart' ('lib/screens/compras/compras_list_screen.dart').
              '\$ ${formatNumberWithDots(pagado)}',
                    ^^^^^^^^^^^^^^^^^^^^
lib/screens/compras/compras_list_screen.dart:798:39:
Error: The getter 'AppTheme' isn't defined for the type '_ComprasListScreenState'.
 - '_ComprasListScreenState' is from 'package:vercy_motos/screens/compras/compras_list_screen.dart' ('lib/screens/compras/compras_list_screen.dart').
              style: TextStyle(color: AppTheme.textPrimary, fontSize: 13),
                                      ^^^^^^^^
lib/screens/compras/compras_list_screen.dart:807:21:
Error: The method 'formatNumberWithDots' isn't defined for the type '_ComprasListScreenState'.
 - '_ComprasListScreenState' is from 'package:vercy_motos/screens/compras/compras_list_screen.dart' ('lib/screens/compras/compras_list_screen.dart').
              '\$ ${formatNumberWithDots(porPagar)}',
                    ^^^^^^^^^^^^^^^^^^^^
lib/screens/compras/compras_list_screen.dart:822:47:
Error: The getter 'AppTheme' isn't defined for the type '_ComprasListScreenState'.
 - '_ComprasListScreenState' is from 'package:vercy_motos/screens/compras/compras_list_screen.dart' ('lib/screens/compras/compras_list_screen.dart').
                color: estado == 'Completa' ? AppTheme.success : Colors.orange,
                                              ^^^^^^^^
lib/screens/compras/compras_list_screen.dart:839:39:
Error: The getter 'AppTheme' isn't defined for the type '_ComprasListScreenState'.
 - '_ComprasListScreenState' is from 'package:vercy_motos/screens/compras/compras_list_screen.dart' ('lib/screens/compras/compras_list_screen.dart').
              style: TextStyle(color: AppTheme.textPrimary, fontSize: 13),
                                      ^^^^^^^^
lib/screens/compras/compras_list_screen.dart:848:41:
Error: 'FacturaCompra' isn't a type.
  Future<void> _confirmarEliminarCompra(FacturaCompra compra) async {
                                        ^^^^^^^^^^^^^
lib/screens/compras/compras_list_screen.dart:854:28:
Error: The getter 'AppTheme' isn't defined for the type '_ComprasListScreenState'.
 - '_ComprasListScreenState' is from 'package:vercy_motos/screens/compras/compras_list_screen.dart' ('lib/screens/compras/compras_list_screen.dart').
          backgroundColor: AppTheme.cardBg,
                           ^^^^^^^^
lib/screens/compras/compras_list_screen.dart:857:37:
Error: The getter 'AppTheme' isn't defined for the type '_ComprasListScreenState'.
 - '_ComprasListScreenState' is from 'package:vercy_motos/screens/compras/compras_list_screen.dart' ('lib/screens/compras/compras_list_screen.dart').
            style: TextStyle(color: AppTheme.textPrimary),
                                    ^^^^^^^^
lib/screens/compras/compras_list_screen.dart:866:41:
Error: The getter 'AppTheme' isn't defined for the type '_ComprasListScreenState'.
 - '_ComprasListScreenState' is from 'package:vercy_motos/screens/compras/compras_list_screen.dart' ('lib/screens/compras/compras_list_screen.dart').
                style: TextStyle(color: AppTheme.textSecondary),
                                        ^^^^^^^^
lib/screens/compras/compras_list_screen.dart:872:41:
Error: The getter 'AppTheme' isn't defined for the type '_ComprasListScreenState'.
 - '_ComprasListScreenState' is from 'package:vercy_motos/screens/compras/compras_list_screen.dart' ('lib/screens/compras/compras_list_screen.dart').
                style: TextStyle(color: AppTheme.textPrimary),
                                        ^^^^^^^^
lib/screens/compras/compras_list_screen.dart:875:48:
Error: The getter 'AppTheme' isn't defined for the type '_ComprasListScreenState'.
 - '_ComprasListScreenState' is from 'package:vercy_motos/screens/compras/compras_list_screen.dart' ('lib/screens/compras/compras_list_screen.dart').
                  labelStyle: TextStyle(color: AppTheme.textSecondary),
                                               ^^^^^^^^
lib/screens/compras/compras_list_screen.dart:878:28:
Error: The getter 'AppTheme' isn't defined for the type '_ComprasListScreenState'.
 - '_ComprasListScreenState' is from 'package:vercy_motos/screens/compras/compras_list_screen.dart' ('lib/screens/compras/compras_list_screen.dart').
                    color: AppTheme.textSecondary.withOpacity(0.5),
                           ^^^^^^^^
lib/screens/compras/compras_list_screen.dart:881:30:
Error: The getter 'AppTheme' isn't defined for the type '_ComprasListScreenState'.
 - '_ComprasListScreenState' is from 'package:vercy_motos/screens/compras/compras_list_screen.dart' ('lib/screens/compras/compras_list_screen.dart').
                  fillColor: AppTheme.backgroundDark,
                             ^^^^^^^^
lib/screens/compras/compras_list_screen.dart:885:30:
Error: The getter 'AppTheme' isn't defined for the type '_ComprasListScreenState'.
 - '_ComprasListScreenState' is from 'package:vercy_motos/screens/compras/compras_list_screen.dart' ('lib/screens/compras/compras_list_screen.dart').
                      color: AppTheme.textSecondary.withOpacity(0.3),
                             ^^^^^^^^
lib/screens/compras/compras_list_screen.dart:891:30:
Error: The getter 'AppTheme' isn't defined for the type '_ComprasListScreenState'.
 - '_ComprasListScreenState' is from 'package:vercy_motos/screens/compras/compras_list_screen.dart' ('lib/screens/compras/compras_list_screen.dart').
                      color: AppTheme.textSecondary.withOpacity(0.3),
                             ^^^^^^^^
lib/screens/compras/compras_list_screen.dart:907:41:
Error: The getter 'AppTheme' isn't defined for the type '_ComprasListScreenState'.
 - '_ComprasListScreenState' is from 'package:vercy_motos/screens/compras/compras_list_screen.dart' ('lib/screens/compras/compras_list_screen.dart').
                style: TextStyle(color: AppTheme.textSecondary),
                                        ^^^^^^^^
lib/screens/gastos/gastos_list_screen.dart:17:9:
Error: 'GastoService' isn't a type.
  final GastoService _gastoService = GastoService();
        ^^^^^^^^^^^^
lib/screens/gastos/gastos_list_screen.dart:17:38:
Error: Method not found: 'GastoService'.
  final GastoService _gastoService = GastoService();
                                     ^^^^^^^^^^^^
lib/screens/gastos/gastos_list_screen.dart:32:8:
Error: 'Gasto' isn't a type.
  List<Gasto> _gastos = [];
       ^^^^^
lib/screens/gastos/gastos_list_screen.dart:33:8:
Error: 'Gasto' isn't a type.
  List<Gasto> _gastosFiltrados = [];
       ^^^^^
lib/screens/gastos/gastos_list_screen.dart:86:20:
Error: The getter 'id' isn't defined for the type 'Object?'.
 - 'Object' is from 'dart:core'.
            (gasto.id?.toLowerCase().contains(
                   ^^
lib/screens/gastos/gastos_list_screen.dart:90:20:
Error: The getter 'numeroFactura' isn't defined for the type 'Object?'.
 - 'Object' is from 'dart:core'.
            (gasto.numeroFactura?.toLowerCase().contains(
                   ^^^^^^^^^^^^^
lib/screens/gastos/gastos_list_screen.dart:98:20:
Error: The getter 'proveedor' isn't defined for the type 'Object?'.
 - 'Object' is from 'dart:core'.
            (gasto.proveedor?.toLowerCase().contains(
                   ^^^^^^^^^
lib/screens/gastos/gastos_list_screen.dart:106:19:
Error: The getter 'fechaGasto' isn't defined for the type 'Object?'.
 - 'Object' is from 'dart:core'.
            gasto.fechaGasto.isAfter(_fechaInicio!) ||
                  ^^^^^^^^^^
lib/screens/gastos/gastos_list_screen.dart:107:19:
Error: The getter 'fechaGasto' isn't defined for the type 'Object?'.
 - 'Object' is from 'dart:core'.
            gasto.fechaGasto.isAtSameMomentAs(_fechaInicio!);
                  ^^^^^^^^^^
lib/screens/gastos/gastos_list_screen.dart:112:19:
Error: The getter 'fechaGasto' isn't defined for the type 'Object?'.
 - 'Object' is from 'dart:core'.
            gasto.fechaGasto.isBefore(_fechaFin!.add(Duration(days: 1)));
                  ^^^^^^^^^^
lib/screens/gastos/gastos_list_screen.dart:116:45:
Error: The getter 'pagadoDesdeCaja' isn't defined for the type 'Object?'.
 - 'Object' is from 'dart:core'.
            !_soloCuentasPorPagar || !gasto.pagadoDesdeCaja;
                                            ^^^^^^^^^^^^^^^
lib/screens/gastos/gastos_list_screen.dart:121:19:
Error: The getter 'tipoGastoNombre' isn't defined for the type 'Object?'.
 - 'Object' is from 'dart:core'.
            gasto.tipoGastoNombre == _tipoGastoSeleccionado;
                  ^^^^^^^^^^^^^^^
lib/screens/gastos/gastos_list_screen.dart:132:41:
Error: The getter 'fechaGasto' isn't defined for the type 'Object?'.
 - 'Object' is from 'dart:core'.
      _gastosFiltrados.sort((a, b) => b.fechaGasto.compareTo(a.fechaGasto));
                                        ^^^^^^^^^^
lib/screens/gastos/gastos_list_screen.dart:132:64:
Error: The getter 'fechaGasto' isn't defined for the type 'Object?'.
 - 'Object' is from 'dart:core'.
      _gastosFiltrados.sort((a, b) => b.fechaGasto.compareTo(a.fechaGasto));
                                                               ^^^^^^^^^^
lib/screens/gastos/gastos_list_screen.dart:151:24:
Error: The getter 'AppTheme' isn't defined for the type '_GastosListScreenState'.
 - '_GastosListScreenState' is from 'package:vercy_motos/screens/gastos/gastos_list_screen.dart' ('lib/screens/gastos/gastos_list_screen.dart').
                color: AppTheme.textPrimary,
                       ^^^^^^^^
lib/screens/gastos/gastos_list_screen.dart:138:12:
Error: The method 'VercySidebarLayout' isn't defined for the type '_GastosListScreenState'.
 - '_GastosListScreenState' is from 'package:vercy_motos/screens/gastos/gastos_list_screen.dart' ('lib/screens/gastos/gastos_list_screen.dart').
    return VercySidebarLayout(
           ^^^^^^^^^^^^^^^^^^
lib/screens/gastos/gastos_list_screen.dart:176:16:
Error: The getter 'AppTheme' isn't defined for the type '_GastosListScreenState'.
 - '_GastosListScreenState' is from 'package:vercy_motos/screens/gastos/gastos_list_screen.dart' ('lib/screens/gastos/gastos_list_screen.dart').
        color: AppTheme.cardBg,
               ^^^^^^^^
lib/screens/gastos/gastos_list_screen.dart:215:32:
Error: The getter 'AppTheme' isn't defined for the type '_GastosListScreenState'.
 - '_GastosListScreenState' is from 'package:vercy_motos/screens/gastos/gastos_list_screen.dart' ('lib/screens/gastos/gastos_list_screen.dart').
              backgroundColor: AppTheme.primary,
                               ^^^^^^^^
lib/screens/gastos/gastos_list_screen.dart:227:22:
Error: The getter 'AppTheme' isn't defined for the type '_GastosListScreenState'.
 - '_GastosListScreenState' is from 'package:vercy_motos/screens/gastos/gastos_list_screen.dart' ('lib/screens/gastos/gastos_list_screen.dart').
              color: AppTheme.primary,
                     ^^^^^^^^
lib/screens/gastos/gastos_list_screen.dart:255:32:
Error: The getter 'AppTheme' isn't defined for the type '_GastosListScreenState'.
 - '_GastosListScreenState' is from 'package:vercy_motos/screens/gastos/gastos_list_screen.dart' ('lib/screens/gastos/gastos_list_screen.dart').
              backgroundColor: AppTheme.primary,
                               ^^^^^^^^
lib/screens/gastos/gastos_list_screen.dart:271:16:
Error: The getter 'AppTheme' isn't defined for the type '_GastosListScreenState'.
 - '_GastosListScreenState' is from 'package:vercy_motos/screens/gastos/gastos_list_screen.dart' ('lib/screens/gastos/gastos_list_screen.dart').
        color: AppTheme.cardBg,
               ^^^^^^^^
lib/screens/gastos/gastos_list_screen.dart:292:36:
Error: The getter 'AppTheme' isn't defined for the type '_GastosListScreenState'.
 - '_GastosListScreenState' is from 'package:vercy_motos/screens/gastos/gastos_list_screen.dart' ('lib/screens/gastos/gastos_list_screen.dart').
                          primary: AppTheme.primary,
                                   ^^^^^^^^
lib/screens/gastos/gastos_list_screen.dart:293:36:
Error: The getter 'AppTheme' isn't defined for the type '_GastosListScreenState'.
 - '_GastosListScreenState' is from 'package:vercy_motos/screens/gastos/gastos_list_screen.dart' ('lib/screens/gastos/gastos_list_screen.dart').
                          surface: AppTheme.cardBg,
                                   ^^^^^^^^
lib/screens/gastos/gastos_list_screen.dart:328:36:
Error: The getter 'AppTheme' isn't defined for the type '_GastosListScreenState'.
 - '_GastosListScreenState' is from 'package:vercy_motos/screens/gastos/gastos_list_screen.dart' ('lib/screens/gastos/gastos_list_screen.dart').
                          primary: AppTheme.primary,
                                   ^^^^^^^^
lib/screens/gastos/gastos_list_screen.dart:329:36:
Error: The getter 'AppTheme' isn't defined for the type '_GastosListScreenState'.
 - '_GastosListScreenState' is from 'package:vercy_motos/screens/gastos/gastos_list_screen.dart' ('lib/screens/gastos/gastos_list_screen.dart').
                          surface: AppTheme.cardBg,
                                   ^^^^^^^^
lib/screens/gastos/gastos_list_screen.dart:353:22:
Error: The getter 'AppTheme' isn't defined for the type '_GastosListScreenState'.
 - '_GastosListScreenState' is from 'package:vercy_motos/screens/gastos/gastos_list_screen.dart' ('lib/screens/gastos/gastos_list_screen.dart').
              color: AppTheme.surfaceDark,
                     ^^^^^^^^
lib/screens/gastos/gastos_list_screen.dart:366:32:
Error: The getter 'AppTheme' isn't defined for the type '_GastosListScreenState'.
 - '_GastosListScreenState' is from 'package:vercy_motos/screens/gastos/gastos_list_screen.dart' ('lib/screens/gastos/gastos_list_screen.dart').
                  activeColor: AppTheme.primary,
                               ^^^^^^^^
lib/screens/gastos/gastos_list_screen.dart:371:43:
Error: The getter 'AppTheme' isn't defined for the type '_GastosListScreenState'.
 - '_GastosListScreenState' is from 'package:vercy_motos/screens/gastos/gastos_list_screen.dart' ('lib/screens/gastos/gastos_list_screen.dart').
                  style: TextStyle(color: AppTheme.textPrimary, fontSize: 12),
                                          ^^^^^^^^
lib/screens/gastos/gastos_list_screen.dart:382:22:
Error: The getter 'AppTheme' isn't defined for the type '_GastosListScreenState'.
 - '_GastosListScreenState' is from 'package:vercy_motos/screens/gastos/gastos_list_screen.dart' ('lib/screens/gastos/gastos_list_screen.dart').
              color: AppTheme.surfaceDark,
                     ^^^^^^^^
lib/screens/gastos/gastos_list_screen.dart:395:32:
Error: The getter 'AppTheme' isn't defined for the type '_GastosListScreenState'.
 - '_GastosListScreenState' is from 'package:vercy_motos/screens/gastos/gastos_list_screen.dart' ('lib/screens/gastos/gastos_list_screen.dart').
                  activeColor: AppTheme.primary,
                               ^^^^^^^^
lib/screens/gastos/gastos_list_screen.dart:400:43:
Error: The getter 'AppTheme' isn't defined for the type '_GastosListScreenState'.
 - '_GastosListScreenState' is from 'package:vercy_motos/screens/gastos/gastos_list_screen.dart' ('lib/screens/gastos/gastos_list_screen.dart').
                  style: TextStyle(color: AppTheme.textPrimary, fontSize: 12),
                                          ^^^^^^^^
lib/screens/gastos/gastos_list_screen.dart:411:22:
Error: The getter 'AppTheme' isn't defined for the type '_GastosListScreenState'.
 - '_GastosListScreenState' is from 'package:vercy_motos/screens/gastos/gastos_list_screen.dart' ('lib/screens/gastos/gastos_list_screen.dart').
              color: AppTheme.surfaceDark,
                     ^^^^^^^^
lib/screens/gastos/gastos_list_screen.dart:418:32:
Error: The getter 'AppTheme' isn't defined for the type '_GastosListScreenState'.
 - '_GastosListScreenState' is from 'package:vercy_motos/screens/gastos/gastos_list_screen.dart' ('lib/screens/gastos/gastos_list_screen.dart').
                dropdownColor: AppTheme.cardBg,
                               ^^^^^^^^
lib/screens/gastos/gastos_list_screen.dart:419:41:
Error: The getter 'AppTheme' isn't defined for the type '_GastosListScreenState'.
 - '_GastosListScreenState' is from 'package:vercy_motos/screens/gastos/gastos_list_screen.dart' ('lib/screens/gastos/gastos_list_screen.dart').
                style: TextStyle(color: AppTheme.textPrimary, fontSize: 14),
                                        ^^^^^^^^
lib/screens/gastos/gastos_list_screen.dart:447:31:
Error: The getter 'AppTheme' isn't defined for the type '_GastosListScreenState'.
 - '_GastosListScreenState' is from 'package:vercy_motos/screens/gastos/gastos_list_screen.dart' ('lib/screens/gastos/gastos_list_screen.dart').
      style: TextStyle(color: AppTheme.textPrimary, fontSize: 14),
                              ^^^^^^^^
lib/screens/gastos/gastos_list_screen.dart:452:20:
Error: The getter 'AppTheme' isn't defined for the type '_GastosListScreenState'.
 - '_GastosListScreenState' is from 'package:vercy_motos/screens/gastos/gastos_list_screen.dart' ('lib/screens/gastos/gastos_list_screen.dart').
        fillColor: AppTheme.surfaceDark,
                   ^^^^^^^^
lib/screens/gastos/gastos_list_screen.dart:464:41:
Error: The getter 'AppTheme' isn't defined for the type '_GastosListScreenState'.
 - '_GastosListScreenState' is from 'package:vercy_motos/screens/gastos/gastos_list_screen.dart' ('lib/screens/gastos/gastos_list_screen.dart').
          borderSide: BorderSide(color: AppTheme.primary, width: 2),
                                        ^^^^^^^^
lib/screens/gastos/gastos_list_screen.dart:481:18:
Error: The getter 'AppTheme' isn't defined for the type '_GastosListScreenState'.
 - '_GastosListScreenState' is from 'package:vercy_motos/screens/gastos/gastos_list_screen.dart' ('lib/screens/gastos/gastos_list_screen.dart').
          color: AppTheme.surfaceDark,
                 ^^^^^^^^
lib/screens/gastos/gastos_list_screen.dart:513:61:
Error: The getter 'AppTheme' isn't defined for the type '_GastosListScreenState'.
 - '_GastosListScreenState' is from 'package:vercy_motos/screens/gastos/gastos_list_screen.dart' ('lib/screens/gastos/gastos_list_screen.dart').
      return Center(child: CircularProgressIndicator(color: AppTheme.primary));
                                                            ^^^^^^^^
lib/screens/gastos/gastos_list_screen.dart:518:16:
Error: The getter 'AppTheme' isn't defined for the type '_GastosListScreenState'.
 - '_GastosListScreenState' is from 'package:vercy_motos/screens/gastos/gastos_list_screen.dart' ('lib/screens/gastos/gastos_list_screen.dart').
        color: AppTheme.cardBg,
               ^^^^^^^^
lib/screens/gastos/gastos_list_screen.dart:528:22:
Error: The getter 'AppTheme' isn't defined for the type '_GastosListScreenState'.
 - '_GastosListScreenState' is from 'package:vercy_motos/screens/gastos/gastos_list_screen.dart' ('lib/screens/gastos/gastos_list_screen.dart').
              color: AppTheme.surfaceDark,
                     ^^^^^^^^
lib/screens/gastos/gastos_list_screen.dart:587:36:
Error: The method 'paginarLista' isn't defined for the type '_GastosListScreenState'.
 - '_GastosListScreenState' is from 'package:vercy_motos/screens/gastos/gastos_list_screen.dart' ('lib/screens/gastos/gastos_list_screen.dart').
                        itemCount: paginarLista(_gastosFiltrados).length,
                                   ^^^^^^^^^^^^
lib/screens/gastos/gastos_list_screen.dart:589:37:
Error: The method 'paginarLista' isn't defined for the type '_GastosListScreenState'.
 - '_GastosListScreenState' is from 'package:vercy_motos/screens/gastos/gastos_list_screen.dart' ('lib/screens/gastos/gastos_list_screen.dart').
                      final gasto = paginarLista(_gastosFiltrados)[index];
                                    ^^^^^^^^^^^^
lib/screens/gastos/gastos_list_screen.dart:608:18:
Error: The getter 'AppTheme' isn't defined for the type '_GastosListScreenState'.
 - '_GastosListScreenState' is from 'package:vercy_motos/screens/gastos/gastos_list_screen.dart' ('lib/screens/gastos/gastos_list_screen.dart').
          color: AppTheme.textPrimary,
                 ^^^^^^^^
lib/screens/gastos/gastos_list_screen.dart:617:26:
Error: 'Gasto' isn't a type.
  Widget _buildFilaTabla(Gasto gasto, int index) {
                         ^^^^^
lib/screens/gastos/gastos_list_screen.dart:619:38:
Error: The getter 'AppTheme' isn't defined for the type '_GastosListScreenState'.
 - '_GastosListScreenState' is from 'package:vercy_motos/screens/gastos/gastos_list_screen.dart' ('lib/screens/gastos/gastos_list_screen.dart').
    final backgroundColor = isEven ? AppTheme.cardBg : AppTheme.surfaceDark;
                                     ^^^^^^^^
lib/screens/gastos/gastos_list_screen.dart:619:56:
Error: The getter 'AppTheme' isn't defined for the type '_GastosListScreenState'.
 - '_GastosListScreenState' is from 'package:vercy_motos/screens/gastos/gastos_list_screen.dart' ('lib/screens/gastos/gastos_list_screen.dart').
    final backgroundColor = isEven ? AppTheme.cardBg : AppTheme.surfaceDark;
                                                       ^^^^^^^^
lib/screens/gastos/gastos_list_screen.dart:647:39:
Error: The getter 'AppTheme' isn't defined for the type '_GastosListScreenState'.
 - '_GastosListScreenState' is from 'package:vercy_motos/screens/gastos/gastos_list_screen.dart' ('lib/screens/gastos/gastos_list_screen.dart').
              style: TextStyle(color: AppTheme.textPrimary, fontSize: 13),
                                      ^^^^^^^^
lib/screens/gastos/gastos_list_screen.dart:656:39:
Error: The getter 'AppTheme' isn't defined for the type '_GastosListScreenState'.
 - '_GastosListScreenState' is from 'package:vercy_motos/screens/gastos/gastos_list_screen.dart' ('lib/screens/gastos/gastos_list_screen.dart').
              style: TextStyle(color: AppTheme.textPrimary, fontSize: 13),
                                      ^^^^^^^^
lib/screens/gastos/gastos_list_screen.dart:666:39:
Error: The getter 'AppTheme' isn't defined for the type '_GastosListScreenState'.
 - '_GastosListScreenState' is from 'package:vercy_motos/screens/gastos/gastos_list_screen.dart' ('lib/screens/gastos/gastos_list_screen.dart').
              style: TextStyle(color: AppTheme.textPrimary, fontSize: 13),
                                      ^^^^^^^^
lib/screens/gastos/gastos_list_screen.dart:675:39:
Error: The getter 'AppTheme' isn't defined for the type '_GastosListScreenState'.
 - '_GastosListScreenState' is from 'package:vercy_motos/screens/gastos/gastos_list_screen.dart' ('lib/screens/gastos/gastos_list_screen.dart').
              style: TextStyle(color: AppTheme.textPrimary, fontSize: 13),
                                      ^^^^^^^^
lib/screens/gastos/gastos_list_screen.dart:685:39:
Error: The getter 'AppTheme' isn't defined for the type '_GastosListScreenState'.
 - '_GastosListScreenState' is from 'package:vercy_motos/screens/gastos/gastos_list_screen.dart' ('lib/screens/gastos/gastos_list_screen.dart').
              style: TextStyle(color: AppTheme.textPrimary, fontSize: 13),
                                      ^^^^^^^^
lib/screens/gastos/gastos_list_screen.dart:694:21:
Error: The method 'formatNumberWithDots' isn't defined for the type '_GastosListScreenState'.
 - '_GastosListScreenState' is from 'package:vercy_motos/screens/gastos/gastos_list_screen.dart' ('lib/screens/gastos/gastos_list_screen.dart').
              '\$ ${formatNumberWithDots(gasto.monto)}',
                    ^^^^^^^^^^^^^^^^^^^^
lib/screens/gastos/gastos_list_screen.dart:695:39:
Error: The getter 'AppTheme' isn't defined for the type '_GastosListScreenState'.
 - '_GastosListScreenState' is from 'package:vercy_motos/screens/gastos/gastos_list_screen.dart' ('lib/screens/gastos/gastos_list_screen.dart').
              style: TextStyle(color: AppTheme.textPrimary, fontSize: 13),
                                      ^^^^^^^^
lib/screens/gastos/gastos_list_screen.dart:704:21:
Error: The method 'formatNumberWithDots' isn't defined for the type '_GastosListScreenState'.
 - '_GastosListScreenState' is from 'package:vercy_motos/screens/gastos/gastos_list_screen.dart' ('lib/screens/gastos/gastos_list_screen.dart').
              '\$ ${formatNumberWithDots(pagado)}',
                    ^^^^^^^^^^^^^^^^^^^^
lib/screens/gastos/gastos_list_screen.dart:705:39:
Error: The getter 'AppTheme' isn't defined for the type '_GastosListScreenState'.
 - '_GastosListScreenState' is from 'package:vercy_motos/screens/gastos/gastos_list_screen.dart' ('lib/screens/gastos/gastos_list_screen.dart').
              style: TextStyle(color: AppTheme.textPrimary, fontSize: 13),
                                      ^^^^^^^^
lib/screens/gastos/gastos_list_screen.dart:714:21:
Error: The method 'formatNumberWithDots' isn't defined for the type '_GastosListScreenState'.
 - '_GastosListScreenState' is from 'package:vercy_motos/screens/gastos/gastos_list_screen.dart' ('lib/screens/gastos/gastos_list_screen.dart').
              '\$ ${formatNumberWithDots(porPagar)}',
                    ^^^^^^^^^^^^^^^^^^^^
lib/screens/gastos/gastos_list_screen.dart:728:39:
Error: The getter 'AppTheme' isn't defined for the type '_GastosListScreenState'.
 - '_GastosListScreenState' is from 'package:vercy_motos/screens/gastos/gastos_list_screen.dart' ('lib/screens/gastos/gastos_list_screen.dart').
              style: TextStyle(color: AppTheme.textPrimary, fontSize: 13),
                                      ^^^^^^^^
lib/screens/gastos/gastos_list_screen.dart:745:28:
Error: The getter 'AppTheme' isn't defined for the type '_GastosListScreenState'.
 - '_GastosListScreenState' is from 'package:vercy_motos/screens/gastos/gastos_list_screen.dart' ('lib/screens/gastos/gastos_list_screen.dart').
                    color: AppTheme.success,
                           ^^^^^^^^
lib/screens/gastos/gastos_list_screen.dart:761:28:
Error: The getter 'AppTheme' isn't defined for the type '_GastosListScreenState'.
 - '_GastosListScreenState' is from 'package:vercy_motos/screens/gastos/gastos_list_screen.dart' ('lib/screens/gastos/gastos_list_screen.dart').
                    color: AppTheme.success,
                           ^^^^^^^^
lib/screens/gastos/gastos_list_screen.dart:802:29:
Error: 'Gasto' isn't a type.
  void _mostrarDetalleGasto(Gasto gasto) {
                            ^^^^^
lib/screens/gastos/gastos_list_screen.dart:806:26:
Error: The getter 'AppTheme' isn't defined for the type '_GastosListScreenState'.
 - '_GastosListScreenState' is from 'package:vercy_motos/screens/gastos/gastos_list_screen.dart' ('lib/screens/gastos/gastos_list_screen.dart').
        backgroundColor: AppTheme.cardBg,
                         ^^^^^^^^
lib/screens/gastos/gastos_list_screen.dart:809:45:
Error: The getter 'AppTheme' isn't defined for the type '_GastosListScreenState'.
 - '_GastosListScreenState' is from 'package:vercy_motos/screens/gastos/gastos_list_screen.dart' ('lib/screens/gastos/gastos_list_screen.dart').
            Icon(Icons.receipt_long, color: AppTheme.primary),
                                            ^^^^^^^^
lib/screens/gastos/gastos_list_screen.dart:813:39:
Error: The getter 'AppTheme' isn't defined for the type '_GastosListScreenState'.
 - '_GastosListScreenState' is from 'package:vercy_motos/screens/gastos/gastos_list_screen.dart' ('lib/screens/gastos/gastos_list_screen.dart').
              style: TextStyle(color: AppTheme.textPrimary),
                                      ^^^^^^^^
lib/screens/gastos/gastos_list_screen.dart:828:23:
Error: The method 'formatNumberWithDots' isn't defined for the type '_GastosListScreenState'.
 - '_GastosListScreenState' is from 'package:vercy_motos/screens/gastos/gastos_list_screen.dart' ('lib/screens/gastos/gastos_list_screen.dart').
                '\$ ${formatNumberWithDots(gasto.monto)}',
                      ^^^^^^^^^^^^^^^^^^^^
lib/screens/gastos/gastos_list_screen.dart:850:59:
Error: The getter 'AppTheme' isn't defined for the type '_GastosListScreenState'.
 - '_GastosListScreenState' is from 'package:vercy_motos/screens/gastos/gastos_list_screen.dart' ('lib/screens/gastos/gastos_list_screen.dart').
            child: Text('Cerrar', style: TextStyle(color: AppTheme.primary)),
                                                          ^^^^^^^^
lib/screens/gastos/gastos_list_screen.dart:874:56:
Error: The getter 'AppTheme' isn't defined for the type '_GastosListScreenState'.
 - '_GastosListScreenState' is from 'package:vercy_motos/screens/gastos/gastos_list_screen.dart' ('lib/screens/gastos/gastos_list_screen.dart').
            child: Text(value, style: TextStyle(color: AppTheme.textPrimary)),
                                                       ^^^^^^^^
lib/screens/gastos/gastos_list_screen.dart:881:27:
Error: 'Gasto' isn't a type.
  void _confirmarEliminar(Gasto gasto) {
                          ^^^^^
lib/screens/gastos/gastos_list_screen.dart:885:26:
Error: The getter 'AppTheme' isn't defined for the type '_GastosListScreenState'.
 - '_GastosListScreenState' is from 'package:vercy_motos/screens/gastos/gastos_list_screen.dart' ('lib/screens/gastos/gastos_list_screen.dart').
        backgroundColor: AppTheme.cardBg,
                         ^^^^^^^^
lib/screens/gastos/gastos_list_screen.dart:888:35:
Error: The getter 'AppTheme' isn't defined for the type '_GastosListScreenState'.
 - '_GastosListScreenState' is from 'package:vercy_motos/screens/gastos/gastos_list_screen.dart' ('lib/screens/gastos/gastos_list_screen.dart').
          style: TextStyle(color: AppTheme.textPrimary),
                                  ^^^^^^^^
lib/screens/gastos/gastos_list_screen.dart:891:100:
Error: The method 'formatNumberWithDots' isn't defined for the type '_GastosListScreenState'.
 - '_GastosListScreenState' is from 'package:vercy_motos/screens/gastos/gastos_list_screen.dart' ('lib/screens/gastos/gastos_list_screen.dart').
          '¿Está seguro que desea eliminar este gasto?\n\nConcepto: ${gasto.concepto}\nMonto: \$ ${formatNumberWithDots(gasto.monto)}',
                                                                                          ^^^^^^^^^^^^^^^^^^^^
lib/screens/gastos/gastos_list_screen.dart:892:35:
Error: The getter 'AppTheme' isn't defined for the type '_GastosListScreenState'.
 - '_GastosListScreenState' is from 'package:vercy_motos/screens/gastos/gastos_list_screen.dart' ('lib/screens/gastos/gastos_list_screen.dart').
          style: TextStyle(color: AppTheme.textSecondary),
                                  ^^^^^^^^
lib/screens/gastos/gastos_list_screen.dart:912:31:
Error: 'Gasto' isn't a type.
  Future<void> _eliminarGasto(Gasto gasto) async {
                              ^^^^^
lib/screens/gastos/gastos_list_screen.dart:919:30:
Error: The getter 'AppTheme' isn't defined for the type '_GastosListScreenState'.
 - '_GastosListScreenState' is from 'package:vercy_motos/screens/gastos/gastos_list_screen.dart' ('lib/screens/gastos/gastos_list_screen.dart').
            backgroundColor: AppTheme.success,
                             ^^^^^^^^
lib/screens/facturacion/productos_list_screen.dart:30:9:
Error: 'ProductoService' isn't a type.
  final ProductoService _productoService = ProductoService();
        ^^^^^^^^^^^^^^^
lib/screens/facturacion/productos_list_screen.dart:30:44:
Error: Method not found: 'ProductoService'.
  final ProductoService _productoService = ProductoService();
                                           ^^^^^^^^^^^^^^^
lib/screens/facturacion/productos_list_screen.dart:40:8:
Error: 'Producto' isn't a type.
  List<Producto> _productos = [];
       ^^^^^^^^
lib/screens/facturacion/productos_list_screen.dart:41:8:
Error: 'Producto' isn't a type.
  List<Producto> _productosFiltrados = [];
       ^^^^^^^^
lib/screens/facturacion/productos_list_screen.dart:42:8:
Error: 'Categoria' isn't a type.
  List<Categoria> _categorias = [];
       ^^^^^^^^^
lib/screens/facturacion/productos_list_screen.dart:67:44:
Error: 'Producto' isn't a type.
      final productos = results[0] as List<Producto>;
                                           ^^^^^^^^
lib/screens/facturacion/productos_list_screen.dart:68:45:
Error: 'Categoria' isn't a type.
      final categorias = results[1] as List<Categoria>;
                                            ^^^^^^^^^
lib/screens/facturacion/productos_list_screen.dart:62:41:
Error: The argument type 'List<dynamic>' can't be assigned to the parameter type 'Iterable<Future<dynamic>>'.
 - 'List' is from 'dart:core'.
 - 'Iterable' is from 'dart:core'.
 - 'Future' is from 'dart:async'.
      final results = await Future.wait([
                                        ^
lib/screens/facturacion/productos_list_screen.dart:71:7:
Error: The method 'appLog' isn't defined for the type '_ProductosListScreenState'.
 - '_ProductosListScreenState' is from 'package:vercy_motos/screens/facturacion/productos_list_screen.dart' ('lib/screens/facturacion/productos_list_screen.dart').
      appLog('📦 Productos cargados: ${productos.length}');
      ^^^^^^
lib/screens/facturacion/productos_list_screen.dart:74:9:
Error: The method 'appLog' isn't defined for the type '_ProductosListScreenState'.
 - '_ProductosListScreenState' is from 'package:vercy_motos/screens/facturacion/productos_list_screen.dart' ('lib/screens/facturacion/productos_list_screen.dart').
        appLog('   - ${p.nombre}: Almacén=${p.almacen}, Bodega=${p.bodega}');
        ^^^^^^
lib/screens/facturacion/productos_list_screen.dart:100:23:
Error: The getter 'codigo' isn't defined for the type 'Object?'.
 - 'Object' is from 'dart:core'.
            (producto.codigo?.toLowerCase().contains(
                      ^^^^^^
lib/screens/facturacion/productos_list_screen.dart:104:22:
Error: The getter 'id' isn't defined for the type 'Object?'.
 - 'Object' is from 'dart:core'.
            producto.id.toLowerCase().contains(
                     ^^
lib/screens/facturacion/productos_list_screen.dart:111:22:
Error: The getter 'nombre' isn't defined for the type 'Object?'.
 - 'Object' is from 'dart:core'.
            producto.nombre.toLowerCase().contains(
                     ^^^^^^
lib/screens/facturacion/productos_list_screen.dart:118:23:
Error: The getter 'categoria' isn't defined for the type 'Object?'.
 - 'Object' is from 'dart:core'.
            (producto.categoria?.nombre == _categoriaSeleccionada);
                      ^^^^^^^^^
lib/screens/facturacion/productos_list_screen.dart:124:26:
Error: The getter 'productoOServicio' isn't defined for the type 'Object?'.
 - 'Object' is from 'dart:core'.
                producto.productoOServicio?.toUpperCase() == 'SERVICIO');
                         ^^^^^^^^^^^^^^^^^
lib/screens/facturacion/productos_list_screen.dart:130:44:
Error: The getter 'nombre' isn't defined for the type 'Object?'.
 - 'Object' is from 'dart:core'.
      _productosFiltrados.sort((a, b) => a.nombre.compareTo(b.nombre));
                                           ^^^^^^
lib/screens/facturacion/productos_list_screen.dart:130:63:
Error: The getter 'nombre' isn't defined for the type 'Object?'.
 - 'Object' is from 'dart:core'.
      _productosFiltrados.sort((a, b) => a.nombre.compareTo(b.nombre));
                                                              ^^^^^^
lib/screens/facturacion/productos_list_screen.dart:131:7:
Error: The method 'resetPagina' isn't defined for the type '_ProductosListScreenState'.
 - '_ProductosListScreenState' is from 'package:vercy_motos/screens/facturacion/productos_list_screen.dart' ('lib/screens/facturacion/productos_list_screen.dart').
      resetPagina();
      ^^^^^^^^^^^
lib/screens/facturacion/productos_list_screen.dart:135:31:
Error: 'Producto' isn't a type.
  String _getEstadoInventario(Producto producto) {
                              ^^^^^^^^
lib/screens/facturacion/productos_list_screen.dart:151:22:
Error: 'Producto' isn't a type.
  int _getStockTotal(Producto producto) {
                     ^^^^^^^^
lib/screens/facturacion/productos_list_screen.dart:162:16:
Error: The getter 'AppTheme' isn't defined for the type '_ProductosListScreenState'.
 - '_ProductosListScreenState' is from 'package:vercy_motos/screens/facturacion/productos_list_screen.dart' ('lib/screens/facturacion/productos_list_screen.dart').
        return AppTheme.success;
               ^^^^^^^^
lib/screens/facturacion/productos_list_screen.dart:188:28:
Error: The getter 'AppTheme' isn't defined for the type '_ProductosListScreenState'.
 - '_ProductosListScreenState' is from 'package:vercy_motos/screens/facturacion/productos_list_screen.dart' ('lib/screens/facturacion/productos_list_screen.dart').
                    color: AppTheme.textPrimary,
                           ^^^^^^^^
lib/screens/facturacion/productos_list_screen.dart:277:44:
Error: The getter 'AppTheme' isn't defined for the type '_ProductosListScreenState'.
 - '_ProductosListScreenState' is from 'package:vercy_motos/screens/facturacion/productos_list_screen.dart' ('lib/screens/facturacion/productos_list_screen.dart').
                          backgroundColor: AppTheme.primary,
                                           ^^^^^^^^
lib/screens/facturacion/productos_list_screen.dart:209:63:
Error: The getter 'AppTheme' isn't defined for the type '_ProductosListScreenState'.
 - '_ProductosListScreenState' is from 'package:vercy_motos/screens/facturacion/productos_list_screen.dart' ('lib/screens/facturacion/productos_list_screen.dart').
                              Icon(Icons.cloud_upload, color: AppTheme.success),
                                                              ^^^^^^^^
lib/screens/facturacion/productos_list_screen.dart:219:63:
Error: The getter 'AppTheme' isn't defined for the type '_ProductosListScreenState'.
 - '_ProductosListScreenState' is from 'package:vercy_motos/screens/facturacion/productos_list_screen.dart' ('lib/screens/facturacion/productos_list_screen.dart').
                              Icon(Icons.cloud_upload, color: AppTheme.info),
                                                              ^^^^^^^^
lib/screens/facturacion/productos_list_screen.dart:291:42:
Error: The getter 'AppTheme' isn't defined for the type '_ProductosListScreenState'.
 - '_ProductosListScreenState' is from 'package:vercy_motos/screens/facturacion/productos_list_screen.dart' ('lib/screens/facturacion/productos_list_screen.dart').
                        backgroundColor: AppTheme.primary,
                                         ^^^^^^^^
lib/screens/facturacion/productos_list_screen.dart:172:12:
Error: The method 'VercySidebarLayout' isn't defined for the type '_ProductosListScreenState'.
 - '_ProductosListScreenState' is from 'package:vercy_motos/screens/facturacion/productos_list_screen.dart' ('lib/screens/facturacion/productos_list_screen.dart').
    return VercySidebarLayout(
           ^^^^^^^^^^^^^^^^^^
lib/screens/facturacion/productos_list_screen.dart:317:16:
Error: The getter 'AppTheme' isn't defined for the type '_ProductosListScreenState'.
 - '_ProductosListScreenState' is from 'package:vercy_motos/screens/facturacion/productos_list_screen.dart' ('lib/screens/facturacion/productos_list_screen.dart').
        color: AppTheme.cardBg,
               ^^^^^^^^
lib/screens/facturacion/productos_list_screen.dart:327:22:
Error: The getter 'AppTheme' isn't defined for the type '_ProductosListScreenState'.
 - '_ProductosListScreenState' is from 'package:vercy_motos/screens/facturacion/productos_list_screen.dart' ('lib/screens/facturacion/productos_list_screen.dart').
              color: AppTheme.surfaceDark,
                     ^^^^^^^^
lib/screens/facturacion/productos_list_screen.dart:334:32:
Error: The getter 'AppTheme' isn't defined for the type '_ProductosListScreenState'.
 - '_ProductosListScreenState' is from 'package:vercy_motos/screens/facturacion/productos_list_screen.dart' ('lib/screens/facturacion/productos_list_screen.dart').
                dropdownColor: AppTheme.cardBg,
                               ^^^^^^^^
lib/screens/facturacion/productos_list_screen.dart:375:22:
Error: The getter 'AppTheme' isn't defined for the type '_ProductosListScreenState'.
 - '_ProductosListScreenState' is from 'package:vercy_motos/screens/facturacion/productos_list_screen.dart' ('lib/screens/facturacion/productos_list_screen.dart').
              color: AppTheme.surfaceDark,
                     ^^^^^^^^
lib/screens/facturacion/productos_list_screen.dart:382:32:
Error: The getter 'AppTheme' isn't defined for the type '_ProductosListScreenState'.
 - '_ProductosListScreenState' is from 'package:vercy_motos/screens/facturacion/productos_list_screen.dart' ('lib/screens/facturacion/productos_list_screen.dart').
                dropdownColor: AppTheme.cardBg,
                               ^^^^^^^^
lib/screens/facturacion/productos_list_screen.dart:390:34:
Error: The getter 'nombre' isn't defined for the type 'Object?'.
 - 'Object' is from 'dart:core'.
                      value: cat.nombre,
                                 ^^^^^^
lib/screens/facturacion/productos_list_screen.dart:391:39:
Error: The getter 'nombre' isn't defined for the type 'Object?'.
 - 'Object' is from 'dart:core'.
                      child: Text(cat.nombre),
                                      ^^^^^^
lib/screens/facturacion/productos_list_screen.dart:420:20:
Error: The getter 'AppTheme' isn't defined for the type '_ProductosListScreenState'.
 - '_ProductosListScreenState' is from 'package:vercy_motos/screens/facturacion/productos_list_screen.dart' ('lib/screens/facturacion/productos_list_screen.dart').
        fillColor: AppTheme.surfaceDark,
                   ^^^^^^^^
lib/screens/facturacion/productos_list_screen.dart:432:41:
Error: The getter 'AppTheme' isn't defined for the type '_ProductosListScreenState'.
 - '_ProductosListScreenState' is from 'package:vercy_motos/screens/facturacion/productos_list_screen.dart' ('lib/screens/facturacion/productos_list_screen.dart').
          borderSide: BorderSide(color: AppTheme.primary, width: 2),
                                        ^^^^^^^^
lib/screens/facturacion/productos_list_screen.dart:440:61:
Error: The getter 'AppTheme' isn't defined for the type '_ProductosListScreenState'.
 - '_ProductosListScreenState' is from 'package:vercy_motos/screens/facturacion/productos_list_screen.dart' ('lib/screens/facturacion/productos_list_screen.dart').
      return Center(child: CircularProgressIndicator(color: AppTheme.primary));
                                                            ^^^^^^^^
lib/screens/facturacion/productos_list_screen.dart:445:16:
Error: The getter 'AppTheme' isn't defined for the type '_ProductosListScreenState'.
 - '_ProductosListScreenState' is from 'package:vercy_motos/screens/facturacion/productos_list_screen.dart' ('lib/screens/facturacion/productos_list_screen.dart').
        color: AppTheme.cardBg,
               ^^^^^^^^
lib/screens/facturacion/productos_list_screen.dart:455:22:
Error: The getter 'AppTheme' isn't defined for the type '_ProductosListScreenState'.
 - '_ProductosListScreenState' is from 'package:vercy_motos/screens/facturacion/productos_list_screen.dart' ('lib/screens/facturacion/productos_list_screen.dart').
              color: AppTheme.surfaceDark,
                     ^^^^^^^^
lib/screens/facturacion/productos_list_screen.dart:520:36:
Error: The method 'paginarLista' isn't defined for the type '_ProductosListScreenState'.
 - '_ProductosListScreenState' is from 'package:vercy_motos/screens/facturacion/productos_list_screen.dart' ('lib/screens/facturacion/productos_list_screen.dart').
                        itemCount: paginarLista(_productosFiltrados).length,
                                   ^^^^^^^^^^^^
lib/screens/facturacion/productos_list_screen.dart:522:44:
Error: The method 'paginarLista' isn't defined for the type '_ProductosListScreenState'.
 - '_ProductosListScreenState' is from 'package:vercy_motos/screens/facturacion/productos_list_screen.dart' ('lib/screens/facturacion/productos_list_screen.dart').
                          final producto = paginarLista(_productosFiltrados)[index];
                                           ^^^^^^^^^^^^
lib/screens/facturacion/productos_list_screen.dart:528:38:
Error: The getter 'AppTheme' isn't defined for the type '_ProductosListScreenState'.
 - '_ProductosListScreenState' is from 'package:vercy_motos/screens/facturacion/productos_list_screen.dart' ('lib/screens/facturacion/productos_list_screen.dart').
                        accentColor: AppTheme.primary,
                                     ^^^^^^^^
lib/screens/facturacion/productos_list_screen.dart:526:23:
Error: The method 'buildPaginacion' isn't defined for the type '_ProductosListScreenState'.
 - '_ProductosListScreenState' is from 'package:vercy_motos/screens/facturacion/productos_list_screen.dart' ('lib/screens/facturacion/productos_list_screen.dart').
                      buildPaginacion(
                      ^^^^^^^^^^^^^^^
lib/screens/facturacion/productos_list_screen.dart:548:18:
Error: The getter 'AppTheme' isn't defined for the type '_ProductosListScreenState'.
 - '_ProductosListScreenState' is from 'package:vercy_motos/screens/facturacion/productos_list_screen.dart' ('lib/screens/facturacion/productos_list_screen.dart').
          color: AppTheme.textPrimary,
                 ^^^^^^^^
lib/screens/facturacion/productos_list_screen.dart:557:26:
Error: 'Producto' isn't a type.
  Widget _buildFilaTabla(Producto producto, int index) {
                         ^^^^^^^^
lib/screens/facturacion/productos_list_screen.dart:559:38:
Error: The getter 'AppTheme' isn't defined for the type '_ProductosListScreenState'.
 - '_ProductosListScreenState' is from 'package:vercy_motos/screens/facturacion/productos_list_screen.dart' ('lib/screens/facturacion/productos_list_screen.dart').
    final backgroundColor = isEven ? AppTheme.cardBg : AppTheme.surfaceDark;
                                     ^^^^^^^^
lib/screens/facturacion/productos_list_screen.dart:559:56:
Error: The getter 'AppTheme' isn't defined for the type '_ProductosListScreenState'.
 - '_ProductosListScreenState' is from 'package:vercy_motos/screens/facturacion/productos_list_screen.dart' ('lib/screens/facturacion/productos_list_screen.dart').
    final backgroundColor = isEven ? AppTheme.cardBg : AppTheme.surfaceDark;
                                                       ^^^^^^^^
lib/screens/facturacion/productos_list_screen.dart:590:26:
Error: The getter 'AppTheme' isn't defined for the type '_ProductosListScreenState'.
 - '_ProductosListScreenState' is from 'package:vercy_motos/screens/facturacion/productos_list_screen.dart' ('lib/screens/facturacion/productos_list_screen.dart').
                  color: AppTheme.success,
                         ^^^^^^^^
lib/screens/facturacion/productos_list_screen.dart:603:39:
Error: The getter 'AppTheme' isn't defined for the type '_ProductosListScreenState'.
 - '_ProductosListScreenState' is from 'package:vercy_motos/screens/facturacion/productos_list_screen.dart' ('lib/screens/facturacion/productos_list_screen.dart').
              style: TextStyle(color: AppTheme.textPrimary, fontSize: 13),
                                      ^^^^^^^^
lib/screens/facturacion/productos_list_screen.dart:612:21:
Error: The method 'formatNumberWithDots' isn't defined for the type '_ProductosListScreenState'.
 - '_ProductosListScreenState' is from 'package:vercy_motos/screens/facturacion/productos_list_screen.dart' ('lib/screens/facturacion/productos_list_screen.dart').
              '\$ ${formatNumberWithDots(producto.precio)}',
                    ^^^^^^^^^^^^^^^^^^^^
lib/screens/facturacion/productos_list_screen.dart:613:39:
Error: The getter 'AppTheme' isn't defined for the type '_ProductosListScreenState'.
 - '_ProductosListScreenState' is from 'package:vercy_motos/screens/facturacion/productos_list_screen.dart' ('lib/screens/facturacion/productos_list_screen.dart').
              style: TextStyle(color: AppTheme.textPrimary, fontSize: 13),
                                      ^^^^^^^^
lib/screens/facturacion/productos_list_screen.dart:628:25:
Error: The getter 'AppTheme' isn't defined for the type '_ProductosListScreenState'.
 - '_ProductosListScreenState' is from 'package:vercy_motos/screens/facturacion/productos_list_screen.dart' ('lib/screens/facturacion/productos_list_screen.dart').
                      ? AppTheme.textPrimary
                        ^^^^^^^^
lib/screens/facturacion/productos_list_screen.dart:644:21:
Error: The method 'formatNumberWithDots' isn't defined for the type '_ProductosListScreenState'.
 - '_ProductosListScreenState' is from 'package:vercy_motos/screens/facturacion/productos_list_screen.dart' ('lib/screens/facturacion/productos_list_screen.dart').
              '\$ ${formatNumberWithDots(producto.costo)}',
                    ^^^^^^^^^^^^^^^^^^^^
lib/screens/facturacion/productos_list_screen.dart:645:39:
Error: The getter 'AppTheme' isn't defined for the type '_ProductosListScreenState'.
 - '_ProductosListScreenState' is from 'package:vercy_motos/screens/facturacion/productos_list_screen.dart' ('lib/screens/facturacion/productos_list_screen.dart').
              style: TextStyle(color: AppTheme.textPrimary, fontSize: 13),
                                      ^^^^^^^^
lib/screens/facturacion/productos_list_screen.dart:658:26:
Error: The getter 'AppTheme' isn't defined for the type '_ProductosListScreenState'.
 - '_ProductosListScreenState' is from 'package:vercy_motos/screens/facturacion/productos_list_screen.dart' ('lib/screens/facturacion/productos_list_screen.dart').
                  color: AppTheme.success,
                         ^^^^^^^^
lib/screens/facturacion/productos_list_screen.dart:705:28:
Error: The getter 'AppTheme' isn't defined for the type '_ProductosListScreenState'.
 - '_ProductosListScreenState' is from 'package:vercy_motos/screens/facturacion/productos_list_screen.dart' ('lib/screens/facturacion/productos_list_screen.dart').
                    color: AppTheme.success,
                           ^^^^^^^^
lib/screens/facturacion/productos_list_screen.dart:720:28:
Error: The getter 'AppTheme' isn't defined for the type '_ProductosListScreenState'.
 - '_ProductosListScreenState' is from 'package:vercy_motos/screens/facturacion/productos_list_screen.dart' ('lib/screens/facturacion/productos_list_screen.dart').
                    color: AppTheme.primary,
                           ^^^^^^^^
lib/screens/facturacion/productos_list_screen.dart:783:32:
Error: 'Producto' isn't a type.
  void _mostrarDetalleProducto(Producto producto) {
                               ^^^^^^^^
lib/screens/facturacion/productos_list_screen.dart:787:26:
Error: The getter 'AppTheme' isn't defined for the type '_ProductosListScreenState'.
 - '_ProductosListScreenState' is from 'package:vercy_motos/screens/facturacion/productos_list_screen.dart' ('lib/screens/facturacion/productos_list_screen.dart').
        backgroundColor: AppTheme.cardBg,
                         ^^^^^^^^
lib/screens/facturacion/productos_list_screen.dart:790:44:
Error: The getter 'AppTheme' isn't defined for the type '_ProductosListScreenState'.
 - '_ProductosListScreenState' is from 'package:vercy_motos/screens/facturacion/productos_list_screen.dart' ('lib/screens/facturacion/productos_list_screen.dart').
            Icon(Icons.inventory_2, color: AppTheme.primary),
                                           ^^^^^^^^
lib/screens/facturacion/productos_list_screen.dart:795:41:
Error: The getter 'AppTheme' isn't defined for the type '_ProductosListScreenState'.
 - '_ProductosListScreenState' is from 'package:vercy_motos/screens/facturacion/productos_list_screen.dart' ('lib/screens/facturacion/productos_list_screen.dart').
                style: TextStyle(color: AppTheme.textPrimary, fontSize: 18),
                                        ^^^^^^^^
lib/screens/facturacion/productos_list_screen.dart:817:25:
Error: The method 'formatNumberWithDots' isn't defined for the type '_ProductosListScreenState'.
 - '_ProductosListScreenState' is from 'package:vercy_motos/screens/facturacion/productos_list_screen.dart' ('lib/screens/facturacion/productos_list_screen.dart').
                  '\$ ${formatNumberWithDots(producto.precio)}',
                        ^^^^^^^^^^^^^^^^^^^^
lib/screens/facturacion/productos_list_screen.dart:821:25:
Error: The method 'formatNumberWithDots' isn't defined for the type '_ProductosListScreenState'.
 - '_ProductosListScreenState' is from 'package:vercy_motos/screens/facturacion/productos_list_screen.dart' ('lib/screens/facturacion/productos_list_screen.dart').
                  '\$ ${formatNumberWithDots(producto.costo)}',
                        ^^^^^^^^^^^^^^^^^^^^
lib/screens/facturacion/productos_list_screen.dart:825:25:
Error: The method 'formatNumberWithDots' isn't defined for the type '_ProductosListScreenState'.
 - '_ProductosListScreenState' is from 'package:vercy_motos/screens/facturacion/productos_list_screen.dart' ('lib/screens/facturacion/productos_list_screen.dart').
                  '\$ ${formatNumberWithDots(producto.utilidad)}',
                        ^^^^^^^^^^^^^^^^^^^^
lib/screens/facturacion/productos_list_screen.dart:857:59:
Error: The getter 'AppTheme' isn't defined for the type '_ProductosListScreenState'.
 - '_ProductosListScreenState' is from 'package:vercy_motos/screens/facturacion/productos_list_screen.dart' ('lib/screens/facturacion/productos_list_screen.dart').
            child: Text('Cerrar', style: TextStyle(color: AppTheme.primary)),
                                                          ^^^^^^^^
lib/screens/facturacion/productos_list_screen.dart:881:56:
Error: The getter 'AppTheme' isn't defined for the type '_ProductosListScreenState'.
 - '_ProductosListScreenState' is from 'package:vercy_motos/screens/facturacion/productos_list_screen.dart' ('lib/screens/facturacion/productos_list_screen.dart').
            child: Text(value, style: TextStyle(color: AppTheme.textPrimary)),
                                                       ^^^^^^^^
lib/screens/facturacion/productos_list_screen.dart:888:28:
Error: 'Producto' isn't a type.
  void _mostrarUbicaciones(Producto producto) {
                           ^^^^^^^^
lib/screens/facturacion/productos_list_screen.dart:892:26:
Error: The getter 'AppTheme' isn't defined for the type '_ProductosListScreenState'.
 - '_ProductosListScreenState' is from 'package:vercy_motos/screens/facturacion/productos_list_screen.dart' ('lib/screens/facturacion/productos_list_screen.dart').
        backgroundColor: AppTheme.cardBg,
                         ^^^^^^^^
lib/screens/facturacion/productos_list_screen.dart:895:44:
Error: The getter 'AppTheme' isn't defined for the type '_ProductosListScreenState'.
 - '_ProductosListScreenState' is from 'package:vercy_motos/screens/facturacion/productos_list_screen.dart' ('lib/screens/facturacion/productos_list_screen.dart').
            Icon(Icons.location_on, color: AppTheme.primary),
                                           ^^^^^^^^
lib/screens/facturacion/productos_list_screen.dart:897:57:
Error: The getter 'AppTheme' isn't defined for the type '_ProductosListScreenState'.
 - '_ProductosListScreenState' is from 'package:vercy_motos/screens/facturacion/productos_list_screen.dart' ('lib/screens/facturacion/productos_list_screen.dart').
            Text('Ubicaciones', style: TextStyle(color: AppTheme.textPrimary)),
                                                        ^^^^^^^^
lib/screens/facturacion/productos_list_screen.dart:909:26:
Error: The getter 'AppTheme' isn't defined for the type '_ProductosListScreenState'.
 - '_ProductosListScreenState' is from 'package:vercy_motos/screens/facturacion/productos_list_screen.dart' ('lib/screens/facturacion/productos_list_screen.dart').
                  color: AppTheme.success,
                         ^^^^^^^^
lib/screens/facturacion/productos_list_screen.dart:938:59:
Error: The getter 'AppTheme' isn't defined for the type '_ProductosListScreenState'.
 - '_ProductosListScreenState' is from 'package:vercy_motos/screens/facturacion/productos_list_screen.dart' ('lib/screens/facturacion/productos_list_screen.dart').
            child: Text('Cerrar', style: TextStyle(color: AppTheme.primary)),
                                                          ^^^^^^^^
lib/screens/facturacion/productos_list_screen.dart:950:16:
Error: The getter 'AppTheme' isn't defined for the type '_ProductosListScreenState'.
 - '_ProductosListScreenState' is from 'package:vercy_motos/screens/facturacion/productos_list_screen.dart' ('lib/screens/facturacion/productos_list_screen.dart').
        color: AppTheme.surfaceDark,
               ^^^^^^^^
lib/screens/facturacion/productos_list_screen.dart:960:22:
Error: The getter 'AppTheme' isn't defined for the type '_ProductosListScreenState'.
 - '_ProductosListScreenState' is from 'package:vercy_motos/screens/facturacion/productos_list_screen.dart' ('lib/screens/facturacion/productos_list_screen.dart').
              color: AppTheme.textPrimary,
                     ^^^^^^^^
lib/screens/facturacion/productos_list_screen.dart:974:24:
Error: 'Producto' isn't a type.
  void _editarProducto(Producto producto) {
                       ^^^^^^^^
lib/screens/facturacion/productos_list_screen.dart:1007:13:
Error: 'Producto' isn't a type.
            Producto productoFinal = productoCompleto;
            ^^^^^^^^
lib/screens/facturacion/productos_list_screen.dart:999:5:
Error: The method 'appLog' isn't defined for the type '_ProductosListScreenState'.
 - '_ProductosListScreenState' is from 'package:vercy_motos/screens/facturacion/productos_list_screen.dart' ('lib/screens/facturacion/productos_list_screen.dart').
    appLog('🔍 [_editarProducto] productoOServicio local: "$productoOServicioLocal"');
    ^^^^^^
lib/screens/facturacion/productos_list_screen.dart:1013:15:
Error: The method 'appLog' isn't defined for the type '_ProductosListScreenState'.
 - '_ProductosListScreenState' is from 'package:vercy_motos/screens/facturacion/productos_list_screen.dart' ('lib/screens/facturacion/productos_list_screen.dart').
              appLog('🔍 [_editarProducto] productoOServicio restaurado del local: "$productoOServicioLocal"');
              ^^^^^^
lib/screens/facturacion/productos_list_screen.dart:1015:13:
Error: The method 'appLog' isn't defined for the type '_ProductosListScreenState'.
 - '_ProductosListScreenState' is from 'package:vercy_motos/screens/facturacion/productos_list_screen.dart' ('lib/screens/facturacion/productos_list_screen.dart').
            appLog('🔍 [_editarProducto] productoFinal.productoOServicio: "${productoFinal.productoOServicio}"');
            ^^^^^^
lib/screens/facturacion/productos_list_screen.dart:1035:44:
Error: 'Producto' isn't a type.
  void _mostrarFormularioProductoCompleto({Producto? producto}) {
                                           ^^^^^^^^
lib/screens/facturacion/productos_list_screen.dart:1136:5:
Error: The method 'appLog' isn't defined for the type '_ProductosListScreenState'.
 - '_ProductosListScreenState' is from 'package:vercy_motos/screens/facturacion/productos_list_screen.dart' ('lib/screens/facturacion/productos_list_screen.dart').
    appLog('🔍 [DIALOG INIT] tipoSeleccionado inicial: "${tipoSeleccionado[0]}"');
    ^^^^^^
lib/screens/facturacion/productos_list_screen.dart:1137:5:
Error: The method 'appLog' isn't defined for the type '_ProductosListScreenState'.
 - '_ProductosListScreenState' is from 'package:vercy_motos/screens/facturacion/productos_list_screen.dart' ('lib/screens/facturacion/productos_list_screen.dart').
    appLog('🔍 [DIALOG INIT] producto.productoOServicio: "${producto?.productoOServicio}"');
    ^^^^^^
lib/screens/facturacion/productos_list_screen.dart:1148:32:
Error: The getter 'AppTheme' isn't defined for the type '_ProductosListScreenState'.
 - '_ProductosListScreenState' is from 'package:vercy_motos/screens/facturacion/productos_list_screen.dart' ('lib/screens/facturacion/productos_list_screen.dart').
              backgroundColor: AppTheme.cardBg,
                               ^^^^^^^^
lib/screens/facturacion/productos_list_screen.dart:1153:28:
Error: The getter 'AppTheme' isn't defined for the type '_ProductosListScreenState'.
 - '_ProductosListScreenState' is from 'package:vercy_motos/screens/facturacion/productos_list_screen.dart' ('lib/screens/facturacion/productos_list_screen.dart').
                    color: AppTheme.primary,
                           ^^^^^^^^
lib/screens/facturacion/productos_list_screen.dart:1158:45:
Error: The getter 'AppTheme' isn't defined for the type '_ProductosListScreenState'.
 - '_ProductosListScreenState' is from 'package:vercy_motos/screens/facturacion/productos_list_screen.dart' ('lib/screens/facturacion/productos_list_screen.dart').
                    style: TextStyle(color: AppTheme.textPrimary),
                                            ^^^^^^^^
lib/screens/facturacion/productos_list_screen.dart:1170:41:
Error: The getter 'AppTheme' isn't defined for the type '_ProductosListScreenState'.
 - '_ProductosListScreenState' is from 'package:vercy_motos/screens/facturacion/productos_list_screen.dart' ('lib/screens/facturacion/productos_list_screen.dart').
                        indicatorColor: AppTheme.primary,
                                        ^^^^^^^^
lib/screens/facturacion/productos_list_screen.dart:1171:37:
Error: The getter 'AppTheme' isn't defined for the type '_ProductosListScreenState'.
 - '_ProductosListScreenState' is from 'package:vercy_motos/screens/facturacion/productos_list_screen.dart' ('lib/screens/facturacion/productos_list_screen.dart').
                        labelColor: AppTheme.primary,
                                    ^^^^^^^^
lib/screens/facturacion/productos_list_screen.dart:1192:31:
Error: The argument type 'List<dynamic>' can't be assigned to the parameter type 'List<String>'.
 - 'List' is from 'dart:core'.
                              tipoSeleccionado,
                              ^
lib/screens/facturacion/productos_list_screen.dart:1225:31:
Error: The argument type 'List<dynamic>' can't be assigned to the parameter type 'List<String>'.
 - 'List' is from 'dart:core'.
                              controlInventarioSeleccionado,
                              ^
lib/screens/facturacion/productos_list_screen.dart:1315:38:
Error: The getter 'AppTheme' isn't defined for the type '_ProductosListScreenState'.
 - '_ProductosListScreenState' is from 'package:vercy_motos/screens/facturacion/productos_list_screen.dart' ('lib/screens/facturacion/productos_list_screen.dart').
                    backgroundColor: AppTheme.primary,
                                     ^^^^^^^^
lib/screens/facturacion/productos_list_screen.dart:1257:21:
Error: The method 'appLog' isn't defined for the type '_ProductosListScreenState'.
 - '_ProductosListScreenState' is from 'package:vercy_motos/screens/facturacion/productos_list_screen.dart' ('lib/screens/facturacion/productos_list_screen.dart').
                    appLog('🔍 [GUARDAR] tipoSeleccionado antes de guardar: "${tipoSeleccionado[0]}"');
                    ^^^^^^
lib/screens/facturacion/productos_list_screen.dart:1328:36:
Error: 'Producto' isn't a type.
  void _mostrarFormularioProducto({Producto? producto}) {
                                   ^^^^^^^^
lib/screens/facturacion/productos_list_screen.dart:1360:32:
Error: The getter 'AppTheme' isn't defined for the type '_ProductosListScreenState'.
 - '_ProductosListScreenState' is from 'package:vercy_motos/screens/facturacion/productos_list_screen.dart' ('lib/screens/facturacion/productos_list_screen.dart').
              backgroundColor: AppTheme.cardBg,
                               ^^^^^^^^
lib/screens/facturacion/productos_list_screen.dart:1365:28:
Error: The getter 'AppTheme' isn't defined for the type '_ProductosListScreenState'.
 - '_ProductosListScreenState' is from 'package:vercy_motos/screens/facturacion/productos_list_screen.dart' ('lib/screens/facturacion/productos_list_screen.dart').
                    color: AppTheme.primary,
                           ^^^^^^^^
lib/screens/facturacion/productos_list_screen.dart:1370:45:
Error: The getter 'AppTheme' isn't defined for the type '_ProductosListScreenState'.
 - '_ProductosListScreenState' is from 'package:vercy_motos/screens/facturacion/productos_list_screen.dart' ('lib/screens/facturacion/productos_list_screen.dart').
                    style: TextStyle(color: AppTheme.textPrimary),
                                            ^^^^^^^^
lib/screens/facturacion/productos_list_screen.dart:1383:40:
Error: The getter 'AppTheme' isn't defined for the type '_ProductosListScreenState'.
 - '_ProductosListScreenState' is from 'package:vercy_motos/screens/facturacion/productos_list_screen.dart' ('lib/screens/facturacion/productos_list_screen.dart').
                        dropdownColor: AppTheme.cardBg,
                                       ^^^^^^^^
lib/screens/facturacion/productos_list_screen.dart:1406:27:
Error: The method 'appLog' isn't defined for the type '_ProductosListScreenState'.
 - '_ProductosListScreenState' is from 'package:vercy_motos/screens/facturacion/productos_list_screen.dart' ('lib/screens/facturacion/productos_list_screen.dart').
                          appLog('🔍 [DROPDOWN LIST] Cambio detectado: "$value"');
                          ^^^^^^
lib/screens/facturacion/productos_list_screen.dart:1410:31:
Error: The method 'appLog' isn't defined for the type '_ProductosListScreenState'.
 - '_ProductosListScreenState' is from 'package:vercy_motos/screens/facturacion/productos_list_screen.dart' ('lib/screens/facturacion/productos_list_screen.dart').
                              appLog('🔍 [DROPDOWN LIST] tipoSeleccionado actualizado: "$tipoSeleccionado"');
                              ^^^^^^
lib/screens/facturacion/productos_list_screen.dart:1466:40:
Error: The getter 'AppTheme' isn't defined for the type '_ProductosListScreenState'.
 - '_ProductosListScreenState' is from 'package:vercy_motos/screens/facturacion/productos_list_screen.dart' ('lib/screens/facturacion/productos_list_screen.dart').
                        dropdownColor: AppTheme.cardBg,
                                       ^^^^^^^^
lib/screens/facturacion/productos_list_screen.dart:1485:48:
Error: The getter 'id' isn't defined for the type 'Object?'.
 - 'Object' is from 'dart:core'.
                              value: categoria.id,
                                               ^^
lib/screens/facturacion/productos_list_screen.dart:1486:53:
Error: The getter 'nombre' isn't defined for the type 'Object?'.
 - 'Object' is from 'dart:core'.
                              child: Text(categoria.nombre),
                                                    ^^^^^^
lib/screens/facturacion/productos_list_screen.dart:1574:38:
Error: The getter 'AppTheme' isn't defined for the type '_ProductosListScreenState'.
 - '_ProductosListScreenState' is from 'package:vercy_motos/screens/facturacion/productos_list_screen.dart' ('lib/screens/facturacion/productos_list_screen.dart').
                    backgroundColor: AppTheme.primary,
                                     ^^^^^^^^
lib/screens/facturacion/productos_list_screen.dart:1561:21:
Error: The method 'appLog' isn't defined for the type '_ProductosListScreenState'.
 - '_ProductosListScreenState' is from 'package:vercy_motos/screens/facturacion/productos_list_screen.dart' ('lib/screens/facturacion/productos_list_screen.dart').
                    appLog('🔍 [GUARDA PRODUCTO LIST] tipo a guardar: "$tipoSeleccionado"');
                    ^^^^^^
lib/screens/facturacion/productos_list_screen.dart:1588:5:
Error: 'Producto' isn't a type.
    Producto? producto,
    ^^^^^^^^
lib/screens/facturacion/productos_list_screen.dart:1602:7:
Error: 'Categoria' isn't a type.
      Categoria? categoriaSeleccionada;
      ^^^^^^^^^
lib/screens/facturacion/productos_list_screen.dart:1598:7:
Error: The method 'appLog' isn't defined for the type '_ProductosListScreenState'.
 - '_ProductosListScreenState' is from 'package:vercy_motos/screens/facturacion/productos_list_screen.dart' ('lib/screens/facturacion/productos_list_screen.dart').
      appLog('🔍 [_guardarProducto] Parámetro tipo recibido: "$tipo"');
      ^^^^^^
lib/screens/facturacion/productos_list_screen.dart:1599:23:
Error: The method 'ProductoService' isn't defined for the type '_ProductosListScreenState'.
 - '_ProductosListScreenState' is from 'package:vercy_motos/screens/facturacion/productos_list_screen.dart' ('lib/screens/facturacion/productos_list_screen.dart').
      final service = ProductoService();
                      ^^^^^^^^^^^^^^^
lib/screens/facturacion/productos_list_screen.dart:1605:24:
Error: The getter 'id' isn't defined for the type 'Object?'.
 - 'Object' is from 'dart:core'.
          (cat) => cat.id == categoriaId,
                       ^^
lib/screens/facturacion/productos_list_screen.dart:1606:25:
Error: The method 'Categoria' isn't defined for the type '_ProductosListScreenState'.
 - '_ProductosListScreenState' is from 'package:vercy_motos/screens/facturacion/productos_list_screen.dart' ('lib/screens/facturacion/productos_list_screen.dart').
          orElse: () => Categoria(id: categoriaId, nombre: 'Unknown'),
                        ^^^^^^^^^
lib/screens/facturacion/productos_list_screen.dart:1612:9:
Error: The method 'appLog' isn't defined for the type '_ProductosListScreenState'.
 - '_ProductosListScreenState' is from 'package:vercy_motos/screens/facturacion/productos_list_screen.dart' ('lib/screens/facturacion/productos_list_screen.dart').
        appLog('🔍 [_guardarProducto] Editando producto existente');
        ^^^^^^
lib/screens/facturacion/productos_list_screen.dart:1613:9:
Error: The method 'appLog' isn't defined for the type '_ProductosListScreenState'.
 - '_ProductosListScreenState' is from 'package:vercy_motos/screens/facturacion/productos_list_screen.dart' ('lib/screens/facturacion/productos_list_screen.dart').
        appLog('🔍 [_guardarProducto] tipo.toLowerCase(): "${tipo.toLowerCase()}"');
        ^^^^^^
lib/screens/facturacion/productos_list_screen.dart:1614:37:
Error: The method 'Producto' isn't defined for the type '_ProductosListScreenState'.
 - '_ProductosListScreenState' is from 'package:vercy_motos/screens/facturacion/productos_list_screen.dart' ('lib/screens/facturacion/productos_list_screen.dart').
        final productoActualizado = Producto(
                                    ^^^^^^^^
lib/screens/facturacion/productos_list_screen.dart:1631:9:
Error: The method 'appLog' isn't defined for the type '_ProductosListScreenState'.
 - '_ProductosListScreenState' is from 'package:vercy_motos/screens/facturacion/productos_list_screen.dart' ('lib/screens/facturacion/productos_list_screen.dart').
        appLog('🔍 [_guardarProducto] productoActualizado.productoOServicio: "${productoActualizado.productoOServicio}"');
        ^^^^^^
lib/screens/facturacion/productos_list_screen.dart:1638:30:
Error: The getter 'AppTheme' isn't defined for the type '_ProductosListScreenState'.
 - '_ProductosListScreenState' is from 'package:vercy_motos/screens/facturacion/productos_list_screen.dart' ('lib/screens/facturacion/productos_list_screen.dart').
            backgroundColor: AppTheme.success,
                             ^^^^^^^^
lib/screens/facturacion/productos_list_screen.dart:1643:31:
Error: The method 'Producto' isn't defined for the type '_ProductosListScreenState'.
 - '_ProductosListScreenState' is from 'package:vercy_motos/screens/facturacion/productos_list_screen.dart' ('lib/screens/facturacion/productos_list_screen.dart').
        final nuevoProducto = Producto(
                              ^^^^^^^^
lib/screens/facturacion/productos_list_screen.dart:1665:30:
Error: The getter 'AppTheme' isn't defined for the type '_ProductosListScreenState'.
 - '_ProductosListScreenState' is from 'package:vercy_motos/screens/facturacion/productos_list_screen.dart' ('lib/screens/facturacion/productos_list_screen.dart').
            backgroundColor: AppTheme.success,
                             ^^^^^^^^
lib/screens/facturacion/productos_list_screen.dart:1681:26:
Error: 'Producto' isn't a type.
  void _eliminarProducto(Producto producto) {
                         ^^^^^^^^
lib/screens/facturacion/productos_list_screen.dart:1686:28:
Error: The getter 'AppTheme' isn't defined for the type '_ProductosListScreenState'.
 - '_ProductosListScreenState' is from 'package:vercy_motos/screens/facturacion/productos_list_screen.dart' ('lib/screens/facturacion/productos_list_screen.dart').
          backgroundColor: AppTheme.cardBg,
                           ^^^^^^^^
lib/screens/facturacion/productos_list_screen.dart:1693:41:
Error: The getter 'AppTheme' isn't defined for the type '_ProductosListScreenState'.
 - '_ProductosListScreenState' is from 'package:vercy_motos/screens/facturacion/productos_list_screen.dart' ('lib/screens/facturacion/productos_list_screen.dart').
                style: TextStyle(color: AppTheme.textPrimary),
                                        ^^^^^^^^
lib/screens/facturacion/productos_list_screen.dart:1703:41:
Error: The getter 'AppTheme' isn't defined for the type '_ProductosListScreenState'.
 - '_ProductosListScreenState' is from 'package:vercy_motos/screens/facturacion/productos_list_screen.dart' ('lib/screens/facturacion/productos_list_screen.dart').
                style: TextStyle(color: AppTheme.textPrimary),
                                        ^^^^^^^^
lib/screens/facturacion/productos_list_screen.dart:1709:26:
Error: The getter 'AppTheme' isn't defined for the type '_ProductosListScreenState'.
 - '_ProductosListScreenState' is from 'package:vercy_motos/screens/facturacion/productos_list_screen.dart' ('lib/screens/facturacion/productos_list_screen.dart').
                  color: AppTheme.surfaceDark,
                         ^^^^^^^^
lib/screens/facturacion/productos_list_screen.dart:1718:32:
Error: The getter 'AppTheme' isn't defined for the type '_ProductosListScreenState'.
 - '_ProductosListScreenState' is from 'package:vercy_motos/screens/facturacion/productos_list_screen.dart' ('lib/screens/facturacion/productos_list_screen.dart').
                        color: AppTheme.success,
                               ^^^^^^^^
lib/screens/facturacion/productos_list_screen.dart:1759:38:
Error: 'Producto' isn't a type.
  Future<void> _confirmarEliminacion(Producto producto) async {
                                     ^^^^^^^^
lib/screens/facturacion/productos_list_screen.dart:1761:23:
Error: The method 'ProductoService' isn't defined for the type '_ProductosListScreenState'.
 - '_ProductosListScreenState' is from 'package:vercy_motos/screens/facturacion/productos_list_screen.dart' ('lib/screens/facturacion/productos_list_screen.dart').
      final service = ProductoService();
                      ^^^^^^^^^^^^^^^
lib/screens/facturacion/productos_list_screen.dart:1767:28:
Error: The getter 'AppTheme' isn't defined for the type '_ProductosListScreenState'.
 - '_ProductosListScreenState' is from 'package:vercy_motos/screens/facturacion/productos_list_screen.dart' ('lib/screens/facturacion/productos_list_screen.dart').
          backgroundColor: AppTheme.success,
                           ^^^^^^^^
lib/screens/facturacion/productos_list_screen.dart:1803:28:
Error: The getter 'AppTheme' isn't defined for the type '_ProductosListScreenState'.
 - '_ProductosListScreenState' is from 'package:vercy_motos/screens/facturacion/productos_list_screen.dart' ('lib/screens/facturacion/productos_list_screen.dart').
          backgroundColor: AppTheme.cardBg,
                           ^^^^^^^^
lib/screens/facturacion/productos_list_screen.dart:1806:46:
Error: The getter 'AppTheme' isn't defined for the type '_ProductosListScreenState'.
 - '_ProductosListScreenState' is from 'package:vercy_motos/screens/facturacion/productos_list_screen.dart' ('lib/screens/facturacion/productos_list_screen.dart').
              Icon(Icons.upload_file, color: AppTheme.primary),
                                             ^^^^^^^^
lib/screens/facturacion/productos_list_screen.dart:1810:41:
Error: The getter 'AppTheme' isn't defined for the type '_ProductosListScreenState'.
 - '_ProductosListScreenState' is from 'package:vercy_motos/screens/facturacion/productos_list_screen.dart' ('lib/screens/facturacion/productos_list_screen.dart').
                style: TextStyle(color: AppTheme.textPrimary),
                                        ^^^^^^^^
lib/screens/facturacion/productos_list_screen.dart:1823:45:
Error: The getter 'AppTheme' isn't defined for the type '_ProductosListScreenState'.
 - '_ProductosListScreenState' is from 'package:vercy_motos/screens/facturacion/productos_list_screen.dart' ('lib/screens/facturacion/productos_list_screen.dart').
                    style: TextStyle(color: AppTheme.textPrimary),
                                            ^^^^^^^^
lib/screens/facturacion/productos_list_screen.dart:1829:30:
Error: The getter 'AppTheme' isn't defined for the type '_ProductosListScreenState'.
 - '_ProductosListScreenState' is from 'package:vercy_motos/screens/facturacion/productos_list_screen.dart' ('lib/screens/facturacion/productos_list_screen.dart').
                      color: AppTheme.surfaceDark,
                             ^^^^^^^^
lib/screens/facturacion/productos_list_screen.dart:1838:36:
Error: The getter 'AppTheme' isn't defined for the type '_ProductosListScreenState'.
 - '_ProductosListScreenState' is from 'package:vercy_motos/screens/facturacion/productos_list_screen.dart' ('lib/screens/facturacion/productos_list_screen.dart').
                            color: AppTheme.success,
                                   ^^^^^^^^
lib/screens/facturacion/productos_list_screen.dart:1918:34:
Error: The getter 'AppTheme' isn't defined for the type '_ProductosListScreenState'.
 - '_ProductosListScreenState' is from 'package:vercy_motos/screens/facturacion/productos_list_screen.dart' ('lib/screens/facturacion/productos_list_screen.dart').
                backgroundColor: AppTheme.success,
                                 ^^^^^^^^
lib/screens/facturacion/productos_list_screen.dart:1972:28:
Error: The getter 'AppTheme' isn't defined for the type '_ProductosListScreenState'.
 - '_ProductosListScreenState' is from 'package:vercy_motos/screens/facturacion/productos_list_screen.dart' ('lib/screens/facturacion/productos_list_screen.dart').
          backgroundColor: AppTheme.cardBg,
                           ^^^^^^^^
lib/screens/facturacion/productos_list_screen.dart:1975:48:
Error: The getter 'AppTheme' isn't defined for the type '_ProductosListScreenState'.
 - '_ProductosListScreenState' is from 'package:vercy_motos/screens/facturacion/productos_list_screen.dart' ('lib/screens/facturacion/productos_list_screen.dart').
              CircularProgressIndicator(color: AppTheme.primary),
                                               ^^^^^^^^
lib/screens/facturacion/productos_list_screen.dart:1979:41:
Error: The getter 'AppTheme' isn't defined for the type '_ProductosListScreenState'.
 - '_ProductosListScreenState' is from 'package:vercy_motos/screens/facturacion/productos_list_screen.dart' ('lib/screens/facturacion/productos_list_screen.dart').
                style: TextStyle(color: AppTheme.textPrimary),
                                        ^^^^^^^^
lib/screens/facturacion/productos_list_screen.dart:1999:30:
Error: The getter 'AppTheme' isn't defined for the type '_ProductosListScreenState'.
 - '_ProductosListScreenState' is from 'package:vercy_motos/screens/facturacion/productos_list_screen.dart' ('lib/screens/facturacion/productos_list_screen.dart').
            backgroundColor: AppTheme.cardBg,
                             ^^^^^^^^
lib/screens/facturacion/productos_list_screen.dart:2002:39:
Error: The getter 'AppTheme' isn't defined for the type '_ProductosListScreenState'.
 - '_ProductosListScreenState' is from 'package:vercy_motos/screens/facturacion/productos_list_screen.dart' ('lib/screens/facturacion/productos_list_screen.dart').
              style: TextStyle(color: AppTheme.textPrimary),
                                      ^^^^^^^^
lib/screens/facturacion/productos_list_screen.dart:2015:32:
Error: The getter 'AppTheme' isn't defined for the type '_ProductosListScreenState'.
 - '_ProductosListScreenState' is from 'package:vercy_motos/screens/facturacion/productos_list_screen.dart' ('lib/screens/facturacion/productos_list_screen.dart').
                        color: AppTheme.surfaceDark,
                               ^^^^^^^^
lib/screens/facturacion/productos_list_screen.dart:2024:38:
Error: The getter 'AppTheme' isn't defined for the type '_ProductosListScreenState'.
 - '_ProductosListScreenState' is from 'package:vercy_motos/screens/facturacion/productos_list_screen.dart' ('lib/screens/facturacion/productos_list_screen.dart').
                              color: AppTheme.textPrimary,
                                     ^^^^^^^^
lib/screens/facturacion/productos_list_screen.dart:2031:53:
Error: The getter 'AppTheme' isn't defined for the type '_ProductosListScreenState'.
 - '_ProductosListScreenState' is from 'package:vercy_motos/screens/facturacion/productos_list_screen.dart' ('lib/screens/facturacion/productos_list_screen.dart').
                            style: TextStyle(color: AppTheme.textPrimary),
                                                    ^^^^^^^^
lib/screens/facturacion/productos_list_screen.dart:2035:53:
Error: The getter 'AppTheme' isn't defined for the type '_ProductosListScreenState'.
 - '_ProductosListScreenState' is from 'package:vercy_motos/screens/facturacion/productos_list_screen.dart' ('lib/screens/facturacion/productos_list_screen.dart').
                            style: TextStyle(color: AppTheme.textPrimary),
                                                    ^^^^^^^^
lib/screens/facturacion/productos_list_screen.dart:2091:32:
Error: The getter 'AppTheme' isn't defined for the type '_ProductosListScreenState'.
 - '_ProductosListScreenState' is from 'package:vercy_motos/screens/facturacion/productos_list_screen.dart' ('lib/screens/facturacion/productos_list_screen.dart').
                        color: AppTheme.textPrimary,
                               ^^^^^^^^
lib/screens/facturacion/productos_list_screen.dart:2121:56:
Error: The getter 'AppTheme' isn't defined for the type '_ProductosListScreenState'.
 - '_ProductosListScreenState' is from 'package:vercy_motos/screens/facturacion/productos_list_screen.dart' ('lib/screens/facturacion/productos_list_screen.dart').
                                                color: AppTheme.textPrimary,
                                                       ^^^^^^^^
lib/screens/facturacion/productos_list_screen.dart:2156:43:
Error: The getter 'AppTheme' isn't defined for the type '_ProductosListScreenState'.
 - '_ProductosListScreenState' is from 'package:vercy_motos/screens/facturacion/productos_list_screen.dart' ('lib/screens/facturacion/productos_list_screen.dart').
                  style: TextStyle(color: AppTheme.primary),
                                          ^^^^^^^^
lib/screens/facturacion/productos_list_screen.dart:2169:7:
Error: The method 'appLog' isn't defined for the type '_ProductosListScreenState'.
 - '_ProductosListScreenState' is from 'package:vercy_motos/screens/facturacion/productos_list_screen.dart' ('lib/screens/facturacion/productos_list_screen.dart').
      appLog('Error al diagnosticar archivo Excel: $e');
      ^^^^^^
lib/screens/facturacion/productos_list_screen.dart:2174:30:
Error: The getter 'AppTheme' isn't defined for the type '_ProductosListScreenState'.
 - '_ProductosListScreenState' is from 'package:vercy_motos/screens/facturacion/productos_list_screen.dart' ('lib/screens/facturacion/productos_list_screen.dart').
            backgroundColor: AppTheme.cardBg,
                             ^^^^^^^^
lib/screens/facturacion/productos_list_screen.dart:2181:39:
Error: The getter 'AppTheme' isn't defined for the type '_ProductosListScreenState'.
 - '_ProductosListScreenState' is from 'package:vercy_motos/screens/facturacion/productos_list_screen.dart' ('lib/screens/facturacion/productos_list_screen.dart').
              style: TextStyle(color: AppTheme.textPrimary),
                                      ^^^^^^^^
lib/screens/facturacion/productos_list_screen.dart:2188:43:
Error: The getter 'AppTheme' isn't defined for the type '_ProductosListScreenState'.
 - '_ProductosListScreenState' is from 'package:vercy_motos/screens/facturacion/productos_list_screen.dart' ('lib/screens/facturacion/productos_list_screen.dart').
                  style: TextStyle(color: AppTheme.primary),
                                          ^^^^^^^^
lib/screens/facturacion/productos_list_screen.dart:2208:28:
Error: The getter 'AppTheme' isn't defined for the type '_ProductosListScreenState'.
 - '_ProductosListScreenState' is from 'package:vercy_motos/screens/facturacion/productos_list_screen.dart' ('lib/screens/facturacion/productos_list_screen.dart').
          backgroundColor: AppTheme.cardBg,
                           ^^^^^^^^
lib/screens/facturacion/productos_list_screen.dart:2211:48:
Error: The getter 'AppTheme' isn't defined for the type '_ProductosListScreenState'.
 - '_ProductosListScreenState' is from 'package:vercy_motos/screens/facturacion/productos_list_screen.dart' ('lib/screens/facturacion/productos_list_screen.dart').
              CircularProgressIndicator(color: AppTheme.primary),
                                               ^^^^^^^^
lib/screens/facturacion/productos_list_screen.dart:2215:41:
Error: The getter 'AppTheme' isn't defined for the type '_ProductosListScreenState'.
 - '_ProductosListScreenState' is from 'package:vercy_motos/screens/facturacion/productos_list_screen.dart' ('lib/screens/facturacion/productos_list_screen.dart').
                style: TextStyle(color: AppTheme.textPrimary),
                                        ^^^^^^^^
lib/screens/facturacion/productos_list_screen.dart:2244:30:
Error: The getter 'AppTheme' isn't defined for the type '_ProductosListScreenState'.
 - '_ProductosListScreenState' is from 'package:vercy_motos/screens/facturacion/productos_list_screen.dart' ('lib/screens/facturacion/productos_list_screen.dart').
            backgroundColor: AppTheme.cardBg,
                             ^^^^^^^^
lib/screens/facturacion/productos_list_screen.dart:2247:39:
Error: The getter 'AppTheme' isn't defined for the type '_ProductosListScreenState'.
 - '_ProductosListScreenState' is from 'package:vercy_motos/screens/facturacion/productos_list_screen.dart' ('lib/screens/facturacion/productos_list_screen.dart').
              style: TextStyle(color: AppTheme.textPrimary),
                                      ^^^^^^^^
lib/screens/facturacion/productos_list_screen.dart:2255:43:
Error: The getter 'AppTheme' isn't defined for the type '_ProductosListScreenState'.
 - '_ProductosListScreenState' is from 'package:vercy_motos/screens/facturacion/productos_list_screen.dart' ('lib/screens/facturacion/productos_list_screen.dart').
                  style: TextStyle(color: AppTheme.success, fontSize: 16),
                                          ^^^^^^^^
lib/screens/facturacion/productos_list_screen.dart:2316:43:
Error: The getter 'AppTheme' isn't defined for the type '_ProductosListScreenState'.
 - '_ProductosListScreenState' is from 'package:vercy_motos/screens/facturacion/productos_list_screen.dart' ('lib/screens/facturacion/productos_list_screen.dart').
                  style: TextStyle(color: AppTheme.primary),
                                          ^^^^^^^^
lib/screens/facturacion/productos_list_screen.dart:2329:7:
Error: The method 'appLog' isn't defined for the type '_ProductosListScreenState'.
 - '_ProductosListScreenState' is from 'package:vercy_motos/screens/facturacion/productos_list_screen.dart' ('lib/screens/facturacion/productos_list_screen.dart').
      appLog('Error al procesar archivo Excel: $e');
      ^^^^^^
lib/screens/facturacion/productos_list_screen.dart:2334:30:
Error: The getter 'AppTheme' isn't defined for the type '_ProductosListScreenState'.
 - '_ProductosListScreenState' is from 'package:vercy_motos/screens/facturacion/productos_list_screen.dart' ('lib/screens/facturacion/productos_list_screen.dart').
            backgroundColor: AppTheme.cardBg,
                             ^^^^^^^^
lib/screens/facturacion/productos_list_screen.dart:2338:39:
Error: The getter 'AppTheme' isn't defined for the type '_ProductosListScreenState'.
 - '_ProductosListScreenState' is from 'package:vercy_motos/screens/facturacion/productos_list_screen.dart' ('lib/screens/facturacion/productos_list_screen.dart').
              style: TextStyle(color: AppTheme.textPrimary),
                                      ^^^^^^^^
lib/screens/facturacion/productos_list_screen.dart:2345:43:
Error: The getter 'AppTheme' isn't defined for the type '_ProductosListScreenState'.
 - '_ProductosListScreenState' is from 'package:vercy_motos/screens/facturacion/productos_list_screen.dart' ('lib/screens/facturacion/productos_list_screen.dart').
                  style: TextStyle(color: AppTheme.primary),
                                          ^^^^^^^^
lib/screens/facturacion/productos_list_screen.dart:2357:5:
Error: 'Producto' isn't a type.
    Producto? producto,
    ^^^^^^^^
lib/screens/facturacion/productos_list_screen.dart:2399:7:
Error: 'Categoria' isn't a type.
      Categoria? categoriaSeleccionada;
      ^^^^^^^^^
lib/screens/facturacion/productos_list_screen.dart:2531:47:
Error: 'DatosCacheProvider' isn't a type.
            final cacheProvider = Provider.of<DatosCacheProvider>(
                                              ^^^^^^^^^^^^^^^^^^
lib/screens/facturacion/productos_list_screen.dart:2393:5:
Error: The method 'appLog' isn't defined for the type '_ProductosListScreenState'.
 - '_ProductosListScreenState' is from 'package:vercy_motos/screens/facturacion/productos_list_screen.dart' ('lib/screens/facturacion/productos_list_screen.dart').
    appLog('🔍 [_guardarProductoCompleto] Recibido tipo: "$tipo"');
    ^^^^^^
lib/screens/facturacion/productos_list_screen.dart:2394:5:
Error: The method 'appLog' isn't defined for the type '_ProductosListScreenState'.
 - '_ProductosListScreenState' is from 'package:vercy_motos/screens/facturacion/productos_list_screen.dart' ('lib/screens/facturacion/productos_list_screen.dart').
    appLog('🔍 [_guardarProductoCompleto] Convirtiendo a lowercase: "${tipo.toLowerCase()}"');
    ^^^^^^
lib/screens/facturacion/productos_list_screen.dart:2396:23:
Error: The method 'ProductoService' isn't defined for the type '_ProductosListScreenState'.
 - '_ProductosListScreenState' is from 'package:vercy_motos/screens/facturacion/productos_list_screen.dart' ('lib/screens/facturacion/productos_list_screen.dart').
      final service = ProductoService();
                      ^^^^^^^^^^^^^^^
lib/screens/facturacion/productos_list_screen.dart:2402:24:
Error: The getter 'id' isn't defined for the type 'Object?'.
 - 'Object' is from 'dart:core'.
          (cat) => cat.id == categoriaId,
                       ^^
lib/screens/facturacion/productos_list_screen.dart:2403:25:
Error: The method 'Categoria' isn't defined for the type '_ProductosListScreenState'.
 - '_ProductosListScreenState' is from 'package:vercy_motos/screens/facturacion/productos_list_screen.dart' ('lib/screens/facturacion/productos_list_screen.dart').
          orElse: () => Categoria(id: categoriaId, nombre: 'Unknown'),
                        ^^^^^^^^^
lib/screens/facturacion/productos_list_screen.dart:2409:37:
Error: The method 'Producto' isn't defined for the type '_ProductosListScreenState'.
 - '_ProductosListScreenState' is from 'package:vercy_motos/screens/facturacion/productos_list_screen.dart' ('lib/screens/facturacion/productos_list_screen.dart').
        final productoActualizado = Producto(
                                    ^^^^^^^^
lib/screens/facturacion/productos_list_screen.dart:2454:58:
Error: The getter 'id' isn't defined for the type 'Object?'.
 - 'Object' is from 'dart:core'.
            final index = _productos.indexWhere((p) => p.id == producto.id);
                                                         ^^
lib/screens/facturacion/productos_list_screen.dart:2465:30:
Error: The getter 'AppTheme' isn't defined for the type '_ProductosListScreenState'.
 - '_ProductosListScreenState' is from 'package:vercy_motos/screens/facturacion/productos_list_screen.dart' ('lib/screens/facturacion/productos_list_screen.dart').
            backgroundColor: AppTheme.success,
                             ^^^^^^^^
lib/screens/facturacion/productos_list_screen.dart:2470:31:
Error: The method 'Producto' isn't defined for the type '_ProductosListScreenState'.
 - '_ProductosListScreenState' is from 'package:vercy_motos/screens/facturacion/productos_list_screen.dart' ('lib/screens/facturacion/productos_list_screen.dart').
        final nuevoProducto = Producto(
                              ^^^^^^^^
lib/screens/facturacion/productos_list_screen.dart:2510:9:
Error: The method 'appLog' isn't defined for the type '_ProductosListScreenState'.
 - '_ProductosListScreenState' is from 'package:vercy_motos/screens/facturacion/productos_list_screen.dart' ('lib/screens/facturacion/productos_list_screen.dart').
        appLog('🔍 Creando producto: ${nuevoProducto.nombre}');
        ^^^^^^
lib/screens/facturacion/productos_list_screen.dart:2512:9:
Error: The method 'appLog' isn't defined for the type '_ProductosListScreenState'.
 - '_ProductosListScreenState' is from 'package:vercy_motos/screens/facturacion/productos_list_screen.dart' ('lib/screens/facturacion/productos_list_screen.dart').
        appLog('🔍 Producto recibido del servicio, ID: "${productoCreado.id}"');
        ^^^^^^
lib/screens/facturacion/productos_list_screen.dart:2516:11:
Error: The method 'appLog' isn't defined for the type '_ProductosListScreenState'.
 - '_ProductosListScreenState' is from 'package:vercy_motos/screens/facturacion/productos_list_screen.dart' ('lib/screens/facturacion/productos_list_screen.dart').
          appLog(
          ^^^^^^
lib/screens/facturacion/productos_list_screen.dart:2545:13:
Error: The method 'appLog' isn't defined for the type '_ProductosListScreenState'.
 - '_ProductosListScreenState' is from 'package:vercy_motos/screens/facturacion/productos_list_screen.dart' ('lib/screens/facturacion/productos_list_screen.dart').
            appLog(
            ^^^^^^
lib/screens/facturacion/productos_list_screen.dart:2553:32:
Error: The getter 'AppTheme' isn't defined for the type '_ProductosListScreenState'.
 - '_ProductosListScreenState' is from 'package:vercy_motos/screens/facturacion/productos_list_screen.dart' ('lib/screens/facturacion/productos_list_screen.dart').
              backgroundColor: AppTheme.success,
                               ^^^^^^^^
lib/screens/facturacion/productos_list_screen.dart:2562:7:
Error: The method 'appLog' isn't defined for the type '_ProductosListScreenState'.
 - '_ProductosListScreenState' is from 'package:vercy_motos/screens/facturacion/productos_list_screen.dart' ('lib/screens/facturacion/productos_list_screen.dart').
      appLog('❌ Error al guardar producto: $e');
      ^^^^^^
lib/screens/facturacion/productos_list_screen.dart:2589:23:
Error: The method 'appLog' isn't defined for the type '_ProductosListScreenState'.
 - '_ProductosListScreenState' is from 'package:vercy_motos/screens/facturacion/productos_list_screen.dart' ('lib/screens/facturacion/productos_list_screen.dart').
                      appLog('🔍 [DROPDOWN] Cambio de tipo detectado: "$value"');
                      ^^^^^^
lib/screens/facturacion/productos_list_screen.dart:2592:25:
Error: The method 'appLog' isn't defined for the type '_ProductosListScreenState'.
 - '_ProductosListScreenState' is from 'package:vercy_motos/screens/facturacion/productos_list_screen.dart' ('lib/screens/facturacion/productos_list_screen.dart').
                        appLog('🔍 [DROPDOWN] tipoSeleccionado actualizado a: "${tipoSeleccionadoList[0]}"');
                        ^^^^^^
lib/screens/facturacion/productos_list_screen.dart:2635:65:
Error: The getter 'AppTheme' isn't defined for the type '_ProductosListScreenState'.
 - '_ProductosListScreenState' is from 'package:vercy_motos/screens/facturacion/productos_list_screen.dart' ('lib/screens/facturacion/productos_list_screen.dart').
            Text('Precios Principales', style: TextStyle(color: AppTheme.primary, fontWeight: FontWeight.bold, fontSize: 16)),
                                                                ^^^^^^^^
lib/screens/facturacion/productos_list_screen.dart:2648:64:
Error: The getter 'AppTheme' isn't defined for the type '_ProductosListScreenState'.
 - '_ProductosListScreenState' is from 'package:vercy_motos/screens/facturacion/productos_list_screen.dart' ('lib/screens/facturacion/productos_list_screen.dart').
            Text('Precios Opcionales', style: TextStyle(color: AppTheme.primary, fontWeight: FontWeight.bold, fontSize: 16)),
                                                               ^^^^^^^^
lib/screens/facturacion/productos_list_screen.dart:2672:59:
Error: The getter 'AppTheme' isn't defined for the type '_ProductosListScreenState'.
 - '_ProductosListScreenState' is from 'package:vercy_motos/screens/facturacion/productos_list_screen.dart' ('lib/screens/facturacion/productos_list_screen.dart').
            Text('Clasificación', style: TextStyle(color: AppTheme.primary, fontWeight: FontWeight.bold, fontSize: 16)),
                                                          ^^^^^^^^
lib/screens/facturacion/productos_list_screen.dart:2688:55:
Error: The getter 'AppTheme' isn't defined for the type '_ProductosListScreenState'.
 - '_ProductosListScreenState' is from 'package:vercy_motos/screens/facturacion/productos_list_screen.dart' ('lib/screens/facturacion/productos_list_screen.dart').
            Text('Proveedor', style: TextStyle(color: AppTheme.primary, fontWeight: FontWeight.bold, fontSize: 16)),
                                                      ^^^^^^^^
lib/screens/facturacion/productos_list_screen.dart:2710:67:
Error: The getter 'AppTheme' isn't defined for the type '_ProductosListScreenState'.
 - '_ProductosListScreenState' is from 'package:vercy_motos/screens/facturacion/productos_list_screen.dart' ('lib/screens/facturacion/productos_list_screen.dart').
            Text('Control de Inventario', style: TextStyle(color: AppTheme.primary, fontWeight: FontWeight.bold, fontSize: 16)),
                                                                  ^^^^^^^^
lib/screens/facturacion/productos_list_screen.dart:2739:57:
Error: The getter 'AppTheme' isn't defined for the type '_ProductosListScreenState'.
 - '_ProductosListScreenState' is from 'package:vercy_motos/screens/facturacion/productos_list_screen.dart' ('lib/screens/facturacion/productos_list_screen.dart').
            Text('Ubicaciones', style: TextStyle(color: AppTheme.primary, fontWeight: FontWeight.bold, fontSize: 16)),
                                                        ^^^^^^^^
lib/screens/facturacion/productos_list_screen.dart:2778:41:
Error: The getter 'AppTheme' isn't defined for the type '_ProductosListScreenState'.
 - '_ProductosListScreenState' is from 'package:vercy_motos/screens/facturacion/productos_list_screen.dart' ('lib/screens/facturacion/productos_list_screen.dart').
          borderSide: BorderSide(color: AppTheme.primary),
                                        ^^^^^^^^
lib/screens/facturacion/productos_list_screen.dart:2787:22:
Error: The getter 'AppTheme' isn't defined for the type '_ProductosListScreenState'.
 - '_ProductosListScreenState' is from 'package:vercy_motos/screens/facturacion/productos_list_screen.dart' ('lib/screens/facturacion/productos_list_screen.dart').
      dropdownColor: AppTheme.cardBg,
                     ^^^^^^^^
lib/screens/facturacion/productos_list_screen.dart:2797:41:
Error: The getter 'AppTheme' isn't defined for the type '_ProductosListScreenState'.
 - '_ProductosListScreenState' is from 'package:vercy_motos/screens/facturacion/productos_list_screen.dart' ('lib/screens/facturacion/productos_list_screen.dart').
          borderSide: BorderSide(color: AppTheme.primary),
                                        ^^^^^^^^
lib/screens/facturacion/productos_list_screen.dart:2808:22:
Error: The getter 'AppTheme' isn't defined for the type '_ProductosListScreenState'.
 - '_ProductosListScreenState' is from 'package:vercy_motos/screens/facturacion/productos_list_screen.dart' ('lib/screens/facturacion/productos_list_screen.dart').
      dropdownColor: AppTheme.cardBg,
                     ^^^^^^^^
lib/screens/facturacion/productos_list_screen.dart:2818:41:
Error: The getter 'AppTheme' isn't defined for the type '_ProductosListScreenState'.
 - '_ProductosListScreenState' is from 'package:vercy_motos/screens/facturacion/productos_list_screen.dart' ('lib/screens/facturacion/productos_list_screen.dart').
          borderSide: BorderSide(color: AppTheme.primary),
                                        ^^^^^^^^
lib/screens/facturacion/productos_list_screen.dart:2825:30:
Error: The getter 'id' isn't defined for the type 'Object?'.
 - 'Object' is from 'dart:core'.
            value: categoria.id,
                             ^^
lib/screens/facturacion/productos_list_screen.dart:2826:35:
Error: The getter 'nombre' isn't defined for the type 'Object?'.
 - 'Object' is from 'dart:core'.
            child: Text(categoria.nombre),
                                  ^^^^^^
lib/screens/facturacion/productos_list_screen.dart:2836:44:
Error: 'Producto' isn't a type.
  void _mostrarDialogoImprimirCodigoBarras(Producto producto) {
                                           ^^^^^^^^
lib/screens/facturacion/productos_list_screen.dart:2847:28:
Error: The getter 'AppTheme' isn't defined for the type '_ProductosListScreenState'.
 - '_ProductosListScreenState' is from 'package:vercy_motos/screens/facturacion/productos_list_screen.dart' ('lib/screens/facturacion/productos_list_screen.dart').
          backgroundColor: AppTheme.cardBg,
                           ^^^^^^^^
lib/screens/facturacion/productos_list_screen.dart:2850:37:
Error: The getter 'AppTheme' isn't defined for the type '_ProductosListScreenState'.
 - '_ProductosListScreenState' is from 'package:vercy_motos/screens/facturacion/productos_list_screen.dart' ('lib/screens/facturacion/productos_list_screen.dart').
            style: TextStyle(color: AppTheme.textPrimary),
                                    ^^^^^^^^
lib/screens/facturacion/productos_list_screen.dart:2862:28:
Error: The getter 'AppTheme' isn't defined for the type '_ProductosListScreenState'.
 - '_ProductosListScreenState' is from 'package:vercy_motos/screens/facturacion/productos_list_screen.dart' ('lib/screens/facturacion/productos_list_screen.dart').
                    color: AppTheme.surfaceDark,
                           ^^^^^^^^
lib/screens/facturacion/productos_list_screen.dart:2880:34:
Error: The getter 'AppTheme' isn't defined for the type '_ProductosListScreenState'.
 - '_ProductosListScreenState' is from 'package:vercy_motos/screens/facturacion/productos_list_screen.dart' ('lib/screens/facturacion/productos_list_screen.dart').
                          color: AppTheme.textPrimary,
                                 ^^^^^^^^
lib/screens/facturacion/productos_list_screen.dart:2894:28:
Error: The getter 'AppTheme' isn't defined for the type '_ProductosListScreenState'.
 - '_ProductosListScreenState' is from 'package:vercy_motos/screens/facturacion/productos_list_screen.dart' ('lib/screens/facturacion/productos_list_screen.dart').
                    color: AppTheme.textPrimary,
                           ^^^^^^^^
lib/screens/facturacion/productos_list_screen.dart:2905:45:
Error: The getter 'AppTheme' isn't defined for the type '_ProductosListScreenState'.
 - '_ProductosListScreenState' is from 'package:vercy_motos/screens/facturacion/productos_list_screen.dart' ('lib/screens/facturacion/productos_list_screen.dart').
                    style: TextStyle(color: AppTheme.textPrimary),
                                            ^^^^^^^^
lib/screens/facturacion/productos_list_screen.dart:2908:32:
Error: The getter 'AppTheme' isn't defined for the type '_ProductosListScreenState'.
 - '_ProductosListScreenState' is from 'package:vercy_motos/screens/facturacion/productos_list_screen.dart' ('lib/screens/facturacion/productos_list_screen.dart').
                  activeColor: AppTheme.primary,
                               ^^^^^^^^
lib/screens/facturacion/productos_list_screen.dart:2922:45:
Error: The getter 'AppTheme' isn't defined for the type '_ProductosListScreenState'.
 - '_ProductosListScreenState' is from 'package:vercy_motos/screens/facturacion/productos_list_screen.dart' ('lib/screens/facturacion/productos_list_screen.dart').
                    style: TextStyle(color: AppTheme.textPrimary),
                                            ^^^^^^^^
lib/screens/facturacion/productos_list_screen.dart:2925:32:
Error: The getter 'AppTheme' isn't defined for the type '_ProductosListScreenState'.
 - '_ProductosListScreenState' is from 'package:vercy_motos/screens/facturacion/productos_list_screen.dart' ('lib/screens/facturacion/productos_list_screen.dart').
                  activeColor: AppTheme.primary,
                               ^^^^^^^^
lib/screens/facturacion/productos_list_screen.dart:2939:45:
Error: The getter 'AppTheme' isn't defined for the type '_ProductosListScreenState'.
 - '_ProductosListScreenState' is from 'package:vercy_motos/screens/facturacion/productos_list_screen.dart' ('lib/screens/facturacion/productos_list_screen.dart').
                    style: TextStyle(color: AppTheme.textPrimary),
                                            ^^^^^^^^
lib/screens/facturacion/productos_list_screen.dart:2942:32:
Error: The getter 'AppTheme' isn't defined for the type '_ProductosListScreenState'.
 - '_ProductosListScreenState' is from 'package:vercy_motos/screens/facturacion/productos_list_screen.dart' ('lib/screens/facturacion/productos_list_screen.dart').
                  activeColor: AppTheme.primary,
                               ^^^^^^^^
lib/screens/facturacion/productos_list_screen.dart:2972:53:
Error: The getter 'AppTheme' isn't defined for the type '_ProductosListScreenState'.
 - '_ProductosListScreenState' is from 'package:vercy_motos/screens/facturacion/productos_list_screen.dart' ('lib/screens/facturacion/productos_list_screen.dart').
                      borderSide: BorderSide(color: AppTheme.primary),
                                                    ^^^^^^^^
lib/screens/facturacion/productos_list_screen.dart:3002:34:
Error: The getter 'AppTheme' isn't defined for the type '_ProductosListScreenState'.
 - '_ProductosListScreenState' is from 'package:vercy_motos/screens/facturacion/productos_list_screen.dart' ('lib/screens/facturacion/productos_list_screen.dart').
                backgroundColor: AppTheme.primary,
                                 ^^^^^^^^
lib/screens/facturacion/productos_list_screen.dart:3012:5:
Error: 'Producto' isn't a type.
    Producto producto, {
    ^^^^^^^^
lib/screens/facturacion/productos_list_screen.dart:3025:7:
Error: The method 'appLog' isn't defined for the type '_ProductosListScreenState'.
 - '_ProductosListScreenState' is from 'package:vercy_motos/screens/facturacion/productos_list_screen.dart' ('lib/screens/facturacion/productos_list_screen.dart').
      appLog('🔍 DEBUG CODIGO BARRAS:');
      ^^^^^^
lib/screens/facturacion/productos_list_screen.dart:3026:7:
Error: The method 'appLog' isn't defined for the type '_ProductosListScreenState'.
 - '_ProductosListScreenState' is from 'package:vercy_motos/screens/facturacion/productos_list_screen.dart' ('lib/screens/facturacion/productos_list_screen.dart').
      appLog('  - producto.codigoBarras: ${producto.codigoBarras}');
      ^^^^^^
lib/screens/facturacion/productos_list_screen.dart:3027:7:
Error: The method 'appLog' isn't defined for the type '_ProductosListScreenState'.
 - '_ProductosListScreenState' is from 'package:vercy_motos/screens/facturacion/productos_list_screen.dart' ('lib/screens/facturacion/productos_list_screen.dart').
      appLog('  - producto.codigo: ${producto.codigo}');
      ^^^^^^
lib/screens/facturacion/productos_list_screen.dart:3028:7:
Error: The method 'appLog' isn't defined for the type '_ProductosListScreenState'.
 - '_ProductosListScreenState' is from 'package:vercy_motos/screens/facturacion/productos_list_screen.dart' ('lib/screens/facturacion/productos_list_screen.dart').
      appLog('  - producto.id: ${producto.id}');
      ^^^^^^
lib/screens/facturacion/productos_list_screen.dart:3029:7:
Error: The method 'appLog' isn't defined for the type '_ProductosListScreenState'.
 - '_ProductosListScreenState' is from 'package:vercy_motos/screens/facturacion/productos_list_screen.dart' ('lib/screens/facturacion/productos_list_screen.dart').
      appLog('  - producto.nombre: ${producto.nombre}');
      ^^^^^^
lib/screens/facturacion/productos_list_screen.dart:3032:9:
Error: The method 'appLog' isn't defined for the type '_ProductosListScreenState'.
 - '_ProductosListScreenState' is from 'package:vercy_motos/screens/facturacion/productos_list_screen.dart' ('lib/screens/facturacion/productos_list_screen.dart').
        appLog('⏳ Obteniendo producto completo para código de barras...');
        ^^^^^^
lib/screens/facturacion/productos_list_screen.dart:3040:11:
Error: The method 'appLog' isn't defined for the type '_ProductosListScreenState'.
 - '_ProductosListScreenState' is from 'package:vercy_motos/screens/facturacion/productos_list_screen.dart' ('lib/screens/facturacion/productos_list_screen.dart').
          appLog('📦 Producto completo obtenido:');
          ^^^^^^
lib/screens/facturacion/productos_list_screen.dart:3041:11:
Error: The method 'appLog' isn't defined for the type '_ProductosListScreenState'.
 - '_ProductosListScreenState' is from 'package:vercy_motos/screens/facturacion/productos_list_screen.dart' ('lib/screens/facturacion/productos_list_screen.dart').
          appLog('  - productoCompleto: ${productoCompleto != null}');
          ^^^^^^
lib/screens/facturacion/productos_list_screen.dart:3043:13:
Error: The method 'appLog' isn't defined for the type '_ProductosListScreenState'.
 - '_ProductosListScreenState' is from 'package:vercy_motos/screens/facturacion/productos_list_screen.dart' ('lib/screens/facturacion/productos_list_screen.dart').
            appLog(
            ^^^^^^
lib/screens/facturacion/productos_list_screen.dart:3052:13:
Error: The method 'appLog' isn't defined for the type '_ProductosListScreenState'.
 - '_ProductosListScreenState' is from 'package:vercy_motos/screens/facturacion/productos_list_screen.dart' ('lib/screens/facturacion/productos_list_screen.dart').
            appLog('✅ Código de barras obtenido: $codigoBarras');
            ^^^^^^
lib/screens/facturacion/productos_list_screen.dart:3054:13:
Error: The method 'appLog' isn't defined for the type '_ProductosListScreenState'.
 - '_ProductosListScreenState' is from 'package:vercy_motos/screens/facturacion/productos_list_screen.dart' ('lib/screens/facturacion/productos_list_screen.dart').
            appLog('❌ El producto completo tampoco tiene código de barras');
            ^^^^^^
lib/screens/facturacion/productos_list_screen.dart:3057:11:
Error: The method 'appLog' isn't defined for the type '_ProductosListScreenState'.
 - '_ProductosListScreenState' is from 'package:vercy_motos/screens/facturacion/productos_list_screen.dart' ('lib/screens/facturacion/productos_list_screen.dart').
          appLog('❌ Error obteniendo producto completo: $e');
          ^^^^^^
lib/screens/facturacion/productos_list_screen.dart:3061:7:
Error: The method 'appLog' isn't defined for the type '_ProductosListScreenState'.
 - '_ProductosListScreenState' is from 'package:vercy_motos/screens/facturacion/productos_list_screen.dart' ('lib/screens/facturacion/productos_list_screen.dart').
      appLog('🔍 CODIGO DE BARRAS FINAL: $codigoBarras');
      ^^^^^^
lib/screens/facturacion/productos_list_screen.dart:3148:30:
Error: The getter 'AppTheme' isn't defined for the type '_ProductosListScreenState'.
 - '_ProductosListScreenState' is from 'package:vercy_motos/screens/facturacion/productos_list_screen.dart' ('lib/screens/facturacion/productos_list_screen.dart').
            backgroundColor: AppTheme.success,
                             ^^^^^^^^
lib/screens/facturacion/productos_list_screen.dart:3154:7:
Error: The method 'appLog' isn't defined for the type '_ProductosListScreenState'.
 - '_ProductosListScreenState' is from 'package:vercy_motos/screens/facturacion/productos_list_screen.dart' ('lib/screens/facturacion/productos_list_screen.dart').
      appLog('Error al generar PDF: $e');
      ^^^^^^
lib/screens/facturacion/productos_list_screen.dart:3169:5:
Error: 'Producto' isn't a type.
    Producto producto,
    ^^^^^^^^
lib/screens/facturacion/productos_list_screen.dart:3178:26:
Error: The getter 'AppTheme' isn't defined for the type '_ProductosListScreenState'.
 - '_ProductosListScreenState' is from 'package:vercy_motos/screens/facturacion/productos_list_screen.dart' ('lib/screens/facturacion/productos_list_screen.dart').
        backgroundColor: AppTheme.cardBg,
                         ^^^^^^^^
lib/screens/facturacion/productos_list_screen.dart:3181:35:
Error: The getter 'AppTheme' isn't defined for the type '_ProductosListScreenState'.
 - '_ProductosListScreenState' is from 'package:vercy_motos/screens/facturacion/productos_list_screen.dart' ('lib/screens/facturacion/productos_list_screen.dart').
          style: TextStyle(color: AppTheme.textPrimary),
                                  ^^^^^^^^
lib/screens/facturacion/productos_list_screen.dart:3211:62:
Error: The getter 'AppTheme' isn't defined for the type '_ProductosListScreenState'.
 - '_ProductosListScreenState' is from 'package:vercy_motos/screens/facturacion/productos_list_screen.dart' ('lib/screens/facturacion/productos_list_screen.dart').
            style: ElevatedButton.styleFrom(backgroundColor: AppTheme.primary),
                                                             ^^^^^^^^
lib/screens/facturacion/productos_list_screen.dart:3223:62:
Error: The getter 'AppTheme' isn't defined for the type '_ProductosListScreenState'.
 - '_ProductosListScreenState' is from 'package:vercy_motos/screens/facturacion/productos_list_screen.dart' ('lib/screens/facturacion/productos_list_screen.dart').
            style: ElevatedButton.styleFrom(backgroundColor: AppTheme.success),
                                                             ^^^^^^^^
lib/screens/facturacion/productos_list_screen.dart:3242:7:
Error: The method 'appLog' isn't defined for the type '_ProductosListScreenState'.
 - '_ProductosListScreenState' is from 'package:vercy_motos/screens/facturacion/productos_list_screen.dart' ('lib/screens/facturacion/productos_list_screen.dart').
      appLog('Error en impresión con diálogo del sistema: $e');
      ^^^^^^
lib/screens/facturacion/productos_list_screen.dart:3261:7:
Error: The method 'appLog' isn't defined for the type '_ProductosListScreenState'.
 - '_ProductosListScreenState' is from 'package:vercy_motos/screens/facturacion/productos_list_screen.dart' ('lib/screens/facturacion/productos_list_screen.dart').
      appLog('Error en vista previa: $e');
      ^^^^^^
lib/screens/facturacion/productos_list_screen.dart:3288:7:
Error: The method 'appLog' isn't defined for the type '_ProductosListScreenState'.
 - '_ProductosListScreenState' is from 'package:vercy_motos/screens/facturacion/productos_list_screen.dart' ('lib/screens/facturacion/productos_list_screen.dart').
      appLog('Error en impresión directa: $e');
      ^^^^^^
lib/screens/facturacion/productos_list_screen.dart:3305:26:
Error: The getter 'AppTheme' isn't defined for the type '_ProductosListScreenState'.
 - '_ProductosListScreenState' is from 'package:vercy_motos/screens/facturacion/productos_list_screen.dart' ('lib/screens/facturacion/productos_list_screen.dart').
        backgroundColor: AppTheme.cardBg,
                         ^^^^^^^^
lib/screens/facturacion/productos_list_screen.dart:3308:35:
Error: The getter 'AppTheme' isn't defined for the type '_ProductosListScreenState'.
 - '_ProductosListScreenState' is from 'package:vercy_motos/screens/facturacion/productos_list_screen.dart' ('lib/screens/facturacion/productos_list_screen.dart').
          style: TextStyle(color: AppTheme.textPrimary),
                                  ^^^^^^^^
lib/screens/facturacion/productos_list_screen.dart:3326:49:
Error: The getter 'AppTheme' isn't defined for the type '_ProductosListScreenState'.
 - '_ProductosListScreenState' is from 'package:vercy_motos/screens/facturacion/productos_list_screen.dart' ('lib/screens/facturacion/productos_list_screen.dart').
                        style: TextStyle(color: AppTheme.textPrimary),
                                                ^^^^^^^^
lib/screens/facturacion/productos_list_screen.dart:3371:7:
Error: The method 'appLog' isn't defined for the type '_ProductosListScreenState'.
 - '_ProductosListScreenState' is from 'package:vercy_motos/screens/facturacion/productos_list_screen.dart' ('lib/screens/facturacion/productos_list_screen.dart').
      appLog('Error imprimiendo en ${printer.name}: $e');
      ^^^^^^
lib/screens/facturacion/productos_list_screen.dart:3381:26:
Error: The getter 'AppTheme' isn't defined for the type '_ProductosListScreenState'.
 - '_ProductosListScreenState' is from 'package:vercy_motos/screens/facturacion/productos_list_screen.dart' ('lib/screens/facturacion/productos_list_screen.dart').
        backgroundColor: AppTheme.success,
                         ^^^^^^^^
lib/screens/facturacion/productos_list_screen.dart:3399:14:
Error: 'Producto' isn't a type.
    required Producto producto,
             ^^^^^^^^
lib/screens/facturacion/productos_list_screen.dart:3486:30:
Error: The getter 'AppTheme' isn't defined for the type '_ProductosListScreenState'.
 - '_ProductosListScreenState' is from 'package:vercy_motos/screens/facturacion/productos_list_screen.dart' ('lib/screens/facturacion/productos_list_screen.dart').
            backgroundColor: AppTheme.cardBg,
                             ^^^^^^^^
lib/screens/facturacion/productos_list_screen.dart:3489:50:
Error: The getter 'AppTheme' isn't defined for the type '_ProductosListScreenState'.
 - '_ProductosListScreenState' is from 'package:vercy_motos/screens/facturacion/productos_list_screen.dart' ('lib/screens/facturacion/productos_list_screen.dart').
                CircularProgressIndicator(color: AppTheme.primary),
                                                 ^^^^^^^^
lib/screens/facturacion/productos_list_screen.dart:3493:43:
Error: The getter 'AppTheme' isn't defined for the type '_ProductosListScreenState'.
 - '_ProductosListScreenState' is from 'package:vercy_motos/screens/facturacion/productos_list_screen.dart' ('lib/screens/facturacion/productos_list_screen.dart').
                  style: TextStyle(color: AppTheme.textPrimary),
                                          ^^^^^^^^
lib/screens/facturacion/productos_list_screen.dart:3517:7:
Error: The getter 'FileDownloadHelper' isn't defined for the type '_ProductosListScreenState'.
 - '_ProductosListScreenState' is from 'package:vercy_motos/screens/facturacion/productos_list_screen.dart' ('lib/screens/facturacion/productos_list_screen.dart').
      FileDownloadHelper.downloadFile(
      ^^^^^^^^^^^^^^^^^^
lib/screens/facturacion/productos_list_screen.dart:3529:30:
Error: The getter 'AppTheme' isn't defined for the type '_ProductosListScreenState'.
 - '_ProductosListScreenState' is from 'package:vercy_motos/screens/facturacion/productos_list_screen.dart' ('lib/screens/facturacion/productos_list_screen.dart').
            backgroundColor: AppTheme.success,
                             ^^^^^^^^
lib/screens/facturacion/productos_list_screen.dart:3556:33:
Error: 'Producto' isn't a type.
  void _mostrarMovimientosStock(Producto producto) {
                                ^^^^^^^^
lib/screens/facturacion/productos_list_screen.dart:3618:44:
Error: Not a constant expression.
                                    color: AppTheme.textPrimary,
                                           ^^^^^^^^
lib/screens/facturacion/productos_list_screen.dart:3584:43:
Error: The getter 'data' isn't defined for the type 'Object'.
 - 'Object' is from 'dart:core'.
            final movimientos = response?.data ?? [];
                                          ^^^^
lib/screens/facturacion/productos_screen.dart:41:9:
Error: 'ImageService' isn't a type.
  final ImageService _imageService = ImageService();
        ^^^^^^^^^^^^
lib/screens/facturacion/productos_screen.dart:41:38:
Error: Method not found: 'ImageService'.
  final ImageService _imageService = ImageService();
                                     ^^^^^^^^^^^^
lib/screens/facturacion/productos_screen.dart:42:9:
Error: 'ProductoService' isn't a type.
  final ProductoService _productoService = ProductoService();
        ^^^^^^^^^^^^^^^
lib/screens/facturacion/productos_screen.dart:42:44:
Error: Method not found: 'ProductoService'.
  final ProductoService _productoService = ProductoService();
                                           ^^^^^^^^^^^^^^^
lib/screens/facturacion/productos_screen.dart:43:9:
Error: 'ImageLoaderService' isn't a type.
  final ImageLoaderService _imageLoader = ImageLoaderService();
        ^^^^^^^^^^^^^^^^^^
lib/screens/facturacion/productos_screen.dart:43:43:
Error: Method not found: 'ImageLoaderService'.
  final ImageLoaderService _imageLoader = ImageLoaderService();
                                          ^^^^^^^^^^^^^^^^^^
lib/screens/facturacion/productos_screen.dart:52:8:
Error: 'Producto' isn't a type.
  List<Producto> _productosCache = []; // Todos los productos desde cache
       ^^^^^^^^
lib/screens/facturacion/productos_screen.dart:53:8:
Error: 'Producto' isn't a type.
  List<Producto> _productosFiltrados = []; // Productos después de filtros
       ^^^^^^^^
lib/screens/facturacion/productos_screen.dart:54:8:
Error: 'Producto' isn't a type.
  List<Producto> _productosPaginados = []; // Productos de la página actual
       ^^^^^^^^
lib/screens/facturacion/productos_screen.dart:55:8:
Error: 'Categoria' isn't a type.
  List<Categoria> _categorias = [];
       ^^^^^^^^^
lib/screens/facturacion/productos_screen.dart:56:8:
Error: 'Ingrediente' isn't a type.
  List<Ingrediente> _ingredientesCarnes = [];
       ^^^^^^^^^^^
lib/screens/facturacion/productos_screen.dart:63:41:
Error: 'DatosCacheProvider' isn't a type.
      final cacheProvider = Provider.of<DatosCacheProvider>(
                                        ^^^^^^^^^^^^^^^^^^
lib/screens/facturacion/productos_screen.dart:78:41:
Error: 'DatosCacheProvider' isn't a type.
      final cacheProvider = Provider.of<DatosCacheProvider>(
                                        ^^^^^^^^^^^^^^^^^^
lib/screens/facturacion/productos_screen.dart:88:39:
Error: 'DatosCacheProvider' isn't a type.
    final cacheProvider = Provider.of<DatosCacheProvider>(
                                      ^^^^^^^^^^^^^^^^^^
lib/screens/facturacion/productos_screen.dart:95:28:
Error: 'Categoria' isn't a type.
        _categorias = List<Categoria>.from(cacheProvider.categorias ?? []);
                           ^^^^^^^^^
lib/screens/facturacion/productos_screen.dart:96:36:
Error: 'Ingrediente' isn't a type.
        _ingredientesCarnes = List<Ingrediente>.from(
                                   ^^^^^^^^^^^
lib/screens/facturacion/productos_screen.dart:99:32:
Error: 'Producto' isn't a type.
        _productosCache = List<Producto>.from(cacheProvider.productos ?? []);
                               ^^^^^^^^
lib/screens/facturacion/productos_screen.dart:112:41:
Error: 'DatosCacheProvider' isn't a type.
      final cacheProvider = Provider.of<DatosCacheProvider>(
                                        ^^^^^^^^^^^^^^^^^^
lib/screens/facturacion/productos_screen.dart:123:28:
Error: 'Categoria' isn't a type.
        _categorias = List<Categoria>.from(cacheProvider.categorias ?? []);
                           ^^^^^^^^^
lib/screens/facturacion/productos_screen.dart:124:36:
Error: 'Ingrediente' isn't a type.
        _ingredientesCarnes = List<Ingrediente>.from(
                                   ^^^^^^^^^^^
lib/screens/facturacion/productos_screen.dart:127:32:
Error: 'Producto' isn't a type.
        _productosCache = List<Producto>.from(cacheProvider.productos ?? []);
                               ^^^^^^^^
lib/screens/facturacion/productos_screen.dart:147:10:
Error: 'Producto' isn't a type.
    List<Producto> productosFiltrados = _productosCache.where((producto) {
         ^^^^^^^^
lib/screens/facturacion/productos_screen.dart:149:37:
Error: The getter 'nombre' isn't defined for the type 'Object?'.
 - 'Object' is from 'dart:core'.
          query.isEmpty || producto.nombre.toLowerCase().contains(query);
                                    ^^^^^^
lib/screens/facturacion/productos_screen.dart:152:20:
Error: The getter 'categoria' isn't defined for the type 'Object?'.
 - 'Object' is from 'dart:core'.
          producto.categoria?.id == _selectedCategoriaId;
                   ^^^^^^^^^
lib/screens/facturacion/productos_screen.dart:246:16:
Error: The getter 'AppTheme' isn't defined for the type '_ProductosScreenState'.
 - '_ProductosScreenState' is from 'package:vercy_motos/screens/facturacion/productos_screen.dart' ('lib/screens/facturacion/productos_screen.dart').
        color: AppTheme.surfaceDark,
               ^^^^^^^^
lib/screens/facturacion/productos_screen.dart:248:34:
Error: The getter 'AppTheme' isn't defined for the type '_ProductosScreenState'.
 - '_ProductosScreenState' is from 'package:vercy_motos/screens/facturacion/productos_screen.dart' ('lib/screens/facturacion/productos_screen.dart').
          top: BorderSide(color: AppTheme.primary.withOpacity(0.2)),
                                 ^^^^^^^^
lib/screens/facturacion/productos_screen.dart:256:40:
Error: The getter 'AppTheme' isn't defined for the type '_ProductosScreenState'.
 - '_ProductosScreenState' is from 'package:vercy_motos/screens/facturacion/productos_screen.dart' ('lib/screens/facturacion/productos_screen.dart').
            color: _paginaActual > 0 ? AppTheme.primary : AppTheme.textMuted,
                                       ^^^^^^^^
lib/screens/facturacion/productos_screen.dart:256:59:
Error: The getter 'AppTheme' isn't defined for the type '_ProductosScreenState'.
 - '_ProductosScreenState' is from 'package:vercy_motos/screens/facturacion/productos_screen.dart' ('lib/screens/facturacion/productos_screen.dart').
            color: _paginaActual > 0 ? AppTheme.primary : AppTheme.textMuted,
                                                          ^^^^^^^^
lib/screens/facturacion/productos_screen.dart:262:22:
Error: The getter 'AppTheme' isn't defined for the type '_ProductosScreenState'.
 - '_ProductosScreenState' is from 'package:vercy_motos/screens/facturacion/productos_screen.dart' ('lib/screens/facturacion/productos_screen.dart').
              color: AppTheme.cardBg,
                     ^^^^^^^^
lib/screens/facturacion/productos_screen.dart:268:24:
Error: The getter 'AppTheme' isn't defined for the type '_ProductosScreenState'.
 - '_ProductosScreenState' is from 'package:vercy_motos/screens/facturacion/productos_screen.dart' ('lib/screens/facturacion/productos_screen.dart').
                color: AppTheme.textPrimary,
                       ^^^^^^^^
lib/screens/facturacion/productos_screen.dart:277:22:
Error: The getter 'AppTheme' isn't defined for the type '_ProductosScreenState'.
 - '_ProductosScreenState' is from 'package:vercy_motos/screens/facturacion/productos_screen.dart' ('lib/screens/facturacion/productos_screen.dart').
              color: AppTheme.primary.withOpacity(0.2),
                     ^^^^^^^^
lib/screens/facturacion/productos_screen.dart:283:24:
Error: The getter 'AppTheme' isn't defined for the type '_ProductosScreenState'.
 - '_ProductosScreenState' is from 'package:vercy_motos/screens/facturacion/productos_screen.dart' ('lib/screens/facturacion/productos_screen.dart').
                color: AppTheme.primary,
                       ^^^^^^^^
lib/screens/facturacion/productos_screen.dart:292:19:
Error: The getter 'AppTheme' isn't defined for the type '_ProductosScreenState'.
 - '_ProductosScreenState' is from 'package:vercy_motos/screens/facturacion/productos_screen.dart' ('lib/screens/facturacion/productos_screen.dart').
                ? AppTheme.primary
                  ^^^^^^^^
lib/screens/facturacion/productos_screen.dart:293:19:
Error: The getter 'AppTheme' isn't defined for the type '_ProductosScreenState'.
 - '_ProductosScreenState' is from 'package:vercy_motos/screens/facturacion/productos_screen.dart' ('lib/screens/facturacion/productos_screen.dart').
                : AppTheme.textMuted,
                  ^^^^^^^^
lib/screens/facturacion/productos_screen.dart:302:22:
Error: The getter 'AppTheme' isn't defined for the type '_ProductosScreenState'.
 - '_ProductosScreenState' is from 'package:vercy_motos/screens/facturacion/productos_screen.dart' ('lib/screens/facturacion/productos_screen.dart').
              color: AppTheme.cardBg,
                     ^^^^^^^^
lib/screens/facturacion/productos_screen.dart:308:32:
Error: The getter 'AppTheme' isn't defined for the type '_ProductosScreenState'.
 - '_ProductosScreenState' is from 'package:vercy_motos/screens/facturacion/productos_screen.dart' ('lib/screens/facturacion/productos_screen.dart').
                dropdownColor: AppTheme.cardBg,
                               ^^^^^^^^
lib/screens/facturacion/productos_screen.dart:309:58:
Error: The getter 'AppTheme' isn't defined for the type '_ProductosScreenState'.
 - '_ProductosScreenState' is from 'package:vercy_motos/screens/facturacion/productos_screen.dart' ('lib/screens/facturacion/productos_screen.dart').
                icon: Icon(Icons.arrow_drop_down, color: AppTheme.primary),
                                                         ^^^^^^^^
lib/screens/facturacion/productos_screen.dart:310:41:
Error: The getter 'AppTheme' isn't defined for the type '_ProductosScreenState'.
 - '_ProductosScreenState' is from 'package:vercy_motos/screens/facturacion/productos_screen.dart' ('lib/screens/facturacion/productos_screen.dart').
                style: TextStyle(color: AppTheme.textPrimary),
                                        ^^^^^^^^
lib/screens/facturacion/productos_screen.dart:352:19:
Error: The getter 'AppTheme' isn't defined for the type '_ProductosScreenState'.
 - '_ProductosScreenState' is from 'package:vercy_motos/screens/facturacion/productos_screen.dart' ('lib/screens/facturacion/productos_screen.dart').
                ? AppTheme.primary
                  ^^^^^^^^
lib/screens/facturacion/productos_screen.dart:353:19:
Error: The getter 'AppTheme' isn't defined for the type '_ProductosScreenState'.
 - '_ProductosScreenState' is from 'package:vercy_motos/screens/facturacion/productos_screen.dart' ('lib/screens/facturacion/productos_screen.dart').
                : AppTheme.cardBg,
                  ^^^^^^^^
lib/screens/facturacion/productos_screen.dart:357:21:
Error: The getter 'AppTheme' isn't defined for the type '_ProductosScreenState'.
 - '_ProductosScreenState' is from 'package:vercy_motos/screens/facturacion/productos_screen.dart' ('lib/screens/facturacion/productos_screen.dart').
                  ? AppTheme.primary
                    ^^^^^^^^
lib/screens/facturacion/productos_screen.dart:358:21:
Error: The getter 'AppTheme' isn't defined for the type '_ProductosScreenState'.
 - '_ProductosScreenState' is from 'package:vercy_motos/screens/facturacion/productos_screen.dart' ('lib/screens/facturacion/productos_screen.dart').
                  : AppTheme.textMuted.withOpacity(0.3),
                    ^^^^^^^^
lib/screens/facturacion/productos_screen.dart:366:21:
Error: The getter 'AppTheme' isn't defined for the type '_ProductosScreenState'.
 - '_ProductosScreenState' is from 'package:vercy_motos/screens/facturacion/productos_screen.dart' ('lib/screens/facturacion/productos_screen.dart').
                  : AppTheme.textPrimary,
                    ^^^^^^^^
lib/screens/facturacion/productos_screen.dart:391:21:
Error: The getter 'AppTheme' isn't defined for the type '_ProductosScreenState'.
 - '_ProductosScreenState' is from 'package:vercy_motos/screens/facturacion/productos_screen.dart' ('lib/screens/facturacion/productos_screen.dart').
                  ? AppTheme.primary
                    ^^^^^^^^
lib/screens/facturacion/productos_screen.dart:392:21:
Error: The getter 'AppTheme' isn't defined for the type '_ProductosScreenState'.
 - '_ProductosScreenState' is from 'package:vercy_motos/screens/facturacion/productos_screen.dart' ('lib/screens/facturacion/productos_screen.dart').
                  : AppTheme.cardBg,
                    ^^^^^^^^
lib/screens/facturacion/productos_screen.dart:396:23:
Error: The getter 'AppTheme' isn't defined for the type '_ProductosScreenState'.
 - '_ProductosScreenState' is from 'package:vercy_motos/screens/facturacion/productos_screen.dart' ('lib/screens/facturacion/productos_screen.dart').
                    ? AppTheme.primary
                      ^^^^^^^^
lib/screens/facturacion/productos_screen.dart:397:23:
Error: The getter 'AppTheme' isn't defined for the type '_ProductosScreenState'.
 - '_ProductosScreenState' is from 'package:vercy_motos/screens/facturacion/productos_screen.dart' ('lib/screens/facturacion/productos_screen.dart').
                    : AppTheme.textMuted.withOpacity(0.3),
                      ^^^^^^^^
lib/screens/facturacion/productos_screen.dart:405:23:
Error: The getter 'AppTheme' isn't defined for the type '_ProductosScreenState'.
 - '_ProductosScreenState' is from 'package:vercy_motos/screens/facturacion/productos_screen.dart' ('lib/screens/facturacion/productos_screen.dart').
                    : AppTheme.textPrimary,
                      ^^^^^^^^
lib/screens/facturacion/productos_screen.dart:507:55:
Error: 'DatosCacheProvider' isn't a type.
                    final cacheProvider = Provider.of<DatosCacheProvider>(
                                                      ^^^^^^^^^^^^^^^^^^
lib/screens/facturacion/productos_screen.dart:568:57:
Error: 'DatosCacheProvider' isn't a type.
                      final cacheProvider = Provider.of<DatosCacheProvider>(
                                                        ^^^^^^^^^^^^^^^^^^
lib/screens/facturacion/productos_screen.dart:422:26:
Error: The getter 'AppTheme' isn't defined for the type '_ProductosScreenState'.
 - '_ProductosScreenState' is from 'package:vercy_motos/screens/facturacion/productos_screen.dart' ('lib/screens/facturacion/productos_screen.dart').
        backgroundColor: AppTheme.backgroundDark,
                         ^^^^^^^^
lib/screens/facturacion/productos_screen.dart:424:54:
Error: The getter 'AppTheme' isn't defined for the type '_ProductosScreenState'.
 - '_ProductosScreenState' is from 'package:vercy_motos/screens/facturacion/productos_screen.dart' ('lib/screens/facturacion/productos_screen.dart').
          title: Text('Gestión de Productos', style: AppTheme.headlineMedium),
                                                     ^^^^^^^^
lib/screens/facturacion/productos_screen.dart:425:28:
Error: The getter 'AppTheme' isn't defined for the type '_ProductosScreenState'.
 - '_ProductosScreenState' is from 'package:vercy_motos/screens/facturacion/productos_screen.dart' ('lib/screens/facturacion/productos_screen.dart').
          backgroundColor: AppTheme.primary,
                           ^^^^^^^^
lib/screens/facturacion/productos_screen.dart:434:41:
Error: The getter 'AppTheme' isn't defined for the type '_ProductosScreenState'.
 - '_ProductosScreenState' is from 'package:vercy_motos/screens/facturacion/productos_screen.dart' ('lib/screens/facturacion/productos_screen.dart').
                padding: EdgeInsets.all(AppTheme.spacingLarge),
                                        ^^^^^^^^
lib/screens/facturacion/productos_screen.dart:435:29:
Error: The getter 'AppTheme' isn't defined for the type '_ProductosScreenState'.
 - '_ProductosScreenState' is from 'package:vercy_motos/screens/facturacion/productos_screen.dart' ('lib/screens/facturacion/productos_screen.dart').
                decoration: AppTheme.cardDecoration,
                            ^^^^^^^^
lib/screens/facturacion/productos_screen.dart:437:26:
Error: The getter 'AppTheme' isn't defined for the type '_ProductosScreenState'.
 - '_ProductosScreenState' is from 'package:vercy_motos/screens/facturacion/productos_screen.dart' ('lib/screens/facturacion/productos_screen.dart').
                  color: AppTheme.primary,
                         ^^^^^^^^
lib/screens/facturacion/productos_screen.dart:441:32:
Error: The getter 'AppTheme' isn't defined for the type '_ProductosScreenState'.
 - '_ProductosScreenState' is from 'package:vercy_motos/screens/facturacion/productos_screen.dart' ('lib/screens/facturacion/productos_screen.dart').
              SizedBox(height: AppTheme.spacingLarge),
                               ^^^^^^^^
lib/screens/facturacion/productos_screen.dart:442:52:
Error: The getter 'AppTheme' isn't defined for the type '_ProductosScreenState'.
 - '_ProductosScreenState' is from 'package:vercy_motos/screens/facturacion/productos_screen.dart' ('lib/screens/facturacion/productos_screen.dart').
              Text('Cargando productos...', style: AppTheme.bodyLarge),
                                                   ^^^^^^^^
lib/screens/facturacion/productos_screen.dart:451:26:
Error: The getter 'AppTheme' isn't defined for the type '_ProductosScreenState'.
 - '_ProductosScreenState' is from 'package:vercy_motos/screens/facturacion/productos_screen.dart' ('lib/screens/facturacion/productos_screen.dart').
        backgroundColor: AppTheme.backgroundDark,
                         ^^^^^^^^
lib/screens/facturacion/productos_screen.dart:453:54:
Error: The getter 'AppTheme' isn't defined for the type '_ProductosScreenState'.
 - '_ProductosScreenState' is from 'package:vercy_motos/screens/facturacion/productos_screen.dart' ('lib/screens/facturacion/productos_screen.dart').
          title: Text('Gestión de Productos', style: AppTheme.headlineMedium),
                                                     ^^^^^^^^
lib/screens/facturacion/productos_screen.dart:454:28:
Error: The getter 'AppTheme' isn't defined for the type '_ProductosScreenState'.
 - '_ProductosScreenState' is from 'package:vercy_motos/screens/facturacion/productos_screen.dart' ('lib/screens/facturacion/productos_screen.dart').
          backgroundColor: AppTheme.primary,
                           ^^^^^^^^
lib/screens/facturacion/productos_screen.dart:460:36:
Error: The getter 'AppTheme' isn't defined for the type '_ProductosScreenState'.
 - '_ProductosScreenState' is from 'package:vercy_motos/screens/facturacion/productos_screen.dart' ('lib/screens/facturacion/productos_screen.dart').
            margin: EdgeInsets.all(AppTheme.spacingLarge),
                                   ^^^^^^^^
lib/screens/facturacion/productos_screen.dart:461:37:
Error: The getter 'AppTheme' isn't defined for the type '_ProductosScreenState'.
 - '_ProductosScreenState' is from 'package:vercy_motos/screens/facturacion/productos_screen.dart' ('lib/screens/facturacion/productos_screen.dart').
            padding: EdgeInsets.all(AppTheme.spacingXLarge),
                                    ^^^^^^^^
lib/screens/facturacion/productos_screen.dart:462:25:
Error: The getter 'AppTheme' isn't defined for the type '_ProductosScreenState'.
 - '_ProductosScreenState' is from 'package:vercy_motos/screens/facturacion/productos_screen.dart' ('lib/screens/facturacion/productos_screen.dart').
            decoration: AppTheme.elevatedCardDecoration.copyWith(
                        ^^^^^^^^
lib/screens/facturacion/productos_screen.dart:464:24:
Error: The getter 'AppTheme' isn't defined for the type '_ProductosScreenState'.
 - '_ProductosScreenState' is from 'package:vercy_motos/screens/facturacion/productos_screen.dart' ('lib/screens/facturacion/productos_screen.dart').
                color: AppTheme.error.withOpacity(0.3),
                       ^^^^^^^^
lib/screens/facturacion/productos_screen.dart:472:43:
Error: The getter 'AppTheme' isn't defined for the type '_ProductosScreenState'.
 - '_ProductosScreenState' is from 'package:vercy_motos/screens/facturacion/productos_screen.dart' ('lib/screens/facturacion/productos_screen.dart').
                  padding: EdgeInsets.all(AppTheme.spacingMedium),
                                          ^^^^^^^^
lib/screens/facturacion/productos_screen.dart:474:28:
Error: The getter 'AppTheme' isn't defined for the type '_ProductosScreenState'.
 - '_ProductosScreenState' is from 'package:vercy_motos/screens/facturacion/productos_screen.dart' ('lib/screens/facturacion/productos_screen.dart').
                    color: AppTheme.error.withOpacity(0.1),
                           ^^^^^^^^
lib/screens/facturacion/productos_screen.dart:479:28:
Error: The getter 'AppTheme' isn't defined for the type '_ProductosScreenState'.
 - '_ProductosScreenState' is from 'package:vercy_motos/screens/facturacion/productos_screen.dart' ('lib/screens/facturacion/productos_screen.dart').
                    color: AppTheme.error,
                           ^^^^^^^^
lib/screens/facturacion/productos_screen.dart:483:34:
Error: The getter 'AppTheme' isn't defined for the type '_ProductosScreenState'.
 - '_ProductosScreenState' is from 'package:vercy_motos/screens/facturacion/productos_screen.dart' ('lib/screens/facturacion/productos_screen.dart').
                SizedBox(height: AppTheme.spacingLarge),
                                 ^^^^^^^^
lib/screens/facturacion/productos_screen.dart:486:26:
Error: The getter 'AppTheme' isn't defined for the type '_ProductosScreenState'.
 - '_ProductosScreenState' is from 'package:vercy_motos/screens/facturacion/productos_screen.dart' ('lib/screens/facturacion/productos_screen.dart').
                  style: AppTheme.headlineMedium,
                         ^^^^^^^^
lib/screens/facturacion/productos_screen.dart:489:34:
Error: The getter 'AppTheme' isn't defined for the type '_ProductosScreenState'.
 - '_ProductosScreenState' is from 'package:vercy_motos/screens/facturacion/productos_screen.dart' ('lib/screens/facturacion/productos_screen.dart').
                SizedBox(height: AppTheme.spacingMedium),
                                 ^^^^^^^^
lib/screens/facturacion/productos_screen.dart:491:43:
Error: The getter 'AppTheme' isn't defined for the type '_ProductosScreenState'.
 - '_ProductosScreenState' is from 'package:vercy_motos/screens/facturacion/productos_screen.dart' ('lib/screens/facturacion/productos_screen.dart').
                  padding: EdgeInsets.all(AppTheme.spacingMedium),
                                          ^^^^^^^^
lib/screens/facturacion/productos_screen.dart:493:28:
Error: The getter 'AppTheme' isn't defined for the type '_ProductosScreenState'.
 - '_ProductosScreenState' is from 'package:vercy_motos/screens/facturacion/productos_screen.dart' ('lib/screens/facturacion/productos_screen.dart').
                    color: AppTheme.surfaceDark,
                           ^^^^^^^^
lib/screens/facturacion/productos_screen.dart:494:57:
Error: The getter 'AppTheme' isn't defined for the type '_ProductosScreenState'.
 - '_ProductosScreenState' is from 'package:vercy_motos/screens/facturacion/productos_screen.dart' ('lib/screens/facturacion/productos_screen.dart').
                    borderRadius: BorderRadius.circular(AppTheme.radiusSmall),
                                                        ^^^^^^^^
lib/screens/facturacion/productos_screen.dart:498:28:
Error: The getter 'AppTheme' isn't defined for the type '_ProductosScreenState'.
 - '_ProductosScreenState' is from 'package:vercy_motos/screens/facturacion/productos_screen.dart' ('lib/screens/facturacion/productos_screen.dart').
                    style: AppTheme.bodyMedium.copyWith(
                           ^^^^^^^^
lib/screens/facturacion/productos_screen.dart:499:30:
Error: The getter 'AppTheme' isn't defined for the type '_ProductosScreenState'.
 - '_ProductosScreenState' is from 'package:vercy_motos/screens/facturacion/productos_screen.dart' ('lib/screens/facturacion/productos_screen.dart').
                      color: AppTheme.textSecondary,
                             ^^^^^^^^
lib/screens/facturacion/productos_screen.dart:504:34:
Error: The getter 'AppTheme' isn't defined for the type '_ProductosScreenState'.
 - '_ProductosScreenState' is from 'package:vercy_motos/screens/facturacion/productos_screen.dart' ('lib/screens/facturacion/productos_screen.dart').
                SizedBox(height: AppTheme.spacingLarge),
                                 ^^^^^^^^
lib/screens/facturacion/productos_screen.dart:513:26:
Error: The getter 'AppTheme' isn't defined for the type '_ProductosScreenState'.
 - '_ProductosScreenState' is from 'package:vercy_motos/screens/facturacion/productos_screen.dart' ('lib/screens/facturacion/productos_screen.dart').
                  style: AppTheme.primaryButtonStyle,
                         ^^^^^^^^
lib/screens/facturacion/productos_screen.dart:518:39:
Error: The getter 'AppTheme' isn't defined for the type '_ProductosScreenState'.
 - '_ProductosScreenState' is from 'package:vercy_motos/screens/facturacion/productos_screen.dart' ('lib/screens/facturacion/productos_screen.dart').
                      SizedBox(width: AppTheme.spacingSmall),
                                      ^^^^^^^^
lib/screens/facturacion/productos_screen.dart:531:24:
Error: The getter 'AppTheme' isn't defined for the type '_ProductosScreenState'.
 - '_ProductosScreenState' is from 'package:vercy_motos/screens/facturacion/productos_screen.dart' ('lib/screens/facturacion/productos_screen.dart').
      backgroundColor: AppTheme.backgroundDark,
                       ^^^^^^^^
lib/screens/facturacion/productos_screen.dart:539:52:
Error: The getter 'AppTheme' isn't defined for the type '_ProductosScreenState'.
 - '_ProductosScreenState' is from 'package:vercy_motos/screens/facturacion/productos_screen.dart' ('lib/screens/facturacion/productos_screen.dart').
        title: Text('Gestión de Productos', style: AppTheme.headlineMedium),
                                                   ^^^^^^^^
lib/screens/facturacion/productos_screen.dart:540:26:
Error: The getter 'AppTheme' isn't defined for the type '_ProductosScreenState'.
 - '_ProductosScreenState' is from 'package:vercy_motos/screens/facturacion/productos_screen.dart' ('lib/screens/facturacion/productos_screen.dart').
        backgroundColor: AppTheme.primary,
                         ^^^^^^^^
lib/screens/facturacion/productos_screen.dart:598:45:
Error: The getter 'responsivePadding' isn't defined for the type 'BuildContext'.
 - 'BuildContext' is from 'package:flutter/src/widgets/framework.dart' ('../../flutter/packages/flutter/lib/src/widgets/framework.dart').
            padding: EdgeInsets.all(context.responsivePadding),
                                            ^^^^^^^^^^^^^^^^^
lib/screens/facturacion/productos_screen.dart:600:22:
Error: The getter 'AppTheme' isn't defined for the type '_ProductosScreenState'.
 - '_ProductosScreenState' is from 'package:vercy_motos/screens/facturacion/productos_screen.dart' ('lib/screens/facturacion/productos_screen.dart').
              color: AppTheme.surfaceDark,
                     ^^^^^^^^
lib/screens/facturacion/productos_screen.dart:603:26:
Error: The getter 'AppTheme' isn't defined for the type '_ProductosScreenState'.
 - '_ProductosScreenState' is from 'package:vercy_motos/screens/facturacion/productos_screen.dart' ('lib/screens/facturacion/productos_screen.dart').
                  color: AppTheme.primary.withOpacity(0.2),
                         ^^^^^^^^
lib/screens/facturacion/productos_screen.dart:613:28:
Error: The getter 'AppTheme' isn't defined for the type '_ProductosScreenState'.
 - '_ProductosScreenState' is from 'package:vercy_motos/screens/facturacion/productos_screen.dart' ('lib/screens/facturacion/productos_screen.dart').
                    color: AppTheme.cardElevated,
                           ^^^^^^^^
lib/screens/facturacion/productos_screen.dart:616:30:
Error: The getter 'AppTheme' isn't defined for the type '_ProductosScreenState'.
 - '_ProductosScreenState' is from 'package:vercy_motos/screens/facturacion/productos_screen.dart' ('lib/screens/facturacion/productos_screen.dart').
                      color: AppTheme.textMuted.withOpacity(0.3),
                             ^^^^^^^^
lib/screens/facturacion/productos_screen.dart:629:45:
Error: The getter 'AppTheme' isn't defined for the type '_ProductosScreenState'.
 - '_ProductosScreenState' is from 'package:vercy_motos/screens/facturacion/productos_screen.dart' ('lib/screens/facturacion/productos_screen.dart').
                    style: TextStyle(color: AppTheme.textPrimary, fontSize: 16),
                                            ^^^^^^^^
lib/screens/facturacion/productos_screen.dart:633:32:
Error: The getter 'AppTheme' isn't defined for the type '_ProductosScreenState'.
 - '_ProductosScreenState' is from 'package:vercy_motos/screens/facturacion/productos_screen.dart' ('lib/screens/facturacion/productos_screen.dart').
                        color: AppTheme.textSecondary,
                               ^^^^^^^^
lib/screens/facturacion/productos_screen.dart:640:34:
Error: The getter 'AppTheme' isn't defined for the type '_ProductosScreenState'.
 - '_ProductosScreenState' is from 'package:vercy_motos/screens/facturacion/productos_screen.dart' ('lib/screens/facturacion/productos_screen.dart').
                          color: AppTheme.primary,
                                 ^^^^^^^^
lib/screens/facturacion/productos_screen.dart:662:30:
Error: The getter 'AppTheme' isn't defined for the type '_ProductosScreenState'.
 - '_ProductosScreenState' is from 'package:vercy_motos/screens/facturacion/productos_screen.dart' ('lib/screens/facturacion/productos_screen.dart').
                      color: AppTheme.textPrimary,
                             ^^^^^^^^
lib/screens/facturacion/productos_screen.dart:697:61:
Error: The getter 'AppTheme' isn't defined for the type '_ProductosScreenState'.
 - '_ProductosScreenState' is from 'package:vercy_motos/screens/facturacion/productos_screen.dart' ('lib/screens/facturacion/productos_screen.dart').
                    child: CircularProgressIndicator(color: AppTheme.primary),
                                                            ^^^^^^^^
lib/screens/facturacion/productos_screen.dart:704:47:
Error: The getter 'AppTheme' isn't defined for the type '_ProductosScreenState'.
 - '_ProductosScreenState' is from 'package:vercy_motos/screens/facturacion/productos_screen.dart' ('lib/screens/facturacion/productos_screen.dart').
                      style: TextStyle(color: AppTheme.textPrimary),
                                              ^^^^^^^^
lib/screens/facturacion/productos_screen.dart:712:47:
Error: The getter 'AppTheme' isn't defined for the type '_ProductosScreenState'.
 - '_ProductosScreenState' is from 'package:vercy_motos/screens/facturacion/productos_screen.dart' ('lib/screens/facturacion/productos_screen.dart').
                      style: TextStyle(color: AppTheme.textPrimary),
                                              ^^^^^^^^
lib/screens/facturacion/productos_screen.dart:752:30:
Error: The getter 'AppTheme' isn't defined for the type '_ProductosScreenState'.
 - '_ProductosScreenState' is from 'package:vercy_motos/screens/facturacion/productos_screen.dart' ('lib/screens/facturacion/productos_screen.dart').
            backgroundColor: AppTheme.primary,
                             ^^^^^^^^
lib/screens/facturacion/productos_screen.dart:761:29:
Error: 'Producto' isn't a type.
  Widget _buildProductoItem(Producto producto) {
                            ^^^^^^^^
lib/screens/facturacion/productos_screen.dart:771:14:
Error: The getter 'AppTheme' isn't defined for the type '_ProductosScreenState'.
 - '_ProductosScreenState' is from 'package:vercy_motos/screens/facturacion/productos_screen.dart' ('lib/screens/facturacion/productos_screen.dart').
      color: AppTheme.cardBg,
             ^^^^^^^^
lib/screens/facturacion/productos_screen.dart:788:20:
Error: The getter 'AppTheme' isn't defined for the type '_ProductosScreenState'.
 - '_ProductosScreenState' is from 'package:vercy_motos/screens/facturacion/productos_screen.dart' ('lib/screens/facturacion/productos_screen.dart').
            color: AppTheme.textPrimary,
                   ^^^^^^^^
lib/screens/facturacion/productos_screen.dart:800:19:
Error: The method 'formatCurrency' isn't defined for the type '_ProductosScreenState'.
 - '_ProductosScreenState' is from 'package:vercy_motos/screens/facturacion/productos_screen.dart' ('lib/screens/facturacion/productos_screen.dart').
                  formatCurrency(producto.precio),
                  ^^^^^^^^^^^^^^
lib/screens/facturacion/productos_screen.dart:802:28:
Error: The getter 'AppTheme' isn't defined for the type '_ProductosScreenState'.
 - '_ProductosScreenState' is from 'package:vercy_motos/screens/facturacion/productos_screen.dart' ('lib/screens/facturacion/productos_screen.dart').
                    color: AppTheme.primary,
                           ^^^^^^^^
lib/screens/facturacion/productos_screen.dart:808:29:
Error: The method 'formatCurrency' isn't defined for the type '_ProductosScreenState'.
 - '_ProductosScreenState' is from 'package:vercy_motos/screens/facturacion/productos_screen.dart' ('lib/screens/facturacion/productos_screen.dart').
                  'Costo: ${formatCurrency(producto.costo)}',
                            ^^^^^^^^^^^^^^
lib/screens/facturacion/productos_screen.dart:839:28:
Error: The getter 'AppTheme' isn't defined for the type '_ProductosScreenState'.
 - '_ProductosScreenState' is from 'package:vercy_motos/screens/facturacion/productos_screen.dart' ('lib/screens/facturacion/productos_screen.dart').
                    color: AppTheme.textPrimary.withOpacity(0.7),
                           ^^^^^^^^
lib/screens/facturacion/productos_screen.dart:851:45:
Error: The getter 'AppTheme' isn't defined for the type '_ProductosScreenState'.
 - '_ProductosScreenState' is from 'package:vercy_motos/screens/facturacion/productos_screen.dart' ('lib/screens/facturacion/productos_screen.dart').
              icon: Icon(Icons.edit, color: AppTheme.textPrimary),
                                            ^^^^^^^^
lib/screens/facturacion/productos_screen.dart:901:29:
Error: 'Producto' isn't a type.
  Widget _buildProductImage(Producto producto) {
                            ^^^^^^^^
lib/screens/facturacion/productos_screen.dart:902:12:
Error: The method 'LazyProductImageWidget' isn't defined for the type '_ProductosScreenState'.
 - '_ProductosScreenState' is from 'package:vercy_motos/screens/facturacion/productos_screen.dart' ('lib/screens/facturacion/productos_screen.dart').
    return LazyProductImageWidget(
           ^^^^^^^^^^^^^^^^^^^^^^
lib/screens/facturacion/productos_screen.dart:912:38:
Error: 'Producto' isn't a type.
  void _showDeleteConfirmationDialog(Producto producto) {
                                     ^^^^^^^^
lib/screens/facturacion/productos_screen.dart:976:59:
Error: 'DatosCacheProvider' isn't a type.
                        final cacheProvider = Provider.of<DatosCacheProvider>(
                                                          ^^^^^^^^^^^^^^^^^^
lib/screens/facturacion/productos_screen.dart:919:28:
Error: The getter 'AppTheme' isn't defined for the type '_ProductosScreenState'.
 - '_ProductosScreenState' is from 'package:vercy_motos/screens/facturacion/productos_screen.dart' ('lib/screens/facturacion/productos_screen.dart').
          backgroundColor: AppTheme.cardBg,
                           ^^^^^^^^
lib/screens/facturacion/productos_screen.dart:922:37:
Error: The getter 'AppTheme' isn't defined for the type '_ProductosScreenState'.
 - '_ProductosScreenState' is from 'package:vercy_motos/screens/facturacion/productos_screen.dart' ('lib/screens/facturacion/productos_screen.dart').
            style: TextStyle(color: AppTheme.textPrimary),
                                    ^^^^^^^^
lib/screens/facturacion/productos_screen.dart:926:37:
Error: The getter 'AppTheme' isn't defined for the type '_ProductosScreenState'.
 - '_ProductosScreenState' is from 'package:vercy_motos/screens/facturacion/productos_screen.dart' ('lib/screens/facturacion/productos_screen.dart').
            style: TextStyle(color: AppTheme.textPrimary.withOpacity(0.8)),
                                    ^^^^^^^^
lib/screens/facturacion/productos_screen.dart:932:41:
Error: The getter 'AppTheme' isn't defined for the type '_ProductosScreenState'.
 - '_ProductosScreenState' is from 'package:vercy_motos/screens/facturacion/productos_screen.dart' ('lib/screens/facturacion/productos_screen.dart').
                style: TextStyle(color: AppTheme.textPrimary),
                                        ^^^^^^^^
lib/screens/facturacion/productos_screen.dart:1008:29:
Error: 'Producto' isn't a type.
  void _showProductoDialog({Producto? producto}) {
                            ^^^^^^^^
lib/screens/facturacion/productos_screen.dart:1211:10:
Error: 'IngredienteProducto' isn't a type.
    List<IngredienteProducto> ingredientesRequeridos = isEditing
         ^^^^^^^^^^^^^^^^^^^
lib/screens/facturacion/productos_screen.dart:1212:16:
Error: 'IngredienteProducto' isn't a type.
        ? List<IngredienteProducto>.from(producto.ingredientesRequeridos)
               ^^^^^^^^^^^^^^^^^^^
lib/screens/facturacion/productos_screen.dart:1214:10:
Error: 'IngredienteProducto' isn't a type.
    List<IngredienteProducto> ingredientesOpcionales = isEditing
         ^^^^^^^^^^^^^^^^^^^
lib/screens/facturacion/productos_screen.dart:1215:16:
Error: 'IngredienteProducto' isn't a type.
        ? List<IngredienteProducto>.from(producto.ingredientesOpcionales)
               ^^^^^^^^^^^^^^^^^^^
lib/screens/facturacion/productos_screen.dart:2797:29:
Error: 'Categoria' isn't a type.
                            Categoria? categoriaSeleccionada;
                            ^^^^^^^^^
lib/screens/facturacion/productos_screen.dart:3182:45:
Error: 'DatosCacheProvider' isn't a type.
                                Provider.of<DatosCacheProvider>(
                                            ^^^^^^^^^^^^^^^^^^
lib/screens/facturacion/productos_screen.dart:1087:7:
Error: The method 'appLog' isn't defined for the type '_ProductosScreenState'.
 - '_ProductosScreenState' is from 'package:vercy_motos/screens/facturacion/productos_screen.dart' ('lib/screens/facturacion/productos_screen.dart').
      appLog('🔍 [INIT] Inicializando productoOServicioController con: "${producto.productoOServicio}"');
      ^^^^^^
lib/screens/facturacion/productos_screen.dart:1191:49:
Error: The getter 'id' isn't defined for the type 'Object?'.
 - 'Object' is from 'dart:core'.
        final exists = _categorias.any((c) => c.id == producto.categoria!.id);
                                                ^^
lib/screens/facturacion/productos_screen.dart:1240:32:
Error: The getter 'AppTheme' isn't defined for the type '_ProductosScreenState'.
 - '_ProductosScreenState' is from 'package:vercy_motos/screens/facturacion/productos_screen.dart' ('lib/screens/facturacion/productos_screen.dart').
              backgroundColor: AppTheme.cardBg,
                               ^^^^^^^^
lib/screens/facturacion/productos_screen.dart:1243:41:
Error: The getter 'AppTheme' isn't defined for the type '_ProductosScreenState'.
 - '_ProductosScreenState' is from 'package:vercy_motos/screens/facturacion/productos_screen.dart' ('lib/screens/facturacion/productos_screen.dart').
                style: TextStyle(color: AppTheme.textPrimary),
                                        ^^^^^^^^
lib/screens/facturacion/productos_screen.dart:1367:40:
Error: The method 'ImagenProductoWidget' isn't defined for the type '_ProductosScreenState'.
 - '_ProductosScreenState' is from 'package:vercy_motos/screens/facturacion/productos_screen.dart' ('lib/screens/facturacion/productos_screen.dart').
                                child: ImagenProductoWidget(
                                       ^^^^^^^^^^^^^^^^^^^^
lib/screens/facturacion/productos_screen.dart:1384:40:
Error: The getter 'AppTheme' isn't defined for the type '_ProductosScreenState'.
 - '_ProductosScreenState' is from 'package:vercy_motos/screens/facturacion/productos_screen.dart' ('lib/screens/facturacion/productos_screen.dart').
                                color: AppTheme.primary,
                                       ^^^^^^^^
lib/screens/facturacion/productos_screen.dart:1292:56:
Error: The getter 'AppTheme' isn't defined for the type '_ProductosScreenState'.
 - '_ProductosScreenState' is from 'package:vercy_motos/screens/facturacion/productos_screen.dart' ('lib/screens/facturacion/productos_screen.dart').
                                      backgroundColor: AppTheme.primary,
                                                       ^^^^^^^^
lib/screens/facturacion/productos_screen.dart:1394:47:
Error: The getter 'AppTheme' isn't defined for the type '_ProductosScreenState'.
 - '_ProductosScreenState' is from 'package:vercy_motos/screens/facturacion/productos_screen.dart' ('lib/screens/facturacion/productos_screen.dart').
                      style: TextStyle(color: AppTheme.textPrimary),
                                              ^^^^^^^^
lib/screens/facturacion/productos_screen.dart:1398:34:
Error: The getter 'AppTheme' isn't defined for the type '_ProductosScreenState'.
 - '_ProductosScreenState' is from 'package:vercy_motos/screens/facturacion/productos_screen.dart' ('lib/screens/facturacion/productos_screen.dart').
                          color: AppTheme.textPrimary.withOpacity(0.7),
                                 ^^^^^^^^
lib/screens/facturacion/productos_screen.dart:1401:36:
Error: The getter 'AppTheme' isn't defined for the type '_ProductosScreenState'.
 - '_ProductosScreenState' is from 'package:vercy_motos/screens/facturacion/productos_screen.dart' ('lib/screens/facturacion/productos_screen.dart').
                        fillColor: AppTheme.cardBg.withOpacity(0.3),
                                   ^^^^^^^^
lib/screens/facturacion/productos_screen.dart:1407:57:
Error: The getter 'AppTheme' isn't defined for the type '_ProductosScreenState'.
 - '_ProductosScreenState' is from 'package:vercy_motos/screens/facturacion/productos_screen.dart' ('lib/screens/facturacion/productos_screen.dart').
                          borderSide: BorderSide(color: AppTheme.primary),
                                                        ^^^^^^^^
lib/screens/facturacion/productos_screen.dart:1421:34:
Error: The getter 'AppTheme' isn't defined for the type '_ProductosScreenState'.
 - '_ProductosScreenState' is from 'package:vercy_motos/screens/facturacion/productos_screen.dart' ('lib/screens/facturacion/productos_screen.dart').
                          color: AppTheme.primary,
                                 ^^^^^^^^
lib/screens/facturacion/productos_screen.dart:1425:34:
Error: The getter 'AppTheme' isn't defined for the type '_ProductosScreenState'.
 - '_ProductosScreenState' is from 'package:vercy_motos/screens/facturacion/productos_screen.dart' ('lib/screens/facturacion/productos_screen.dart').
                      iconColor: AppTheme.primary,
                                 ^^^^^^^^
lib/screens/facturacion/productos_screen.dart:1426:43:
Error: The getter 'AppTheme' isn't defined for the type '_ProductosScreenState'.
 - '_ProductosScreenState' is from 'package:vercy_motos/screens/facturacion/productos_screen.dart' ('lib/screens/facturacion/productos_screen.dart').
                      collapsedIconColor: AppTheme.textPrimary,
                                          ^^^^^^^^
lib/screens/facturacion/productos_screen.dart:1435:57:
Error: The getter 'AppTheme' isn't defined for the type '_ProductosScreenState'.
 - '_ProductosScreenState' is from 'package:vercy_motos/screens/facturacion/productos_screen.dart' ('lib/screens/facturacion/productos_screen.dart').
                                style: TextStyle(color: AppTheme.textPrimary),
                                                        ^^^^^^^^
lib/screens/facturacion/productos_screen.dart:1439:44:
Error: The getter 'AppTheme' isn't defined for the type '_ProductosScreenState'.
 - '_ProductosScreenState' is from 'package:vercy_motos/screens/facturacion/productos_screen.dart' ('lib/screens/facturacion/productos_screen.dart').
                                    color: AppTheme.textPrimary.withOpacity(
                                           ^^^^^^^^
lib/screens/facturacion/productos_screen.dart:1445:44:
Error: The getter 'AppTheme' isn't defined for the type '_ProductosScreenState'.
 - '_ProductosScreenState' is from 'package:vercy_motos/screens/facturacion/productos_screen.dart' ('lib/screens/facturacion/productos_screen.dart').
                                    color: AppTheme.primary,
                                           ^^^^^^^^
lib/screens/facturacion/productos_screen.dart:1449:44:
Error: The getter 'AppTheme' isn't defined for the type '_ProductosScreenState'.
 - '_ProductosScreenState' is from 'package:vercy_motos/screens/facturacion/productos_screen.dart' ('lib/screens/facturacion/productos_screen.dart').
                                    color: AppTheme.textSecondary,
                                           ^^^^^^^^
lib/screens/facturacion/productos_screen.dart:1453:46:
Error: The getter 'AppTheme' isn't defined for the type '_ProductosScreenState'.
 - '_ProductosScreenState' is from 'package:vercy_motos/screens/facturacion/productos_screen.dart' ('lib/screens/facturacion/productos_screen.dart').
                                  fillColor: AppTheme.cardBg.withOpacity(0.3),
                                             ^^^^^^^^
lib/screens/facturacion/productos_screen.dart:1460:46:
Error: The getter 'AppTheme' isn't defined for the type '_ProductosScreenState'.
 - '_ProductosScreenState' is from 'package:vercy_motos/screens/facturacion/productos_screen.dart' ('lib/screens/facturacion/productos_screen.dart').
                                      color: AppTheme.primary,
                                             ^^^^^^^^
lib/screens/facturacion/productos_screen.dart:1470:57:
Error: The getter 'AppTheme' isn't defined for the type '_ProductosScreenState'.
 - '_ProductosScreenState' is from 'package:vercy_motos/screens/facturacion/productos_screen.dart' ('lib/screens/facturacion/productos_screen.dart').
                                style: TextStyle(color: AppTheme.textPrimary),
                                                        ^^^^^^^^
lib/screens/facturacion/productos_screen.dart:1474:44:
Error: The getter 'AppTheme' isn't defined for the type '_ProductosScreenState'.
 - '_ProductosScreenState' is from 'package:vercy_motos/screens/facturacion/productos_screen.dart' ('lib/screens/facturacion/productos_screen.dart').
                                    color: AppTheme.textPrimary.withOpacity(
                                           ^^^^^^^^
lib/screens/facturacion/productos_screen.dart:1480:44:
Error: The getter 'AppTheme' isn't defined for the type '_ProductosScreenState'.
 - '_ProductosScreenState' is from 'package:vercy_motos/screens/facturacion/productos_screen.dart' ('lib/screens/facturacion/productos_screen.dart').
                                    color: AppTheme.primary,
                                           ^^^^^^^^
lib/screens/facturacion/productos_screen.dart:1485:44:
Error: The getter 'AppTheme' isn't defined for the type '_ProductosScreenState'.
 - '_ProductosScreenState' is from 'package:vercy_motos/screens/facturacion/productos_screen.dart' ('lib/screens/facturacion/productos_screen.dart').
                                    color: AppTheme.textSecondary,
                                           ^^^^^^^^
lib/screens/facturacion/productos_screen.dart:1489:46:
Error: The getter 'AppTheme' isn't defined for the type '_ProductosScreenState'.
 - '_ProductosScreenState' is from 'package:vercy_motos/screens/facturacion/productos_screen.dart' ('lib/screens/facturacion/productos_screen.dart').
                                  fillColor: AppTheme.cardBg.withOpacity(0.3),
                                             ^^^^^^^^
lib/screens/facturacion/productos_screen.dart:1496:46:
Error: The getter 'AppTheme' isn't defined for the type '_ProductosScreenState'.
 - '_ProductosScreenState' is from 'package:vercy_motos/screens/facturacion/productos_screen.dart' ('lib/screens/facturacion/productos_screen.dart').
                                      color: AppTheme.primary,
                                             ^^^^^^^^
lib/screens/facturacion/productos_screen.dart:1516:34:
Error: The getter 'AppTheme' isn't defined for the type '_ProductosScreenState'.
 - '_ProductosScreenState' is from 'package:vercy_motos/screens/facturacion/productos_screen.dart' ('lib/screens/facturacion/productos_screen.dart').
                          color: AppTheme.primary,
                                 ^^^^^^^^
lib/screens/facturacion/productos_screen.dart:1520:34:
Error: The getter 'AppTheme' isn't defined for the type '_ProductosScreenState'.
 - '_ProductosScreenState' is from 'package:vercy_motos/screens/facturacion/productos_screen.dart' ('lib/screens/facturacion/productos_screen.dart').
                      iconColor: AppTheme.primary,
                                 ^^^^^^^^
lib/screens/facturacion/productos_screen.dart:1521:43:
Error: The getter 'AppTheme' isn't defined for the type '_ProductosScreenState'.
 - '_ProductosScreenState' is from 'package:vercy_motos/screens/facturacion/productos_screen.dart' ('lib/screens/facturacion/productos_screen.dart').
                      collapsedIconColor: AppTheme.textPrimary,
                                          ^^^^^^^^
lib/screens/facturacion/productos_screen.dart:1532:48:
Error: The getter 'AppTheme' isn't defined for the type '_ProductosScreenState'.
 - '_ProductosScreenState' is from 'package:vercy_motos/screens/facturacion/productos_screen.dart' ('lib/screens/facturacion/productos_screen.dart').
                                dropdownColor: AppTheme.cardBg,
                                               ^^^^^^^^
lib/screens/facturacion/productos_screen.dart:1533:57:
Error: The getter 'AppTheme' isn't defined for the type '_ProductosScreenState'.
 - '_ProductosScreenState' is from 'package:vercy_motos/screens/facturacion/productos_screen.dart' ('lib/screens/facturacion/productos_screen.dart').
                                style: TextStyle(color: AppTheme.textPrimary),
                                                        ^^^^^^^^
lib/screens/facturacion/productos_screen.dart:1537:46:
Error: The getter 'AppTheme' isn't defined for the type '_ProductosScreenState'.
 - '_ProductosScreenState' is from 'package:vercy_motos/screens/facturacion/productos_screen.dart' ('lib/screens/facturacion/productos_screen.dart').
                                  fillColor: AppTheme.cardBg.withOpacity(0.3),
                                             ^^^^^^^^
lib/screens/facturacion/productos_screen.dart:1549:35:
Error: The method 'appLog' isn't defined for the type '_ProductosScreenState'.
 - '_ProductosScreenState' is from 'package:vercy_motos/screens/facturacion/productos_screen.dart' ('lib/screens/facturacion/productos_screen.dart').
                                  appLog('🔍 [DROPDOWN] Cambio detectado: "$value"');
                                  ^^^^^^
lib/screens/facturacion/productos_screen.dart:1551:35:
Error: The method 'appLog' isn't defined for the type '_ProductosScreenState'.
 - '_ProductosScreenState' is from 'package:vercy_motos/screens/facturacion/productos_screen.dart' ('lib/screens/facturacion/productos_screen.dart').
                                  appLog('🔍 [DROPDOWN] Controller actualizado: "${productoOServicioController.text}"');
                                  ^^^^^^
lib/screens/facturacion/productos_screen.dart:1559:57:
Error: The getter 'AppTheme' isn't defined for the type '_ProductosScreenState'.
 - '_ProductosScreenState' is from 'package:vercy_motos/screens/facturacion/productos_screen.dart' ('lib/screens/facturacion/productos_screen.dart').
                                style: TextStyle(color: AppTheme.textPrimary),
                                                        ^^^^^^^^
lib/screens/facturacion/productos_screen.dart:1565:46:
Error: The getter 'AppTheme' isn't defined for the type '_ProductosScreenState'.
 - '_ProductosScreenState' is from 'package:vercy_motos/screens/facturacion/productos_screen.dart' ('lib/screens/facturacion/productos_screen.dart').
                                  fillColor: AppTheme.cardBg.withOpacity(0.3),
                                             ^^^^^^^^
lib/screens/facturacion/productos_screen.dart:1576:57:
Error: The getter 'AppTheme' isn't defined for the type '_ProductosScreenState'.
 - '_ProductosScreenState' is from 'package:vercy_motos/screens/facturacion/productos_screen.dart' ('lib/screens/facturacion/productos_screen.dart').
                                style: TextStyle(color: AppTheme.textPrimary),
                                                        ^^^^^^^^
lib/screens/facturacion/productos_screen.dart:1582:46:
Error: The getter 'AppTheme' isn't defined for the type '_ProductosScreenState'.
 - '_ProductosScreenState' is from 'package:vercy_motos/screens/facturacion/productos_screen.dart' ('lib/screens/facturacion/productos_screen.dart').
                                  fillColor: AppTheme.cardBg.withOpacity(0.3),
                                             ^^^^^^^^
lib/screens/facturacion/productos_screen.dart:1593:57:
Error: The getter 'AppTheme' isn't defined for the type '_ProductosScreenState'.
 - '_ProductosScreenState' is from 'package:vercy_motos/screens/facturacion/productos_screen.dart' ('lib/screens/facturacion/productos_screen.dart').
                                style: TextStyle(color: AppTheme.textPrimary),
                                                        ^^^^^^^^
lib/screens/facturacion/productos_screen.dart:1599:46:
Error: The getter 'AppTheme' isn't defined for the type '_ProductosScreenState'.
 - '_ProductosScreenState' is from 'package:vercy_motos/screens/facturacion/productos_screen.dart' ('lib/screens/facturacion/productos_screen.dart').
                                  fillColor: AppTheme.cardBg.withOpacity(0.3),
                                             ^^^^^^^^
lib/screens/facturacion/productos_screen.dart:1610:57:
Error: The getter 'AppTheme' isn't defined for the type '_ProductosScreenState'.
 - '_ProductosScreenState' is from 'package:vercy_motos/screens/facturacion/productos_screen.dart' ('lib/screens/facturacion/productos_screen.dart').
                                style: TextStyle(color: AppTheme.textPrimary),
                                                        ^^^^^^^^
lib/screens/facturacion/productos_screen.dart:1615:46:
Error: The getter 'AppTheme' isn't defined for the type '_ProductosScreenState'.
 - '_ProductosScreenState' is from 'package:vercy_motos/screens/facturacion/productos_screen.dart' ('lib/screens/facturacion/productos_screen.dart').
                                  fillColor: AppTheme.cardBg.withOpacity(0.3),
                                             ^^^^^^^^
lib/screens/facturacion/productos_screen.dart:1632:47:
Error: The getter 'AppTheme' isn't defined for the type '_ProductosScreenState'.
 - '_ProductosScreenState' is from 'package:vercy_motos/screens/facturacion/productos_screen.dart' ('lib/screens/facturacion/productos_screen.dart').
                      style: TextStyle(color: AppTheme.textPrimary),
                                              ^^^^^^^^
lib/screens/facturacion/productos_screen.dart:1636:34:
Error: The getter 'AppTheme' isn't defined for the type '_ProductosScreenState'.
 - '_ProductosScreenState' is from 'package:vercy_motos/screens/facturacion/productos_screen.dart' ('lib/screens/facturacion/productos_screen.dart').
                          color: AppTheme.textPrimary.withOpacity(0.7),
                                 ^^^^^^^^
lib/screens/facturacion/productos_screen.dart:1639:36:
Error: The getter 'AppTheme' isn't defined for the type '_ProductosScreenState'.
 - '_ProductosScreenState' is from 'package:vercy_motos/screens/facturacion/productos_screen.dart' ('lib/screens/facturacion/productos_screen.dart').
                        fillColor: AppTheme.cardBg.withOpacity(0.3),
                                   ^^^^^^^^
lib/screens/facturacion/productos_screen.dart:1645:57:
Error: The getter 'AppTheme' isn't defined for the type '_ProductosScreenState'.
 - '_ProductosScreenState' is from 'package:vercy_motos/screens/facturacion/productos_screen.dart' ('lib/screens/facturacion/productos_screen.dart').
                          borderSide: BorderSide(color: AppTheme.primary),
                                                        ^^^^^^^^
lib/screens/facturacion/productos_screen.dart:1654:47:
Error: The getter 'AppTheme' isn't defined for the type '_ProductosScreenState'.
 - '_ProductosScreenState' is from 'package:vercy_motos/screens/facturacion/productos_screen.dart' ('lib/screens/facturacion/productos_screen.dart').
                      style: TextStyle(color: AppTheme.textPrimary),
                                              ^^^^^^^^
lib/screens/facturacion/productos_screen.dart:1658:34:
Error: The getter 'AppTheme' isn't defined for the type '_ProductosScreenState'.
 - '_ProductosScreenState' is from 'package:vercy_motos/screens/facturacion/productos_screen.dart' ('lib/screens/facturacion/productos_screen.dart').
                          color: AppTheme.textPrimary.withOpacity(0.7),
                                 ^^^^^^^^
lib/screens/facturacion/productos_screen.dart:1661:55:
Error: The getter 'AppTheme' isn't defined for the type '_ProductosScreenState'.
 - '_ProductosScreenState' is from 'package:vercy_motos/screens/facturacion/productos_screen.dart' ('lib/screens/facturacion/productos_screen.dart').
                        prefixStyle: TextStyle(color: AppTheme.primary),
                                                      ^^^^^^^^
lib/screens/facturacion/productos_screen.dart:1663:36:
Error: The getter 'AppTheme' isn't defined for the type '_ProductosScreenState'.
 - '_ProductosScreenState' is from 'package:vercy_motos/screens/facturacion/productos_screen.dart' ('lib/screens/facturacion/productos_screen.dart').
                        fillColor: AppTheme.cardBg.withOpacity(0.3),
                                   ^^^^^^^^
lib/screens/facturacion/productos_screen.dart:1669:57:
Error: The getter 'AppTheme' isn't defined for the type '_ProductosScreenState'.
 - '_ProductosScreenState' is from 'package:vercy_motos/screens/facturacion/productos_screen.dart' ('lib/screens/facturacion/productos_screen.dart').
                          borderSide: BorderSide(color: AppTheme.primary),
                                                        ^^^^^^^^
lib/screens/facturacion/productos_screen.dart:1679:47:
Error: The getter 'AppTheme' isn't defined for the type '_ProductosScreenState'.
 - '_ProductosScreenState' is from 'package:vercy_motos/screens/facturacion/productos_screen.dart' ('lib/screens/facturacion/productos_screen.dart').
                      style: TextStyle(color: AppTheme.textPrimary),
                                              ^^^^^^^^
lib/screens/facturacion/productos_screen.dart:1683:34:
Error: The getter 'AppTheme' isn't defined for the type '_ProductosScreenState'.
 - '_ProductosScreenState' is from 'package:vercy_motos/screens/facturacion/productos_screen.dart' ('lib/screens/facturacion/productos_screen.dart').
                          color: AppTheme.textPrimary.withOpacity(0.7),
                                 ^^^^^^^^
lib/screens/facturacion/productos_screen.dart:1686:55:
Error: The getter 'AppTheme' isn't defined for the type '_ProductosScreenState'.
 - '_ProductosScreenState' is from 'package:vercy_motos/screens/facturacion/productos_screen.dart' ('lib/screens/facturacion/productos_screen.dart').
                        prefixStyle: TextStyle(color: AppTheme.primary),
                                                      ^^^^^^^^
lib/screens/facturacion/productos_screen.dart:1688:36:
Error: The getter 'AppTheme' isn't defined for the type '_ProductosScreenState'.
 - '_ProductosScreenState' is from 'package:vercy_motos/screens/facturacion/productos_screen.dart' ('lib/screens/facturacion/productos_screen.dart').
                        fillColor: AppTheme.cardBg.withOpacity(0.3),
                                   ^^^^^^^^
lib/screens/facturacion/productos_screen.dart:1694:57:
Error: The getter 'AppTheme' isn't defined for the type '_ProductosScreenState'.
 - '_ProductosScreenState' is from 'package:vercy_motos/screens/facturacion/productos_screen.dart' ('lib/screens/facturacion/productos_screen.dart').
                          borderSide: BorderSide(color: AppTheme.primary),
                                                        ^^^^^^^^
lib/screens/facturacion/productos_screen.dart:1704:47:
Error: The getter 'AppTheme' isn't defined for the type '_ProductosScreenState'.
 - '_ProductosScreenState' is from 'package:vercy_motos/screens/facturacion/productos_screen.dart' ('lib/screens/facturacion/productos_screen.dart').
                      style: TextStyle(color: AppTheme.textPrimary),
                                              ^^^^^^^^
lib/screens/facturacion/productos_screen.dart:1708:34:
Error: The getter 'AppTheme' isn't defined for the type '_ProductosScreenState'.
 - '_ProductosScreenState' is from 'package:vercy_motos/screens/facturacion/productos_screen.dart' ('lib/screens/facturacion/productos_screen.dart').
                          color: AppTheme.textPrimary.withOpacity(0.7),
                                 ^^^^^^^^
lib/screens/facturacion/productos_screen.dart:1711:55:
Error: The getter 'AppTheme' isn't defined for the type '_ProductosScreenState'.
 - '_ProductosScreenState' is from 'package:vercy_motos/screens/facturacion/productos_screen.dart' ('lib/screens/facturacion/productos_screen.dart').
                        prefixStyle: TextStyle(color: AppTheme.primary),
                                                      ^^^^^^^^
lib/screens/facturacion/productos_screen.dart:1713:36:
Error: The getter 'AppTheme' isn't defined for the type '_ProductosScreenState'.
 - '_ProductosScreenState' is from 'package:vercy_motos/screens/facturacion/productos_screen.dart' ('lib/screens/facturacion/productos_screen.dart').
                        fillColor: AppTheme.cardBg.withOpacity(0.3),
                                   ^^^^^^^^
lib/screens/facturacion/productos_screen.dart:1719:57:
Error: The getter 'AppTheme' isn't defined for the type '_ProductosScreenState'.
 - '_ProductosScreenState' is from 'package:vercy_motos/screens/facturacion/productos_screen.dart' ('lib/screens/facturacion/productos_screen.dart').
                          borderSide: BorderSide(color: AppTheme.primary),
                                                        ^^^^^^^^
lib/screens/facturacion/productos_screen.dart:1729:47:
Error: The getter 'AppTheme' isn't defined for the type '_ProductosScreenState'.
 - '_ProductosScreenState' is from 'package:vercy_motos/screens/facturacion/productos_screen.dart' ('lib/screens/facturacion/productos_screen.dart').
                      style: TextStyle(color: AppTheme.textPrimary),
                                              ^^^^^^^^
lib/screens/facturacion/productos_screen.dart:1735:34:
Error: The getter 'AppTheme' isn't defined for the type '_ProductosScreenState'.
 - '_ProductosScreenState' is from 'package:vercy_motos/screens/facturacion/productos_screen.dart' ('lib/screens/facturacion/productos_screen.dart').
                          color: AppTheme.textPrimary.withOpacity(0.7),
                                 ^^^^^^^^
lib/screens/facturacion/productos_screen.dart:1738:55:
Error: The getter 'AppTheme' isn't defined for the type '_ProductosScreenState'.
 - '_ProductosScreenState' is from 'package:vercy_motos/screens/facturacion/productos_screen.dart' ('lib/screens/facturacion/productos_screen.dart').
                        prefixStyle: TextStyle(color: AppTheme.primary),
                                                      ^^^^^^^^
lib/screens/facturacion/productos_screen.dart:1842:34:
Error: The getter 'AppTheme' isn't defined for the type '_ProductosScreenState'.
 - '_ProductosScreenState' is from 'package:vercy_motos/screens/facturacion/productos_screen.dart' ('lib/screens/facturacion/productos_screen.dart').
                          color: AppTheme.primary,
                                 ^^^^^^^^
lib/screens/facturacion/productos_screen.dart:1846:34:
Error: The getter 'AppTheme' isn't defined for the type '_ProductosScreenState'.
 - '_ProductosScreenState' is from 'package:vercy_motos/screens/facturacion/productos_screen.dart' ('lib/screens/facturacion/productos_screen.dart').
                      iconColor: AppTheme.primary,
                                 ^^^^^^^^
lib/screens/facturacion/productos_screen.dart:1847:43:
Error: The getter 'AppTheme' isn't defined for the type '_ProductosScreenState'.
 - '_ProductosScreenState' is from 'package:vercy_motos/screens/facturacion/productos_screen.dart' ('lib/screens/facturacion/productos_screen.dart').
                      collapsedIconColor: AppTheme.textPrimary,
                                          ^^^^^^^^
lib/screens/facturacion/productos_screen.dart:1856:57:
Error: The getter 'AppTheme' isn't defined for the type '_ProductosScreenState'.
 - '_ProductosScreenState' is from 'package:vercy_motos/screens/facturacion/productos_screen.dart' ('lib/screens/facturacion/productos_screen.dart').
                                style: TextStyle(color: AppTheme.textPrimary),
                                                        ^^^^^^^^
lib/screens/facturacion/productos_screen.dart:1862:46:
Error: The getter 'AppTheme' isn't defined for the type '_ProductosScreenState'.
 - '_ProductosScreenState' is from 'package:vercy_motos/screens/facturacion/productos_screen.dart' ('lib/screens/facturacion/productos_screen.dart').
                                  fillColor: AppTheme.cardBg.withOpacity(0.3),
                                             ^^^^^^^^
lib/screens/facturacion/productos_screen.dart:1873:57:
Error: The getter 'AppTheme' isn't defined for the type '_ProductosScreenState'.
 - '_ProductosScreenState' is from 'package:vercy_motos/screens/facturacion/productos_screen.dart' ('lib/screens/facturacion/productos_screen.dart').
                                style: TextStyle(color: AppTheme.textPrimary),
                                                        ^^^^^^^^
lib/screens/facturacion/productos_screen.dart:1881:46:
Error: The getter 'AppTheme' isn't defined for the type '_ProductosScreenState'.
 - '_ProductosScreenState' is from 'package:vercy_motos/screens/facturacion/productos_screen.dart' ('lib/screens/facturacion/productos_screen.dart').
                                  fillColor: AppTheme.cardBg.withOpacity(0.3),
                                             ^^^^^^^^
lib/screens/facturacion/productos_screen.dart:1892:57:
Error: The getter 'AppTheme' isn't defined for the type '_ProductosScreenState'.
 - '_ProductosScreenState' is from 'package:vercy_motos/screens/facturacion/productos_screen.dart' ('lib/screens/facturacion/productos_screen.dart').
                                style: TextStyle(color: AppTheme.textPrimary),
                                                        ^^^^^^^^
lib/screens/facturacion/productos_screen.dart:1899:46:
Error: The getter 'AppTheme' isn't defined for the type '_ProductosScreenState'.
 - '_ProductosScreenState' is from 'package:vercy_motos/screens/facturacion/productos_screen.dart' ('lib/screens/facturacion/productos_screen.dart').
                                  fillColor: AppTheme.cardBg.withOpacity(0.3),
                                             ^^^^^^^^
lib/screens/facturacion/productos_screen.dart:1910:57:
Error: The getter 'AppTheme' isn't defined for the type '_ProductosScreenState'.
 - '_ProductosScreenState' is from 'package:vercy_motos/screens/facturacion/productos_screen.dart' ('lib/screens/facturacion/productos_screen.dart').
                                style: TextStyle(color: AppTheme.textPrimary),
                                                        ^^^^^^^^
lib/screens/facturacion/productos_screen.dart:1917:46:
Error: The getter 'AppTheme' isn't defined for the type '_ProductosScreenState'.
 - '_ProductosScreenState' is from 'package:vercy_motos/screens/facturacion/productos_screen.dart' ('lib/screens/facturacion/productos_screen.dart').
                                  fillColor: AppTheme.cardBg.withOpacity(0.3),
                                             ^^^^^^^^
lib/screens/facturacion/productos_screen.dart:1928:57:
Error: The getter 'AppTheme' isn't defined for the type '_ProductosScreenState'.
 - '_ProductosScreenState' is from 'package:vercy_motos/screens/facturacion/productos_screen.dart' ('lib/screens/facturacion/productos_screen.dart').
                                style: TextStyle(color: AppTheme.textPrimary),
                                                        ^^^^^^^^
lib/screens/facturacion/productos_screen.dart:1935:46:
Error: The getter 'AppTheme' isn't defined for the type '_ProductosScreenState'.
 - '_ProductosScreenState' is from 'package:vercy_motos/screens/facturacion/productos_screen.dart' ('lib/screens/facturacion/productos_screen.dart').
                                  fillColor: AppTheme.cardBg.withOpacity(0.3),
                                             ^^^^^^^^
lib/screens/facturacion/productos_screen.dart:1956:34:
Error: The getter 'AppTheme' isn't defined for the type '_ProductosScreenState'.
 - '_ProductosScreenState' is from 'package:vercy_motos/screens/facturacion/productos_screen.dart' ('lib/screens/facturacion/productos_screen.dart').
                          color: AppTheme.primary,
                                 ^^^^^^^^
lib/screens/facturacion/productos_screen.dart:1960:34:
Error: The getter 'AppTheme' isn't defined for the type '_ProductosScreenState'.
 - '_ProductosScreenState' is from 'package:vercy_motos/screens/facturacion/productos_screen.dart' ('lib/screens/facturacion/productos_screen.dart').
                      iconColor: AppTheme.primary,
                                 ^^^^^^^^
lib/screens/facturacion/productos_screen.dart:1961:43:
Error: The getter 'AppTheme' isn't defined for the type '_ProductosScreenState'.
 - '_ProductosScreenState' is from 'package:vercy_motos/screens/facturacion/productos_screen.dart' ('lib/screens/facturacion/productos_screen.dart').
                      collapsedIconColor: AppTheme.textPrimary,
                                          ^^^^^^^^
lib/screens/facturacion/productos_screen.dart:1970:57:
Error: The getter 'AppTheme' isn't defined for the type '_ProductosScreenState'.
 - '_ProductosScreenState' is from 'package:vercy_motos/screens/facturacion/productos_screen.dart' ('lib/screens/facturacion/productos_screen.dart').
                                style: TextStyle(color: AppTheme.textPrimary),
                                                        ^^^^^^^^
lib/screens/facturacion/productos_screen.dart:1975:46:
Error: The getter 'AppTheme' isn't defined for the type '_ProductosScreenState'.
 - '_ProductosScreenState' is from 'package:vercy_motos/screens/facturacion/productos_screen.dart' ('lib/screens/facturacion/productos_screen.dart').
                                  fillColor: AppTheme.cardBg.withOpacity(0.3),
                                             ^^^^^^^^
lib/screens/facturacion/productos_screen.dart:1986:57:
Error: The getter 'AppTheme' isn't defined for the type '_ProductosScreenState'.
 - '_ProductosScreenState' is from 'package:vercy_motos/screens/facturacion/productos_screen.dart' ('lib/screens/facturacion/productos_screen.dart').
                                style: TextStyle(color: AppTheme.textPrimary),
                                                        ^^^^^^^^
lib/screens/facturacion/productos_screen.dart:1991:46:
Error: The getter 'AppTheme' isn't defined for the type '_ProductosScreenState'.
 - '_ProductosScreenState' is from 'package:vercy_motos/screens/facturacion/productos_screen.dart' ('lib/screens/facturacion/productos_screen.dart').
                                  fillColor: AppTheme.cardBg.withOpacity(0.3),
                                             ^^^^^^^^
lib/screens/facturacion/productos_screen.dart:2012:34:
Error: The getter 'AppTheme' isn't defined for the type '_ProductosScreenState'.
 - '_ProductosScreenState' is from 'package:vercy_motos/screens/facturacion/productos_screen.dart' ('lib/screens/facturacion/productos_screen.dart').
                          color: AppTheme.primary,
                                 ^^^^^^^^
lib/screens/facturacion/productos_screen.dart:2016:34:
Error: The getter 'AppTheme' isn't defined for the type '_ProductosScreenState'.
 - '_ProductosScreenState' is from 'package:vercy_motos/screens/facturacion/productos_screen.dart' ('lib/screens/facturacion/productos_screen.dart').
                      iconColor: AppTheme.primary,
                                 ^^^^^^^^
lib/screens/facturacion/productos_screen.dart:2017:43:
Error: The getter 'AppTheme' isn't defined for the type '_ProductosScreenState'.
 - '_ProductosScreenState' is from 'package:vercy_motos/screens/facturacion/productos_screen.dart' ('lib/screens/facturacion/productos_screen.dart').
                      collapsedIconColor: AppTheme.textPrimary,
                                          ^^^^^^^^
lib/screens/facturacion/productos_screen.dart:2026:57:
Error: The getter 'AppTheme' isn't defined for the type '_ProductosScreenState'.
 - '_ProductosScreenState' is from 'package:vercy_motos/screens/facturacion/productos_screen.dart' ('lib/screens/facturacion/productos_screen.dart').
                                style: TextStyle(color: AppTheme.textPrimary),
                                                        ^^^^^^^^
lib/screens/facturacion/productos_screen.dart:2034:46:
Error: The getter 'AppTheme' isn't defined for the type '_ProductosScreenState'.
 - '_ProductosScreenState' is from 'package:vercy_motos/screens/facturacion/productos_screen.dart' ('lib/screens/facturacion/productos_screen.dart').
                                  fillColor: AppTheme.cardBg.withOpacity(0.3),
                                             ^^^^^^^^
lib/screens/facturacion/productos_screen.dart:2045:57:
Error: The getter 'AppTheme' isn't defined for the type '_ProductosScreenState'.
 - '_ProductosScreenState' is from 'package:vercy_motos/screens/facturacion/productos_screen.dart' ('lib/screens/facturacion/productos_screen.dart').
                                style: TextStyle(color: AppTheme.textPrimary),
                                                        ^^^^^^^^
lib/screens/facturacion/productos_screen.dart:2053:46:
Error: The getter 'AppTheme' isn't defined for the type '_ProductosScreenState'.
 - '_ProductosScreenState' is from 'package:vercy_motos/screens/facturacion/productos_screen.dart' ('lib/screens/facturacion/productos_screen.dart').
                                  fillColor: AppTheme.cardBg.withOpacity(0.3),
                                             ^^^^^^^^
lib/screens/facturacion/productos_screen.dart:2064:57:
Error: The getter 'AppTheme' isn't defined for the type '_ProductosScreenState'.
 - '_ProductosScreenState' is from 'package:vercy_motos/screens/facturacion/productos_screen.dart' ('lib/screens/facturacion/productos_screen.dart').
                                style: TextStyle(color: AppTheme.textPrimary),
                                                        ^^^^^^^^
lib/screens/facturacion/productos_screen.dart:2068:46:
Error: The getter 'AppTheme' isn't defined for the type '_ProductosScreenState'.
 - '_ProductosScreenState' is from 'package:vercy_motos/screens/facturacion/productos_screen.dart' ('lib/screens/facturacion/productos_screen.dart').
                                  fillColor: AppTheme.cardBg.withOpacity(0.3),
                                             ^^^^^^^^
lib/screens/facturacion/productos_screen.dart:2079:57:
Error: The getter 'AppTheme' isn't defined for the type '_ProductosScreenState'.
 - '_ProductosScreenState' is from 'package:vercy_motos/screens/facturacion/productos_screen.dart' ('lib/screens/facturacion/productos_screen.dart').
                                style: TextStyle(color: AppTheme.textPrimary),
                                                        ^^^^^^^^
lib/screens/facturacion/productos_screen.dart:2083:46:
Error: The getter 'AppTheme' isn't defined for the type '_ProductosScreenState'.
 - '_ProductosScreenState' is from 'package:vercy_motos/screens/facturacion/productos_screen.dart' ('lib/screens/facturacion/productos_screen.dart').
                                  fillColor: AppTheme.cardBg.withOpacity(0.3),
                                             ^^^^^^^^
lib/screens/facturacion/productos_screen.dart:2094:57:
Error: The getter 'AppTheme' isn't defined for the type '_ProductosScreenState'.
 - '_ProductosScreenState' is from 'package:vercy_motos/screens/facturacion/productos_screen.dart' ('lib/screens/facturacion/productos_screen.dart').
                                style: TextStyle(color: AppTheme.textPrimary),
                                                        ^^^^^^^^
lib/screens/facturacion/productos_screen.dart:2098:46:
Error: The getter 'AppTheme' isn't defined for the type '_ProductosScreenState'.
 - '_ProductosScreenState' is from 'package:vercy_motos/screens/facturacion/productos_screen.dart' ('lib/screens/facturacion/productos_screen.dart').
                                  fillColor: AppTheme.cardBg.withOpacity(0.3),
                                             ^^^^^^^^
lib/screens/facturacion/productos_screen.dart:2109:57:
Error: The getter 'AppTheme' isn't defined for the type '_ProductosScreenState'.
 - '_ProductosScreenState' is from 'package:vercy_motos/screens/facturacion/productos_screen.dart' ('lib/screens/facturacion/productos_screen.dart').
                                style: TextStyle(color: AppTheme.textPrimary),
                                                        ^^^^^^^^
lib/screens/facturacion/productos_screen.dart:2113:46:
Error: The getter 'AppTheme' isn't defined for the type '_ProductosScreenState'.
 - '_ProductosScreenState' is from 'package:vercy_motos/screens/facturacion/productos_screen.dart' ('lib/screens/facturacion/productos_screen.dart').
                                  fillColor: AppTheme.cardBg.withOpacity(0.3),
                                             ^^^^^^^^
lib/screens/facturacion/productos_screen.dart:2124:57:
Error: The getter 'AppTheme' isn't defined for the type '_ProductosScreenState'.
 - '_ProductosScreenState' is from 'package:vercy_motos/screens/facturacion/productos_screen.dart' ('lib/screens/facturacion/productos_screen.dart').
                                style: TextStyle(color: AppTheme.textPrimary),
                                                        ^^^^^^^^
lib/screens/facturacion/productos_screen.dart:2128:46:
Error: The getter 'AppTheme' isn't defined for the type '_ProductosScreenState'.
 - '_ProductosScreenState' is from 'package:vercy_motos/screens/facturacion/productos_screen.dart' ('lib/screens/facturacion/productos_screen.dart').
                                  fillColor: AppTheme.cardBg.withOpacity(0.3),
                                             ^^^^^^^^
lib/screens/facturacion/productos_screen.dart:2138:57:
Error: The getter 'AppTheme' isn't defined for the type '_ProductosScreenState'.
 - '_ProductosScreenState' is from 'package:vercy_motos/screens/facturacion/productos_screen.dart' ('lib/screens/facturacion/productos_screen.dart').
                                style: TextStyle(color: AppTheme.textPrimary),
                                                        ^^^^^^^^
lib/screens/facturacion/productos_screen.dart:2142:46:
Error: The getter 'AppTheme' isn't defined for the type '_ProductosScreenState'.
 - '_ProductosScreenState' is from 'package:vercy_motos/screens/facturacion/productos_screen.dart' ('lib/screens/facturacion/productos_screen.dart').
                                  fillColor: AppTheme.cardBg.withOpacity(0.3),
                                             ^^^^^^^^
lib/screens/facturacion/productos_screen.dart:2152:57:
Error: The getter 'AppTheme' isn't defined for the type '_ProductosScreenState'.
 - '_ProductosScreenState' is from 'package:vercy_motos/screens/facturacion/productos_screen.dart' ('lib/screens/facturacion/productos_screen.dart').
                                style: TextStyle(color: AppTheme.textPrimary),
                                                        ^^^^^^^^
lib/screens/facturacion/productos_screen.dart:2156:46:
Error: The getter 'AppTheme' isn't defined for the type '_ProductosScreenState'.
 - '_ProductosScreenState' is from 'package:vercy_motos/screens/facturacion/productos_screen.dart' ('lib/screens/facturacion/productos_screen.dart').
                                  fillColor: AppTheme.cardBg.withOpacity(0.3),
                                             ^^^^^^^^
lib/screens/facturacion/productos_screen.dart:2166:57:
Error: The getter 'AppTheme' isn't defined for the type '_ProductosScreenState'.
 - '_ProductosScreenState' is from 'package:vercy_motos/screens/facturacion/productos_screen.dart' ('lib/screens/facturacion/productos_screen.dart').
                                style: TextStyle(color: AppTheme.textPrimary),
                                                        ^^^^^^^^
lib/screens/facturacion/productos_screen.dart:2170:46:
Error: The getter 'AppTheme' isn't defined for the type '_ProductosScreenState'.
 - '_ProductosScreenState' is from 'package:vercy_motos/screens/facturacion/productos_screen.dart' ('lib/screens/facturacion/productos_screen.dart').
                                  fillColor: AppTheme.cardBg.withOpacity(0.3),
                                             ^^^^^^^^
lib/screens/facturacion/productos_screen.dart:2191:34:
Error: The getter 'AppTheme' isn't defined for the type '_ProductosScreenState'.
 - '_ProductosScreenState' is from 'package:vercy_motos/screens/facturacion/productos_screen.dart' ('lib/screens/facturacion/productos_screen.dart').
                          color: AppTheme.primary,
                                 ^^^^^^^^
lib/screens/facturacion/productos_screen.dart:2195:34:
Error: The getter 'AppTheme' isn't defined for the type '_ProductosScreenState'.
 - '_ProductosScreenState' is from 'package:vercy_motos/screens/facturacion/productos_screen.dart' ('lib/screens/facturacion/productos_screen.dart').
                      iconColor: AppTheme.primary,
                                 ^^^^^^^^
lib/screens/facturacion/productos_screen.dart:2196:43:
Error: The getter 'AppTheme' isn't defined for the type '_ProductosScreenState'.
 - '_ProductosScreenState' is from 'package:vercy_motos/screens/facturacion/productos_screen.dart' ('lib/screens/facturacion/productos_screen.dart').
                      collapsedIconColor: AppTheme.textPrimary,
                                          ^^^^^^^^
lib/screens/facturacion/productos_screen.dart:2205:57:
Error: The getter 'AppTheme' isn't defined for the type '_ProductosScreenState'.
 - '_ProductosScreenState' is from 'package:vercy_motos/screens/facturacion/productos_screen.dart' ('lib/screens/facturacion/productos_screen.dart').
                                style: TextStyle(color: AppTheme.textPrimary),
                                                        ^^^^^^^^
lib/screens/facturacion/productos_screen.dart:2211:46:
Error: The getter 'AppTheme' isn't defined for the type '_ProductosScreenState'.
 - '_ProductosScreenState' is from 'package:vercy_motos/screens/facturacion/productos_screen.dart' ('lib/screens/facturacion/productos_screen.dart').
                                  fillColor: AppTheme.cardBg.withOpacity(0.3),
                                             ^^^^^^^^
lib/screens/facturacion/productos_screen.dart:2221:57:
Error: The getter 'AppTheme' isn't defined for the type '_ProductosScreenState'.
 - '_ProductosScreenState' is from 'package:vercy_motos/screens/facturacion/productos_screen.dart' ('lib/screens/facturacion/productos_screen.dart').
                                style: TextStyle(color: AppTheme.textPrimary),
                                                        ^^^^^^^^
lib/screens/facturacion/productos_screen.dart:2227:46:
Error: The getter 'AppTheme' isn't defined for the type '_ProductosScreenState'.
 - '_ProductosScreenState' is from 'package:vercy_motos/screens/facturacion/productos_screen.dart' ('lib/screens/facturacion/productos_screen.dart').
                                  fillColor: AppTheme.cardBg.withOpacity(0.3),
                                             ^^^^^^^^
lib/screens/facturacion/productos_screen.dart:2237:57:
Error: The getter 'AppTheme' isn't defined for the type '_ProductosScreenState'.
 - '_ProductosScreenState' is from 'package:vercy_motos/screens/facturacion/productos_screen.dart' ('lib/screens/facturacion/productos_screen.dart').
                                style: TextStyle(color: AppTheme.textPrimary),
                                                        ^^^^^^^^
lib/screens/facturacion/productos_screen.dart:2243:46:
Error: The getter 'AppTheme' isn't defined for the type '_ProductosScreenState'.
 - '_ProductosScreenState' is from 'package:vercy_motos/screens/facturacion/productos_screen.dart' ('lib/screens/facturacion/productos_screen.dart').
                                  fillColor: AppTheme.cardBg.withOpacity(0.3),
                                             ^^^^^^^^
lib/screens/facturacion/productos_screen.dart:2253:57:
Error: The getter 'AppTheme' isn't defined for the type '_ProductosScreenState'.
 - '_ProductosScreenState' is from 'package:vercy_motos/screens/facturacion/productos_screen.dart' ('lib/screens/facturacion/productos_screen.dart').
                                style: TextStyle(color: AppTheme.textPrimary),
                                                        ^^^^^^^^
lib/screens/facturacion/productos_screen.dart:2259:46:
Error: The getter 'AppTheme' isn't defined for the type '_ProductosScreenState'.
 - '_ProductosScreenState' is from 'package:vercy_motos/screens/facturacion/productos_screen.dart' ('lib/screens/facturacion/productos_screen.dart').
                                  fillColor: AppTheme.cardBg.withOpacity(0.3),
                                             ^^^^^^^^
lib/screens/facturacion/productos_screen.dart:2269:57:
Error: The getter 'AppTheme' isn't defined for the type '_ProductosScreenState'.
 - '_ProductosScreenState' is from 'package:vercy_motos/screens/facturacion/productos_screen.dart' ('lib/screens/facturacion/productos_screen.dart').
                                style: TextStyle(color: AppTheme.textPrimary),
                                                        ^^^^^^^^
lib/screens/facturacion/productos_screen.dart:2275:46:
Error: The getter 'AppTheme' isn't defined for the type '_ProductosScreenState'.
 - '_ProductosScreenState' is from 'package:vercy_motos/screens/facturacion/productos_screen.dart' ('lib/screens/facturacion/productos_screen.dart').
                                  fillColor: AppTheme.cardBg.withOpacity(0.3),
                                             ^^^^^^^^
lib/screens/facturacion/productos_screen.dart:2291:47:
Error: The getter 'AppTheme' isn't defined for the type '_ProductosScreenState'.
 - '_ProductosScreenState' is from 'package:vercy_motos/screens/facturacion/productos_screen.dart' ('lib/screens/facturacion/productos_screen.dart').
                      style: TextStyle(color: AppTheme.textPrimary),
                                              ^^^^^^^^
lib/screens/facturacion/productos_screen.dart:2292:38:
Error: The getter 'AppTheme' isn't defined for the type '_ProductosScreenState'.
 - '_ProductosScreenState' is from 'package:vercy_motos/screens/facturacion/productos_screen.dart' ('lib/screens/facturacion/productos_screen.dart').
                      dropdownColor: AppTheme.cardBg,
                                     ^^^^^^^^
lib/screens/facturacion/productos_screen.dart:2296:34:
Error: The getter 'AppTheme' isn't defined for the type '_ProductosScreenState'.
 - '_ProductosScreenState' is from 'package:vercy_motos/screens/facturacion/productos_screen.dart' ('lib/screens/facturacion/productos_screen.dart').
                          color: AppTheme.textPrimary.withOpacity(0.7),
                                 ^^^^^^^^
lib/screens/facturacion/productos_screen.dart:2299:36:
Error: The getter 'AppTheme' isn't defined for the type '_ProductosScreenState'.
 - '_ProductosScreenState' is from 'package:vercy_motos/screens/facturacion/productos_screen.dart' ('lib/screens/facturacion/productos_screen.dart').
                        fillColor: AppTheme.cardBg.withOpacity(0.3),
                                   ^^^^^^^^
lib/screens/facturacion/productos_screen.dart:2305:57:
Error: The getter 'AppTheme' isn't defined for the type '_ProductosScreenState'.
 - '_ProductosScreenState' is from 'package:vercy_motos/screens/facturacion/productos_screen.dart' ('lib/screens/facturacion/productos_screen.dart').
                          borderSide: BorderSide(color: AppTheme.primary),
                                                        ^^^^^^^^
lib/screens/facturacion/productos_screen.dart:2311:46:
Error: The getter 'id' isn't defined for the type 'Object?'.
 - 'Object' is from 'dart:core'.
                            value: categoria.id,
                                             ^^
lib/screens/facturacion/productos_screen.dart:2313:41:
Error: The getter 'nombre' isn't defined for the type 'Object?'.
 - 'Object' is from 'dart:core'.
                              categoria.nombre,
                                        ^^^^^^
lib/screens/facturacion/productos_screen.dart:2314:55:
Error: The getter 'AppTheme' isn't defined for the type '_ProductosScreenState'.
 - '_ProductosScreenState' is from 'package:vercy_motos/screens/facturacion/productos_screen.dart' ('lib/screens/facturacion/productos_screen.dart').
                              style: TextStyle(color: AppTheme.textPrimary),
                                                      ^^^^^^^^
lib/screens/facturacion/productos_screen.dart:2330:47:
Error: The getter 'AppTheme' isn't defined for the type '_ProductosScreenState'.
 - '_ProductosScreenState' is from 'package:vercy_motos/screens/facturacion/productos_screen.dart' ('lib/screens/facturacion/productos_screen.dart').
                      style: TextStyle(color: AppTheme.textPrimary),
                                              ^^^^^^^^
lib/screens/facturacion/productos_screen.dart:2331:38:
Error: The getter 'AppTheme' isn't defined for the type '_ProductosScreenState'.
 - '_ProductosScreenState' is from 'package:vercy_motos/screens/facturacion/productos_screen.dart' ('lib/screens/facturacion/productos_screen.dart').
                      dropdownColor: AppTheme.cardBg,
                                     ^^^^^^^^
lib/screens/facturacion/productos_screen.dart:2335:34:
Error: The getter 'AppTheme' isn't defined for the type '_ProductosScreenState'.
 - '_ProductosScreenState' is from 'package:vercy_motos/screens/facturacion/productos_screen.dart' ('lib/screens/facturacion/productos_screen.dart').
                          color: AppTheme.textPrimary.withOpacity(0.7),
                                 ^^^^^^^^
lib/screens/facturacion/productos_screen.dart:2339:34:
Error: The getter 'AppTheme' isn't defined for the type '_ProductosScreenState'.
 - '_ProductosScreenState' is from 'package:vercy_motos/screens/facturacion/productos_screen.dart' ('lib/screens/facturacion/productos_screen.dart').
                          color: AppTheme.primary,
                                 ^^^^^^^^
lib/screens/facturacion/productos_screen.dart:2342:36:
Error: The getter 'AppTheme' isn't defined for the type '_ProductosScreenState'.
 - '_ProductosScreenState' is from 'package:vercy_motos/screens/facturacion/productos_screen.dart' ('lib/screens/facturacion/productos_screen.dart').
                        fillColor: AppTheme.cardBg.withOpacity(0.3),
                                   ^^^^^^^^
lib/screens/facturacion/productos_screen.dart:2348:57:
Error: The getter 'AppTheme' isn't defined for the type '_ProductosScreenState'.
 - '_ProductosScreenState' is from 'package:vercy_motos/screens/facturacion/productos_screen.dart' ('lib/screens/facturacion/productos_screen.dart').
                          borderSide: BorderSide(color: AppTheme.primary),
                                                        ^^^^^^^^
lib/screens/facturacion/productos_screen.dart:2364:57:
Error: The getter 'AppTheme' isn't defined for the type '_ProductosScreenState'.
 - '_ProductosScreenState' is from 'package:vercy_motos/screens/facturacion/productos_screen.dart' ('lib/screens/facturacion/productos_screen.dart').
                                style: TextStyle(color: AppTheme.textPrimary),
                                                        ^^^^^^^^
lib/screens/facturacion/productos_screen.dart:2377:57:
Error: The getter 'AppTheme' isn't defined for the type '_ProductosScreenState'.
 - '_ProductosScreenState' is from 'package:vercy_motos/screens/facturacion/productos_screen.dart' ('lib/screens/facturacion/productos_screen.dart').
                                style: TextStyle(color: AppTheme.textPrimary),
                                                        ^^^^^^^^
lib/screens/facturacion/productos_screen.dart:2396:51:
Error: The getter 'AppTheme' isn't defined for the type '_ProductosScreenState'.
 - '_ProductosScreenState' is from 'package:vercy_motos/screens/facturacion/productos_screen.dart' ('lib/screens/facturacion/productos_screen.dart').
                          style: TextStyle(color: AppTheme.textPrimary),
                                                  ^^^^^^^^
lib/screens/facturacion/productos_screen.dart:2405:45:
Error: The getter 'AppTheme' isn't defined for the type '_ProductosScreenState'.
 - '_ProductosScreenState' is from 'package:vercy_motos/screens/facturacion/productos_screen.dart' ('lib/screens/facturacion/productos_screen.dart').
                          activeThumbColor: AppTheme.primary,
                                            ^^^^^^^^
lib/screens/facturacion/productos_screen.dart:2414:47:
Error: The getter 'AppTheme' isn't defined for the type '_ProductosScreenState'.
 - '_ProductosScreenState' is from 'package:vercy_motos/screens/facturacion/productos_screen.dart' ('lib/screens/facturacion/productos_screen.dart').
                      style: TextStyle(color: AppTheme.textPrimary),
                                              ^^^^^^^^
lib/screens/facturacion/productos_screen.dart:2415:38:
Error: The getter 'AppTheme' isn't defined for the type '_ProductosScreenState'.
 - '_ProductosScreenState' is from 'package:vercy_motos/screens/facturacion/productos_screen.dart' ('lib/screens/facturacion/productos_screen.dart').
                      dropdownColor: AppTheme.cardBg,
                                     ^^^^^^^^
lib/screens/facturacion/productos_screen.dart:2419:34:
Error: The getter 'AppTheme' isn't defined for the type '_ProductosScreenState'.
 - '_ProductosScreenState' is from 'package:vercy_motos/screens/facturacion/productos_screen.dart' ('lib/screens/facturacion/productos_screen.dart').
                          color: AppTheme.textPrimary.withOpacity(0.7),
                                 ^^^^^^^^
lib/screens/facturacion/productos_screen.dart:2422:36:
Error: The getter 'AppTheme' isn't defined for the type '_ProductosScreenState'.
 - '_ProductosScreenState' is from 'package:vercy_motos/screens/facturacion/productos_screen.dart' ('lib/screens/facturacion/productos_screen.dart').
                        fillColor: AppTheme.cardBg.withOpacity(0.3),
                                   ^^^^^^^^
lib/screens/facturacion/productos_screen.dart:2428:57:
Error: The getter 'AppTheme' isn't defined for the type '_ProductosScreenState'.
 - '_ProductosScreenState' is from 'package:vercy_motos/screens/facturacion/productos_screen.dart' ('lib/screens/facturacion/productos_screen.dart').
                          borderSide: BorderSide(color: AppTheme.primary),
                                                        ^^^^^^^^
lib/screens/facturacion/productos_screen.dart:2436:53:
Error: The getter 'AppTheme' isn't defined for the type '_ProductosScreenState'.
 - '_ProductosScreenState' is from 'package:vercy_motos/screens/facturacion/productos_screen.dart' ('lib/screens/facturacion/productos_screen.dart').
                            style: TextStyle(color: AppTheme.textPrimary),
                                                    ^^^^^^^^
lib/screens/facturacion/productos_screen.dart:2457:32:
Error: The getter 'AppTheme' isn't defined for the type '_ProductosScreenState'.
 - '_ProductosScreenState' is from 'package:vercy_motos/screens/facturacion/productos_screen.dart' ('lib/screens/facturacion/productos_screen.dart').
                        color: AppTheme.primary.withOpacity(0.1),
                               ^^^^^^^^
lib/screens/facturacion/productos_screen.dart:2460:34:
Error: The getter 'AppTheme' isn't defined for the type '_ProductosScreenState'.
 - '_ProductosScreenState' is from 'package:vercy_motos/screens/facturacion/productos_screen.dart' ('lib/screens/facturacion/productos_screen.dart').
                          color: AppTheme.primary.withOpacity(0.3),
                                 ^^^^^^^^
lib/screens/facturacion/productos_screen.dart:2469:36:
Error: The getter 'AppTheme' isn't defined for the type '_ProductosScreenState'.
 - '_ProductosScreenState' is from 'package:vercy_motos/screens/facturacion/productos_screen.dart' ('lib/screens/facturacion/productos_screen.dart').
                            color: AppTheme.primary,
                                   ^^^^^^^^
lib/screens/facturacion/productos_screen.dart:2479:40:
Error: The getter 'AppTheme' isn't defined for the type '_ProductosScreenState'.
 - '_ProductosScreenState' is from 'package:vercy_motos/screens/facturacion/productos_screen.dart' ('lib/screens/facturacion/productos_screen.dart').
                                color: AppTheme.textPrimary.withOpacity(0.8),
                                       ^^^^^^^^
lib/screens/facturacion/productos_screen.dart:2515:42:
Error: The getter 'AppTheme' isn't defined for the type '_ProductosScreenState'.
 - '_ProductosScreenState' is from 'package:vercy_motos/screens/facturacion/productos_screen.dart' ('lib/screens/facturacion/productos_screen.dart').
                        backgroundColor: AppTheme.primary,
                                         ^^^^^^^^
lib/screens/facturacion/productos_screen.dart:2527:34:
Error: The getter 'AppTheme' isn't defined for the type '_ProductosScreenState'.
 - '_ProductosScreenState' is from 'package:vercy_motos/screens/facturacion/productos_screen.dart' ('lib/screens/facturacion/productos_screen.dart').
                          color: AppTheme.cardBg.withOpacity(0.5),
                                 ^^^^^^^^
lib/screens/facturacion/productos_screen.dart:2530:36:
Error: The getter 'AppTheme' isn't defined for the type '_ProductosScreenState'.
 - '_ProductosScreenState' is from 'package:vercy_motos/screens/facturacion/productos_screen.dart' ('lib/screens/facturacion/productos_screen.dart').
                            color: AppTheme.primary.withOpacity(0.3),
                                   ^^^^^^^^
lib/screens/facturacion/productos_screen.dart:2548:46:
Error: The getter 'ingredienteNombre' isn't defined for the type 'Object?'.
 - 'Object' is from 'dart:core'.
                                    '• ${ing.ingredienteNombre}',
                                             ^^^^^^^^^^^^^^^^^
lib/screens/facturacion/productos_screen.dart:2550:46:
Error: The getter 'AppTheme' isn't defined for the type '_ProductosScreenState'.
 - '_ProductosScreenState' is from 'package:vercy_motos/screens/facturacion/productos_screen.dart' ('lib/screens/facturacion/productos_screen.dart').
                                      color: AppTheme.textPrimary.withOpacity(
                                             ^^^^^^^^
lib/screens/facturacion/productos_screen.dart:2572:46:
Error: The getter 'ingredienteNombre' isn't defined for the type 'Object?'.
 - 'Object' is from 'dart:core'.
                                    '• ${ing.ingredienteNombre}',
                                             ^^^^^^^^^^^^^^^^^
lib/screens/facturacion/productos_screen.dart:2574:46:
Error: The getter 'AppTheme' isn't defined for the type '_ProductosScreenState'.
 - '_ProductosScreenState' is from 'package:vercy_motos/screens/facturacion/productos_screen.dart' ('lib/screens/facturacion/productos_screen.dart').
                                      color: AppTheme.textPrimary.withOpacity(
                                             ^^^^^^^^
lib/screens/facturacion/productos_screen.dart:2592:49:
Error: The getter 'AppTheme' isn't defined for the type '_ProductosScreenState'.
 - '_ProductosScreenState' is from 'package:vercy_motos/screens/facturacion/productos_screen.dart' ('lib/screens/facturacion/productos_screen.dart').
                        style: TextStyle(color: AppTheme.textPrimary),
                                                ^^^^^^^^
lib/screens/facturacion/productos_screen.dart:2593:40:
Error: The getter 'AppTheme' isn't defined for the type '_ProductosScreenState'.
 - '_ProductosScreenState' is from 'package:vercy_motos/screens/facturacion/productos_screen.dart' ('lib/screens/facturacion/productos_screen.dart').
                        dropdownColor: AppTheme.cardBg,
                                       ^^^^^^^^
lib/screens/facturacion/productos_screen.dart:2597:36:
Error: The getter 'AppTheme' isn't defined for the type '_ProductosScreenState'.
 - '_ProductosScreenState' is from 'package:vercy_motos/screens/facturacion/productos_screen.dart' ('lib/screens/facturacion/productos_screen.dart').
                            color: AppTheme.textPrimary.withOpacity(0.7),
                                   ^^^^^^^^
lib/screens/facturacion/productos_screen.dart:2600:38:
Error: The getter 'AppTheme' isn't defined for the type '_ProductosScreenState'.
 - '_ProductosScreenState' is from 'package:vercy_motos/screens/facturacion/productos_screen.dart' ('lib/screens/facturacion/productos_screen.dart').
                          fillColor: AppTheme.cardBg.withOpacity(0.3),
                                     ^^^^^^^^
lib/screens/facturacion/productos_screen.dart:2606:59:
Error: The getter 'AppTheme' isn't defined for the type '_ProductosScreenState'.
 - '_ProductosScreenState' is from 'package:vercy_motos/screens/facturacion/productos_screen.dart' ('lib/screens/facturacion/productos_screen.dart').
                            borderSide: BorderSide(color: AppTheme.primary),
                                                          ^^^^^^^^
lib/screens/facturacion/productos_screen.dart:2616:55:
Error: The getter 'AppTheme' isn't defined for the type '_ProductosScreenState'.
 - '_ProductosScreenState' is from 'package:vercy_motos/screens/facturacion/productos_screen.dart' ('lib/screens/facturacion/productos_screen.dart').
                              style: TextStyle(color: AppTheme.textPrimary),
                                                      ^^^^^^^^
lib/screens/facturacion/productos_screen.dart:2631:49:
Error: The getter 'AppTheme' isn't defined for the type '_ProductosScreenState'.
 - '_ProductosScreenState' is from 'package:vercy_motos/screens/facturacion/productos_screen.dart' ('lib/screens/facturacion/productos_screen.dart').
                        style: TextStyle(color: AppTheme.textPrimary),
                                                ^^^^^^^^
lib/screens/facturacion/productos_screen.dart:2635:36:
Error: The getter 'AppTheme' isn't defined for the type '_ProductosScreenState'.
 - '_ProductosScreenState' is from 'package:vercy_motos/screens/facturacion/productos_screen.dart' ('lib/screens/facturacion/productos_screen.dart').
                            color: AppTheme.textPrimary.withOpacity(0.7),
                                   ^^^^^^^^
lib/screens/facturacion/productos_screen.dart:2638:38:
Error: The getter 'AppTheme' isn't defined for the type '_ProductosScreenState'.
 - '_ProductosScreenState' is from 'package:vercy_motos/screens/facturacion/productos_screen.dart' ('lib/screens/facturacion/productos_screen.dart').
                          fillColor: AppTheme.cardBg.withOpacity(0.3),
                                     ^^^^^^^^
lib/screens/facturacion/productos_screen.dart:2644:59:
Error: The getter 'AppTheme' isn't defined for the type '_ProductosScreenState'.
 - '_ProductosScreenState' is from 'package:vercy_motos/screens/facturacion/productos_screen.dart' ('lib/screens/facturacion/productos_screen.dart').
                            borderSide: BorderSide(color: AppTheme.primary),
                                                          ^^^^^^^^
lib/screens/facturacion/productos_screen.dart:2653:34:
Error: The getter 'AppTheme' isn't defined for the type '_ProductosScreenState'.
 - '_ProductosScreenState' is from 'package:vercy_motos/screens/facturacion/productos_screen.dart' ('lib/screens/facturacion/productos_screen.dart').
                          color: AppTheme.textPrimary,
                                 ^^^^^^^^
lib/screens/facturacion/productos_screen.dart:2662:36:
Error: The getter 'AppTheme' isn't defined for the type '_ProductosScreenState'.
 - '_ProductosScreenState' is from 'package:vercy_motos/screens/facturacion/productos_screen.dart' ('lib/screens/facturacion/productos_screen.dart').
                            color: AppTheme.textPrimary.withOpacity(0.3),
                                   ^^^^^^^^
lib/screens/facturacion/productos_screen.dart:2673:40:
Error: The getter 'AppTheme' isn't defined for the type '_ProductosScreenState'.
 - '_ProductosScreenState' is from 'package:vercy_motos/screens/facturacion/productos_screen.dart' ('lib/screens/facturacion/productos_screen.dart').
                                color: AppTheme.textPrimary.withOpacity(0.7),
                                       ^^^^^^^^
lib/screens/facturacion/productos_screen.dart:2685:53:
Error: The getter 'nombre' isn't defined for the type 'Object?'.
 - 'Object' is from 'dart:core'.
                                        ingrediente.nombre,
                                                    ^^^^^^
lib/screens/facturacion/productos_screen.dart:2689:51:
Error: The getter 'nombre' isn't defined for the type 'Object?'.
 - 'Object' is from 'dart:core'.
                                      ingrediente.nombre,
                                                  ^^^^^^
lib/screens/facturacion/productos_screen.dart:2693:47:
Error: The getter 'AppTheme' isn't defined for the type '_ProductosScreenState'.
 - '_ProductosScreenState' is from 'package:vercy_motos/screens/facturacion/productos_screen.dart' ('lib/screens/facturacion/productos_screen.dart').
                                            : AppTheme.textPrimary,
                                              ^^^^^^^^
lib/screens/facturacion/productos_screen.dart:2716:52:
Error: The getter 'AppTheme' isn't defined for the type '_ProductosScreenState'.
 - '_ProductosScreenState' is from 'package:vercy_motos/screens/facturacion/productos_screen.dart' ('lib/screens/facturacion/productos_screen.dart').
                                    selectedColor: AppTheme.primary,
                                                   ^^^^^^^^
lib/screens/facturacion/productos_screen.dart:2717:54:
Error: The getter 'AppTheme' isn't defined for the type '_ProductosScreenState'.
 - '_ProductosScreenState' is from 'package:vercy_motos/screens/facturacion/productos_screen.dart' ('lib/screens/facturacion/productos_screen.dart').
                                    backgroundColor: AppTheme.cardBg
                                                     ^^^^^^^^
lib/screens/facturacion/productos_screen.dart:2722:45:
Error: The getter 'AppTheme' isn't defined for the type '_ProductosScreenState'.
 - '_ProductosScreenState' is from 'package:vercy_motos/screens/facturacion/productos_screen.dart' ('lib/screens/facturacion/productos_screen.dart').
                                          ? AppTheme.primary
                                            ^^^^^^^^
lib/screens/facturacion/productos_screen.dart:2723:45:
Error: The getter 'AppTheme' isn't defined for the type '_ProductosScreenState'.
 - '_ProductosScreenState' is from 'package:vercy_motos/screens/facturacion/productos_screen.dart' ('lib/screens/facturacion/productos_screen.dart').
                                          : AppTheme.textPrimary.withOpacity(
                                            ^^^^^^^^
lib/screens/facturacion/productos_screen.dart:2703:59:
Error: The getter 'nombre' isn't defined for the type 'Object?'.
 - 'Object' is from 'dart:core'.
                                              ingrediente.nombre,
                                                          ^^^^^^
lib/screens/facturacion/productos_screen.dart:2707:59:
Error: The getter 'nombre' isn't defined for the type 'Object?'.
 - 'Object' is from 'dart:core'.
                                              ingrediente.nombre,
                                                          ^^^^^^
lib/screens/facturacion/productos_screen.dart:2736:42:
Error: The getter 'AppTheme' isn't defined for the type '_ProductosScreenState'.
 - '_ProductosScreenState' is from 'package:vercy_motos/screens/facturacion/productos_screen.dart' ('lib/screens/facturacion/productos_screen.dart').
                                  color: AppTheme.primary,
                                         ^^^^^^^^
lib/screens/facturacion/productos_screen.dart:2754:45:
Error: The getter 'AppTheme' isn't defined for the type '_ProductosScreenState'.
 - '_ProductosScreenState' is from 'package:vercy_motos/screens/facturacion/productos_screen.dart' ('lib/screens/facturacion/productos_screen.dart').
                    style: TextStyle(color: AppTheme.textPrimary),
                                            ^^^^^^^^
lib/screens/facturacion/productos_screen.dart:2768:29:
Error: The getter 'AppTheme' isn't defined for the type '_ProductosScreenState'.
 - '_ProductosScreenState' is from 'package:vercy_motos/screens/facturacion/productos_screen.dart' ('lib/screens/facturacion/productos_screen.dart').
                          : AppTheme.primary,
                            ^^^^^^^^
lib/screens/facturacion/productos_screen.dart:2801:44:
Error: The getter 'id' isn't defined for the type 'Object?'.
 - 'Object' is from 'dart:core'.
                                  (c) => c.id == selectedCategoriaId,
                                           ^^
lib/screens/facturacion/productos_screen.dart:2823:44:
Error: The getter 'id' isn't defined for the type 'Object?'.
 - 'Object' is from 'dart:core'.
                                  (c) => c.id == selectedCategoriaId,
                                           ^^
lib/screens/facturacion/productos_screen.dart:2829:48:
Error: The getter 'id' isn't defined for the type 'Object?'.
 - 'Object' is from 'dart:core'.
                                      (c) => c.id == selectedCategoriaId,
                                               ^^
lib/screens/facturacion/productos_screen.dart:2830:53:
Error: The method 'Categoria' isn't defined for the type '_ProductosScreenState'.
 - '_ProductosScreenState' is from 'package:vercy_motos/screens/facturacion/productos_screen.dart' ('lib/screens/facturacion/productos_screen.dart').
                                      orElse: () => Categoria(
                                                    ^^^^^^^^^
lib/screens/facturacion/productos_screen.dart:2837:57:
Error: The method 'Categoria' isn't defined for the type '_ProductosScreenState'.
 - '_ProductosScreenState' is from 'package:vercy_motos/screens/facturacion/productos_screen.dart' ('lib/screens/facturacion/productos_screen.dart').
                                categoriaSeleccionada = Categoria(
                                                        ^^^^^^^^^
lib/screens/facturacion/productos_screen.dart:2885:41:
Error: The method 'appLog' isn't defined for the type '_ProductosScreenState'.
 - '_ProductosScreenState' is from 'package:vercy_motos/screens/facturacion/productos_screen.dart' ('lib/screens/facturacion/productos_screen.dart').
                                        appLog('🔍 [ACTUALIZAR] productoOServicioController.text: "${productoOServicioController.text}"');
                                        ^^^^^^
lib/screens/facturacion/productos_screen.dart:2887:41:
Error: The method 'appLog' isn't defined for the type '_ProductosScreenState'.
 - '_ProductosScreenState' is from 'package:vercy_motos/screens/facturacion/productos_screen.dart' ('lib/screens/facturacion/productos_screen.dart').
                                        appLog('🔍 [ACTUALIZAR] productoOServicio (lowercase): "$valor"');
                                        ^^^^^^
lib/screens/facturacion/productos_screen.dart:2856:55:
Error: The method 'Producto' isn't defined for the type '_ProductosScreenState'.
 - '_ProductosScreenState' is from 'package:vercy_motos/screens/facturacion/productos_screen.dart' ('lib/screens/facturacion/productos_screen.dart').
                              final updatedProducto = Producto(
                                                      ^^^^^^^^
lib/screens/facturacion/productos_screen.dart:3004:31:
Error: The method 'ImageLoaderService' isn't defined for the type '_ProductosScreenState'.
 - '_ProductosScreenState' is from 'package:vercy_motos/screens/facturacion/productos_screen.dart' ('lib/screens/facturacion/productos_screen.dart').
                              ImageLoaderService().invalidateProductImage(
                              ^^^^^^^^^^^^^^^^^^
lib/screens/facturacion/productos_screen.dart:3016:53:
Error: The method 'Producto' isn't defined for the type '_ProductosScreenState'.
 - '_ProductosScreenState' is from 'package:vercy_motos/screens/facturacion/productos_screen.dart' ('lib/screens/facturacion/productos_screen.dart').
                              final nuevoProducto = Producto(
                                                    ^^^^^^^^
lib/screens/facturacion/productos_screen.dart:3232:28:
Error: The getter 'AppTheme' isn't defined for the type '_ProductosScreenState'.
 - '_ProductosScreenState' is from 'package:vercy_motos/screens/facturacion/productos_screen.dart' ('lib/screens/facturacion/productos_screen.dart').
          backgroundColor: AppTheme.cardBg,
                           ^^^^^^^^
lib/screens/facturacion/productos_screen.dart:3235:37:
Error: The getter 'AppTheme' isn't defined for the type '_ProductosScreenState'.
 - '_ProductosScreenState' is from 'package:vercy_motos/screens/facturacion/productos_screen.dart' ('lib/screens/facturacion/productos_screen.dart').
            style: TextStyle(color: AppTheme.textPrimary),
                                    ^^^^^^^^
lib/screens/facturacion/productos_screen.dart:3241:56:
Error: The getter 'AppTheme' isn't defined for the type '_ProductosScreenState'.
 - '_ProductosScreenState' is from 'package:vercy_motos/screens/facturacion/productos_screen.dart' ('lib/screens/facturacion/productos_screen.dart').
                leading: Icon(Icons.camera_alt, color: AppTheme.primary),
                                                       ^^^^^^^^
lib/screens/facturacion/productos_screen.dart:3244:43:
Error: The getter 'AppTheme' isn't defined for the type '_ProductosScreenState'.
 - '_ProductosScreenState' is from 'package:vercy_motos/screens/facturacion/productos_screen.dart' ('lib/screens/facturacion/productos_screen.dart').
                  style: TextStyle(color: AppTheme.textPrimary),
                                          ^^^^^^^^
lib/screens/facturacion/productos_screen.dart:3251:59:
Error: The getter 'AppTheme' isn't defined for the type '_ProductosScreenState'.
 - '_ProductosScreenState' is from 'package:vercy_motos/screens/facturacion/productos_screen.dart' ('lib/screens/facturacion/productos_screen.dart').
                leading: Icon(Icons.photo_library, color: AppTheme.primary),
                                                          ^^^^^^^^
lib/screens/facturacion/productos_screen.dart:3254:43:
Error: The getter 'AppTheme' isn't defined for the type '_ProductosScreenState'.
 - '_ProductosScreenState' is from 'package:vercy_motos/screens/facturacion/productos_screen.dart' ('lib/screens/facturacion/productos_screen.dart').
                  style: TextStyle(color: AppTheme.textPrimary),
                                          ^^^^^^^^
lib/screens/facturacion/productos_screen.dart:3283:41:
Error: 'DatosCacheProvider' isn't a type.
      final cacheProvider = Provider.of<DatosCacheProvider>(
                                        ^^^^^^^^^^^^^^^^^^
lib/screens/facturacion/productos_screen.dart:3273:11:
Error: The getter 'PerformanceConfig' isn't defined for the type '_ProductosScreenState'.
 - '_ProductosScreenState' is from 'package:vercy_motos/screens/facturacion/productos_screen.dart' ('lib/screens/facturacion/productos_screen.dart').
          PerformanceConfig.isCacheValid(
          ^^^^^^^^^^^^^^^^^
lib/screens/facturacion/productos_screen.dart:3275:13:
Error: The getter 'PerformanceConfig' isn't defined for the type '_ProductosScreenState'.
 - '_ProductosScreenState' is from 'package:vercy_motos/screens/facturacion/productos_screen.dart' ('lib/screens/facturacion/productos_screen.dart').
            PerformanceConfig.ingredientesCacheDuration,
            ^^^^^^^^^^^^^^^^^
lib/screens/facturacion/productos_screen.dart:3307:15:
Error: 'Ingrediente' isn't a type.
  static List<Ingrediente>? _ingredientesCache;
              ^^^^^^^^^^^
lib/screens/facturacion/productos_screen.dart:3312:19:
Error: 'IngredienteProducto' isn't a type.
    required List<IngredienteProducto> ingredientesRequeridos,
                  ^^^^^^^^^^^^^^^^^^^
lib/screens/facturacion/productos_screen.dart:3313:19:
Error: 'IngredienteProducto' isn't a type.
    required List<IngredienteProducto> ingredientesOpcionales,
                  ^^^^^^^^^^^^^^^^^^^
lib/screens/facturacion/productos_screen.dart:3325:10:
Error: 'IngredienteProducto' isn't a type.
    List<IngredienteProducto> requeridosEditables = List.from(
         ^^^^^^^^^^^^^^^^^^^
lib/screens/facturacion/productos_screen.dart:3328:10:
Error: 'IngredienteProducto' isn't a type.
    List<IngredienteProducto> opcionalesEditables = List.from(
         ^^^^^^^^^^^^^^^^^^^
lib/screens/facturacion/productos_screen.dart:3333:10:
Error: 'Ingrediente' isn't a type.
    List<Ingrediente> ingredientesDisponibles = [];
         ^^^^^^^^^^^
lib/screens/facturacion/productos_screen.dart:3336:46:
Error: 'IngredienteProducto' isn't a type.
    return await showDialog<Map<String, List<IngredienteProducto>>>(
                                             ^^^^^^^^^^^^^^^^^^^
lib/screens/facturacion/productos_screen.dart:3398:29:
Error: Not a constant expression.
                    ? const IngredientesLoadingWidget()
                            ^^^^^^^^^^^^^^^^^^^^^^^^^
lib/screens/facturacion/productos_screen.dart:3369:32:
Error: The getter 'AppTheme' isn't defined for the type '_ProductosScreenState'.
 - '_ProductosScreenState' is from 'package:vercy_motos/screens/facturacion/productos_screen.dart' ('lib/screens/facturacion/productos_screen.dart').
              backgroundColor: AppTheme.cardBg,
                               ^^^^^^^^
lib/screens/facturacion/productos_screen.dart:3372:54:
Error: The getter 'AppTheme' isn't defined for the type '_ProductosScreenState'.
 - '_ProductosScreenState' is from 'package:vercy_motos/screens/facturacion/productos_screen.dart' ('lib/screens/facturacion/productos_screen.dart').
                  Icon(Icons.restaurant_menu, color: AppTheme.primary),
                                                     ^^^^^^^^
lib/screens/facturacion/productos_screen.dart:3378:32:
Error: The getter 'AppTheme' isn't defined for the type '_ProductosScreenState'.
 - '_ProductosScreenState' is from 'package:vercy_motos/screens/facturacion/productos_screen.dart' ('lib/screens/facturacion/productos_screen.dart').
                        color: AppTheme.textPrimary,
                               ^^^^^^^^
lib/screens/facturacion/productos_screen.dart:3388:32:
Error: The getter 'AppTheme' isn't defined for the type '_ProductosScreenState'.
 - '_ProductosScreenState' is from 'package:vercy_motos/screens/facturacion/productos_screen.dart' ('lib/screens/facturacion/productos_screen.dart').
                        color: AppTheme.primary,
                               ^^^^^^^^
lib/screens/facturacion/productos_screen.dart:3405:38:
Error: The getter 'AppTheme' isn't defined for the type '_ProductosScreenState'.
 - '_ProductosScreenState' is from 'package:vercy_motos/screens/facturacion/productos_screen.dart' ('lib/screens/facturacion/productos_screen.dart').
                              color: AppTheme.primary.withOpacity(0.1),
                                     ^^^^^^^^
lib/screens/facturacion/productos_screen.dart:3413:40:
Error: The getter 'AppTheme' isn't defined for the type '_ProductosScreenState'.
 - '_ProductosScreenState' is from 'package:vercy_motos/screens/facturacion/productos_screen.dart' ('lib/screens/facturacion/productos_screen.dart').
                                color: AppTheme.textPrimary.withOpacity(0.8),
                                       ^^^^^^^^
lib/screens/facturacion/productos_screen.dart:3427:49:
Error: The getter 'AppTheme' isn't defined for the type '_ProductosScreenState'.
 - '_ProductosScreenState' is from 'package:vercy_motos/screens/facturacion/productos_screen.dart' ('lib/screens/facturacion/productos_screen.dart').
                                    labelColor: AppTheme.primary,
                                                ^^^^^^^^
lib/screens/facturacion/productos_screen.dart:3428:59:
Error: The getter 'AppTheme' isn't defined for the type '_ProductosScreenState'.
 - '_ProductosScreenState' is from 'package:vercy_motos/screens/facturacion/productos_screen.dart' ('lib/screens/facturacion/productos_screen.dart').
                                    unselectedLabelColor: AppTheme.textPrimary
                                                          ^^^^^^^^
lib/screens/facturacion/productos_screen.dart:3430:53:
Error: The getter 'AppTheme' isn't defined for the type '_ProductosScreenState'.
 - '_ProductosScreenState' is from 'package:vercy_motos/screens/facturacion/productos_screen.dart' ('lib/screens/facturacion/productos_screen.dart').
                                    indicatorColor: AppTheme.primary,
                                                    ^^^^^^^^
lib/screens/facturacion/productos_screen.dart:3496:45:
Error: The getter 'AppTheme' isn't defined for the type '_ProductosScreenState'.
 - '_ProductosScreenState' is from 'package:vercy_motos/screens/facturacion/productos_screen.dart' ('lib/screens/facturacion/productos_screen.dart').
                    style: TextStyle(color: AppTheme.textPrimary),
                                            ^^^^^^^^
lib/screens/facturacion/productos_screen.dart:3507:38:
Error: The getter 'AppTheme' isn't defined for the type '_ProductosScreenState'.
 - '_ProductosScreenState' is from 'package:vercy_motos/screens/facturacion/productos_screen.dart' ('lib/screens/facturacion/productos_screen.dart').
                    backgroundColor: AppTheme.primary,
                                     ^^^^^^^^
lib/screens/facturacion/productos_screen.dart:3520:19:
Error: 'IngredienteProducto' isn't a type.
    required List<IngredienteProducto> ingredientes,
                  ^^^^^^^^^^^^^^^^^^^
lib/screens/facturacion/productos_screen.dart:3522:19:
Error: 'Ingrediente' isn't a type.
    required List<Ingrediente> ingredientesDisponibles,
                  ^^^^^^^^^^^
lib/screens/facturacion/productos_screen.dart:3535:30:
Error: The getter 'AppTheme' isn't defined for the type '_ProductosScreenState'.
 - '_ProductosScreenState' is from 'package:vercy_motos/screens/facturacion/productos_screen.dart' ('lib/screens/facturacion/productos_screen.dart').
            backgroundColor: AppTheme.primary,
                             ^^^^^^^^
lib/screens/facturacion/productos_screen.dart:3548:30:
Error: The getter 'AppTheme' isn't defined for the type '_ProductosScreenState'.
 - '_ProductosScreenState' is from 'package:vercy_motos/screens/facturacion/productos_screen.dart' ('lib/screens/facturacion/productos_screen.dart').
                      color: AppTheme.textPrimary.withOpacity(0.6),
                             ^^^^^^^^
lib/screens/facturacion/productos_screen.dart:3558:30:
Error: The getter 'AppTheme' isn't defined for the type '_ProductosScreenState'.
 - '_ProductosScreenState' is from 'package:vercy_motos/screens/facturacion/productos_screen.dart' ('lib/screens/facturacion/productos_screen.dart').
                      color: AppTheme.cardBg.withOpacity(0.5),
                             ^^^^^^^^
lib/screens/facturacion/productos_screen.dart:3562:51:
Error: The getter 'AppTheme' isn't defined for the type '_ProductosScreenState'.
 - '_ProductosScreenState' is from 'package:vercy_motos/screens/facturacion/productos_screen.dart' ('lib/screens/facturacion/productos_screen.dart').
                          style: TextStyle(color: AppTheme.textPrimary),
                                                  ^^^^^^^^
lib/screens/facturacion/productos_screen.dart:3567:36:
Error: The getter 'AppTheme' isn't defined for the type '_ProductosScreenState'.
 - '_ProductosScreenState' is from 'package:vercy_motos/screens/facturacion/productos_screen.dart' ('lib/screens/facturacion/productos_screen.dart').
                            color: AppTheme.textPrimary.withOpacity(0.7),
                                   ^^^^^^^^
lib/screens/facturacion/productos_screen.dart:3586:10:
Error: 'IngredienteProducto' isn't a type.
    List<IngredienteProducto> lista,
         ^^^^^^^^^^^^^^^^^^^
lib/screens/facturacion/productos_screen.dart:3588:10:
Error: 'Ingrediente' isn't a type.
    List<Ingrediente> ingredientesDisponibles,
         ^^^^^^^^^^^
lib/screens/facturacion/productos_screen.dart:3590:5:
Error: 'Ingrediente' isn't a type.
    Ingrediente? selectedIngrediente;
    ^^^^^^^^^^^
lib/screens/facturacion/productos_screen.dart:3593:10:
Error: 'Ingrediente' isn't a type.
    List<Ingrediente> ingredientesFiltrados = List.from(
         ^^^^^^^^^^^
lib/screens/facturacion/productos_screen.dart:3609:22:
Error: 'Ingrediente' isn't a type.
                List<Ingrediente> todosLosResultados;
                     ^^^^^^^^^^^
lib/screens/facturacion/productos_screen.dart:3598:26:
Error: The getter 'PerformanceConfig' isn't defined for the type '_ProductosScreenState'.
 - '_ProductosScreenState' is from 'package:vercy_motos/screens/facturacion/productos_screen.dart' ('lib/screens/facturacion/productos_screen.dart').
    int itemsPorPagina = PerformanceConfig.ingredientesDialogoPorPagina;
                         ^^^^^^^^^^^^^^^^^
lib/screens/facturacion/productos_screen.dart:3616:40:
Error: The getter 'nombre' isn't defined for the type 'Object?'.
 - 'Object' is from 'dart:core'.
                    return ingrediente.nombre.toLowerCase().contains(
                                       ^^^^^^
lib/screens/facturacion/productos_screen.dart:3619:37:
Error: The getter 'categoria' isn't defined for the type 'Object?'.
 - 'Object' is from 'dart:core'.
                        ingrediente.categoria.toLowerCase().contains(
                                    ^^^^^^^^^
lib/screens/facturacion/productos_screen.dart:3639:32:
Error: The getter 'AppTheme' isn't defined for the type '_ProductosScreenState'.
 - '_ProductosScreenState' is from 'package:vercy_motos/screens/facturacion/productos_screen.dart' ('lib/screens/facturacion/productos_screen.dart').
              backgroundColor: AppTheme.cardBg,
                               ^^^^^^^^
lib/screens/facturacion/productos_screen.dart:3651:32:
Error: The getter 'AppTheme' isn't defined for the type '_ProductosScreenState'.
 - '_ProductosScreenState' is from 'package:vercy_motos/screens/facturacion/productos_screen.dart' ('lib/screens/facturacion/productos_screen.dart').
                        color: AppTheme.textPrimary,
                               ^^^^^^^^
lib/screens/facturacion/productos_screen.dart:3661:47:
Error: The getter 'AppTheme' isn't defined for the type '_ProductosScreenState'.
 - '_ProductosScreenState' is from 'package:vercy_motos/screens/facturacion/productos_screen.dart' ('lib/screens/facturacion/productos_screen.dart').
                      style: TextStyle(color: AppTheme.textPrimary),
                                              ^^^^^^^^
lib/screens/facturacion/productos_screen.dart:3665:34:
Error: The getter 'AppTheme' isn't defined for the type '_ProductosScreenState'.
 - '_ProductosScreenState' is from 'package:vercy_motos/screens/facturacion/productos_screen.dart' ('lib/screens/facturacion/productos_screen.dart').
                          color: AppTheme.textPrimary.withOpacity(0.7),
                                 ^^^^^^^^
lib/screens/facturacion/productos_screen.dart:3667:63:
Error: The getter 'AppTheme' isn't defined for the type '_ProductosScreenState'.
 - '_ProductosScreenState' is from 'package:vercy_motos/screens/facturacion/productos_screen.dart' ('lib/screens/facturacion/productos_screen.dart').
                        prefixIcon: Icon(Icons.search, color: AppTheme.primary),
                                                              ^^^^^^^^
lib/screens/facturacion/productos_screen.dart:3672:42:
Error: The getter 'AppTheme' isn't defined for the type '_ProductosScreenState'.
 - '_ProductosScreenState' is from 'package:vercy_motos/screens/facturacion/productos_screen.dart' ('lib/screens/facturacion/productos_screen.dart').
                                  color: AppTheme.textPrimary,
                                         ^^^^^^^^
lib/screens/facturacion/productos_screen.dart:3681:36:
Error: The getter 'AppTheme' isn't defined for the type '_ProductosScreenState'.
 - '_ProductosScreenState' is from 'package:vercy_motos/screens/facturacion/productos_screen.dart' ('lib/screens/facturacion/productos_screen.dart').
                        fillColor: AppTheme.cardBg.withOpacity(0.3),
                                   ^^^^^^^^
lib/screens/facturacion/productos_screen.dart:3688:36:
Error: The getter 'AppTheme' isn't defined for the type '_ProductosScreenState'.
 - '_ProductosScreenState' is from 'package:vercy_motos/screens/facturacion/productos_screen.dart' ('lib/screens/facturacion/productos_screen.dart').
                            color: AppTheme.primary,
                                   ^^^^^^^^
lib/screens/facturacion/productos_screen.dart:3702:36:
Error: The getter 'AppTheme' isn't defined for the type '_ProductosScreenState'.
 - '_ProductosScreenState' is from 'package:vercy_motos/screens/facturacion/productos_screen.dart' ('lib/screens/facturacion/productos_screen.dart').
                            color: AppTheme.textPrimary.withOpacity(0.3),
                                   ^^^^^^^^
lib/screens/facturacion/productos_screen.dart:3714:46:
Error: The getter 'AppTheme' isn't defined for the type '_ProductosScreenState'.
 - '_ProductosScreenState' is from 'package:vercy_motos/screens/facturacion/productos_screen.dart' ('lib/screens/facturacion/productos_screen.dart').
                                      color: AppTheme.textPrimary.withOpacity(
                                             ^^^^^^^^
lib/screens/facturacion/productos_screen.dart:3722:48:
Error: The getter 'AppTheme' isn't defined for the type '_ProductosScreenState'.
 - '_ProductosScreenState' is from 'package:vercy_motos/screens/facturacion/productos_screen.dart' ('lib/screens/facturacion/productos_screen.dart').
                                        color: AppTheme.textPrimary.withOpacity(
                                               ^^^^^^^^
lib/screens/facturacion/productos_screen.dart:3743:47:
Error: The getter 'AppTheme' isn't defined for the type '_ProductosScreenState'.
 - '_ProductosScreenState' is from 'package:vercy_motos/screens/facturacion/productos_screen.dart' ('lib/screens/facturacion/productos_screen.dart').
                                            ? AppTheme.primary
                                              ^^^^^^^^
lib/screens/facturacion/productos_screen.dart:3744:47:
Error: The getter 'AppTheme' isn't defined for the type '_ProductosScreenState'.
 - '_ProductosScreenState' is from 'package:vercy_motos/screens/facturacion/productos_screen.dart' ('lib/screens/facturacion/productos_screen.dart').
                                            : AppTheme.textPrimary,
                                              ^^^^^^^^
lib/screens/facturacion/productos_screen.dart:3753:48:
Error: The getter 'AppTheme' isn't defined for the type '_ProductosScreenState'.
 - '_ProductosScreenState' is from 'package:vercy_motos/screens/facturacion/productos_screen.dart' ('lib/screens/facturacion/productos_screen.dart').
                                        color: AppTheme.textPrimary.withOpacity(
                                               ^^^^^^^^
lib/screens/facturacion/productos_screen.dart:3762:52:
Error: The getter 'AppTheme' isn't defined for the type '_ProductosScreenState'.
 - '_ProductosScreenState' is from 'package:vercy_motos/screens/facturacion/productos_screen.dart' ('lib/screens/facturacion/productos_screen.dart').
                                            color: AppTheme.primary,
                                                   ^^^^^^^^
lib/screens/facturacion/productos_screen.dart:3766:56:
Error: The getter 'AppTheme' isn't defined for the type '_ProductosScreenState'.
 - '_ProductosScreenState' is from 'package:vercy_motos/screens/facturacion/productos_screen.dart' ('lib/screens/facturacion/productos_screen.dart').
                                    selectedTileColor: AppTheme.primary
                                                       ^^^^^^^^
lib/screens/facturacion/productos_screen.dart:3786:53:
Error: The getter 'AppTheme' isn't defined for the type '_ProductosScreenState'.
 - '_ProductosScreenState' is from 'package:vercy_motos/screens/facturacion/productos_screen.dart' ('lib/screens/facturacion/productos_screen.dart').
                            style: TextStyle(color: AppTheme.textPrimary),
                                                    ^^^^^^^^
lib/screens/facturacion/productos_screen.dart:3790:40:
Error: The getter 'AppTheme' isn't defined for the type '_ProductosScreenState'.
 - '_ProductosScreenState' is from 'package:vercy_motos/screens/facturacion/productos_screen.dart' ('lib/screens/facturacion/productos_screen.dart').
                                color: AppTheme.textPrimary.withOpacity(0.7),
                                       ^^^^^^^^
lib/screens/facturacion/productos_screen.dart:3793:42:
Error: The getter 'AppTheme' isn't defined for the type '_ProductosScreenState'.
 - '_ProductosScreenState' is from 'package:vercy_motos/screens/facturacion/productos_screen.dart' ('lib/screens/facturacion/productos_screen.dart').
                              fillColor: AppTheme.cardBg.withOpacity(0.3),
                                         ^^^^^^^^
lib/screens/facturacion/productos_screen.dart:3819:53:
Error: The getter 'AppTheme' isn't defined for the type '_ProductosScreenState'.
 - '_ProductosScreenState' is from 'package:vercy_motos/screens/facturacion/productos_screen.dart' ('lib/screens/facturacion/productos_screen.dart').
                            style: TextStyle(color: AppTheme.textPrimary),
                                                    ^^^^^^^^
lib/screens/facturacion/productos_screen.dart:3830:60:
Error: The method 'IngredienteProducto' isn't defined for the type '_ProductosScreenState'.
 - '_ProductosScreenState' is from 'package:vercy_motos/screens/facturacion/productos_screen.dart' ('lib/screens/facturacion/productos_screen.dart').
                                  final nuevoIngrediente = IngredienteProducto(
                                                           ^^^^^^^^^^^^^^^^^^^
lib/screens/facturacion/productos_screen.dart:3852:46:
Error: The getter 'AppTheme' isn't defined for the type '_ProductosScreenState'.
 - '_ProductosScreenState' is from 'package:vercy_motos/screens/facturacion/productos_screen.dart' ('lib/screens/facturacion/productos_screen.dart').
                            backgroundColor: AppTheme.primary,
                                             ^^^^^^^^
lib/screens/facturacion/productos_screen.dart:3871:5:
Error: 'Ingrediente' isn't a type.
    Ingrediente? selectedIngrediente,
    ^^^^^^^^^^^
lib/screens/facturacion/productos_screen.dart:4269:5:
Error: 'Producto' isn't a type.
    Producto? productoSeleccionado;
    ^^^^^^^^
lib/screens/facturacion/productos_screen.dart:4310:34:
Error: 'Producto' isn't a type.
                    Autocomplete<Producto>(
                                 ^^^^^^^^
lib/screens/facturacion/productos_screen.dart:4313:49:
Error: 'Producto' isn't a type.
                          return const Iterable<Producto>.empty();
                                                ^^^^^^^^
lib/screens/facturacion/productos_screen.dart:4316:37:
Error: 'Producto' isn't a type.
                            .where((Producto producto) {
                                    ^^^^^^^^
lib/screens/facturacion/productos_screen.dart:4326:48:
Error: 'Producto' isn't a type.
                      displayStringForOption: (Producto producto) =>
                                               ^^^^^^^^
lib/screens/facturacion/productos_screen.dart:4328:36:
Error: 'Producto' isn't a type.
                      onSelected: (Producto producto) {
                                   ^^^^^^^^
lib/screens/facturacion/productos_screen.dart:4282:30:
Error: The getter 'AppTheme' isn't defined for the type '_ProductosScreenState'.
 - '_ProductosScreenState' is from 'package:vercy_motos/screens/facturacion/productos_screen.dart' ('lib/screens/facturacion/productos_screen.dart').
            backgroundColor: AppTheme.cardBg,
                             ^^^^^^^^
lib/screens/facturacion/productos_screen.dart:4285:46:
Error: The getter 'AppTheme' isn't defined for the type '_ProductosScreenState'.
 - '_ProductosScreenState' is from 'package:vercy_motos/screens/facturacion/productos_screen.dart' ('lib/screens/facturacion/productos_screen.dart').
                Icon(Icons.qr_code_2, color: AppTheme.primary),
                                             ^^^^^^^^
lib/screens/facturacion/productos_screen.dart:4289:43:
Error: The getter 'AppTheme' isn't defined for the type '_ProductosScreenState'.
 - '_ProductosScreenState' is from 'package:vercy_motos/screens/facturacion/productos_screen.dart' ('lib/screens/facturacion/productos_screen.dart').
                  style: TextStyle(color: AppTheme.textPrimary, fontSize: 18),
                                          ^^^^^^^^
lib/screens/facturacion/productos_screen.dart:4304:32:
Error: The getter 'AppTheme' isn't defined for the type '_ProductosScreenState'.
 - '_ProductosScreenState' is from 'package:vercy_motos/screens/facturacion/productos_screen.dart' ('lib/screens/facturacion/productos_screen.dart').
                        color: AppTheme.textSecondary,
                               ^^^^^^^^
lib/screens/facturacion/productos_screen.dart:4344:55:
Error: The getter 'AppTheme' isn't defined for the type '_ProductosScreenState'.
 - '_ProductosScreenState' is from 'package:vercy_motos/screens/facturacion/productos_screen.dart' ('lib/screens/facturacion/productos_screen.dart').
                              style: TextStyle(color: AppTheme.textPrimary),
                                                      ^^^^^^^^
lib/screens/facturacion/productos_screen.dart:4348:42:
Error: The getter 'AppTheme' isn't defined for the type '_ProductosScreenState'.
 - '_ProductosScreenState' is from 'package:vercy_motos/screens/facturacion/productos_screen.dart' ('lib/screens/facturacion/productos_screen.dart').
                                  color: AppTheme.textSecondary,
                                         ^^^^^^^^
lib/screens/facturacion/productos_screen.dart:4354:44:
Error: The getter 'AppTheme' isn't defined for the type '_ProductosScreenState'.
 - '_ProductosScreenState' is from 'package:vercy_motos/screens/facturacion/productos_screen.dart' ('lib/screens/facturacion/productos_screen.dart').
                                fillColor: AppTheme.surfaceDark,
                                           ^^^^^^^^
lib/screens/facturacion/productos_screen.dart:4361:42:
Error: The getter 'AppTheme' isn't defined for the type '_ProductosScreenState'.
 - '_ProductosScreenState' is from 'package:vercy_motos/screens/facturacion/productos_screen.dart' ('lib/screens/facturacion/productos_screen.dart').
                                  color: AppTheme.primary,
                                         ^^^^^^^^
lib/screens/facturacion/productos_screen.dart:4412:42:
Error: The getter 'AppTheme' isn't defined for the type '_ProductosScreenState'.
 - '_ProductosScreenState' is from 'package:vercy_motos/screens/facturacion/productos_screen.dart' ('lib/screens/facturacion/productos_screen.dart').
                                  color: AppTheme.textSecondary,
                                         ^^^^^^^^
lib/screens/facturacion/productos_screen.dart:4422:57:
Error: The getter 'AppTheme' isn't defined for the type '_ProductosScreenState'.
 - '_ProductosScreenState' is from 'package:vercy_motos/screens/facturacion/productos_screen.dart' ('lib/screens/facturacion/productos_screen.dart').
                                style: TextStyle(color: AppTheme.textPrimary),
                                                        ^^^^^^^^
lib/screens/facturacion/productos_screen.dart:4428:46:
Error: The getter 'AppTheme' isn't defined for the type '_ProductosScreenState'.
 - '_ProductosScreenState' is from 'package:vercy_motos/screens/facturacion/productos_screen.dart' ('lib/screens/facturacion/productos_screen.dart').
                                  fillColor: AppTheme.surfaceDark,
                                             ^^^^^^^^
lib/screens/facturacion/productos_screen.dart:4472:34:
Error: The getter 'AppTheme' isn't defined for the type '_ProductosScreenState'.
 - '_ProductosScreenState' is from 'package:vercy_motos/screens/facturacion/productos_screen.dart' ('lib/screens/facturacion/productos_screen.dart').
                          color: AppTheme.surfaceDark,
                                 ^^^^^^^^
lib/screens/facturacion/productos_screen.dart:4475:36:
Error: The getter 'AppTheme' isn't defined for the type '_ProductosScreenState'.
 - '_ProductosScreenState' is from 'package:vercy_motos/screens/facturacion/productos_screen.dart' ('lib/screens/facturacion/productos_screen.dart').
                            color: AppTheme.primary.withOpacity(0.3),
                                   ^^^^^^^^
lib/screens/facturacion/productos_screen.dart:4484:40:
Error: The getter 'AppTheme' isn't defined for the type '_ProductosScreenState'.
 - '_ProductosScreenState' is from 'package:vercy_motos/screens/facturacion/productos_screen.dart' ('lib/screens/facturacion/productos_screen.dart').
                                color: AppTheme.textSecondary,
                                       ^^^^^^^^
lib/screens/facturacion/productos_screen.dart:4510:43:
Error: The getter 'AppTheme' isn't defined for the type '_ProductosScreenState'.
 - '_ProductosScreenState' is from 'package:vercy_motos/screens/facturacion/productos_screen.dart' ('lib/screens/facturacion/productos_screen.dart').
                  style: TextStyle(color: AppTheme.textSecondary),
                                          ^^^^^^^^
lib/screens/facturacion/productos_screen.dart:4529:36:
Error: The getter 'AppTheme' isn't defined for the type '_ProductosScreenState'.
 - '_ProductosScreenState' is from 'package:vercy_motos/screens/facturacion/productos_screen.dart' ('lib/screens/facturacion/productos_screen.dart').
                  backgroundColor: AppTheme.primary,
                                   ^^^^^^^^
lib/screens/facturacion/productos_screen.dart:4530:44:
Error: The getter 'AppTheme' isn't defined for the type '_ProductosScreenState'.
 - '_ProductosScreenState' is from 'package:vercy_motos/screens/facturacion/productos_screen.dart' ('lib/screens/facturacion/productos_screen.dart').
                  disabledBackgroundColor: AppTheme.textMuted,
                                           ^^^^^^^^
lib/screens/facturacion/productos_screen.dart:4554:37:
Error: The getter 'AppTheme' isn't defined for the type '_ProductosScreenState'.
 - '_ProductosScreenState' is from 'package:vercy_motos/screens/facturacion/productos_screen.dart' ('lib/screens/facturacion/productos_screen.dart').
            style: TextStyle(color: AppTheme.textSecondary, fontSize: 12),
                                    ^^^^^^^^
lib/screens/facturacion/productos_screen.dart:4563:37:
Error: The getter 'AppTheme' isn't defined for the type '_ProductosScreenState'.
 - '_ProductosScreenState' is from 'package:vercy_motos/screens/facturacion/productos_screen.dart' ('lib/screens/facturacion/productos_screen.dart').
            style: TextStyle(color: AppTheme.textPrimary, fontSize: 14),
                                    ^^^^^^^^
lib/screens/facturacion/productos_screen.dart:4564:28:
Error: The getter 'AppTheme' isn't defined for the type '_ProductosScreenState'.
 - '_ProductosScreenState' is from 'package:vercy_motos/screens/facturacion/productos_screen.dart' ('lib/screens/facturacion/productos_screen.dart').
            dropdownColor: AppTheme.surfaceDark,
                           ^^^^^^^^
lib/screens/facturacion/productos_screen.dart:4570:26:
Error: The getter 'AppTheme' isn't defined for the type '_ProductosScreenState'.
 - '_ProductosScreenState' is from 'package:vercy_motos/screens/facturacion/productos_screen.dart' ('lib/screens/facturacion/productos_screen.dart').
              fillColor: AppTheme.surfaceDark,
                         ^^^^^^^^
lib/screens/facturacion/productos_screen.dart:4580:5:
Error: 'Producto' isn't a type.
    Producto producto, {
    ^^^^^^^^
lib/screens/facturacion/productos_screen.dart:4696:5:
Error: 'Producto' isn't a type.
    Producto producto,
    ^^^^^^^^
lib/screens/cartera/cartera_screen.dart:23:9:
Error: 'CarteraService' isn't a type.
  final CarteraService _carteraService = CarteraService();
        ^^^^^^^^^^^^^^
lib/screens/cartera/cartera_screen.dart:23:42:
Error: Method not found: 'CarteraService'.
  final CarteraService _carteraService = CarteraService();
                                         ^^^^^^^^^^^^^^
lib/screens/cartera/cartera_screen.dart:25:3:
Error: 'ResumenCartera' isn't a type.
  ResumenCartera? resumen;
  ^^^^^^^^^^^^^^
lib/screens/cartera/cartera_screen.dart:77:65:
Error: Not a constant expression.
                  MaterialPageRoute(builder: (context) => const AlertasScreen()),
                                                                ^^^^^^^^^^^^^
lib/screens/cartera/cartera_screen.dart:68:28:
Error: The getter 'AppTheme' isn't defined for the type '_CarteraScreenState'.
 - '_CarteraScreenState' is from 'package:vercy_motos/screens/cartera/cartera_screen.dart' ('lib/screens/cartera/cartera_screen.dart').
          backgroundColor: AppTheme.primary,
                           ^^^^^^^^
lib/screens/cartera/cartera_screen.dart:69:28:
Error: The getter 'AppTheme' isn't defined for the type '_CarteraScreenState'.
 - '_CarteraScreenState' is from 'package:vercy_motos/screens/cartera/cartera_screen.dart' ('lib/screens/cartera/cartera_screen.dart').
          foregroundColor: AppTheme.white,
                           ^^^^^^^^
lib/screens/cartera/cartera_screen.dart:64:12:
Error: The method 'VercySidebarLayout' isn't defined for the type '_CarteraScreenState'.
 - '_CarteraScreenState' is from 'package:vercy_motos/screens/cartera/cartera_screen.dart' ('lib/screens/cartera/cartera_screen.dart').
    return VercySidebarLayout(
           ^^^^^^^^^^^^^^^^^^
lib/screens/cartera/cartera_screen.dart:101:60:
Error: Not a constant expression.
          const Icon(Icons.error_outline, size: 64, color: AppTheme.error),
                                                           ^^^^^^^^
lib/screens/cartera/cartera_screen.dart:183:23:
Error: The getter 'AppTheme' isn't defined for the type '_CarteraScreenState'.
 - '_CarteraScreenState' is from 'package:vercy_motos/screens/cartera/cartera_screen.dart' ('lib/screens/cartera/cartera_screen.dart').
                    ? AppTheme.success.withOpacity(0.1)
                      ^^^^^^^^
lib/screens/cartera/cartera_screen.dart:184:23:
Error: The getter 'AppTheme' isn't defined for the type '_CarteraScreenState'.
 - '_CarteraScreenState' is from 'package:vercy_motos/screens/cartera/cartera_screen.dart' ('lib/screens/cartera/cartera_screen.dart').
                    : AppTheme.error.withOpacity(0.1),
                      ^^^^^^^^
lib/screens/cartera/cartera_screen.dart:194:21:
Error: The getter 'CurrencyUtils' isn't defined for the type '_CarteraScreenState'.
 - '_CarteraScreenState' is from 'package:vercy_motos/screens/cartera/cartera_screen.dart' ('lib/screens/cartera/cartera_screen.dart').
                    CurrencyUtils.format(resumen?.flujoNetoEstimado ?? 0),
                    ^^^^^^^^^^^^^
lib/screens/cartera/cartera_screen.dart:197:29:
Error: The getter 'AppTheme' isn't defined for the type '_CarteraScreenState'.
 - '_CarteraScreenState' is from 'package:vercy_motos/screens/cartera/cartera_screen.dart' ('lib/screens/cartera/cartera_screen.dart').
                          ? AppTheme.success
                            ^^^^^^^^
lib/screens/cartera/cartera_screen.dart:198:29:
Error: The getter 'AppTheme' isn't defined for the type '_CarteraScreenState'.
 - '_CarteraScreenState' is from 'package:vercy_motos/screens/cartera/cartera_screen.dart' ('lib/screens/cartera/cartera_screen.dart').
                          : AppTheme.error,
                            ^^^^^^^^
lib/screens/cartera/cartera_screen.dart:216:21:
Error: The getter 'AppTheme' isn't defined for the type '_CarteraScreenState'.
 - '_CarteraScreenState' is from 'package:vercy_motos/screens/cartera/cartera_screen.dart' ('lib/screens/cartera/cartera_screen.dart').
                    AppTheme.success,
                    ^^^^^^^^
lib/screens/cartera/cartera_screen.dart:225:21:
Error: The getter 'AppTheme' isn't defined for the type '_CarteraScreenState'.
 - '_CarteraScreenState' is from 'package:vercy_motos/screens/cartera/cartera_screen.dart' ('lib/screens/cartera/cartera_screen.dart').
                    AppTheme.warning,
                    ^^^^^^^^
lib/screens/cartera/cartera_screen.dart:240:21:
Error: The getter 'AppTheme' isn't defined for the type '_CarteraScreenState'.
 - '_CarteraScreenState' is from 'package:vercy_motos/screens/cartera/cartera_screen.dart' ('lib/screens/cartera/cartera_screen.dart').
                    AppTheme.primary,
                    ^^^^^^^^
lib/screens/cartera/cartera_screen.dart:251:27:
Error: The getter 'AppTheme' isn't defined for the type '_CarteraScreenState'.
 - '_CarteraScreenState' is from 'package:vercy_motos/screens/cartera/cartera_screen.dart' ('lib/screens/cartera/cartera_screen.dart').
                        ? AppTheme.success
                          ^^^^^^^^
lib/screens/cartera/cartera_screen.dart:252:27:
Error: The getter 'AppTheme' isn't defined for the type '_CarteraScreenState'.
 - '_CarteraScreenState' is from 'package:vercy_motos/screens/cartera/cartera_screen.dart' ('lib/screens/cartera/cartera_screen.dart').
                        : AppTheme.error,
                          ^^^^^^^^
lib/screens/cartera/cartera_screen.dart:285:13:
Error: The getter 'CurrencyUtils' isn't defined for the type '_CarteraScreenState'.
 - '_CarteraScreenState' is from 'package:vercy_motos/screens/cartera/cartera_screen.dart' ('lib/screens/cartera/cartera_screen.dart').
            CurrencyUtils.formatShort(value),
            ^^^^^^^^^^^^^
lib/screens/cartera/cartera_screen.dart:300:14:
Error: The getter 'AppTheme' isn't defined for the type '_CarteraScreenState'.
 - '_CarteraScreenState' is from 'package:vercy_motos/screens/cartera/cartera_screen.dart' ('lib/screens/cartera/cartera_screen.dart').
      color: AppTheme.error.withOpacity(0.05),
             ^^^^^^^^
lib/screens/cartera/cartera_screen.dart:308:44:
Error: The getter 'AppTheme' isn't defined for the type '_CarteraScreenState'.
 - '_CarteraScreenState' is from 'package:vercy_motos/screens/cartera/cartera_screen.dart' ('lib/screens/cartera/cartera_screen.dart').
                Icon(Icons.warning, color: AppTheme.error),
                                           ^^^^^^^^
lib/screens/cartera/cartera_screen.dart:313:28:
Error: The getter 'AppTheme' isn't defined for the type '_CarteraScreenState'.
 - '_CarteraScreenState' is from 'package:vercy_motos/screens/cartera/cartera_screen.dart' ('lib/screens/cartera/cartera_screen.dart').
                    color: AppTheme.error,
                           ^^^^^^^^
lib/screens/cartera/cartera_screen.dart:325:17:
Error: The getter 'AppTheme' isn't defined for the type '_CarteraScreenState'.
 - '_CarteraScreenState' is from 'package:vercy_motos/screens/cartera/cartera_screen.dart' ('lib/screens/cartera/cartera_screen.dart').
                AppTheme.error,
                ^^^^^^^^
lib/screens/cartera/cartera_screen.dart:332:17:
Error: The getter 'AppTheme' isn't defined for the type '_CarteraScreenState'.
 - '_CarteraScreenState' is from 'package:vercy_motos/screens/cartera/cartera_screen.dart' ('lib/screens/cartera/cartera_screen.dart').
                AppTheme.warning,
                ^^^^^^^^
lib/screens/cartera/cartera_screen.dart:409:49:
Error: Not a constant expression.
                    builder: (context) => const GastosProgramadosScreen(),
                                                ^^^^^^^^^^^^^^^^^^^^^^^
lib/screens/cartera/cartera_screen.dart:423:49:
Error: Not a constant expression.
                    builder: (context) => const AlertasScreen(),
                                                ^^^^^^^^^^^^^
lib/screens/cartera/cartera_screen.dart:494:21:
Error: The getter 'CurrencyUtils' isn't defined for the type '_CarteraScreenState'.
 - '_CarteraScreenState' is from 'package:vercy_motos/screens/cartera/cartera_screen.dart' ('lib/screens/cartera/cartera_screen.dart').
                    CurrencyUtils.format(cuenta.saldoPendiente),
                    ^^^^^^^^^^^^^
lib/screens/cartera/cartera_screen.dart:534:21:
Error: The getter 'CurrencyUtils' isn't defined for the type '_CarteraScreenState'.
 - '_CarteraScreenState' is from 'package:vercy_motos/screens/cartera/cartera_screen.dart' ('lib/screens/cartera/cartera_screen.dart').
                    CurrencyUtils.format(gasto.montoEstimado),
                    ^^^^^^^^^^^^^
lib/screens/cartera/cuentas_por_cobrar_screen.dart:20:9:
Error: 'CarteraService' isn't a type.
  final CarteraService _carteraService = CarteraService();
        ^^^^^^^^^^^^^^
lib/screens/cartera/cuentas_por_cobrar_screen.dart:20:42:
Error: Method not found: 'CarteraService'.
  final CarteraService _carteraService = CarteraService();
                                         ^^^^^^^^^^^^^^
lib/screens/cartera/cuentas_por_cobrar_screen.dart:21:9:
Error: 'PedidoService' isn't a type.
  final PedidoService _pedidoService = PedidoService();
        ^^^^^^^^^^^^^
lib/screens/cartera/cuentas_por_cobrar_screen.dart:21:40:
Error: Method not found: 'PedidoService'.
  final PedidoService _pedidoService = PedidoService();
                                       ^^^^^^^^^^^^^
lib/screens/cartera/cuentas_por_cobrar_screen.dart:23:8:
Error: 'CuentaPorCobrar' isn't a type.
  List<CuentaPorCobrar> cuentas = [];
       ^^^^^^^^^^^^^^^
lib/screens/cartera/cuentas_por_cobrar_screen.dart:24:8:
Error: 'CuentaPorCobrar' isn't a type.
  List<CuentaPorCobrar> cuentasFiltradas = [];
       ^^^^^^^^^^^^^^^
lib/screens/cartera/cuentas_por_cobrar_screen.dart:25:8:
Error: 'Pedido' isn't a type.
  List<Pedido> deudas = []; // ✅ Deudas de facturación
       ^^^^^^
lib/screens/cartera/cuentas_por_cobrar_screen.dart:28:3:
Error: 'EstadoCuenta' isn't a type.
  EstadoCuenta? filtroEstado;
  ^^^^^^^^^^^^
lib/screens/cartera/cuentas_por_cobrar_screen.dart:58:62:
Error: 'CuentaPorCobrar' isn't a type.
      final cuentasResponse = results[0] as ApiResponse<List<CuentaPorCobrar>>;
                                                             ^^^^^^^^^^^^^^^
lib/screens/cartera/cuentas_por_cobrar_screen.dart:58:45:
Error: 'ApiResponse' isn't a type.
      final cuentasResponse = results[0] as ApiResponse<List<CuentaPorCobrar>>;
                                            ^^^^^^^^^^^
lib/screens/cartera/cuentas_por_cobrar_screen.dart:59:45:
Error: 'Pedido' isn't a type.
      final deudasList = results[1] as List<Pedido>;
                                            ^^^^^^
lib/screens/cartera/cuentas_por_cobrar_screen.dart:53:41:
Error: The argument type 'List<dynamic>' can't be assigned to the parameter type 'Iterable<Future<dynamic>>'.
 - 'List' is from 'dart:core'.
 - 'Iterable' is from 'dart:core'.
 - 'Future' is from 'dart:async'.
      final results = await Future.wait([
                                        ^
lib/screens/cartera/cuentas_por_cobrar_screen.dart:84:10:
Error: 'CuentaPorCobrar' isn't a type.
    List<CuentaPorCobrar> resultado = List.from(cuentas);
         ^^^^^^^^^^^^^^^
lib/screens/cartera/cuentas_por_cobrar_screen.dart:89:37:
Error: The getter 'estado' isn't defined for the type 'Object?'.
 - 'Object' is from 'dart:core'.
          .where((cuenta) => cuenta.estado == filtroEstado)
                                    ^^^^^^
lib/screens/cartera/cuentas_por_cobrar_screen.dart:96:23:
Error: The getter 'clienteNombre' isn't defined for the type 'Object?'.
 - 'Object' is from 'dart:core'.
        return cuenta.clienteNombre.toLowerCase().contains(
                      ^^^^^^^^^^^^^
lib/screens/cartera/cuentas_por_cobrar_screen.dart:99:20:
Error: The getter 'facturaId' isn't defined for the type 'Object?'.
 - 'Object' is from 'dart:core'.
            cuenta.facturaId.toLowerCase().contains(busqueda.toLowerCase());
                   ^^^^^^^^^
lib/screens/cartera/cuentas_por_cobrar_screen.dart:104:32:
Error: The getter 'fechaVencimiento' isn't defined for the type 'Object?'.
 - 'Object' is from 'dart:core'.
    resultado.sort((a, b) => a.fechaVencimiento.compareTo(b.fechaVencimiento));
                               ^^^^^^^^^^^^^^^^
lib/screens/cartera/cuentas_por_cobrar_screen.dart:104:61:
Error: The getter 'fechaVencimiento' isn't defined for the type 'Object?'.
 - 'Object' is from 'dart:core'.
    resultado.sort((a, b) => a.fechaVencimiento.compareTo(b.fechaVencimiento));
                                                            ^^^^^^^^^^^^^^^^
lib/screens/cartera/cuentas_por_cobrar_screen.dart:111:32:
Error: 'CuentaPorCobrar' isn't a type.
  Future<void> _registrarAbono(CuentaPorCobrar cuenta) async {
                               ^^^^^^^^^^^^^^^
lib/screens/cartera/cuentas_por_cobrar_screen.dart:160:38:
Error: Not a constant expression.
                    backgroundColor: AppTheme.error,
                                     ^^^^^^^^
lib/screens/cartera/cuentas_por_cobrar_screen.dart:117:26:
Error: The getter 'AppTheme' isn't defined for the type '_CuentasPorCobrarScreenState'.
 - '_CuentasPorCobrarScreenState' is from 'package:vercy_motos/screens/cartera/cuentas_por_cobrar_screen.dart' ('lib/screens/cartera/cuentas_por_cobrar_screen.dart').
        backgroundColor: AppTheme.cardBg,
                         ^^^^^^^^
lib/screens/cartera/cuentas_por_cobrar_screen.dart:120:35:
Error: The getter 'AppTheme' isn't defined for the type '_CuentasPorCobrarScreenState'.
 - '_CuentasPorCobrarScreenState' is from 'package:vercy_motos/screens/cartera/cuentas_por_cobrar_screen.dart' ('lib/screens/cartera/cuentas_por_cobrar_screen.dart').
          style: TextStyle(color: AppTheme.textPrimary),
                                  ^^^^^^^^
lib/screens/cartera/cuentas_por_cobrar_screen.dart:127:35:
Error: The getter 'CurrencyUtils' isn't defined for the type '_CuentasPorCobrarScreenState'.
 - '_CuentasPorCobrarScreenState' is from 'package:vercy_motos/screens/cartera/cuentas_por_cobrar_screen.dart' ('lib/screens/cartera/cuentas_por_cobrar_screen.dart').
              'Saldo pendiente: ${CurrencyUtils.format(cuenta.saldoPendiente)}',
                                  ^^^^^^^^^^^^^
lib/screens/cartera/cuentas_por_cobrar_screen.dart:128:39:
Error: The getter 'AppTheme' isn't defined for the type '_CuentasPorCobrarScreenState'.
 - '_CuentasPorCobrarScreenState' is from 'package:vercy_motos/screens/cartera/cuentas_por_cobrar_screen.dart' ('lib/screens/cartera/cuentas_por_cobrar_screen.dart').
              style: TextStyle(color: AppTheme.textPrimary),
                                      ^^^^^^^^
lib/screens/cartera/cuentas_por_cobrar_screen.dart:134:39:
Error: The getter 'AppTheme' isn't defined for the type '_CuentasPorCobrarScreenState'.
 - '_CuentasPorCobrarScreenState' is from 'package:vercy_motos/screens/cartera/cuentas_por_cobrar_screen.dart' ('lib/screens/cartera/cuentas_por_cobrar_screen.dart').
              style: TextStyle(color: AppTheme.textPrimary),
                                      ^^^^^^^^
lib/screens/cartera/cuentas_por_cobrar_screen.dart:176:31:
Error: 'CuentaPorCobrar' isn't a type.
  Future<void> _procesarAbono(CuentaPorCobrar cuenta, double monto) async {
                              ^^^^^^^^^^^^^^^
lib/screens/cartera/cuentas_por_cobrar_screen.dart:187:30:
Error: Not a constant expression.
            backgroundColor: AppTheme.primary,
                             ^^^^^^^^
lib/screens/cartera/cuentas_por_cobrar_screen.dart:195:30:
Error: The getter 'AppTheme' isn't defined for the type '_CuentasPorCobrarScreenState'.
 - '_CuentasPorCobrarScreenState' is from 'package:vercy_motos/screens/cartera/cuentas_por_cobrar_screen.dart' ('lib/screens/cartera/cuentas_por_cobrar_screen.dart').
            backgroundColor: AppTheme.error,
                             ^^^^^^^^
lib/screens/cartera/cuentas_por_cobrar_screen.dart:203:28:
Error: The getter 'AppTheme' isn't defined for the type '_CuentasPorCobrarScreenState'.
 - '_CuentasPorCobrarScreenState' is from 'package:vercy_motos/screens/cartera/cuentas_por_cobrar_screen.dart' ('lib/screens/cartera/cuentas_por_cobrar_screen.dart').
          backgroundColor: AppTheme.error,
                           ^^^^^^^^
lib/screens/cartera/cuentas_por_cobrar_screen.dart:215:28:
Error: The getter 'AppTheme' isn't defined for the type '_CuentasPorCobrarScreenState'.
 - '_CuentasPorCobrarScreenState' is from 'package:vercy_motos/screens/cartera/cuentas_por_cobrar_screen.dart' ('lib/screens/cartera/cuentas_por_cobrar_screen.dart').
          backgroundColor: AppTheme.primary,
                           ^^^^^^^^
lib/screens/cartera/cuentas_por_cobrar_screen.dart:216:28:
Error: The getter 'AppTheme' isn't defined for the type '_CuentasPorCobrarScreenState'.
 - '_CuentasPorCobrarScreenState' is from 'package:vercy_motos/screens/cartera/cuentas_por_cobrar_screen.dart' ('lib/screens/cartera/cuentas_por_cobrar_screen.dart').
          foregroundColor: AppTheme.white,
                           ^^^^^^^^
lib/screens/cartera/cuentas_por_cobrar_screen.dart:229:22:
Error: The getter 'AppTheme' isn't defined for the type '_CuentasPorCobrarScreenState'.
 - '_CuentasPorCobrarScreenState' is from 'package:vercy_motos/screens/cartera/cuentas_por_cobrar_screen.dart' ('lib/screens/cartera/cuentas_por_cobrar_screen.dart').
              color: AppTheme.primary,
                     ^^^^^^^^
lib/screens/cartera/cuentas_por_cobrar_screen.dart:240:34:
Error: The getter 'AppTheme' isn't defined for the type '_CuentasPorCobrarScreenState'.
 - '_CuentasPorCobrarScreenState' is from 'package:vercy_motos/screens/cartera/cuentas_por_cobrar_screen.dart' ('lib/screens/cartera/cuentas_por_cobrar_screen.dart').
                      fillColor: AppTheme.white,
                                 ^^^^^^^^
lib/screens/cartera/cuentas_por_cobrar_screen.dart:260:56:
Error: The getter 'EstadoCuenta' isn't defined for the type '_CuentasPorCobrarScreenState'.
 - '_CuentasPorCobrarScreenState' is from 'package:vercy_motos/screens/cartera/cuentas_por_cobrar_screen.dart' ('lib/screens/cartera/cuentas_por_cobrar_screen.dart').
                        _buildFiltroChip('Pendientes', EstadoCuenta.PENDIENTE),
                                                       ^^^^^^^^^^^^
lib/screens/cartera/cuentas_por_cobrar_screen.dart:262:54:
Error: The getter 'EstadoCuenta' isn't defined for the type '_CuentasPorCobrarScreenState'.
 - '_CuentasPorCobrarScreenState' is from 'package:vercy_motos/screens/cartera/cuentas_por_cobrar_screen.dart' ('lib/screens/cartera/cuentas_por_cobrar_screen.dart').
                        _buildFiltroChip('Vencidas', EstadoCuenta.VENCIDA),
                                                     ^^^^^^^^^^^^
lib/screens/cartera/cuentas_por_cobrar_screen.dart:264:54:
Error: The getter 'EstadoCuenta' isn't defined for the type '_CuentasPorCobrarScreenState'.
 - '_CuentasPorCobrarScreenState' is from 'package:vercy_motos/screens/cartera/cuentas_por_cobrar_screen.dart' ('lib/screens/cartera/cuentas_por_cobrar_screen.dart').
                        _buildFiltroChip('Abonadas', EstadoCuenta.ABONADA),
                                                     ^^^^^^^^^^^^
lib/screens/cartera/cuentas_por_cobrar_screen.dart:266:53:
Error: The getter 'EstadoCuenta' isn't defined for the type '_CuentasPorCobrarScreenState'.
 - '_CuentasPorCobrarScreenState' is from 'package:vercy_motos/screens/cartera/cuentas_por_cobrar_screen.dart' ('lib/screens/cartera/cuentas_por_cobrar_screen.dart').
                        _buildFiltroChip('Pagadas', EstadoCuenta.PAGADA),
                                                    ^^^^^^^^^^^^
lib/screens/cartera/cuentas_por_cobrar_screen.dart:211:12:
Error: The method 'VercySidebarLayout' isn't defined for the type '_CuentasPorCobrarScreenState'.
 - '_CuentasPorCobrarScreenState' is from 'package:vercy_motos/screens/cartera/cuentas_por_cobrar_screen.dart' ('lib/screens/cartera/cuentas_por_cobrar_screen.dart').
    return VercySidebarLayout(
           ^^^^^^^^^^^^^^^^^^
lib/screens/cartera/cuentas_por_cobrar_screen.dart:288:41:
Error: 'EstadoCuenta' isn't a type.
  Widget _buildFiltroChip(String label, EstadoCuenta? estado) {
                                        ^^^^^^^^^^^^
lib/screens/cartera/cuentas_por_cobrar_screen.dart:299:24:
Error: The getter 'AppTheme' isn't defined for the type '_CuentasPorCobrarScreenState'.
 - '_CuentasPorCobrarScreenState' is from 'package:vercy_motos/screens/cartera/cuentas_por_cobrar_screen.dart' ('lib/screens/cartera/cuentas_por_cobrar_screen.dart').
      backgroundColor: AppTheme.white,
                       ^^^^^^^^
lib/screens/cartera/cuentas_por_cobrar_screen.dart:300:22:
Error: The getter 'AppTheme' isn't defined for the type '_CuentasPorCobrarScreenState'.
 - '_CuentasPorCobrarScreenState' is from 'package:vercy_motos/screens/cartera/cuentas_por_cobrar_screen.dart' ('lib/screens/cartera/cuentas_por_cobrar_screen.dart').
      selectedColor: AppTheme.white,
                     ^^^^^^^^
lib/screens/cartera/cuentas_por_cobrar_screen.dart:301:23:
Error: The getter 'AppTheme' isn't defined for the type '_CuentasPorCobrarScreenState'.
 - '_CuentasPorCobrarScreenState' is from 'package:vercy_motos/screens/cartera/cuentas_por_cobrar_screen.dart' ('lib/screens/cartera/cuentas_por_cobrar_screen.dart').
      checkmarkColor: AppTheme.primary,
                      ^^^^^^^^
lib/screens/cartera/cuentas_por_cobrar_screen.dart:310:60:
Error: Not a constant expression.
          const Icon(Icons.error_outline, size: 64, color: AppTheme.error),
                                                           ^^^^^^^^
lib/screens/cartera/cuentas_por_cobrar_screen.dart:344:22:
Error: Not a constant expression.
              color: AppTheme.metal,
                     ^^^^^^^^
lib/screens/cartera/cuentas_por_cobrar_screen.dart:379:17:
Error: The getter 'AppTheme' isn't defined for the type '_CuentasPorCobrarScreenState'.
 - '_CuentasPorCobrarScreenState' is from 'package:vercy_motos/screens/cartera/cuentas_por_cobrar_screen.dart' ('lib/screens/cartera/cuentas_por_cobrar_screen.dart').
                AppTheme.secondary,
                ^^^^^^^^
lib/screens/cartera/cuentas_por_cobrar_screen.dart:397:17:
Error: The getter 'AppTheme' isn't defined for the type '_CuentasPorCobrarScreenState'.
 - '_CuentasPorCobrarScreenState' is from 'package:vercy_motos/screens/cartera/cuentas_por_cobrar_screen.dart' ('lib/screens/cartera/cuentas_por_cobrar_screen.dart').
                AppTheme.primaryLight,
                ^^^^^^^^
lib/screens/cartera/cuentas_por_cobrar_screen.dart:416:37:
Error: The getter 'saldoPendiente' isn't defined for the type 'Object?'.
 - 'Object' is from 'dart:core'.
      (sum, cuenta) => sum + cuenta.saldoPendiente,
                                    ^^^^^^^^^^^^^^
lib/screens/cartera/cuentas_por_cobrar_screen.dart:421:35:
Error: The getter 'total' isn't defined for the type 'Object?'.
 - 'Object' is from 'dart:core'.
      (sum, deuda) => sum + deuda.total,
                                  ^^^^^
lib/screens/cartera/cuentas_por_cobrar_screen.dart:426:54:
Error: The getter 'estaVencida' isn't defined for the type 'Object?'.
 - 'Object' is from 'dart:core'.
    final vencidas = cuentasFiltradas.where((c) => c.estaVencida).length;
                                                     ^^^^^^^^^^^
lib/screens/cartera/cuentas_por_cobrar_screen.dart:428:25:
Error: The getter 'proximaAVencer' isn't defined for the type 'Object?'.
 - 'Object' is from 'dart:core'.
        .where((c) => c.proximaAVencer)
                        ^^^^^^^^^^^^^^
lib/screens/cartera/cuentas_por_cobrar_screen.dart:451:19:
Error: The getter 'CurrencyUtils' isn't defined for the type '_CuentasPorCobrarScreenState'.
 - '_CuentasPorCobrarScreenState' is from 'package:vercy_motos/screens/cartera/cuentas_por_cobrar_screen.dart' ('lib/screens/cartera/cuentas_por_cobrar_screen.dart').
                  CurrencyUtils.format(total),
                  ^^^^^^^^^^^^^
lib/screens/cartera/cuentas_por_cobrar_screen.dart:453:19:
Error: The getter 'AppTheme' isn't defined for the type '_CuentasPorCobrarScreenState'.
 - '_CuentasPorCobrarScreenState' is from 'package:vercy_motos/screens/cartera/cuentas_por_cobrar_screen.dart' ('lib/screens/cartera/cuentas_por_cobrar_screen.dart').
                  AppTheme.primary,
                  ^^^^^^^^
lib/screens/cartera/cuentas_por_cobrar_screen.dart:459:19:
Error: The getter 'AppTheme' isn't defined for the type '_CuentasPorCobrarScreenState'.
 - '_CuentasPorCobrarScreenState' is from 'package:vercy_motos/screens/cartera/cuentas_por_cobrar_screen.dart' ('lib/screens/cartera/cuentas_por_cobrar_screen.dart').
                  AppTheme.primaryLight,
                  ^^^^^^^^
lib/screens/cartera/cuentas_por_cobrar_screen.dart:465:19:
Error: The getter 'AppTheme' isn't defined for the type '_CuentasPorCobrarScreenState'.
 - '_CuentasPorCobrarScreenState' is from 'package:vercy_motos/screens/cartera/cuentas_por_cobrar_screen.dart' ('lib/screens/cartera/cuentas_por_cobrar_screen.dart').
                  AppTheme.error,
                  ^^^^^^^^
lib/screens/cartera/cuentas_por_cobrar_screen.dart:471:19:
Error: The getter 'AppTheme' isn't defined for the type '_CuentasPorCobrarScreenState'.
 - '_CuentasPorCobrarScreenState' is from 'package:vercy_motos/screens/cartera/cuentas_por_cobrar_screen.dart' ('lib/screens/cartera/cuentas_por_cobrar_screen.dart').
                  AppTheme.secondary,
                  ^^^^^^^^
lib/screens/cartera/cuentas_por_cobrar_screen.dart:503:27:
Error: 'CuentaPorCobrar' isn't a type.
  Widget _buildCuentaCard(CuentaPorCobrar cuenta) {
                          ^^^^^^^^^^^^^^^
lib/screens/cartera/cuentas_por_cobrar_screen.dart:508:12:
Error: Not a constant expression.
      case EstadoCuenta.VENCIDA:
           ^^^^^^^^^^^^
lib/screens/cartera/cuentas_por_cobrar_screen.dart:512:12:
Error: Not a constant expression.
      case EstadoCuenta.PENDIENTE:
           ^^^^^^^^^^^^
lib/screens/cartera/cuentas_por_cobrar_screen.dart:518:12:
Error: Not a constant expression.
      case EstadoCuenta.ABONADA:
           ^^^^^^^^^^^^
lib/screens/cartera/cuentas_por_cobrar_screen.dart:522:12:
Error: Not a constant expression.
      case EstadoCuenta.PAGADA:
           ^^^^^^^^^^^^
lib/screens/cartera/cuentas_por_cobrar_screen.dart:509:23:
Error: The getter 'AppTheme' isn't defined for the type '_CuentasPorCobrarScreenState'.
 - '_CuentasPorCobrarScreenState' is from 'package:vercy_motos/screens/cartera/cuentas_por_cobrar_screen.dart' ('lib/screens/cartera/cuentas_por_cobrar_screen.dart').
        estadoColor = AppTheme.error;
                      ^^^^^^^^
lib/screens/cartera/cuentas_por_cobrar_screen.dart:514:15:
Error: The getter 'AppTheme' isn't defined for the type '_CuentasPorCobrarScreenState'.
 - '_CuentasPorCobrarScreenState' is from 'package:vercy_motos/screens/cartera/cuentas_por_cobrar_screen.dart' ('lib/screens/cartera/cuentas_por_cobrar_screen.dart').
            ? AppTheme.secondary
              ^^^^^^^^
lib/screens/cartera/cuentas_por_cobrar_screen.dart:515:15:
Error: The getter 'AppTheme' isn't defined for the type '_CuentasPorCobrarScreenState'.
 - '_CuentasPorCobrarScreenState' is from 'package:vercy_motos/screens/cartera/cuentas_por_cobrar_screen.dart' ('lib/screens/cartera/cuentas_por_cobrar_screen.dart').
            : AppTheme.primary;
              ^^^^^^^^
lib/screens/cartera/cuentas_por_cobrar_screen.dart:519:23:
Error: The getter 'AppTheme' isn't defined for the type '_CuentasPorCobrarScreenState'.
 - '_CuentasPorCobrarScreenState' is from 'package:vercy_motos/screens/cartera/cuentas_por_cobrar_screen.dart' ('lib/screens/cartera/cuentas_por_cobrar_screen.dart').
        estadoColor = AppTheme.primaryLight;
                      ^^^^^^^^
lib/screens/cartera/cuentas_por_cobrar_screen.dart:523:23:
Error: The getter 'AppTheme' isn't defined for the type '_CuentasPorCobrarScreenState'.
 - '_CuentasPorCobrarScreenState' is from 'package:vercy_motos/screens/cartera/cuentas_por_cobrar_screen.dart' ('lib/screens/cartera/cuentas_por_cobrar_screen.dart').
        estadoColor = AppTheme.primary;
                      ^^^^^^^^
lib/screens/cartera/cuentas_por_cobrar_screen.dart:560:40:
Error: Method 'withOpacity' cannot be called on 'Color?' because it is potentially null.
 - 'Color' is from 'dart:ui'.
                    color: estadoColor.withOpacity(0.1),
                                       ^^^^^^^^^^^
lib/screens/cartera/cuentas_por_cobrar_screen.dart:566:28:
Error: Non-nullable variable 'estadoIcon' must be assigned before it can be used.
                      Icon(estadoIcon, size: 14, color: estadoColor),
                           ^^^^^^^^^^
lib/screens/cartera/cuentas_por_cobrar_screen.dart:592:33:
Error: The getter 'CurrencyUtils' isn't defined for the type '_CuentasPorCobrarScreenState'.
 - '_CuentasPorCobrarScreenState' is from 'package:vercy_motos/screens/cartera/cuentas_por_cobrar_screen.dart' ('lib/screens/cartera/cuentas_por_cobrar_screen.dart').
                      'Total: ${CurrencyUtils.format(cuenta.montoTotal)}',
                                ^^^^^^^^^^^^^
lib/screens/cartera/cuentas_por_cobrar_screen.dart:597:37:
Error: The getter 'CurrencyUtils' isn't defined for the type '_CuentasPorCobrarScreenState'.
 - '_CuentasPorCobrarScreenState' is from 'package:vercy_motos/screens/cartera/cuentas_por_cobrar_screen.dart' ('lib/screens/cartera/cuentas_por_cobrar_screen.dart').
                        'Abonado: ${CurrencyUtils.format(cuenta.montoAbonado)}',
                                    ^^^^^^^^^^^^^
lib/screens/cartera/cuentas_por_cobrar_screen.dart:601:34:
Error: The getter 'AppTheme' isn't defined for the type '_CuentasPorCobrarScreenState'.
 - '_CuentasPorCobrarScreenState' is from 'package:vercy_motos/screens/cartera/cuentas_por_cobrar_screen.dart' ('lib/screens/cartera/cuentas_por_cobrar_screen.dart').
                          color: AppTheme.primary,
                                 ^^^^^^^^
lib/screens/cartera/cuentas_por_cobrar_screen.dart:607:19:
Error: The getter 'CurrencyUtils' isn't defined for the type '_CuentasPorCobrarScreenState'.
 - '_CuentasPorCobrarScreenState' is from 'package:vercy_motos/screens/cartera/cuentas_por_cobrar_screen.dart' ('lib/screens/cartera/cuentas_por_cobrar_screen.dart').
                  CurrencyUtils.format(cuenta.saldoPendiente),
                  ^^^^^^^^^^^^^
lib/screens/cartera/cuentas_por_cobrar_screen.dart:621:34:
Error: The getter 'AppTheme' isn't defined for the type '_CuentasPorCobrarScreenState'.
 - '_CuentasPorCobrarScreenState' is from 'package:vercy_motos/screens/cartera/cuentas_por_cobrar_screen.dart' ('lib/screens/cartera/cuentas_por_cobrar_screen.dart').
                backgroundColor: AppTheme.surfaceDark,
                                 ^^^^^^^^
lib/screens/cartera/cuentas_por_cobrar_screen.dart:624:25:
Error: The getter 'AppTheme' isn't defined for the type '_CuentasPorCobrarScreenState'.
 - '_CuentasPorCobrarScreenState' is from 'package:vercy_motos/screens/cartera/cuentas_por_cobrar_screen.dart' ('lib/screens/cartera/cuentas_por_cobrar_screen.dart').
                      ? AppTheme.primary
                        ^^^^^^^^
lib/screens/cartera/cuentas_por_cobrar_screen.dart:625:25:
Error: The getter 'AppTheme' isn't defined for the type '_CuentasPorCobrarScreenState'.
 - '_CuentasPorCobrarScreenState' is from 'package:vercy_motos/screens/cartera/cuentas_por_cobrar_screen.dart' ('lib/screens/cartera/cuentas_por_cobrar_screen.dart').
                      : AppTheme.secondary,
                        ^^^^^^^^
lib/screens/cartera/cuentas_por_cobrar_screen.dart:661:34:
Error: The getter 'EstadoCuenta' isn't defined for the type '_CuentasPorCobrarScreenState'.
 - '_CuentasPorCobrarScreenState' is from 'package:vercy_motos/screens/cartera/cuentas_por_cobrar_screen.dart' ('lib/screens/cartera/cuentas_por_cobrar_screen.dart').
            if (cuenta.estado != EstadoCuenta.PAGADA &&
                                 ^^^^^^^^^^^^
lib/screens/cartera/cuentas_por_cobrar_screen.dart:687:40:
Error: The getter 'AppTheme' isn't defined for the type '_CuentasPorCobrarScreenState'.
 - '_CuentasPorCobrarScreenState' is from 'package:vercy_motos/screens/cartera/cuentas_por_cobrar_screen.dart' ('lib/screens/cartera/cuentas_por_cobrar_screen.dart').
                      backgroundColor: AppTheme.primary,
                                       ^^^^^^^^
lib/screens/cartera/cuentas_por_cobrar_screen.dart:688:40:
Error: The getter 'AppTheme' isn't defined for the type '_CuentasPorCobrarScreenState'.
 - '_CuentasPorCobrarScreenState' is from 'package:vercy_motos/screens/cartera/cuentas_por_cobrar_screen.dart' ('lib/screens/cartera/cuentas_por_cobrar_screen.dart').
                      foregroundColor: AppTheme.white,
                                       ^^^^^^^^
lib/screens/cartera/cuentas_por_cobrar_screen.dart:742:26:
Error: 'Pedido' isn't a type.
  Widget _buildDeudaCard(Pedido deuda) {
                         ^^^^^^
lib/screens/cartera/cuentas_por_cobrar_screen.dart:751:33:
Error: The getter 'AppTheme' isn't defined for the type '_CuentasPorCobrarScreenState'.
 - '_CuentasPorCobrarScreenState' is from 'package:vercy_motos/screens/cartera/cuentas_por_cobrar_screen.dart' ('lib/screens/cartera/cuentas_por_cobrar_screen.dart').
        side: BorderSide(color: AppTheme.secondary.withOpacity(0.3), width: 1),
                                ^^^^^^^^
lib/screens/cartera/cuentas_por_cobrar_screen.dart:770:36:
Error: The getter 'AppTheme' isn't defined for the type '_CuentasPorCobrarScreenState'.
 - '_CuentasPorCobrarScreenState' is from 'package:vercy_motos/screens/cartera/cuentas_por_cobrar_screen.dart' ('lib/screens/cartera/cuentas_por_cobrar_screen.dart').
                            color: AppTheme.textMuted,
                                   ^^^^^^^^
lib/screens/cartera/cuentas_por_cobrar_screen.dart:787:34:
Error: The getter 'AppTheme' isn't defined for the type '_CuentasPorCobrarScreenState'.
 - '_CuentasPorCobrarScreenState' is from 'package:vercy_motos/screens/cartera/cuentas_por_cobrar_screen.dart' ('lib/screens/cartera/cuentas_por_cobrar_screen.dart').
                          color: AppTheme.textMuted,
                                 ^^^^^^^^
lib/screens/cartera/cuentas_por_cobrar_screen.dart:799:28:
Error: The getter 'AppTheme' isn't defined for the type '_CuentasPorCobrarScreenState'.
 - '_CuentasPorCobrarScreenState' is from 'package:vercy_motos/screens/cartera/cuentas_por_cobrar_screen.dart' ('lib/screens/cartera/cuentas_por_cobrar_screen.dart').
                    color: AppTheme.secondary.withOpacity(0.15),
                           ^^^^^^^^
lib/screens/cartera/cuentas_por_cobrar_screen.dart:802:30:
Error: The getter 'AppTheme' isn't defined for the type '_CuentasPorCobrarScreenState'.
 - '_CuentasPorCobrarScreenState' is from 'package:vercy_motos/screens/cartera/cuentas_por_cobrar_screen.dart' ('lib/screens/cartera/cuentas_por_cobrar_screen.dart').
                      color: AppTheme.secondary.withOpacity(0.4),
                             ^^^^^^^^
lib/screens/cartera/cuentas_por_cobrar_screen.dart:811:32:
Error: The getter 'AppTheme' isn't defined for the type '_CuentasPorCobrarScreenState'.
 - '_CuentasPorCobrarScreenState' is from 'package:vercy_motos/screens/cartera/cuentas_por_cobrar_screen.dart' ('lib/screens/cartera/cuentas_por_cobrar_screen.dart').
                        color: AppTheme.secondary,
                               ^^^^^^^^
lib/screens/cartera/cuentas_por_cobrar_screen.dart:817:34:
Error: The getter 'AppTheme' isn't defined for the type '_CuentasPorCobrarScreenState'.
 - '_CuentasPorCobrarScreenState' is from 'package:vercy_motos/screens/cartera/cuentas_por_cobrar_screen.dart' ('lib/screens/cartera/cuentas_por_cobrar_screen.dart').
                          color: AppTheme.secondary,
                                 ^^^^^^^^
lib/screens/cartera/cuentas_por_cobrar_screen.dart:833:61:
Error: The getter 'AppTheme' isn't defined for the type '_CuentasPorCobrarScreenState'.
 - '_CuentasPorCobrarScreenState' is from 'package:vercy_motos/screens/cartera/cuentas_por_cobrar_screen.dart' ('lib/screens/cartera/cuentas_por_cobrar_screen.dart').
                Icon(Icons.calendar_today, size: 14, color: AppTheme.textMuted),
                                                            ^^^^^^^^
lib/screens/cartera/cuentas_por_cobrar_screen.dart:840:60:
Error: The getter 'AppTheme' isn't defined for the type '_CuentasPorCobrarScreenState'.
 - '_CuentasPorCobrarScreenState' is from 'package:vercy_motos/screens/cartera/cuentas_por_cobrar_screen.dart' ('lib/screens/cartera/cuentas_por_cobrar_screen.dart').
                Icon(Icons.shopping_cart, size: 14, color: AppTheme.textMuted),
                                                           ^^^^^^^^
lib/screens/cartera/cuentas_por_cobrar_screen.dart:854:30:
Error: The getter 'AppTheme' isn't defined for the type '_CuentasPorCobrarScreenState'.
 - '_CuentasPorCobrarScreenState' is from 'package:vercy_motos/screens/cartera/cuentas_por_cobrar_screen.dart' ('lib/screens/cartera/cuentas_por_cobrar_screen.dart').
                      color: AppTheme.primary.withOpacity(0.1),
                             ^^^^^^^^
lib/screens/cartera/cuentas_por_cobrar_screen.dart:860:32:
Error: The getter 'AppTheme' isn't defined for the type '_CuentasPorCobrarScreenState'.
 - '_CuentasPorCobrarScreenState' is from 'package:vercy_motos/screens/cartera/cuentas_por_cobrar_screen.dart' ('lib/screens/cartera/cuentas_por_cobrar_screen.dart').
                        color: AppTheme.primary,
                               ^^^^^^^^
lib/screens/cartera/cuentas_por_cobrar_screen.dart:876:24:
Error: The getter 'AppTheme' isn't defined for the type '_CuentasPorCobrarScreenState'.
 - '_CuentasPorCobrarScreenState' is from 'package:vercy_motos/screens/cartera/cuentas_por_cobrar_screen.dart' ('lib/screens/cartera/cuentas_por_cobrar_screen.dart').
                color: AppTheme.secondary.withOpacity(0.05),
                       ^^^^^^^^
lib/screens/cartera/cuentas_por_cobrar_screen.dart:878:43:
Error: The getter 'AppTheme' isn't defined for the type '_CuentasPorCobrarScreenState'.
 - '_CuentasPorCobrarScreenState' is from 'package:vercy_motos/screens/cartera/cuentas_por_cobrar_screen.dart' ('lib/screens/cartera/cuentas_por_cobrar_screen.dart').
                border: Border.all(color: AppTheme.secondary.withOpacity(0.2)),
                                          ^^^^^^^^
lib/screens/cartera/cuentas_por_cobrar_screen.dart:888:30:
Error: The getter 'AppTheme' isn't defined for the type '_CuentasPorCobrarScreenState'.
 - '_CuentasPorCobrarScreenState' is from 'package:vercy_motos/screens/cartera/cuentas_por_cobrar_screen.dart' ('lib/screens/cartera/cuentas_por_cobrar_screen.dart').
                      color: AppTheme.textMuted,
                             ^^^^^^^^
lib/screens/cartera/cuentas_por_cobrar_screen.dart:892:21:
Error: The getter 'CurrencyUtils' isn't defined for the type '_CuentasPorCobrarScreenState'.
 - '_CuentasPorCobrarScreenState' is from 'package:vercy_motos/screens/cartera/cuentas_por_cobrar_screen.dart' ('lib/screens/cartera/cuentas_por_cobrar_screen.dart').
                    CurrencyUtils.format(deuda.total),
                    ^^^^^^^^^^^^^
lib/screens/cartera/cuentas_por_cobrar_screen.dart:896:30:
Error: The getter 'AppTheme' isn't defined for the type '_CuentasPorCobrarScreenState'.
 - '_CuentasPorCobrarScreenState' is from 'package:vercy_motos/screens/cartera/cuentas_por_cobrar_screen.dart' ('lib/screens/cartera/cuentas_por_cobrar_screen.dart').
                      color: AppTheme.secondary,
                             ^^^^^^^^
lib/screens/cartera/cuentas_por_cobrar_screen.dart:908:26:
Error: The getter 'AppTheme' isn't defined for the type '_CuentasPorCobrarScreenState'.
 - '_CuentasPorCobrarScreenState' is from 'package:vercy_motos/screens/cartera/cuentas_por_cobrar_screen.dart' ('lib/screens/cartera/cuentas_por_cobrar_screen.dart').
                  color: AppTheme.cardBg.withOpacity(0.5),
                         ^^^^^^^^
lib/screens/cartera/cuentas_por_cobrar_screen.dart:913:55:
Error: The getter 'AppTheme' isn't defined for the type '_CuentasPorCobrarScreenState'.
 - '_CuentasPorCobrarScreenState' is from 'package:vercy_motos/screens/cartera/cuentas_por_cobrar_screen.dart' ('lib/screens/cartera/cuentas_por_cobrar_screen.dart').
                    Icon(Icons.note, size: 14, color: AppTheme.textMuted),
                                                      ^^^^^^^^
lib/screens/cartera/cuentas_por_cobrar_screen.dart:920:34:
Error: The getter 'AppTheme' isn't defined for the type '_CuentasPorCobrarScreenState'.
 - '_CuentasPorCobrarScreenState' is from 'package:vercy_motos/screens/cartera/cuentas_por_cobrar_screen.dart' ('lib/screens/cartera/cuentas_por_cobrar_screen.dart').
                          color: AppTheme.textSecondary,
                                 ^^^^^^^^
lib/screens/cartera/cuentas_por_cobrar_screen.dart:941:38:
Error: The getter 'AppTheme' isn't defined for the type '_CuentasPorCobrarScreenState'.
 - '_CuentasPorCobrarScreenState' is from 'package:vercy_motos/screens/cartera/cuentas_por_cobrar_screen.dart' ('lib/screens/cartera/cuentas_por_cobrar_screen.dart').
                    foregroundColor: AppTheme.secondary,
                                     ^^^^^^^^
lib/screens/cartera/cuentas_por_cobrar_screen.dart:950:38:
Error: The getter 'AppTheme' isn't defined for the type '_CuentasPorCobrarScreenState'.
 - '_CuentasPorCobrarScreenState' is from 'package:vercy_motos/screens/cartera/cuentas_por_cobrar_screen.dart' ('lib/screens/cartera/cuentas_por_cobrar_screen.dart').
                    backgroundColor: AppTheme.primary,
                                     ^^^^^^^^
lib/screens/cartera/cuentas_por_cobrar_screen.dart:951:38:
Error: The getter 'AppTheme' isn't defined for the type '_CuentasPorCobrarScreenState'.
 - '_CuentasPorCobrarScreenState' is from 'package:vercy_motos/screens/cartera/cuentas_por_cobrar_screen.dart' ('lib/screens/cartera/cuentas_por_cobrar_screen.dart').
                    foregroundColor: AppTheme.white,
                                     ^^^^^^^^
lib/screens/cartera/cuentas_por_cobrar_screen.dart:962:33:
Error: 'Pedido' isn't a type.
  Future<void> _verDetalleDeuda(Pedido deuda) async {
                                ^^^^^^
lib/screens/cartera/cuentas_por_cobrar_screen.dart:966:26:
Error: The getter 'AppTheme' isn't defined for the type '_CuentasPorCobrarScreenState'.
 - '_CuentasPorCobrarScreenState' is from 'package:vercy_motos/screens/cartera/cuentas_por_cobrar_screen.dart' ('lib/screens/cartera/cuentas_por_cobrar_screen.dart').
        backgroundColor: AppTheme.cardBg,
                         ^^^^^^^^
lib/screens/cartera/cuentas_por_cobrar_screen.dart:969:46:
Error: The getter 'AppTheme' isn't defined for the type '_CuentasPorCobrarScreenState'.
 - '_CuentasPorCobrarScreenState' is from 'package:vercy_motos/screens/cartera/cuentas_por_cobrar_screen.dart' ('lib/screens/cartera/cuentas_por_cobrar_screen.dart').
            Icon(Icons.sticky_note_2, color: AppTheme.secondary),
                                             ^^^^^^^^
lib/screens/cartera/cuentas_por_cobrar_screen.dart:974:41:
Error: The getter 'AppTheme' isn't defined for the type '_CuentasPorCobrarScreenState'.
 - '_CuentasPorCobrarScreenState' is from 'package:vercy_motos/screens/cartera/cuentas_por_cobrar_screen.dart' ('lib/screens/cartera/cuentas_por_cobrar_screen.dart').
                style: TextStyle(color: AppTheme.textPrimary),
                                        ^^^^^^^^
lib/screens/cartera/cuentas_por_cobrar_screen.dart:1000:26:
Error: The getter 'AppTheme' isn't defined for the type '_CuentasPorCobrarScreenState'.
 - '_CuentasPorCobrarScreenState' is from 'package:vercy_motos/screens/cartera/cuentas_por_cobrar_screen.dart' ('lib/screens/cartera/cuentas_por_cobrar_screen.dart').
                  color: AppTheme.textPrimary,
                         ^^^^^^^^
lib/screens/cartera/cuentas_por_cobrar_screen.dart:1013:51:
Error: The getter 'AppTheme' isn't defined for the type '_CuentasPorCobrarScreenState'.
 - '_CuentasPorCobrarScreenState' is from 'package:vercy_motos/screens/cartera/cuentas_por_cobrar_screen.dart' ('lib/screens/cartera/cuentas_por_cobrar_screen.dart').
                          style: TextStyle(color: AppTheme.textPrimary),
                                                  ^^^^^^^^
lib/screens/cartera/cuentas_por_cobrar_screen.dart:1017:25:
Error: The getter 'CurrencyUtils' isn't defined for the type '_CuentasPorCobrarScreenState'.
 - '_CuentasPorCobrarScreenState' is from 'package:vercy_motos/screens/cartera/cuentas_por_cobrar_screen.dart' ('lib/screens/cartera/cuentas_por_cobrar_screen.dart').
                        CurrencyUtils.format(item.subtotal),
                        ^^^^^^^^^^^^^
lib/screens/cartera/cuentas_por_cobrar_screen.dart:1020:34:
Error: The getter 'AppTheme' isn't defined for the type '_CuentasPorCobrarScreenState'.
 - '_CuentasPorCobrarScreenState' is from 'package:vercy_motos/screens/cartera/cuentas_por_cobrar_screen.dart' ('lib/screens/cartera/cuentas_por_cobrar_screen.dart').
                          color: AppTheme.textPrimary,
                                 ^^^^^^^^
lib/screens/cartera/cuentas_por_cobrar_screen.dart:1037:30:
Error: The getter 'AppTheme' isn't defined for the type '_CuentasPorCobrarScreenState'.
 - '_CuentasPorCobrarScreenState' is from 'package:vercy_motos/screens/cartera/cuentas_por_cobrar_screen.dart' ('lib/screens/cartera/cuentas_por_cobrar_screen.dart').
                      color: AppTheme.textPrimary,
                             ^^^^^^^^
lib/screens/cartera/cuentas_por_cobrar_screen.dart:1041:21:
Error: The getter 'CurrencyUtils' isn't defined for the type '_CuentasPorCobrarScreenState'.
 - '_CuentasPorCobrarScreenState' is from 'package:vercy_motos/screens/cartera/cuentas_por_cobrar_screen.dart' ('lib/screens/cartera/cuentas_por_cobrar_screen.dart').
                    CurrencyUtils.format(deuda.total),
                    ^^^^^^^^^^^^^
lib/screens/cartera/cuentas_por_cobrar_screen.dart:1045:30:
Error: The getter 'AppTheme' isn't defined for the type '_CuentasPorCobrarScreenState'.
 - '_CuentasPorCobrarScreenState' is from 'package:vercy_motos/screens/cartera/cuentas_por_cobrar_screen.dart' ('lib/screens/cartera/cuentas_por_cobrar_screen.dart').
                      color: AppTheme.secondary,
                             ^^^^^^^^
lib/screens/cartera/cuentas_por_cobrar_screen.dart:1075:24:
Error: The getter 'AppTheme' isn't defined for the type '_CuentasPorCobrarScreenState'.
 - '_CuentasPorCobrarScreenState' is from 'package:vercy_motos/screens/cartera/cuentas_por_cobrar_screen.dart' ('lib/screens/cartera/cuentas_por_cobrar_screen.dart').
                color: AppTheme.textMuted,
                       ^^^^^^^^
lib/screens/cartera/cuentas_por_cobrar_screen.dart:1080:56:
Error: The getter 'AppTheme' isn't defined for the type '_CuentasPorCobrarScreenState'.
 - '_CuentasPorCobrarScreenState' is from 'package:vercy_motos/screens/cartera/cuentas_por_cobrar_screen.dart' ('lib/screens/cartera/cuentas_por_cobrar_screen.dart').
            child: Text(value, style: TextStyle(color: AppTheme.textPrimary)),
                                                       ^^^^^^^^
lib/screens/cartera/cuentas_por_cobrar_screen.dart:1087:28:
Error: 'Pedido' isn't a type.
  Future<void> _pagarDeuda(Pedido deuda) async {
                           ^^^^^^
lib/screens/cartera/cuentas_por_cobrar_screen.dart:1091:26:
Error: The getter 'AppTheme' isn't defined for the type '_CuentasPorCobrarScreenState'.
 - '_CuentasPorCobrarScreenState' is from 'package:vercy_motos/screens/cartera/cuentas_por_cobrar_screen.dart' ('lib/screens/cartera/cuentas_por_cobrar_screen.dart').
        backgroundColor: AppTheme.cardBg,
                         ^^^^^^^^
lib/screens/cartera/cuentas_por_cobrar_screen.dart:1094:40:
Error: The getter 'AppTheme' isn't defined for the type '_CuentasPorCobrarScreenState'.
 - '_CuentasPorCobrarScreenState' is from 'package:vercy_motos/screens/cartera/cuentas_por_cobrar_screen.dart' ('lib/screens/cartera/cuentas_por_cobrar_screen.dart').
            Icon(Icons.payment, color: AppTheme.primary),
                                       ^^^^^^^^
lib/screens/cartera/cuentas_por_cobrar_screen.dart:1098:39:
Error: The getter 'AppTheme' isn't defined for the type '_CuentasPorCobrarScreenState'.
 - '_CuentasPorCobrarScreenState' is from 'package:vercy_motos/screens/cartera/cuentas_por_cobrar_screen.dart' ('lib/screens/cartera/cuentas_por_cobrar_screen.dart').
              style: TextStyle(color: AppTheme.textPrimary),
                                      ^^^^^^^^
lib/screens/cartera/cuentas_por_cobrar_screen.dart:1107:39:
Error: The getter 'AppTheme' isn't defined for the type '_CuentasPorCobrarScreenState'.
 - '_CuentasPorCobrarScreenState' is from 'package:vercy_motos/screens/cartera/cuentas_por_cobrar_screen.dart' ('lib/screens/cartera/cuentas_por_cobrar_screen.dart').
              style: TextStyle(color: AppTheme.textPrimary),
                                      ^^^^^^^^
lib/screens/cartera/cuentas_por_cobrar_screen.dart:1113:24:
Error: The getter 'AppTheme' isn't defined for the type '_CuentasPorCobrarScreenState'.
 - '_CuentasPorCobrarScreenState' is from 'package:vercy_motos/screens/cartera/cuentas_por_cobrar_screen.dart' ('lib/screens/cartera/cuentas_por_cobrar_screen.dart').
                color: AppTheme.primary.withOpacity(0.1),
                       ^^^^^^^^
lib/screens/cartera/cuentas_por_cobrar_screen.dart:1115:43:
Error: The getter 'AppTheme' isn't defined for the type '_CuentasPorCobrarScreenState'.
 - '_CuentasPorCobrarScreenState' is from 'package:vercy_motos/screens/cartera/cuentas_por_cobrar_screen.dart' ('lib/screens/cartera/cuentas_por_cobrar_screen.dart').
                border: Border.all(color: AppTheme.primary.withOpacity(0.3)),
                                          ^^^^^^^^
lib/screens/cartera/cuentas_por_cobrar_screen.dart:1121:45:
Error: The getter 'AppTheme' isn't defined for the type '_CuentasPorCobrarScreenState'.
 - '_CuentasPorCobrarScreenState' is from 'package:vercy_motos/screens/cartera/cuentas_por_cobrar_screen.dart' ('lib/screens/cartera/cuentas_por_cobrar_screen.dart').
                    style: TextStyle(color: AppTheme.textPrimary),
                                            ^^^^^^^^
lib/screens/cartera/cuentas_por_cobrar_screen.dart:1125:31:
Error: The getter 'CurrencyUtils' isn't defined for the type '_CuentasPorCobrarScreenState'.
 - '_CuentasPorCobrarScreenState' is from 'package:vercy_motos/screens/cartera/cuentas_por_cobrar_screen.dart' ('lib/screens/cartera/cuentas_por_cobrar_screen.dart').
                    'Total: ${CurrencyUtils.format(deuda.total)}',
                              ^^^^^^^^^^^^^
lib/screens/cartera/cuentas_por_cobrar_screen.dart:1129:30:
Error: The getter 'AppTheme' isn't defined for the type '_CuentasPorCobrarScreenState'.
 - '_CuentasPorCobrarScreenState' is from 'package:vercy_motos/screens/cartera/cuentas_por_cobrar_screen.dart' ('lib/screens/cartera/cuentas_por_cobrar_screen.dart').
                      color: AppTheme.primary,
                             ^^^^^^^^
lib/screens/cartera/cuentas_por_cobrar_screen.dart:1145:32:
Error: The getter 'AppTheme' isn't defined for the type '_CuentasPorCobrarScreenState'.
 - '_CuentasPorCobrarScreenState' is from 'package:vercy_motos/screens/cartera/cuentas_por_cobrar_screen.dart' ('lib/screens/cartera/cuentas_por_cobrar_screen.dart').
              backgroundColor: AppTheme.primary,
                               ^^^^^^^^
lib/screens/cartera/cuentas_por_cobrar_screen.dart:1146:32:
Error: The getter 'AppTheme' isn't defined for the type '_CuentasPorCobrarScreenState'.
 - '_CuentasPorCobrarScreenState' is from 'package:vercy_motos/screens/cartera/cuentas_por_cobrar_screen.dart' ('lib/screens/cartera/cuentas_por_cobrar_screen.dart').
              foregroundColor: AppTheme.white,
                               ^^^^^^^^
lib/screens/cartera/cuentas_por_cobrar_screen.dart:1160:22:
Error: The getter 'EstadoPedido' isn't defined for the type '_CuentasPorCobrarScreenState'.
 - '_CuentasPorCobrarScreenState' is from 'package:vercy_motos/screens/cartera/cuentas_por_cobrar_screen.dart' ('lib/screens/cartera/cuentas_por_cobrar_screen.dart').
      deuda.estado = EstadoPedido.pagado;
                     ^^^^^^^^^^^^
lib/screens/cartera/cuentas_por_cobrar_screen.dart:1169:47:
Error: The getter 'AppTheme' isn't defined for the type '_CuentasPorCobrarScreenState'.
 - '_CuentasPorCobrarScreenState' is from 'package:vercy_motos/screens/cartera/cuentas_por_cobrar_screen.dart' ('lib/screens/cartera/cuentas_por_cobrar_screen.dart').
              Icon(Icons.check_circle, color: AppTheme.white),
                                              ^^^^^^^^
lib/screens/cartera/cuentas_por_cobrar_screen.dart:1174:28:
Error: The getter 'AppTheme' isn't defined for the type '_CuentasPorCobrarScreenState'.
 - '_CuentasPorCobrarScreenState' is from 'package:vercy_motos/screens/cartera/cuentas_por_cobrar_screen.dart' ('lib/screens/cartera/cuentas_por_cobrar_screen.dart').
          backgroundColor: AppTheme.primary,
                           ^^^^^^^^
lib/screens/cartera/cuentas_por_cobrar_screen.dart:1185:28:
Error: The getter 'AppTheme' isn't defined for the type '_CuentasPorCobrarScreenState'.
 - '_CuentasPorCobrarScreenState' is from 'package:vercy_motos/screens/cartera/cuentas_por_cobrar_screen.dart' ('lib/screens/cartera/cuentas_por_cobrar_screen.dart').
          backgroundColor: AppTheme.error,
                           ^^^^^^^^
lib/screens/cartera/cuentas_por_pagar_screen.dart:20:9:
Error: 'CarteraService' isn't a type.
  final CarteraService _carteraService = CarteraService();
        ^^^^^^^^^^^^^^
lib/screens/cartera/cuentas_por_pagar_screen.dart:20:42:
Error: Method not found: 'CarteraService'.
  final CarteraService _carteraService = CarteraService();
                                         ^^^^^^^^^^^^^^
lib/screens/cartera/cuentas_por_pagar_screen.dart:21:9:
Error: 'ProveedorService' isn't a type.
  final ProveedorService _proveedorService = ProveedorService();
        ^^^^^^^^^^^^^^^^
lib/screens/cartera/cuentas_por_pagar_screen.dart:21:46:
Error: Method not found: 'ProveedorService'.
  final ProveedorService _proveedorService = ProveedorService();
                                             ^^^^^^^^^^^^^^^^
lib/screens/cartera/cuentas_por_pagar_screen.dart:23:8:
Error: 'CuentaPorPagar' isn't a type.
  List<CuentaPorPagar> cuentas = [];
       ^^^^^^^^^^^^^^
lib/screens/cartera/cuentas_por_pagar_screen.dart:24:8:
Error: 'CuentaPorPagar' isn't a type.
  List<CuentaPorPagar> cuentasFiltradas = [];
       ^^^^^^^^^^^^^^
lib/screens/cartera/cuentas_por_pagar_screen.dart:27:3:
Error: 'EstadoCuentaPagar' isn't a type.
  EstadoCuentaPagar? filtroEstado;
  ^^^^^^^^^^^^^^^^^
lib/screens/cartera/cuentas_por_pagar_screen.dart:76:10:
Error: 'CuentaPorPagar' isn't a type.
    List<CuentaPorPagar> resultado = List.from(cuentas);
         ^^^^^^^^^^^^^^
lib/screens/cartera/cuentas_por_pagar_screen.dart:81:37:
Error: The getter 'estado' isn't defined for the type 'Object?'.
 - 'Object' is from 'dart:core'.
          .where((cuenta) => cuenta.estado == filtroEstado)
                                    ^^^^^^
lib/screens/cartera/cuentas_por_pagar_screen.dart:88:23:
Error: The getter 'proveedorNombre' isn't defined for the type 'Object?'.
 - 'Object' is from 'dart:core'.
        return cuenta.proveedorNombre.toLowerCase().contains(
                      ^^^^^^^^^^^^^^^
lib/screens/cartera/cuentas_por_pagar_screen.dart:91:20:
Error: The getter 'numeroFactura' isn't defined for the type 'Object?'.
 - 'Object' is from 'dart:core'.
            cuenta.numeroFactura.toLowerCase().contains(busqueda.toLowerCase());
                   ^^^^^^^^^^^^^
lib/screens/cartera/cuentas_por_pagar_screen.dart:96:32:
Error: The getter 'fechaVencimiento' isn't defined for the type 'Object?'.
 - 'Object' is from 'dart:core'.
    resultado.sort((a, b) => a.fechaVencimiento.compareTo(b.fechaVencimiento));
                               ^^^^^^^^^^^^^^^^
lib/screens/cartera/cuentas_por_pagar_screen.dart:96:61:
Error: The getter 'fechaVencimiento' isn't defined for the type 'Object?'.
 - 'Object' is from 'dart:core'.
    resultado.sort((a, b) => a.fechaVencimiento.compareTo(b.fechaVencimiento));
                                                            ^^^^^^^^^^^^^^^^
lib/screens/cartera/cuentas_por_pagar_screen.dart:103:31:
Error: 'CuentaPorPagar' isn't a type.
  Future<void> _registrarPago(CuentaPorPagar cuenta) async {
                              ^^^^^^^^^^^^^^
lib/screens/cartera/cuentas_por_pagar_screen.dart:127:26:
Error: Not a constant expression.
                  color: AppTheme.primary,
                         ^^^^^^^^
lib/screens/cartera/cuentas_por_pagar_screen.dart:162:38:
Error: Not a constant expression.
                    backgroundColor: AppTheme.error,
                                     ^^^^^^^^
lib/screens/cartera/cuentas_por_pagar_screen.dart:109:26:
Error: The getter 'AppTheme' isn't defined for the type '_CuentasPorPagarScreenState'.
 - '_CuentasPorPagarScreenState' is from 'package:vercy_motos/screens/cartera/cuentas_por_pagar_screen.dart' ('lib/screens/cartera/cuentas_por_pagar_screen.dart').
        backgroundColor: AppTheme.cardBg,
                         ^^^^^^^^
lib/screens/cartera/cuentas_por_pagar_screen.dart:112:35:
Error: The getter 'AppTheme' isn't defined for the type '_CuentasPorPagarScreenState'.
 - '_CuentasPorPagarScreenState' is from 'package:vercy_motos/screens/cartera/cuentas_por_pagar_screen.dart' ('lib/screens/cartera/cuentas_por_pagar_screen.dart').
          style: TextStyle(color: AppTheme.textPrimary),
                                  ^^^^^^^^
lib/screens/cartera/cuentas_por_pagar_screen.dart:119:35:
Error: The getter 'CurrencyUtils' isn't defined for the type '_CuentasPorPagarScreenState'.
 - '_CuentasPorPagarScreenState' is from 'package:vercy_motos/screens/cartera/cuentas_por_pagar_screen.dart' ('lib/screens/cartera/cuentas_por_pagar_screen.dart').
              'Saldo pendiente: ${CurrencyUtils.format(cuenta.saldoPendiente)}',
                                  ^^^^^^^^^^^^^
lib/screens/cartera/cuentas_por_pagar_screen.dart:120:39:
Error: The getter 'AppTheme' isn't defined for the type '_CuentasPorPagarScreenState'.
 - '_CuentasPorPagarScreenState' is from 'package:vercy_motos/screens/cartera/cuentas_por_pagar_screen.dart' ('lib/screens/cartera/cuentas_por_pagar_screen.dart').
              style: TextStyle(color: AppTheme.textPrimary),
                                      ^^^^^^^^
lib/screens/cartera/cuentas_por_pagar_screen.dart:125:35:
Error: The getter 'CurrencyUtils' isn't defined for the type '_CuentasPorPagarScreenState'.
 - '_CuentasPorPagarScreenState' is from 'package:vercy_motos/screens/cartera/cuentas_por_pagar_screen.dart' ('lib/screens/cartera/cuentas_por_pagar_screen.dart').
                'Con descuento: ${CurrencyUtils.format(cuenta.montoConDescuento)}',
                                  ^^^^^^^^^^^^^
lib/screens/cartera/cuentas_por_pagar_screen.dart:136:39:
Error: The getter 'AppTheme' isn't defined for the type '_CuentasPorPagarScreenState'.
 - '_CuentasPorPagarScreenState' is from 'package:vercy_motos/screens/cartera/cuentas_por_pagar_screen.dart' ('lib/screens/cartera/cuentas_por_pagar_screen.dart').
              style: TextStyle(color: AppTheme.textPrimary),
                                      ^^^^^^^^
lib/screens/cartera/cuentas_por_pagar_screen.dart:178:30:
Error: 'CuentaPorPagar' isn't a type.
  Future<void> _procesarPago(CuentaPorPagar cuenta, double monto) async {
                             ^^^^^^^^^^^^^^
lib/screens/cartera/cuentas_por_pagar_screen.dart:209:30:
Error: Not a constant expression.
            backgroundColor: AppTheme.primary,
                             ^^^^^^^^
lib/screens/cartera/cuentas_por_pagar_screen.dart:180:7:
Error: The method 'appLog' isn't defined for the type '_CuentasPorPagarScreenState'.
 - '_CuentasPorPagarScreenState' is from 'package:vercy_motos/screens/cartera/cuentas_por_pagar_screen.dart' ('lib/screens/cartera/cuentas_por_pagar_screen.dart').
      appLog('🔵 [PAGO CxP] Iniciando registro de pago');
      ^^^^^^
lib/screens/cartera/cuentas_por_pagar_screen.dart:181:7:
Error: The method 'appLog' isn't defined for the type '_CuentasPorPagarScreenState'.
 - '_CuentasPorPagarScreenState' is from 'package:vercy_motos/screens/cartera/cuentas_por_pagar_screen.dart' ('lib/screens/cartera/cuentas_por_pagar_screen.dart').
      appLog('📋 Cuenta ID: ${cuenta.id}');
      ^^^^^^
lib/screens/cartera/cuentas_por_pagar_screen.dart:182:7:
Error: The method 'appLog' isn't defined for the type '_CuentasPorPagarScreenState'.
 - '_CuentasPorPagarScreenState' is from 'package:vercy_motos/screens/cartera/cuentas_por_pagar_screen.dart' ('lib/screens/cartera/cuentas_por_pagar_screen.dart').
      appLog('💰 Monto: $monto');
      ^^^^^^
lib/screens/cartera/cuentas_por_pagar_screen.dart:183:7:
Error: The method 'appLog' isn't defined for the type '_CuentasPorPagarScreenState'.
 - '_CuentasPorPagarScreenState' is from 'package:vercy_motos/screens/cartera/cuentas_por_pagar_screen.dart' ('lib/screens/cartera/cuentas_por_pagar_screen.dart').
      appLog('🏢 Proveedor: ${cuenta.proveedorNombre}');
      ^^^^^^
lib/screens/cartera/cuentas_por_pagar_screen.dart:184:7:
Error: The method 'appLog' isn't defined for the type '_CuentasPorPagarScreenState'.
 - '_CuentasPorPagarScreenState' is from 'package:vercy_motos/screens/cartera/cuentas_por_pagar_screen.dart' ('lib/screens/cartera/cuentas_por_pagar_screen.dart').
      appLog('📊 Saldo pendiente antes: ${cuenta.saldoPendiente}');
      ^^^^^^
lib/screens/cartera/cuentas_por_pagar_screen.dart:192:7:
Error: The method 'appLog' isn't defined for the type '_CuentasPorPagarScreenState'.
 - '_CuentasPorPagarScreenState' is from 'package:vercy_motos/screens/cartera/cuentas_por_pagar_screen.dart' ('lib/screens/cartera/cuentas_por_pagar_screen.dart').
      appLog('📨 [PAGO CxP] Respuesta del backend:');
      ^^^^^^
lib/screens/cartera/cuentas_por_pagar_screen.dart:193:7:
Error: The method 'appLog' isn't defined for the type '_CuentasPorPagarScreenState'.
 - '_CuentasPorPagarScreenState' is from 'package:vercy_motos/screens/cartera/cuentas_por_pagar_screen.dart' ('lib/screens/cartera/cuentas_por_pagar_screen.dart').
      appLog('✅ Success: ${response.isSuccess}');
      ^^^^^^
lib/screens/cartera/cuentas_por_pagar_screen.dart:194:7:
Error: The method 'appLog' isn't defined for the type '_CuentasPorPagarScreenState'.
 - '_CuentasPorPagarScreenState' is from 'package:vercy_motos/screens/cartera/cuentas_por_pagar_screen.dart' ('lib/screens/cartera/cuentas_por_pagar_screen.dart').
      appLog('📝 Message: ${response.message}');
      ^^^^^^
lib/screens/cartera/cuentas_por_pagar_screen.dart:195:7:
Error: The method 'appLog' isn't defined for the type '_CuentasPorPagarScreenState'.
 - '_CuentasPorPagarScreenState' is from 'package:vercy_motos/screens/cartera/cuentas_por_pagar_screen.dart' ('lib/screens/cartera/cuentas_por_pagar_screen.dart').
      appLog('📦 Data: ${response.data}');
      ^^^^^^
lib/screens/cartera/cuentas_por_pagar_screen.dart:198:9:
Error: The method 'appLog' isn't defined for the type '_CuentasPorPagarScreenState'.
 - '_CuentasPorPagarScreenState' is from 'package:vercy_motos/screens/cartera/cuentas_por_pagar_screen.dart' ('lib/screens/cartera/cuentas_por_pagar_screen.dart').
        appLog('🎉 [PAGO CxP] Pago registrado exitosamente');
        ^^^^^^
lib/screens/cartera/cuentas_por_pagar_screen.dart:199:9:
Error: The method 'appLog' isn't defined for the type '_CuentasPorPagarScreenState'.
 - '_CuentasPorPagarScreenState' is from 'package:vercy_motos/screens/cartera/cuentas_por_pagar_screen.dart' ('lib/screens/cartera/cuentas_por_pagar_screen.dart').
        appLog(
        ^^^^^^
lib/screens/cartera/cuentas_por_pagar_screen.dart:202:9:
Error: The method 'appLog' isn't defined for the type '_CuentasPorPagarScreenState'.
 - '_CuentasPorPagarScreenState' is from 'package:vercy_motos/screens/cartera/cuentas_por_pagar_screen.dart' ('lib/screens/cartera/cuentas_por_pagar_screen.dart').
        appLog(
        ^^^^^^
lib/screens/cartera/cuentas_por_pagar_screen.dart:214:9:
Error: The method 'appLog' isn't defined for the type '_CuentasPorPagarScreenState'.
 - '_CuentasPorPagarScreenState' is from 'package:vercy_motos/screens/cartera/cuentas_por_pagar_screen.dart' ('lib/screens/cartera/cuentas_por_pagar_screen.dart').
        appLog('❌ [PAGO CxP] Error al registrar pago: ${response.message}');
        ^^^^^^
lib/screens/cartera/cuentas_por_pagar_screen.dart:218:30:
Error: The getter 'AppTheme' isn't defined for the type '_CuentasPorPagarScreenState'.
 - '_CuentasPorPagarScreenState' is from 'package:vercy_motos/screens/cartera/cuentas_por_pagar_screen.dart' ('lib/screens/cartera/cuentas_por_pagar_screen.dart').
            backgroundColor: AppTheme.error,
                             ^^^^^^^^
lib/screens/cartera/cuentas_por_pagar_screen.dart:223:7:
Error: The method 'appLog' isn't defined for the type '_CuentasPorPagarScreenState'.
 - '_CuentasPorPagarScreenState' is from 'package:vercy_motos/screens/cartera/cuentas_por_pagar_screen.dart' ('lib/screens/cartera/cuentas_por_pagar_screen.dart').
      appLog('💥 [PAGO CxP] Excepción al registrar pago: $e');
      ^^^^^^
lib/screens/cartera/cuentas_por_pagar_screen.dart:227:28:
Error: The getter 'AppTheme' isn't defined for the type '_CuentasPorPagarScreenState'.
 - '_CuentasPorPagarScreenState' is from 'package:vercy_motos/screens/cartera/cuentas_por_pagar_screen.dart' ('lib/screens/cartera/cuentas_por_pagar_screen.dart').
          backgroundColor: AppTheme.error,
                           ^^^^^^^^
lib/screens/cartera/cuentas_por_pagar_screen.dart:239:28:
Error: The getter 'AppTheme' isn't defined for the type '_CuentasPorPagarScreenState'.
 - '_CuentasPorPagarScreenState' is from 'package:vercy_motos/screens/cartera/cuentas_por_pagar_screen.dart' ('lib/screens/cartera/cuentas_por_pagar_screen.dart').
          backgroundColor: AppTheme.warning,
                           ^^^^^^^^
lib/screens/cartera/cuentas_por_pagar_screen.dart:240:28:
Error: The getter 'AppTheme' isn't defined for the type '_CuentasPorPagarScreenState'.
 - '_CuentasPorPagarScreenState' is from 'package:vercy_motos/screens/cartera/cuentas_por_pagar_screen.dart' ('lib/screens/cartera/cuentas_por_pagar_screen.dart').
          foregroundColor: AppTheme.white,
                           ^^^^^^^^
lib/screens/cartera/cuentas_por_pagar_screen.dart:251:28:
Error: The getter 'AppTheme' isn't defined for the type '_CuentasPorPagarScreenState'.
 - '_CuentasPorPagarScreenState' is from 'package:vercy_motos/screens/cartera/cuentas_por_pagar_screen.dart' ('lib/screens/cartera/cuentas_por_pagar_screen.dart').
          backgroundColor: AppTheme.warning,
                           ^^^^^^^^
lib/screens/cartera/cuentas_por_pagar_screen.dart:252:41:
Error: The getter 'AppTheme' isn't defined for the type '_CuentasPorPagarScreenState'.
 - '_CuentasPorPagarScreenState' is from 'package:vercy_motos/screens/cartera/cuentas_por_pagar_screen.dart' ('lib/screens/cartera/cuentas_por_pagar_screen.dart').
          child: Icon(Icons.add, color: AppTheme.white),
                                        ^^^^^^^^
lib/screens/cartera/cuentas_por_pagar_screen.dart:258:22:
Error: The getter 'AppTheme' isn't defined for the type '_CuentasPorPagarScreenState'.
 - '_CuentasPorPagarScreenState' is from 'package:vercy_motos/screens/cartera/cuentas_por_pagar_screen.dart' ('lib/screens/cartera/cuentas_por_pagar_screen.dart').
              color: AppTheme.warning,
                     ^^^^^^^^
lib/screens/cartera/cuentas_por_pagar_screen.dart:291:27:
Error: The getter 'EstadoCuentaPagar' isn't defined for the type '_CuentasPorPagarScreenState'.
 - '_CuentasPorPagarScreenState' is from 'package:vercy_motos/screens/cartera/cuentas_por_pagar_screen.dart' ('lib/screens/cartera/cuentas_por_pagar_screen.dart').
                          EstadoCuentaPagar.PENDIENTE,
                          ^^^^^^^^^^^^^^^^^
lib/screens/cartera/cuentas_por_pagar_screen.dart:294:54:
Error: The getter 'EstadoCuentaPagar' isn't defined for the type '_CuentasPorPagarScreenState'.
 - '_CuentasPorPagarScreenState' is from 'package:vercy_motos/screens/cartera/cuentas_por_pagar_screen.dart' ('lib/screens/cartera/cuentas_por_pagar_screen.dart').
                        _buildFiltroChip('Vencidas', EstadoCuentaPagar.VENCIDA),
                                                     ^^^^^^^^^^^^^^^^^
lib/screens/cartera/cuentas_por_pagar_screen.dart:296:54:
Error: The getter 'EstadoCuentaPagar' isn't defined for the type '_CuentasPorPagarScreenState'.
 - '_CuentasPorPagarScreenState' is from 'package:vercy_motos/screens/cartera/cuentas_por_pagar_screen.dart' ('lib/screens/cartera/cuentas_por_pagar_screen.dart').
                        _buildFiltroChip('Abonadas', EstadoCuentaPagar.ABONADA),
                                                     ^^^^^^^^^^^^^^^^^
lib/screens/cartera/cuentas_por_pagar_screen.dart:298:53:
Error: The getter 'EstadoCuentaPagar' isn't defined for the type '_CuentasPorPagarScreenState'.
 - '_CuentasPorPagarScreenState' is from 'package:vercy_motos/screens/cartera/cuentas_por_pagar_screen.dart' ('lib/screens/cartera/cuentas_por_pagar_screen.dart').
                        _buildFiltroChip('Pagadas', EstadoCuentaPagar.PAGADA),
                                                    ^^^^^^^^^^^^^^^^^
lib/screens/cartera/cuentas_por_pagar_screen.dart:235:12:
Error: The method 'VercySidebarLayout' isn't defined for the type '_CuentasPorPagarScreenState'.
 - '_CuentasPorPagarScreenState' is from 'package:vercy_motos/screens/cartera/cuentas_por_pagar_screen.dart' ('lib/screens/cartera/cuentas_por_pagar_screen.dart').
    return VercySidebarLayout(
           ^^^^^^^^^^^^^^^^^^
lib/screens/cartera/cuentas_por_pagar_screen.dart:320:41:
Error: 'EstadoCuentaPagar' isn't a type.
  Widget _buildFiltroChip(String label, EstadoCuentaPagar? estado) {
                                        ^^^^^^^^^^^^^^^^^
lib/screens/cartera/cuentas_por_pagar_screen.dart:342:60:
Error: Not a constant expression.
          const Icon(Icons.error_outline, size: 64, color: AppTheme.error),
                                                           ^^^^^^^^
lib/screens/cartera/cuentas_por_pagar_screen.dart:399:37:
Error: The getter 'saldoPendiente' isn't defined for the type 'Object?'.
 - 'Object' is from 'dart:core'.
      (sum, cuenta) => sum + cuenta.saldoPendiente,
                                    ^^^^^^^^^^^^^^
lib/screens/cartera/cuentas_por_pagar_screen.dart:402:54:
Error: The getter 'estaVencida' isn't defined for the type 'Object?'.
 - 'Object' is from 'dart:core'.
    final vencidas = cuentasFiltradas.where((c) => c.estaVencida).length;
                                                     ^^^^^^^^^^^
lib/screens/cartera/cuentas_por_pagar_screen.dart:404:25:
Error: The getter 'requiereAtencionPronto' isn't defined for the type 'Object?'.
 - 'Object' is from 'dart:core'.
        .where((c) => c.requiereAtencionPronto)
                        ^^^^^^^^^^^^^^^^^^^^^^
lib/screens/cartera/cuentas_por_pagar_screen.dart:426:19:
Error: The getter 'CurrencyUtils' isn't defined for the type '_CuentasPorPagarScreenState'.
 - '_CuentasPorPagarScreenState' is from 'package:vercy_motos/screens/cartera/cuentas_por_pagar_screen.dart' ('lib/screens/cartera/cuentas_por_pagar_screen.dart').
                  CurrencyUtils.format(totalPendiente),
                  ^^^^^^^^^^^^^
lib/screens/cartera/cuentas_por_pagar_screen.dart:428:19:
Error: The getter 'AppTheme' isn't defined for the type '_CuentasPorPagarScreenState'.
 - '_CuentasPorPagarScreenState' is from 'package:vercy_motos/screens/cartera/cuentas_por_pagar_screen.dart' ('lib/screens/cartera/cuentas_por_pagar_screen.dart').
                  AppTheme.primary,
                  ^^^^^^^^
lib/screens/cartera/cuentas_por_pagar_screen.dart:434:19:
Error: The getter 'AppTheme' isn't defined for the type '_CuentasPorPagarScreenState'.
 - '_CuentasPorPagarScreenState' is from 'package:vercy_motos/screens/cartera/cuentas_por_pagar_screen.dart' ('lib/screens/cartera/cuentas_por_pagar_screen.dart').
                  AppTheme.primaryLight,
                  ^^^^^^^^
lib/screens/cartera/cuentas_por_pagar_screen.dart:440:19:
Error: The getter 'AppTheme' isn't defined for the type '_CuentasPorPagarScreenState'.
 - '_CuentasPorPagarScreenState' is from 'package:vercy_motos/screens/cartera/cuentas_por_pagar_screen.dart' ('lib/screens/cartera/cuentas_por_pagar_screen.dart').
                  AppTheme.error,
                  ^^^^^^^^
lib/screens/cartera/cuentas_por_pagar_screen.dart:446:19:
Error: The getter 'AppTheme' isn't defined for the type '_CuentasPorPagarScreenState'.
 - '_CuentasPorPagarScreenState' is from 'package:vercy_motos/screens/cartera/cuentas_por_pagar_screen.dart' ('lib/screens/cartera/cuentas_por_pagar_screen.dart').
                  AppTheme.secondary,
                  ^^^^^^^^
lib/screens/cartera/cuentas_por_pagar_screen.dart:478:27:
Error: 'CuentaPorPagar' isn't a type.
  Widget _buildCuentaCard(CuentaPorPagar cuenta) {
                          ^^^^^^^^^^^^^^
lib/screens/cartera/cuentas_por_pagar_screen.dart:483:12:
Error: Not a constant expression.
      case EstadoCuentaPagar.VENCIDA:
           ^^^^^^^^^^^^^^^^^
lib/screens/cartera/cuentas_por_pagar_screen.dart:487:12:
Error: Not a constant expression.
      case EstadoCuentaPagar.PENDIENTE:
           ^^^^^^^^^^^^^^^^^
lib/screens/cartera/cuentas_por_pagar_screen.dart:495:12:
Error: Not a constant expression.
      case EstadoCuentaPagar.ABONADA:
           ^^^^^^^^^^^^^^^^^
lib/screens/cartera/cuentas_por_pagar_screen.dart:499:12:
Error: Not a constant expression.
      case EstadoCuentaPagar.PAGADA:
           ^^^^^^^^^^^^^^^^^
lib/screens/cartera/cuentas_por_pagar_screen.dart:507:12:
Error: Not a constant expression.
      case EstadoCuentaPagar.PENDIENTE:
           ^^^^^^^^^^^^^^^^^
lib/screens/cartera/cuentas_por_pagar_screen.dart:510:12:
Error: Not a constant expression.
      case EstadoCuentaPagar.VENCIDA:
           ^^^^^^^^^^^^^^^^^
lib/screens/cartera/cuentas_por_pagar_screen.dart:513:12:
Error: Not a constant expression.
      case EstadoCuentaPagar.PAGADA:
           ^^^^^^^^^^^^^^^^^
lib/screens/cartera/cuentas_por_pagar_screen.dart:516:12:
Error: Not a constant expression.
      case EstadoCuentaPagar.ABONADA:
           ^^^^^^^^^^^^^^^^^
lib/screens/cartera/cuentas_por_pagar_screen.dart:693:30:
Error: Not a constant expression.
                      color: AppTheme.secondaryLight,
                             ^^^^^^^^
lib/screens/cartera/cuentas_por_pagar_screen.dart:701:34:
Error: Not a constant expression.
                          color: AppTheme.secondaryLight,
                                 ^^^^^^^^
lib/screens/cartera/cuentas_por_pagar_screen.dart:724:53:
Error: Not a constant expression.
                      side: const BorderSide(color: AppTheme.secondary),
                                                    ^^^^^^^^
lib/screens/cartera/cuentas_por_pagar_screen.dart:484:23:
Error: The getter 'AppTheme' isn't defined for the type '_CuentasPorPagarScreenState'.
 - '_CuentasPorPagarScreenState' is from 'package:vercy_motos/screens/cartera/cuentas_por_pagar_screen.dart' ('lib/screens/cartera/cuentas_por_pagar_screen.dart').
        estadoColor = AppTheme.error;
                      ^^^^^^^^
lib/screens/cartera/cuentas_por_pagar_screen.dart:489:15:
Error: The getter 'AppTheme' isn't defined for the type '_CuentasPorPagarScreenState'.
 - '_CuentasPorPagarScreenState' is from 'package:vercy_motos/screens/cartera/cuentas_por_pagar_screen.dart' ('lib/screens/cartera/cuentas_por_pagar_screen.dart').
            ? AppTheme.secondary
              ^^^^^^^^
lib/screens/cartera/cuentas_por_pagar_screen.dart:490:15:
Error: The getter 'AppTheme' isn't defined for the type '_CuentasPorPagarScreenState'.
 - '_CuentasPorPagarScreenState' is from 'package:vercy_motos/screens/cartera/cuentas_por_pagar_screen.dart' ('lib/screens/cartera/cuentas_por_pagar_screen.dart').
            : AppTheme.primary;
              ^^^^^^^^
lib/screens/cartera/cuentas_por_pagar_screen.dart:496:23:
Error: The getter 'AppTheme' isn't defined for the type '_CuentasPorPagarScreenState'.
 - '_CuentasPorPagarScreenState' is from 'package:vercy_motos/screens/cartera/cuentas_por_pagar_screen.dart' ('lib/screens/cartera/cuentas_por_pagar_screen.dart').
        estadoColor = AppTheme.primaryLight;
                      ^^^^^^^^
lib/screens/cartera/cuentas_por_pagar_screen.dart:500:23:
Error: The getter 'AppTheme' isn't defined for the type '_CuentasPorPagarScreenState'.
 - '_CuentasPorPagarScreenState' is from 'package:vercy_motos/screens/cartera/cuentas_por_pagar_screen.dart' ('lib/screens/cartera/cuentas_por_pagar_screen.dart').
        estadoColor = AppTheme.primary;
                      ^^^^^^^^
lib/screens/cartera/cuentas_por_pagar_screen.dart:550:38:
Error: The getter 'AppTheme' isn't defined for the type '_CuentasPorPagarScreenState'.
 - '_CuentasPorPagarScreenState' is from 'package:vercy_motos/screens/cartera/cuentas_por_pagar_screen.dart' ('lib/screens/cartera/cuentas_por_pagar_screen.dart').
                              color: AppTheme.secondary,
                                     ^^^^^^^^
lib/screens/cartera/cuentas_por_pagar_screen.dart:556:53:
Error: The getter 'AppTheme' isn't defined for the type '_CuentasPorPagarScreenState'.
 - '_CuentasPorPagarScreenState' is from 'package:vercy_motos/screens/cartera/cuentas_por_pagar_screen.dart' ('lib/screens/cartera/cuentas_por_pagar_screen.dart').
                                  ?.copyWith(color: AppTheme.secondary),
                                                    ^^^^^^^^
lib/screens/cartera/cuentas_por_pagar_screen.dart:569:28:
Error: Non-nullable variable 'estadoColor' must be assigned before it can be used.
                    color: estadoColor.withOpacity(0.1),
                           ^^^^^^^^^^^
lib/screens/cartera/cuentas_por_pagar_screen.dart:575:28:
Error: Non-nullable variable 'estadoIcon' must be assigned before it can be used.
                      Icon(estadoIcon, size: 14, color: estadoColor),
                           ^^^^^^^^^^
lib/screens/cartera/cuentas_por_pagar_screen.dart:575:57:
Error: Non-nullable variable 'estadoColor' must be assigned before it can be used.
                      Icon(estadoIcon, size: 14, color: estadoColor),
                                                        ^^^^^^^^^^^
lib/screens/cartera/cuentas_por_pagar_screen.dart:578:25:
Error: Final variable 'estadoLabel' must be assigned before it can be used.
                        estadoLabel,
                        ^^^^^^^^^^^
lib/screens/cartera/cuentas_por_pagar_screen.dart:580:34:
Error: Non-nullable variable 'estadoColor' must be assigned before it can be used.
                          color: estadoColor,
                                 ^^^^^^^^^^^
lib/screens/cartera/cuentas_por_pagar_screen.dart:601:33:
Error: The getter 'CurrencyUtils' isn't defined for the type '_CuentasPorPagarScreenState'.
 - '_CuentasPorPagarScreenState' is from 'package:vercy_motos/screens/cartera/cuentas_por_pagar_screen.dart' ('lib/screens/cartera/cuentas_por_pagar_screen.dart').
                      'Total: ${CurrencyUtils.format(cuenta.montoTotal)}',
                                ^^^^^^^^^^^^^
lib/screens/cartera/cuentas_por_pagar_screen.dart:606:37:
Error: The getter 'CurrencyUtils' isn't defined for the type '_CuentasPorPagarScreenState'.
 - '_CuentasPorPagarScreenState' is from 'package:vercy_motos/screens/cartera/cuentas_por_pagar_screen.dart' ('lib/screens/cartera/cuentas_por_pagar_screen.dart').
                        'Abonado: ${CurrencyUtils.format(cuenta.montoAbonado)}',
                                    ^^^^^^^^^^^^^
lib/screens/cartera/cuentas_por_pagar_screen.dart:608:34:
Error: The getter 'AppTheme' isn't defined for the type '_CuentasPorPagarScreenState'.
 - '_CuentasPorPagarScreenState' is from 'package:vercy_motos/screens/cartera/cuentas_por_pagar_screen.dart' ('lib/screens/cartera/cuentas_por_pagar_screen.dart').
                          color: AppTheme.primary,
                                 ^^^^^^^^
lib/screens/cartera/cuentas_por_pagar_screen.dart:617:34:
Error: The getter 'AppTheme' isn't defined for the type '_CuentasPorPagarScreenState'.
 - '_CuentasPorPagarScreenState' is from 'package:vercy_motos/screens/cartera/cuentas_por_pagar_screen.dart' ('lib/screens/cartera/cuentas_por_pagar_screen.dart').
                          color: AppTheme.primary,
                                 ^^^^^^^^
lib/screens/cartera/cuentas_por_pagar_screen.dart:623:19:
Error: The getter 'CurrencyUtils' isn't defined for the type '_CuentasPorPagarScreenState'.
 - '_CuentasPorPagarScreenState' is from 'package:vercy_motos/screens/cartera/cuentas_por_pagar_screen.dart' ('lib/screens/cartera/cuentas_por_pagar_screen.dart').
                  CurrencyUtils.format(cuenta.saldoPendiente),
                  ^^^^^^^^^^^^^
lib/screens/cartera/cuentas_por_pagar_screen.dart:626:32:
Error: Non-nullable variable 'estadoColor' must be assigned before it can be used.
                        color: estadoColor,
                               ^^^^^^^^^^^
lib/screens/cartera/cuentas_por_pagar_screen.dart:637:34:
Error: The getter 'AppTheme' isn't defined for the type '_CuentasPorPagarScreenState'.
 - '_CuentasPorPagarScreenState' is from 'package:vercy_motos/screens/cartera/cuentas_por_pagar_screen.dart' ('lib/screens/cartera/cuentas_por_pagar_screen.dart').
                backgroundColor: AppTheme.surfaceDark,
                                 ^^^^^^^^
lib/screens/cartera/cuentas_por_pagar_screen.dart:640:25:
Error: The getter 'AppTheme' isn't defined for the type '_CuentasPorPagarScreenState'.
 - '_CuentasPorPagarScreenState' is from 'package:vercy_motos/screens/cartera/cuentas_por_pagar_screen.dart' ('lib/screens/cartera/cuentas_por_pagar_screen.dart').
                      ? AppTheme.primary
                        ^^^^^^^^
lib/screens/cartera/cuentas_por_pagar_screen.dart:641:25:
Error: The getter 'AppTheme' isn't defined for the type '_CuentasPorPagarScreenState'.
 - '_CuentasPorPagarScreenState' is from 'package:vercy_motos/screens/cartera/cuentas_por_pagar_screen.dart' ('lib/screens/cartera/cuentas_por_pagar_screen.dart').
                      : AppTheme.secondary,
                        ^^^^^^^^
lib/screens/cartera/cuentas_por_pagar_screen.dart:656:61:
Error: Non-nullable variable 'estadoColor' must be assigned before it can be used.
                Icon(Icons.calendar_today, size: 16, color: estadoColor),
                                                            ^^^^^^^^^^^
lib/screens/cartera/cuentas_por_pagar_screen.dart:669:28:
Error: Non-nullable variable 'estadoColor' must be assigned before it can be used.
                    color: estadoColor,
                           ^^^^^^^^^^^
lib/screens/cartera/cuentas_por_pagar_screen.dart:682:26:
Error: The getter 'AppTheme' isn't defined for the type '_CuentasPorPagarScreenState'.
 - '_CuentasPorPagarScreenState' is from 'package:vercy_motos/screens/cartera/cuentas_por_pagar_screen.dart' ('lib/screens/cartera/cuentas_por_pagar_screen.dart').
                  color: AppTheme.secondary.withOpacity(0.1),
                         ^^^^^^^^
lib/screens/cartera/cuentas_por_pagar_screen.dart:685:28:
Error: The getter 'AppTheme' isn't defined for the type '_CuentasPorPagarScreenState'.
 - '_CuentasPorPagarScreenState' is from 'package:vercy_motos/screens/cartera/cuentas_por_pagar_screen.dart' ('lib/screens/cartera/cuentas_por_pagar_screen.dart').
                    color: AppTheme.secondary.withOpacity(0.3),
                           ^^^^^^^^
lib/screens/cartera/cuentas_por_pagar_screen.dart:712:34:
Error: The getter 'EstadoCuentaPagar' isn't defined for the type '_CuentasPorPagarScreenState'.
 - '_CuentasPorPagarScreenState' is from 'package:vercy_motos/screens/cartera/cuentas_por_pagar_screen.dart' ('lib/screens/cartera/cuentas_por_pagar_screen.dart').
            if (cuenta.estado != EstadoCuentaPagar.PAGADA &&
                                 ^^^^^^^^^^^^^^^^^
lib/screens/cartera/cuentas_por_pagar_screen.dart:723:40:
Error: The getter 'AppTheme' isn't defined for the type '_CuentasPorPagarScreenState'.
 - '_CuentasPorPagarScreenState' is from 'package:vercy_motos/screens/cartera/cuentas_por_pagar_screen.dart' ('lib/screens/cartera/cuentas_por_pagar_screen.dart').
                      foregroundColor: AppTheme.secondary,
                                       ^^^^^^^^
lib/screens/cartera/cuentas_por_pagar_screen.dart:733:40:
Error: The getter 'AppTheme' isn't defined for the type '_CuentasPorPagarScreenState'.
 - '_CuentasPorPagarScreenState' is from 'package:vercy_motos/screens/cartera/cuentas_por_pagar_screen.dart' ('lib/screens/cartera/cuentas_por_pagar_screen.dart').
                      backgroundColor: AppTheme.primary,
                                       ^^^^^^^^
lib/screens/cartera/cuentas_por_pagar_screen.dart:734:40:
Error: The getter 'AppTheme' isn't defined for the type '_CuentasPorPagarScreenState'.
 - '_CuentasPorPagarScreenState' is from 'package:vercy_motos/screens/cartera/cuentas_por_pagar_screen.dart' ('lib/screens/cartera/cuentas_por_pagar_screen.dart').
                      foregroundColor: AppTheme.white,
                                       ^^^^^^^^
lib/screens/cartera/cuentas_por_pagar_screen.dart:755:5:
Error: 'TipoCuentaPagar' isn't a type.
    TipoCuentaPagar tipoSeleccionado = TipoCuentaPagar.facturaProveedor;
    ^^^^^^^^^^^^^^^
lib/screens/cartera/cuentas_por_pagar_screen.dart:756:5:
Error: 'FrecuenciaCuentaPagar' isn't a type.
    FrecuenciaCuentaPagar frecuenciaSeleccionada = FrecuenciaCuentaPagar.unica;
    ^^^^^^^^^^^^^^^^^^^^^
lib/screens/cartera/cuentas_por_pagar_screen.dart:761:10:
Error: 'Proveedor' isn't a type.
    List<Proveedor> proveedores = [];
         ^^^^^^^^^
lib/screens/cartera/cuentas_por_pagar_screen.dart:770:37:
Error: 'CuentaPorPagar' isn't a type.
    final result = await showDialog<CuentaPorPagar>(
                                    ^^^^^^^^^^^^^^
lib/screens/cartera/cuentas_por_pagar_screen.dart:788:36:
Error: 'Proveedor' isn't a type.
                      Autocomplete<Proveedor>(
                                   ^^^^^^^^^
lib/screens/cartera/cuentas_por_pagar_screen.dart:799:50:
Error: 'Proveedor' isn't a type.
                        displayStringForOption: (Proveedor p) => p.nombre,
                                                 ^^^^^^^^^
lib/screens/cartera/cuentas_por_pagar_screen.dart:800:38:
Error: 'Proveedor' isn't a type.
                        onSelected: (Proveedor p) {
                                     ^^^^^^^^^
lib/screens/cartera/cuentas_por_pagar_screen.dart:825:47:
Error: 'TipoCuentaPagar' isn't a type.
                      DropdownButtonFormField<TipoCuentaPagar>(
                                              ^^^^^^^^^^^^^^^
lib/screens/cartera/cuentas_por_pagar_screen.dart:922:49:
Error: 'FrecuenciaCuentaPagar' isn't a type.
                        DropdownButtonFormField<FrecuenciaCuentaPagar>(
                                                ^^^^^^^^^^^^^^^^^^^^^
lib/screens/cartera/cuentas_por_pagar_screen.dart:1039:44:
Error: Not a constant expression.
                          backgroundColor: AppTheme.error,
                                           ^^^^^^^^
lib/screens/cartera/cuentas_por_pagar_screen.dart:755:40:
Error: The getter 'TipoCuentaPagar' isn't defined for the type '_CuentasPorPagarScreenState'.
 - '_CuentasPorPagarScreenState' is from 'package:vercy_motos/screens/cartera/cuentas_por_pagar_screen.dart' ('lib/screens/cartera/cuentas_por_pagar_screen.dart').
    TipoCuentaPagar tipoSeleccionado = TipoCuentaPagar.facturaProveedor;
                                       ^^^^^^^^^^^^^^^
lib/screens/cartera/cuentas_por_pagar_screen.dart:756:52:
Error: The getter 'FrecuenciaCuentaPagar' isn't defined for the type '_CuentasPorPagarScreenState'.
 - '_CuentasPorPagarScreenState' is from 'package:vercy_motos/screens/cartera/cuentas_por_pagar_screen.dart' ('lib/screens/cartera/cuentas_por_pagar_screen.dart').
    FrecuenciaCuentaPagar frecuenciaSeleccionada = FrecuenciaCuentaPagar.unica;
                                                   ^^^^^^^^^^^^^^^^^^^^^
lib/screens/cartera/cuentas_por_pagar_screen.dart:794:38:
Error: The getter 'nombre' isn't defined for the type 'Object?'.
 - 'Object' is from 'dart:core'.
                            (p) => p.nombre.toLowerCase().contains(
                                     ^^^^^^
lib/screens/cartera/cuentas_por_pagar_screen.dart:832:32:
Error: The getter 'TipoCuentaPagar' isn't defined for the type '_CuentasPorPagarScreenState'.
 - '_CuentasPorPagarScreenState' is from 'package:vercy_motos/screens/cartera/cuentas_por_pagar_screen.dart' ('lib/screens/cartera/cuentas_por_pagar_screen.dart').
                        items: TipoCuentaPagar.values.map((tipo) {
                               ^^^^^^^^^^^^^^^
lib/screens/cartera/cuentas_por_pagar_screen.dart:929:34:
Error: The getter 'FrecuenciaCuentaPagar' isn't defined for the type '_CuentasPorPagarScreenState'.
 - '_CuentasPorPagarScreenState' is from 'package:vercy_motos/screens/cartera/cuentas_por_pagar_screen.dart' ('lib/screens/cartera/cuentas_por_pagar_screen.dart').
                          items: FrecuenciaCuentaPagar.values
                                 ^^^^^^^^^^^^^^^^^^^^^
lib/screens/cartera/cuentas_por_pagar_screen.dart:930:50:
Error: The getter 'FrecuenciaCuentaPagar' isn't defined for the type '_CuentasPorPagarScreenState'.
 - '_CuentasPorPagarScreenState' is from 'package:vercy_motos/screens/cartera/cuentas_por_pagar_screen.dart' ('lib/screens/cartera/cuentas_por_pagar_screen.dart').
                              .where((f) => f != FrecuenciaCuentaPagar.unica)
                                                 ^^^^^^^^^^^^^^^^^^^^^
lib/screens/cartera/cuentas_por_pagar_screen.dart:1081:31:
Error: The getter 'EstadoCuentaPagar' isn't defined for the type '_CuentasPorPagarScreenState'.
 - '_CuentasPorPagarScreenState' is from 'package:vercy_motos/screens/cartera/cuentas_por_pagar_screen.dart' ('lib/screens/cartera/cuentas_por_pagar_screen.dart').
                      estado: EstadoCuentaPagar.PENDIENTE,
                              ^^^^^^^^^^^^^^^^^
lib/screens/cartera/cuentas_por_pagar_screen.dart:1085:29:
Error: The getter 'FrecuenciaCuentaPagar' isn't defined for the type '_CuentasPorPagarScreenState'.
 - '_CuentasPorPagarScreenState' is from 'package:vercy_motos/screens/cartera/cuentas_por_pagar_screen.dart' ('lib/screens/cartera/cuentas_por_pagar_screen.dart').
                          : FrecuenciaCuentaPagar.unica,
                            ^^^^^^^^^^^^^^^^^^^^^
lib/screens/cartera/cuentas_por_pagar_screen.dart:1069:41:
Error: The method 'CuentaPorPagar' isn't defined for the type '_CuentasPorPagarScreenState'.
 - '_CuentasPorPagarScreenState' is from 'package:vercy_motos/screens/cartera/cuentas_por_pagar_screen.dart' ('lib/screens/cartera/cuentas_por_pagar_screen.dart').
                    final nuevaCuenta = CuentaPorPagar(
                                        ^^^^^^^^^^^^^^
lib/screens/cartera/cuentas_por_pagar_screen.dart:1109:29:
Error: 'CuentaPorPagar' isn't a type.
  Future<void> _crearCuenta(CuentaPorPagar cuenta) async {
                            ^^^^^^^^^^^^^^
lib/screens/cartera/cuentas_por_pagar_screen.dart:1116:30:
Error: Not a constant expression.
            backgroundColor: AppTheme.primary,
                             ^^^^^^^^
lib/screens/cartera/cuentas_por_pagar_screen.dart:1126:30:
Error: The getter 'AppTheme' isn't defined for the type '_CuentasPorPagarScreenState'.
 - '_CuentasPorPagarScreenState' is from 'package:vercy_motos/screens/cartera/cuentas_por_pagar_screen.dart' ('lib/screens/cartera/cuentas_por_pagar_screen.dart').
            backgroundColor: AppTheme.error,
                             ^^^^^^^^
lib/screens/cartera/cuentas_por_pagar_screen.dart:1134:28:
Error: The getter 'AppTheme' isn't defined for the type '_CuentasPorPagarScreenState'.
 - '_CuentasPorPagarScreenState' is from 'package:vercy_motos/screens/cartera/cuentas_por_pagar_screen.dart' ('lib/screens/cartera/cuentas_por_pagar_screen.dart').
          backgroundColor: AppTheme.error,
                           ^^^^^^^^
lib/screens/cartera/cuentas_por_pagar_screen.dart:1140:38:
Error: 'CuentaPorPagar' isn't a type.
  void _enviarAlertaNuevaCxPTelegram(CuentaPorPagar cuenta) {
                                     ^^^^^^^^^^^^^^
lib/screens/cartera/cuentas_por_pagar_screen.dart:1148:24:
Error: 'TipoCuentaPagar' isn't a type.
  String _getTipoLabel(TipoCuentaPagar tipo) {
                       ^^^^^^^^^^^^^^^
lib/screens/cartera/cuentas_por_pagar_screen.dart:1150:12:
Error: Not a constant expression.
      case TipoCuentaPagar.arriendo:
           ^^^^^^^^^^^^^^^
lib/screens/cartera/cuentas_por_pagar_screen.dart:1152:12:
Error: Not a constant expression.
      case TipoCuentaPagar.serviciosPublicos:
           ^^^^^^^^^^^^^^^
lib/screens/cartera/cuentas_por_pagar_screen.dart:1154:12:
Error: Not a constant expression.
      case TipoCuentaPagar.facturaProveedor:
           ^^^^^^^^^^^^^^^
lib/screens/cartera/cuentas_por_pagar_screen.dart:1156:12:
Error: Not a constant expression.
      case TipoCuentaPagar.nomina:
           ^^^^^^^^^^^^^^^
lib/screens/cartera/cuentas_por_pagar_screen.dart:1158:12:
Error: Not a constant expression.
      case TipoCuentaPagar.seguros:
           ^^^^^^^^^^^^^^^
lib/screens/cartera/cuentas_por_pagar_screen.dart:1160:12:
Error: Not a constant expression.
      case TipoCuentaPagar.impuestos:
           ^^^^^^^^^^^^^^^
lib/screens/cartera/cuentas_por_pagar_screen.dart:1162:12:
Error: Not a constant expression.
      case TipoCuentaPagar.mantenimiento:
           ^^^^^^^^^^^^^^^
lib/screens/cartera/cuentas_por_pagar_screen.dart:1164:12:
Error: Not a constant expression.
      case TipoCuentaPagar.otros:
           ^^^^^^^^^^^^^^^
lib/screens/cartera/cuentas_por_pagar_screen.dart:1148:10:
Error: A non-null value must be returned since the return type 'String' doesn't allow null.
  String _getTipoLabel(TipoCuentaPagar tipo) {
         ^
lib/screens/cartera/cuentas_por_pagar_screen.dart:1169:30:
Error: 'FrecuenciaCuentaPagar' isn't a type.
  String _getFrecuenciaLabel(FrecuenciaCuentaPagar frecuencia) {
                             ^^^^^^^^^^^^^^^^^^^^^
lib/screens/cartera/cuentas_por_pagar_screen.dart:1171:12:
Error: Not a constant expression.
      case FrecuenciaCuentaPagar.unica:
           ^^^^^^^^^^^^^^^^^^^^^
lib/screens/cartera/cuentas_por_pagar_screen.dart:1173:12:
Error: Not a constant expression.
      case FrecuenciaCuentaPagar.mensual:
           ^^^^^^^^^^^^^^^^^^^^^
lib/screens/cartera/cuentas_por_pagar_screen.dart:1175:12:
Error: Not a constant expression.
      case FrecuenciaCuentaPagar.bimestral:
           ^^^^^^^^^^^^^^^^^^^^^
lib/screens/cartera/cuentas_por_pagar_screen.dart:1177:12:
Error: Not a constant expression.
      case FrecuenciaCuentaPagar.trimestral:
           ^^^^^^^^^^^^^^^^^^^^^
lib/screens/cartera/cuentas_por_pagar_screen.dart:1179:12:
Error: Not a constant expression.
      case FrecuenciaCuentaPagar.semestral:
           ^^^^^^^^^^^^^^^^^^^^^
lib/screens/cartera/cuentas_por_pagar_screen.dart:1181:12:
Error: Not a constant expression.
      case FrecuenciaCuentaPagar.anual:
           ^^^^^^^^^^^^^^^^^^^^^
lib/screens/cartera/cuentas_por_pagar_screen.dart:1169:10:
Error: A non-null value must be returned since the return type 'String' doesn't allow null.
  String _getFrecuenciaLabel(FrecuenciaCuentaPagar frecuencia) {
         ^
lib/screens/cartera/cuentas_por_pagar_screen.dart:1186:44:
Error: 'CuentaPorPagar' isn't a type.
  Future<void> _enviarAlertaTelegramManual(CuentaPorPagar cuenta) async {
                                           ^^^^^^^^^^^^^^
lib/screens/cartera/cuentas_por_pagar_screen.dart:1188:7:
Error: The method 'appLog' isn't defined for the type '_CuentasPorPagarScreenState'.
 - '_CuentasPorPagarScreenState' is from 'package:vercy_motos/screens/cartera/cuentas_por_pagar_screen.dart' ('lib/screens/cartera/cuentas_por_pagar_screen.dart').
      appLog('🔔 [ALERTA MANUAL CxP] Iniciando envío de alerta manual');
      ^^^^^^
lib/screens/cartera/cuentas_por_pagar_screen.dart:1189:7:
Error: The method 'appLog' isn't defined for the type '_CuentasPorPagarScreenState'.
 - '_CuentasPorPagarScreenState' is from 'package:vercy_motos/screens/cartera/cuentas_por_pagar_screen.dart' ('lib/screens/cartera/cuentas_por_pagar_screen.dart').
      appLog('📋 Cuenta ID: ${cuenta.id}');
      ^^^^^^
lib/screens/cartera/cuentas_por_pagar_screen.dart:1190:7:
Error: The method 'appLog' isn't defined for the type '_CuentasPorPagarScreenState'.
 - '_CuentasPorPagarScreenState' is from 'package:vercy_motos/screens/cartera/cuentas_por_pagar_screen.dart' ('lib/screens/cartera/cuentas_por_pagar_screen.dart').
      appLog('🏢 Proveedor: ${cuenta.proveedorNombre}');
      ^^^^^^
lib/screens/cartera/cuentas_por_pagar_screen.dart:1191:7:
Error: The method 'appLog' isn't defined for the type '_CuentasPorPagarScreenState'.
 - '_CuentasPorPagarScreenState' is from 'package:vercy_motos/screens/cartera/cuentas_por_pagar_screen.dart' ('lib/screens/cartera/cuentas_por_pagar_screen.dart').
      appLog('💰 Saldo pendiente: ${cuenta.saldoPendiente}');
      ^^^^^^
lib/screens/cartera/cuentas_por_pagar_screen.dart:1192:7:
Error: The method 'appLog' isn't defined for the type '_CuentasPorPagarScreenState'.
 - '_CuentasPorPagarScreenState' is from 'package:vercy_motos/screens/cartera/cuentas_por_pagar_screen.dart' ('lib/screens/cartera/cuentas_por_pagar_screen.dart').
      appLog('📅 Fecha vencimiento: ${cuenta.fechaVencimiento}');
      ^^^^^^
lib/screens/cartera/cuentas_por_pagar_screen.dart:1193:7:
Error: The method 'appLog' isn't defined for the type '_CuentasPorPagarScreenState'.
 - '_CuentasPorPagarScreenState' is from 'package:vercy_motos/screens/cartera/cuentas_por_pagar_screen.dart' ('lib/screens/cartera/cuentas_por_pagar_screen.dart').
      appLog('⏰ Está vencida: ${cuenta.estaVencida}');
      ^^^^^^
lib/screens/cartera/cuentas_por_pagar_screen.dart:1194:7:
Error: The method 'appLog' isn't defined for the type '_CuentasPorPagarScreenState'.
 - '_CuentasPorPagarScreenState' is from 'package:vercy_motos/screens/cartera/cuentas_por_pagar_screen.dart' ('lib/screens/cartera/cuentas_por_pagar_screen.dart').
      appLog('💸 Próximo a perder descuento: ${cuenta.proximoAPerderDescuento}');
      ^^^^^^
lib/screens/cartera/cuentas_por_pagar_screen.dart:1195:7:
Error: The method 'appLog' isn't defined for the type '_CuentasPorPagarScreenState'.
 - '_CuentasPorPagarScreenState' is from 'package:vercy_motos/screens/cartera/cuentas_por_pagar_screen.dart' ('lib/screens/cartera/cuentas_por_pagar_screen.dart').
      appLog('🎁 Tiene descuento: ${cuenta.tieneDescuento}');
      ^^^^^^
lib/screens/cartera/cuentas_por_pagar_screen.dart:1200:9:
Error: The method 'appLog' isn't defined for the type '_CuentasPorPagarScreenState'.
 - '_CuentasPorPagarScreenState' is from 'package:vercy_motos/screens/cartera/cuentas_por_pagar_screen.dart' ('lib/screens/cartera/cuentas_por_pagar_screen.dart').
        appLog('📤 [ALERTA] Tipo: CUENTA VENCIDA');
        ^^^^^^
lib/screens/cartera/cuentas_por_pagar_screen.dart:1201:9:
Error: The method 'appLog' isn't defined for the type '_CuentasPorPagarScreenState'.
 - '_CuentasPorPagarScreenState' is from 'package:vercy_motos/screens/cartera/cuentas_por_pagar_screen.dart' ('lib/screens/cartera/cuentas_por_pagar_screen.dart').
        appLog('📨 Enviando a: enviarAlertaCxPVencida()');
        ^^^^^^
lib/screens/cartera/cuentas_por_pagar_screen.dart:1205:9:
Error: The method 'appLog' isn't defined for the type '_CuentasPorPagarScreenState'.
 - '_CuentasPorPagarScreenState' is from 'package:vercy_motos/screens/cartera/cuentas_por_pagar_screen.dart' ('lib/screens/cartera/cuentas_por_pagar_screen.dart').
        appLog('📤 [ALERTA] Tipo: DESCUENTO EN RIESGO');
        ^^^^^^
lib/screens/cartera/cuentas_por_pagar_screen.dart:1206:9:
Error: The method 'appLog' isn't defined for the type '_CuentasPorPagarScreenState'.
 - '_CuentasPorPagarScreenState' is from 'package:vercy_motos/screens/cartera/cuentas_por_pagar_screen.dart' ('lib/screens/cartera/cuentas_por_pagar_screen.dart').
        appLog('📨 Enviando a: enviarAlertaCxPDescuentoRiesgo()');
        ^^^^^^
lib/screens/cartera/cuentas_por_pagar_screen.dart:1210:9:
Error: The method 'appLog' isn't defined for the type '_CuentasPorPagarScreenState'.
 - '_CuentasPorPagarScreenState' is from 'package:vercy_motos/screens/cartera/cuentas_por_pagar_screen.dart' ('lib/screens/cartera/cuentas_por_pagar_screen.dart').
        appLog('📤 [ALERTA] Tipo: PRÓXIMA A VENCER');
        ^^^^^^
lib/screens/cartera/cuentas_por_pagar_screen.dart:1211:9:
Error: The method 'appLog' isn't defined for the type '_CuentasPorPagarScreenState'.
 - '_CuentasPorPagarScreenState' is from 'package:vercy_motos/screens/cartera/cuentas_por_pagar_screen.dart' ('lib/screens/cartera/cuentas_por_pagar_screen.dart').
        appLog('📨 Enviando a: enviarAlertaCxPProximaVencer()');
        ^^^^^^
lib/screens/cartera/cuentas_por_pagar_screen.dart:1215:7:
Error: The method 'appLog' isn't defined for the type '_CuentasPorPagarScreenState'.
 - '_CuentasPorPagarScreenState' is from 'package:vercy_motos/screens/cartera/cuentas_por_pagar_screen.dart' ('lib/screens/cartera/cuentas_por_pagar_screen.dart').
      appLog('✅ [ALERTA MANUAL CxP] Alerta enviada exitosamente');
      ^^^^^^
lib/screens/cartera/cuentas_por_pagar_screen.dart:1216:7:
Error: The method 'appLog' isn't defined for the type '_CuentasPorPagarScreenState'.
 - '_CuentasPorPagarScreenState' is from 'package:vercy_motos/screens/cartera/cuentas_por_pagar_screen.dart' ('lib/screens/cartera/cuentas_por_pagar_screen.dart').
      appLog('📧 Tipo de alerta enviada: $tipoAlerta');
      ^^^^^^
lib/screens/cartera/cuentas_por_pagar_screen.dart:1222:30:
Error: The getter 'AppTheme' isn't defined for the type '_CuentasPorPagarScreenState'.
 - '_CuentasPorPagarScreenState' is from 'package:vercy_motos/screens/cartera/cuentas_por_pagar_screen.dart' ('lib/screens/cartera/cuentas_por_pagar_screen.dart').
            backgroundColor: AppTheme.primary,
                             ^^^^^^^^
lib/screens/cartera/cuentas_por_pagar_screen.dart:1227:7:
Error: The method 'appLog' isn't defined for the type '_CuentasPorPagarScreenState'.
 - '_CuentasPorPagarScreenState' is from 'package:vercy_motos/screens/cartera/cuentas_por_pagar_screen.dart' ('lib/screens/cartera/cuentas_por_pagar_screen.dart').
      appLog('❌ [ALERTA MANUAL CxP] Error al enviar alerta: $e');
      ^^^^^^
lib/screens/cartera/cuentas_por_pagar_screen.dart:1228:7:
Error: The method 'appLog' isn't defined for the type '_CuentasPorPagarScreenState'.
 - '_CuentasPorPagarScreenState' is from 'package:vercy_motos/screens/cartera/cuentas_por_pagar_screen.dart' ('lib/screens/cartera/cuentas_por_pagar_screen.dart').
      appLog('💥 Stack trace: ${StackTrace.current}');
      ^^^^^^
lib/screens/cartera/cuentas_por_pagar_screen.dart:1233:30:
Error: The getter 'AppTheme' isn't defined for the type '_CuentasPorPagarScreenState'.
 - '_CuentasPorPagarScreenState' is from 'package:vercy_motos/screens/cartera/cuentas_por_pagar_screen.dart' ('lib/screens/cartera/cuentas_por_pagar_screen.dart').
            backgroundColor: AppTheme.error,
                             ^^^^^^^^
lib/screens/gastos/gastos_programados_screen.dart:17:9:
Error: 'CarteraService' isn't a type.
  final CarteraService _carteraService = CarteraService();
        ^^^^^^^^^^^^^^
lib/screens/gastos/gastos_programados_screen.dart:17:42:
Error: Method not found: 'CarteraService'.
  final CarteraService _carteraService = CarteraService();
                                         ^^^^^^^^^^^^^^
lib/screens/gastos/gastos_programados_screen.dart:19:8:
Error: 'GastoProgramado' isn't a type.
  List<GastoProgramado> gastos = [];
       ^^^^^^^^^^^^^^^
lib/screens/gastos/gastos_programados_screen.dart:20:8:
Error: 'GastoProgramado' isn't a type.
  List<GastoProgramado> gastosFiltrados = [];
       ^^^^^^^^^^^^^^^
lib/screens/gastos/gastos_programados_screen.dart:23:3:
Error: 'CategoriaGasto' isn't a type.
  CategoriaGasto? filtroCategoria;
  ^^^^^^^^^^^^^^
lib/screens/gastos/gastos_programados_screen.dart:24:3:
Error: 'EstadoGastoProgramado' isn't a type.
  EstadoGastoProgramado? filtroEstado;
  ^^^^^^^^^^^^^^^^^^^^^
lib/screens/gastos/gastos_programados_screen.dart:71:10:
Error: 'GastoProgramado' isn't a type.
    List<GastoProgramado> resultado = List.from(gastos);
         ^^^^^^^^^^^^^^^
lib/screens/gastos/gastos_programados_screen.dart:75:52:
Error: The getter 'activo' isn't defined for the type 'Object?'.
 - 'Object' is from 'dart:core'.
      resultado = resultado.where((gasto) => gasto.activo).toList();
                                                   ^^^^^^
lib/screens/gastos/gastos_programados_screen.dart:81:35:
Error: The getter 'categoria' isn't defined for the type 'Object?'.
 - 'Object' is from 'dart:core'.
          .where((gasto) => gasto.categoria == filtroCategoria)
                                  ^^^^^^^^^
lib/screens/gastos/gastos_programados_screen.dart:88:35:
Error: The getter 'estado' isn't defined for the type 'Object?'.
 - 'Object' is from 'dart:core'.
          .where((gasto) => gasto.estado == filtroEstado)
                                  ^^^^^^
lib/screens/gastos/gastos_programados_screen.dart:95:22:
Error: The getter 'nombre' isn't defined for the type 'Object?'.
 - 'Object' is from 'dart:core'.
        return gasto.nombre.toLowerCase().contains(busqueda.toLowerCase());
                     ^^^^^^
lib/screens/gastos/gastos_programados_screen.dart:101:13:
Error: The getter 'estaVencido' isn't defined for the type 'Object?'.
 - 'Object' is from 'dart:core'.
      if (a.estaVencido && !b.estaVencido) return -1;
            ^^^^^^^^^^^
lib/screens/gastos/gastos_programados_screen.dart:101:31:
Error: The getter 'estaVencido' isn't defined for the type 'Object?'.
 - 'Object' is from 'dart:core'.
      if (a.estaVencido && !b.estaVencido) return -1;
                              ^^^^^^^^^^^
lib/screens/gastos/gastos_programados_screen.dart:102:14:
Error: The getter 'estaVencido' isn't defined for the type 'Object?'.
 - 'Object' is from 'dart:core'.
      if (!a.estaVencido && b.estaVencido) return 1;
             ^^^^^^^^^^^
lib/screens/gastos/gastos_programados_screen.dart:102:31:
Error: The getter 'estaVencido' isn't defined for the type 'Object?'.
 - 'Object' is from 'dart:core'.
      if (!a.estaVencido && b.estaVencido) return 1;
                              ^^^^^^^^^^^
lib/screens/gastos/gastos_programados_screen.dart:103:13:
Error: The getter 'proximoAPagar' isn't defined for the type 'Object?'.
 - 'Object' is from 'dart:core'.
      if (a.proximoAPagar && !b.proximoAPagar) return -1;
            ^^^^^^^^^^^^^
lib/screens/gastos/gastos_programados_screen.dart:103:33:
Error: The getter 'proximoAPagar' isn't defined for the type 'Object?'.
 - 'Object' is from 'dart:core'.
      if (a.proximoAPagar && !b.proximoAPagar) return -1;
                                ^^^^^^^^^^^^^
lib/screens/gastos/gastos_programados_screen.dart:104:14:
Error: The getter 'proximoAPagar' isn't defined for the type 'Object?'.
 - 'Object' is from 'dart:core'.
      if (!a.proximoAPagar && b.proximoAPagar) return 1;
             ^^^^^^^^^^^^^
lib/screens/gastos/gastos_programados_screen.dart:104:33:
Error: The getter 'proximoAPagar' isn't defined for the type 'Object?'.
 - 'Object' is from 'dart:core'.
      if (!a.proximoAPagar && b.proximoAPagar) return 1;
                                ^^^^^^^^^^^^^
lib/screens/gastos/gastos_programados_screen.dart:106:13:
Error: The getter 'proximaFecha' isn't defined for the type 'Object?'.
 - 'Object' is from 'dart:core'.
      if (a.proximaFecha == null && b.proximaFecha == null) return 0;
            ^^^^^^^^^^^^
lib/screens/gastos/gastos_programados_screen.dart:106:39:
Error: The getter 'proximaFecha' isn't defined for the type 'Object?'.
 - 'Object' is from 'dart:core'.
      if (a.proximaFecha == null && b.proximaFecha == null) return 0;
                                      ^^^^^^^^^^^^
lib/screens/gastos/gastos_programados_screen.dart:107:13:
Error: The getter 'proximaFecha' isn't defined for the type 'Object?'.
 - 'Object' is from 'dart:core'.
      if (a.proximaFecha == null) return 1;
            ^^^^^^^^^^^^
lib/screens/gastos/gastos_programados_screen.dart:108:13:
Error: The getter 'proximaFecha' isn't defined for the type 'Object?'.
 - 'Object' is from 'dart:core'.
      if (b.proximaFecha == null) return -1;
            ^^^^^^^^^^^^
lib/screens/gastos/gastos_programados_screen.dart:110:16:
Error: The getter 'proximaFecha' isn't defined for the type 'Object?'.
 - 'Object' is from 'dart:core'.
      return a.proximaFecha!.compareTo(b.proximaFecha!);
               ^^^^^^^^^^^^
lib/screens/gastos/gastos_programados_screen.dart:110:42:
Error: The getter 'proximaFecha' isn't defined for the type 'Object?'.
 - 'Object' is from 'dart:core'.
      return a.proximaFecha!.compareTo(b.proximaFecha!);
                                         ^^^^^^^^^^^^
lib/screens/gastos/gastos_programados_screen.dart:126:34:
Error: 'GastoProgramado' isn't a type.
  Future<void> _marcarComoPagado(GastoProgramado gasto) async {
                                 ^^^^^^^^^^^^^^^
lib/screens/gastos/gastos_programados_screen.dart:139:34:
Error: The getter 'CurrencyUtils' isn't defined for the type '_GastosProgramadosScreenState'.
 - '_GastosProgramadosScreenState' is from 'package:vercy_motos/screens/gastos/gastos_programados_screen.dart' ('lib/screens/gastos/gastos_programados_screen.dart').
              'Monto estimado: ${CurrencyUtils.format(gasto.montoEstimado)}',
                                 ^^^^^^^^^^^^^
lib/screens/gastos/gastos_programados_screen.dart:184:30:
Error: 'GastoProgramado' isn't a type.
  Future<void> _procesarPago(GastoProgramado gasto, double montoReal) async {
                             ^^^^^^^^^^^^^^^
lib/screens/gastos/gastos_programados_screen.dart:287:27:
Error: The getter 'CategoriaGasto' isn't defined for the type '_GastosProgramadosScreenState'.
 - '_GastosProgramadosScreenState' is from 'package:vercy_motos/screens/gastos/gastos_programados_screen.dart' ('lib/screens/gastos/gastos_programados_screen.dart').
                          CategoriaGasto.serviciosPublicos.icon + ' Servicios',
                          ^^^^^^^^^^^^^^
lib/screens/gastos/gastos_programados_screen.dart:288:27:
Error: The getter 'CategoriaGasto' isn't defined for the type '_GastosProgramadosScreenState'.
 - '_GastosProgramadosScreenState' is from 'package:vercy_motos/screens/gastos/gastos_programados_screen.dart' ('lib/screens/gastos/gastos_programados_screen.dart').
                          CategoriaGasto.serviciosPublicos,
                          ^^^^^^^^^^^^^^
lib/screens/gastos/gastos_programados_screen.dart:292:27:
Error: The getter 'CategoriaGasto' isn't defined for the type '_GastosProgramadosScreenState'.
 - '_GastosProgramadosScreenState' is from 'package:vercy_motos/screens/gastos/gastos_programados_screen.dart' ('lib/screens/gastos/gastos_programados_screen.dart').
                          CategoriaGasto.nomina.icon + ' Nómina',
                          ^^^^^^^^^^^^^^
lib/screens/gastos/gastos_programados_screen.dart:293:27:
Error: The getter 'CategoriaGasto' isn't defined for the type '_GastosProgramadosScreenState'.
 - '_GastosProgramadosScreenState' is from 'package:vercy_motos/screens/gastos/gastos_programados_screen.dart' ('lib/screens/gastos/gastos_programados_screen.dart').
                          CategoriaGasto.nomina,
                          ^^^^^^^^^^^^^^
lib/screens/gastos/gastos_programados_screen.dart:297:27:
Error: The getter 'CategoriaGasto' isn't defined for the type '_GastosProgramadosScreenState'.
 - '_GastosProgramadosScreenState' is from 'package:vercy_motos/screens/gastos/gastos_programados_screen.dart' ('lib/screens/gastos/gastos_programados_screen.dart').
                          CategoriaGasto.impuestos.icon + ' Impuestos',
                          ^^^^^^^^^^^^^^
lib/screens/gastos/gastos_programados_screen.dart:298:27:
Error: The getter 'CategoriaGasto' isn't defined for the type '_GastosProgramadosScreenState'.
 - '_GastosProgramadosScreenState' is from 'package:vercy_motos/screens/gastos/gastos_programados_screen.dart' ('lib/screens/gastos/gastos_programados_screen.dart').
                          CategoriaGasto.impuestos,
                          ^^^^^^^^^^^^^^
lib/screens/gastos/gastos_programados_screen.dart:302:27:
Error: The getter 'CategoriaGasto' isn't defined for the type '_GastosProgramadosScreenState'.
 - '_GastosProgramadosScreenState' is from 'package:vercy_motos/screens/gastos/gastos_programados_screen.dart' ('lib/screens/gastos/gastos_programados_screen.dart').
                          CategoriaGasto.otros.icon + ' Otros',
                          ^^^^^^^^^^^^^^
lib/screens/gastos/gastos_programados_screen.dart:303:27:
Error: The getter 'CategoriaGasto' isn't defined for the type '_GastosProgramadosScreenState'.
 - '_GastosProgramadosScreenState' is from 'package:vercy_motos/screens/gastos/gastos_programados_screen.dart' ('lib/screens/gastos/gastos_programados_screen.dart').
                          CategoriaGasto.otros,
                          ^^^^^^^^^^^^^^
lib/screens/gastos/gastos_programados_screen.dart:218:12:
Error: The method 'VercySidebarLayout' isn't defined for the type '_GastosProgramadosScreenState'.
 - '_GastosProgramadosScreenState' is from 'package:vercy_motos/screens/gastos/gastos_programados_screen.dart' ('lib/screens/gastos/gastos_programados_screen.dart').
    return VercySidebarLayout(
           ^^^^^^^^^^^^^^^^^^
lib/screens/gastos/gastos_programados_screen.dart:326:44:
Error: 'CategoriaGasto' isn't a type.
  Widget _buildCategoriaChip(String label, CategoriaGasto? categoria) {
                                           ^^^^^^^^^^^^^^
lib/screens/gastos/gastos_programados_screen.dart:407:35:
Error: The getter 'montoEstimado' isn't defined for the type 'Object?'.
 - 'Object' is from 'dart:core'.
      (sum, gasto) => sum + gasto.montoEstimado,
                                  ^^^^^^^^^^^^^
lib/screens/gastos/gastos_programados_screen.dart:410:53:
Error: The getter 'estaVencido' isn't defined for the type 'Object?'.
 - 'Object' is from 'dart:core'.
    final vencidos = gastosFiltrados.where((g) => g.estaVencido).length;
                                                    ^^^^^^^^^^^
lib/screens/gastos/gastos_programados_screen.dart:411:53:
Error: The getter 'proximoAPagar' isn't defined for the type 'Object?'.
 - 'Object' is from 'dart:core'.
    final proximos = gastosFiltrados.where((g) => g.proximoAPagar).length;
                                                    ^^^^^^^^^^^^^
lib/screens/gastos/gastos_programados_screen.dart:413:25:
Error: The getter 'estado' isn't defined for the type 'Object?'.
 - 'Object' is from 'dart:core'.
        .where((g) => g.estado == EstadoGastoProgramado.activo)
                        ^^^^^^
lib/screens/gastos/gastos_programados_screen.dart:413:35:
Error: The getter 'EstadoGastoProgramado' isn't defined for the type '_GastosProgramadosScreenState'.
 - '_GastosProgramadosScreenState' is from 'package:vercy_motos/screens/gastos/gastos_programados_screen.dart' ('lib/screens/gastos/gastos_programados_screen.dart').
        .where((g) => g.estado == EstadoGastoProgramado.activo)
                                  ^^^^^^^^^^^^^^^^^^^^^
lib/screens/gastos/gastos_programados_screen.dart:436:19:
Error: The getter 'CurrencyUtils' isn't defined for the type '_GastosProgramadosScreenState'.
 - '_GastosProgramadosScreenState' is from 'package:vercy_motos/screens/gastos/gastos_programados_screen.dart' ('lib/screens/gastos/gastos_programados_screen.dart').
                  CurrencyUtils.formatShort(totalEstimado),
                  ^^^^^^^^^^^^^
lib/screens/gastos/gastos_programados_screen.dart:488:26:
Error: 'GastoProgramado' isn't a type.
  Widget _buildGastoCard(GastoProgramado gasto) {
                         ^^^^^^^^^^^^^^^
lib/screens/gastos/gastos_programados_screen.dart:500:14:
Error: Not a constant expression.
        case EstadoGastoProgramado.activo:
             ^^^^^^^^^^^^^^^^^^^^^
lib/screens/gastos/gastos_programados_screen.dart:504:14:
Error: Not a constant expression.
        case EstadoGastoProgramado.pausado:
             ^^^^^^^^^^^^^^^^^^^^^
lib/screens/gastos/gastos_programados_screen.dart:508:14:
Error: Not a constant expression.
        case EstadoGastoProgramado.inactivo:
             ^^^^^^^^^^^^^^^^^^^^^
lib/screens/gastos/gastos_programados_screen.dart:527:42:
Error: The getter 'CategoriaGasto' isn't defined for the type '_GastosProgramadosScreenState'.
 - '_GastosProgramadosScreenState' is from 'package:vercy_motos/screens/gastos/gastos_programados_screen.dart' ('lib/screens/gastos/gastos_programados_screen.dart').
                      gasto.categoria == CategoriaGasto.serviciosPublicos
                                         ^^^^^^^^^^^^^^
lib/screens/gastos/gastos_programados_screen.dart:529:44:
Error: The getter 'CategoriaGasto' isn't defined for the type '_GastosProgramadosScreenState'.
 - '_GastosProgramadosScreenState' is from 'package:vercy_motos/screens/gastos/gastos_programados_screen.dart' ('lib/screens/gastos/gastos_programados_screen.dart').
                      : gasto.categoria == CategoriaGasto.nomina
                                           ^^^^^^^^^^^^^^
lib/screens/gastos/gastos_programados_screen.dart:531:44:
Error: The getter 'CategoriaGasto' isn't defined for the type '_GastosProgramadosScreenState'.
 - '_GastosProgramadosScreenState' is from 'package:vercy_motos/screens/gastos/gastos_programados_screen.dart' ('lib/screens/gastos/gastos_programados_screen.dart').
                      : gasto.categoria == CategoriaGasto.impuestos
                                           ^^^^^^^^^^^^^^
lib/screens/gastos/gastos_programados_screen.dart:568:28:
Error: Non-nullable variable 'estadoIcon' must be assigned before it can be used.
                      Icon(estadoIcon, size: 14, color: estadoColor),
                           ^^^^^^^^^^
lib/screens/gastos/gastos_programados_screen.dart:641:23:
Error: The getter 'CurrencyUtils' isn't defined for the type '_GastosProgramadosScreenState'.
 - '_GastosProgramadosScreenState' is from 'package:vercy_motos/screens/gastos/gastos_programados_screen.dart' ('lib/screens/gastos/gastos_programados_screen.dart').
                      CurrencyUtils.format(gasto.montoEstimado),
                      ^^^^^^^^^^^^^
lib/screens/gastos/gastos_programados_screen.dart:650:41:
Error: The getter 'CurrencyUtils' isn't defined for the type '_GastosProgramadosScreenState'.
 - '_GastosProgramadosScreenState' is from 'package:vercy_motos/screens/gastos/gastos_programados_screen.dart' ('lib/screens/gastos/gastos_programados_screen.dart').
                        'Último pago: ${CurrencyUtils.format(gasto.montoUltimoPago ?? 0)}',
                                        ^^^^^^^^^^^^^
lib/screens/gastos/gastos_programados_screen.dart:689:37:
Error: The getter 'FrecuenciaGasto' isn't defined for the type '_GastosProgramadosScreenState'.
 - '_GastosProgramadosScreenState' is from 'package:vercy_motos/screens/gastos/gastos_programados_screen.dart' ('lib/screens/gastos/gastos_programados_screen.dart').
            if (gasto.frecuencia == FrecuenciaGasto.mensual &&
                                    ^^^^^^^^^^^^^^^
lib/screens/gastos/gastos_programados_screen.dart:710:37:
Error: The getter 'FrecuenciaGasto' isn't defined for the type '_GastosProgramadosScreenState'.
 - '_GastosProgramadosScreenState' is from 'package:vercy_motos/screens/gastos/gastos_programados_screen.dart' ('lib/screens/gastos/gastos_programados_screen.dart').
            if (gasto.frecuencia == FrecuenciaGasto.quincenal &&
                                    ^^^^^^^^^^^^^^^
lib/screens/gastos/gastos_programados_screen.dart:732:33:
Error: The getter 'EstadoGastoProgramado' isn't defined for the type '_GastosProgramadosScreenState'.
 - '_GastosProgramadosScreenState' is from 'package:vercy_motos/screens/gastos/gastos_programados_screen.dart' ('lib/screens/gastos/gastos_programados_screen.dart').
            if (gasto.estado == EstadoGastoProgramado.activo) ...[
                                ^^^^^^^^^^^^^^^^^^^^^
lib/screens/gastos/gastos_programados_screen.dart:768:9:
Error: 'CarteraService' isn't a type.
  final CarteraService _carteraService = CarteraService();
        ^^^^^^^^^^^^^^
lib/screens/gastos/gastos_programados_screen.dart:768:42:
Error: Method not found: 'CarteraService'.
  final CarteraService _carteraService = CarteraService();
                                         ^^^^^^^^^^^^^^
lib/screens/gastos/gastos_programados_screen.dart:774:3:
Error: 'CategoriaGasto' isn't a type.
  CategoriaGasto categoria = CategoriaGasto.serviciosPublicos;
  ^^^^^^^^^^^^^^
lib/screens/gastos/gastos_programados_screen.dart:774:30:
Error: Undefined name 'CategoriaGasto'.
  CategoriaGasto categoria = CategoriaGasto.serviciosPublicos;
                             ^^^^^^^^^^^^^^
lib/screens/gastos/gastos_programados_screen.dart:775:3:
Error: 'FrecuenciaGasto' isn't a type.
  FrecuenciaGasto frecuencia = FrecuenciaGasto.mensual;
  ^^^^^^^^^^^^^^^
lib/screens/gastos/gastos_programados_screen.dart:775:32:
Error: Undefined name 'FrecuenciaGasto'.
  FrecuenciaGasto frecuencia = FrecuenciaGasto.mensual;
                               ^^^^^^^^^^^^^^^
lib/screens/gastos/gastos_programados_screen.dart:800:34:
Error: The getter 'FrecuenciaGasto' isn't defined for the type '__FormularioGastoProgramadoState'.
 - '__FormularioGastoProgramadoState' is from 'package:vercy_motos/screens/gastos/gastos_programados_screen.dart' ('lib/screens/gastos/gastos_programados_screen.dart').
        diaDelMes: frecuencia == FrecuenciaGasto.mensual
                                 ^^^^^^^^^^^^^^^
lib/screens/gastos/gastos_programados_screen.dart:803:37:
Error: The getter 'FrecuenciaGasto' isn't defined for the type '__FormularioGastoProgramadoState'.
 - '__FormularioGastoProgramadoState' is from 'package:vercy_motos/screens/gastos/gastos_programados_screen.dart' ('lib/screens/gastos/gastos_programados_screen.dart').
        diasQuincena: frecuencia == FrecuenciaGasto.quincenal
                                    ^^^^^^^^^^^^^^^
lib/screens/gastos/gastos_programados_screen.dart:795:21:
Error: The method 'GastoProgramado' isn't defined for the type '__FormularioGastoProgramadoState'.
 - '__FormularioGastoProgramadoState' is from 'package:vercy_motos/screens/gastos/gastos_programados_screen.dart' ('lib/screens/gastos/gastos_programados_screen.dart').
      final gasto = GastoProgramado(
                    ^^^^^^^^^^^^^^^
lib/screens/gastos/gastos_programados_screen.dart:859:41:
Error: 'CategoriaGasto' isn't a type.
                DropdownButtonFormField<CategoriaGasto>(
                                        ^^^^^^^^^^^^^^
lib/screens/gastos/gastos_programados_screen.dart:879:41:
Error: 'FrecuenciaGasto' isn't a type.
                DropdownButtonFormField<FrecuenciaGasto>(
                                        ^^^^^^^^^^^^^^^
lib/screens/gastos/gastos_programados_screen.dart:865:26:
Error: The getter 'CategoriaGasto' isn't defined for the type '__FormularioGastoProgramadoState'.
 - '__FormularioGastoProgramadoState' is from 'package:vercy_motos/screens/gastos/gastos_programados_screen.dart' ('lib/screens/gastos/gastos_programados_screen.dart').
                  items: CategoriaGasto.values.map((cat) {
                         ^^^^^^^^^^^^^^
lib/screens/gastos/gastos_programados_screen.dart:885:27:
Error: The getter 'FrecuenciaGasto' isn't defined for the type '__FormularioGastoProgramadoState'.
 - '__FormularioGastoProgramadoState' is from 'package:vercy_motos/screens/gastos/gastos_programados_screen.dart' ('lib/screens/gastos/gastos_programados_screen.dart').
                  items: [FrecuenciaGasto.mensual, FrecuenciaGasto.quincenal]
                          ^^^^^^^^^^^^^^^
lib/screens/gastos/gastos_programados_screen.dart:885:52:
Error: The getter 'FrecuenciaGasto' isn't defined for the type '__FormularioGastoProgramadoState'.
 - '__FormularioGastoProgramadoState' is from 'package:vercy_motos/screens/gastos/gastos_programados_screen.dart' ('lib/screens/gastos/gastos_programados_screen.dart').
                  items: [FrecuenciaGasto.mensual, FrecuenciaGasto.quincenal]
                                                   ^^^^^^^^^^^^^^^
lib/screens/gastos/gastos_programados_screen.dart:918:35:
Error: The getter 'FrecuenciaGasto' isn't defined for the type '__FormularioGastoProgramadoState'.
 - '__FormularioGastoProgramadoState' is from 'package:vercy_motos/screens/gastos/gastos_programados_screen.dart' ('lib/screens/gastos/gastos_programados_screen.dart').
                if (frecuencia == FrecuenciaGasto.mensual)
                                  ^^^^^^^^^^^^^^^
lib/screens/gastos/gastos_programados_screen.dart:936:35:
Error: The getter 'FrecuenciaGasto' isn't defined for the type '__FormularioGastoProgramadoState'.
 - '__FormularioGastoProgramadoState' is from 'package:vercy_motos/screens/gastos/gastos_programados_screen.dart' ('lib/screens/gastos/gastos_programados_screen.dart').
                if (frecuencia == FrecuenciaGasto.quincenal)
                                  ^^^^^^^^^^^^^^^
lib/screens/reportes/alertas_screen.dart:17:9:
Error: 'AlertasService' isn't a type.
  final AlertasService _alertasService = AlertasService();
        ^^^^^^^^^^^^^^
lib/screens/reportes/alertas_screen.dart:17:42:
Error: Method not found: 'AlertasService'.
  final AlertasService _alertasService = AlertasService();
                                         ^^^^^^^^^^^^^^
lib/screens/reportes/alertas_screen.dart:18:9:
Error: 'CarteraService' isn't a type.
  final CarteraService _carteraService = CarteraService();
        ^^^^^^^^^^^^^^
lib/screens/reportes/alertas_screen.dart:18:42:
Error: Method not found: 'CarteraService'.
  final CarteraService _carteraService = CarteraService();
                                         ^^^^^^^^^^^^^^
lib/screens/reportes/alertas_screen.dart:21:3:
Error: 'EstadoMicroservicio' isn't a type.
  EstadoMicroservicio? estadoMicroservicio;
  ^^^^^^^^^^^^^^^^^^^
lib/screens/reportes/alertas_screen.dart:53:33:
Error: The getter 'EstadoMicroservicio' isn't defined for the type '_AlertasScreenState'.
 - '_AlertasScreenState' is from 'package:vercy_motos/screens/reportes/alertas_screen.dart' ('lib/screens/reportes/alertas_screen.dart').
          estadoMicroservicio = EstadoMicroservicio.fromJson(
                                ^^^^^^^^^^^^^^^^^^^
lib/screens/reportes/alertas_screen.dart:778:5:
Error: The getter 'DialogoConfirmacion' isn't defined for the type '_AlertasScreenState'.
 - '_AlertasScreenState' is from 'package:vercy_motos/screens/reportes/alertas_screen.dart' ('lib/screens/reportes/alertas_screen.dart').
    DialogoConfirmacion.mostrarCarga(context, mensaje: 'Ejecutando todas las pruebas...');
    ^^^^^^^^^^^^^^^^^^^
lib/screens/reportes/alertas_screen.dart:782:7:
Error: The getter 'DialogoConfirmacion' isn't defined for the type '_AlertasScreenState'.
 - '_AlertasScreenState' is from 'package:vercy_motos/screens/reportes/alertas_screen.dart' ('lib/screens/reportes/alertas_screen.dart').
      DialogoConfirmacion.cerrarCarga(context);
      ^^^^^^^^^^^^^^^^^^^
lib/screens/reportes/alertas_screen.dart:787:9:
Error: The getter 'DialogoConfirmacion' isn't defined for the type '_AlertasScreenState'.
 - '_AlertasScreenState' is from 'package:vercy_motos/screens/reportes/alertas_screen.dart' ('lib/screens/reportes/alertas_screen.dart').
        DialogoConfirmacion.mostrarResultado(
        ^^^^^^^^^^^^^^^^^^^
lib/screens/reportes/alertas_screen.dart:795:7:
Error: The getter 'DialogoConfirmacion' isn't defined for the type '_AlertasScreenState'.
 - '_AlertasScreenState' is from 'package:vercy_motos/screens/reportes/alertas_screen.dart' ('lib/screens/reportes/alertas_screen.dart').
      DialogoConfirmacion.cerrarCarga(context);
      ^^^^^^^^^^^^^^^^^^^
lib/screens/reportes/alertas_screen.dart:796:7:
Error: The getter 'DialogoConfirmacion' isn't defined for the type '_AlertasScreenState'.
 - '_AlertasScreenState' is from 'package:vercy_motos/screens/reportes/alertas_screen.dart' ('lib/screens/reportes/alertas_screen.dart').
      DialogoConfirmacion.mostrarResultado(
      ^^^^^^^^^^^^^^^^^^^
lib/screens/reportes/alertas_screen.dart:806:5:
Error: The getter 'DialogoConfirmacion' isn't defined for the type '_AlertasScreenState'.
 - '_AlertasScreenState' is from 'package:vercy_motos/screens/reportes/alertas_screen.dart' ('lib/screens/reportes/alertas_screen.dart').
    DialogoConfirmacion.mostrarResultado(
    ^^^^^^^^^^^^^^^^^^^
lib/screens/reportes/alertas_screen.dart:815:5:
Error: The getter 'DialogoConfirmacion' isn't defined for the type '_AlertasScreenState'.
 - '_AlertasScreenState' is from 'package:vercy_motos/screens/reportes/alertas_screen.dart' ('lib/screens/reportes/alertas_screen.dart').
    DialogoConfirmacion.mostrarPersonalizado(
    ^^^^^^^^^^^^^^^^^^^
lib/screens/admin/autorizaciones_screen.dart:14:9:
Error: 'UserManagementService' isn't a type.
  final UserManagementService _userService = UserManagementService();
        ^^^^^^^^^^^^^^^^^^^^^
lib/screens/admin/autorizaciones_screen.dart:14:46:
Error: Method not found: 'UserManagementService'.
  final UserManagementService _userService = UserManagementService();
                                             ^^^^^^^^^^^^^^^^^^^^^
lib/screens/admin/autorizaciones_screen.dart:53:30:
Error: The getter 'AppTheme' isn't defined for the type '_AutorizacionesScreenState'.
 - '_AutorizacionesScreenState' is from 'package:vercy_motos/screens/admin/autorizaciones_screen.dart' ('lib/screens/admin/autorizaciones_screen.dart').
            backgroundColor: AppTheme.success,
                             ^^^^^^^^
lib/screens/admin/autorizaciones_screen.dart:124:38:
Error: The getter 'AppTheme' isn't defined for the type '_AutorizacionesScreenState'.
 - '_AutorizacionesScreenState' is from 'package:vercy_motos/screens/admin/autorizaciones_screen.dart' ('lib/screens/admin/autorizaciones_screen.dart').
                    backgroundColor: AppTheme.primary,
                                     ^^^^^^^^
lib/screens/admin/autorizaciones_screen.dart:133:62:
Error: The getter 'AppTheme' isn't defined for the type '_AutorizacionesScreenState'.
 - '_AutorizacionesScreenState' is from 'package:vercy_motos/screens/admin/autorizaciones_screen.dart' ('lib/screens/admin/autorizaciones_screen.dart').
              Center(child: CircularProgressIndicator(color: AppTheme.primary))
                                                             ^^^^^^^^
lib/screens/admin/autorizaciones_screen.dart:143:32:
Error: The getter 'AppTheme' isn't defined for the type '_AutorizacionesScreenState'.
 - '_AutorizacionesScreenState' is from 'package:vercy_motos/screens/admin/autorizaciones_screen.dart' ('lib/screens/admin/autorizaciones_screen.dart').
                        color: AppTheme.success,
                               ^^^^^^^^
lib/screens/admin/autorizaciones_screen.dart:97:12:
Error: The method 'VercySidebarLayout' isn't defined for the type '_AutorizacionesScreenState'.
 - '_AutorizacionesScreenState' is from 'package:vercy_motos/screens/admin/autorizaciones_screen.dart' ('lib/screens/admin/autorizaciones_screen.dart').
    return VercySidebarLayout(
           ^^^^^^^^^^^^^^^^^^
lib/screens/admin/autorizaciones_screen.dart:191:16:
Error: The getter 'AppTheme' isn't defined for the type '_AutorizacionesScreenState'.
 - '_AutorizacionesScreenState' is from 'package:vercy_motos/screens/admin/autorizaciones_screen.dart' ('lib/screens/admin/autorizaciones_screen.dart').
        color: AppTheme.cardBg,
               ^^^^^^^^
lib/screens/admin/autorizaciones_screen.dart:230:36:
Error: The getter 'AppTheme' isn't defined for the type '_AutorizacionesScreenState'.
 - '_AutorizacionesScreenState' is from 'package:vercy_motos/screens/admin/autorizaciones_screen.dart' ('lib/screens/admin/autorizaciones_screen.dart').
                            color: AppTheme.primary.withOpacity(0.2),
                                   ^^^^^^^^
lib/screens/admin/autorizaciones_screen.dart:237:38:
Error: The getter 'AppTheme' isn't defined for the type '_AutorizacionesScreenState'.
 - '_AutorizacionesScreenState' is from 'package:vercy_motos/screens/admin/autorizaciones_screen.dart' ('lib/screens/admin/autorizaciones_screen.dart').
                              color: AppTheme.primary,
                                     ^^^^^^^^
lib/screens/admin/autorizaciones_screen.dart:277:36:
Error: The getter 'AppTheme' isn't defined for the type '_AutorizacionesScreenState'.
 - '_AutorizacionesScreenState' is from 'package:vercy_motos/screens/admin/autorizaciones_screen.dart' ('lib/screens/admin/autorizaciones_screen.dart').
                  backgroundColor: AppTheme.success,
                                   ^^^^^^^^
lib/screens/facturacion/eliminar_pedidos_screen.dart:15:9:
Error: 'PedidoService' isn't a type.
  final PedidoService _pedidoService = PedidoService();
        ^^^^^^^^^^^^^
lib/screens/facturacion/eliminar_pedidos_screen.dart:15:40:
Error: Method not found: 'PedidoService'.
  final PedidoService _pedidoService = PedidoService();
                                       ^^^^^^^^^^^^^
lib/screens/facturacion/eliminar_pedidos_screen.dart:18:8:
Error: 'Pedido' isn't a type.
  List<Pedido> _pedidosHoy = [];
       ^^^^^^
lib/screens/facturacion/eliminar_pedidos_screen.dart:46:37:
Error: The getter 'EstadoPedido' isn't defined for the type '_EliminarPedidosScreenState'.
 - '_EliminarPedidosScreenState' is from 'package:vercy_motos/screens/facturacion/eliminar_pedidos_screen.dart' ('lib/screens/facturacion/eliminar_pedidos_screen.dart').
          .where((p) => p.estado == EstadoPedido.pagado)
                                    ^^^^^^^^^^^^
lib/screens/facturacion/eliminar_pedidos_screen.dart:161:26:
Error: The getter 'AppTheme' isn't defined for the type '_EliminarPedidosScreenState'.
 - '_EliminarPedidosScreenState' is from 'package:vercy_motos/screens/facturacion/eliminar_pedidos_screen.dart' ('lib/screens/facturacion/eliminar_pedidos_screen.dart').
        backgroundColor: AppTheme.cardBg,
                         ^^^^^^^^
lib/screens/facturacion/eliminar_pedidos_screen.dart:169:39:
Error: The getter 'AppTheme' isn't defined for the type '_EliminarPedidosScreenState'.
 - '_EliminarPedidosScreenState' is from 'package:vercy_motos/screens/facturacion/eliminar_pedidos_screen.dart' ('lib/screens/facturacion/eliminar_pedidos_screen.dart').
              style: TextStyle(color: AppTheme.textPrimary, fontSize: 18),
                                      ^^^^^^^^
lib/screens/facturacion/eliminar_pedidos_screen.dart:179:39:
Error: The getter 'AppTheme' isn't defined for the type '_EliminarPedidosScreenState'.
 - '_EliminarPedidosScreenState' is from 'package:vercy_motos/screens/facturacion/eliminar_pedidos_screen.dart' ('lib/screens/facturacion/eliminar_pedidos_screen.dart').
              style: TextStyle(color: AppTheme.textSecondary, fontSize: 14),
                                      ^^^^^^^^
lib/screens/facturacion/eliminar_pedidos_screen.dart:211:26:
Error: The getter 'AppTheme' isn't defined for the type '_EliminarPedidosScreenState'.
 - '_EliminarPedidosScreenState' is from 'package:vercy_motos/screens/facturacion/eliminar_pedidos_screen.dart' ('lib/screens/facturacion/eliminar_pedidos_screen.dart').
                  color: AppTheme.textSecondary,
                         ^^^^^^^^
lib/screens/facturacion/eliminar_pedidos_screen.dart:221:28:
Error: The getter 'AppTheme' isn't defined for the type '_EliminarPedidosScreenState'.
 - '_EliminarPedidosScreenState' is from 'package:vercy_motos/screens/facturacion/eliminar_pedidos_screen.dart' ('lib/screens/facturacion/eliminar_pedidos_screen.dart').
                    color: AppTheme.textMuted,
                           ^^^^^^^^
lib/screens/facturacion/eliminar_pedidos_screen.dart:232:39:
Error: The getter 'AppTheme' isn't defined for the type '_EliminarPedidosScreenState'.
 - '_EliminarPedidosScreenState' is from 'package:vercy_motos/screens/facturacion/eliminar_pedidos_screen.dart' ('lib/screens/facturacion/eliminar_pedidos_screen.dart').
              style: TextStyle(color: AppTheme.textPrimary),
                                      ^^^^^^^^
lib/screens/facturacion/eliminar_pedidos_screen.dart:235:46:
Error: The getter 'AppTheme' isn't defined for the type '_EliminarPedidosScreenState'.
 - '_EliminarPedidosScreenState' is from 'package:vercy_motos/screens/facturacion/eliminar_pedidos_screen.dart' ('lib/screens/facturacion/eliminar_pedidos_screen.dart').
                labelStyle: TextStyle(color: AppTheme.textSecondary),
                                             ^^^^^^^^
lib/screens/facturacion/eliminar_pedidos_screen.dart:238:26:
Error: The getter 'AppTheme' isn't defined for the type '_EliminarPedidosScreenState'.
 - '_EliminarPedidosScreenState' is from 'package:vercy_motos/screens/facturacion/eliminar_pedidos_screen.dart' ('lib/screens/facturacion/eliminar_pedidos_screen.dart').
                  color: AppTheme.textSecondary.withOpacity(0.5),
                         ^^^^^^^^
lib/screens/facturacion/eliminar_pedidos_screen.dart:241:28:
Error: The getter 'AppTheme' isn't defined for the type '_EliminarPedidosScreenState'.
 - '_EliminarPedidosScreenState' is from 'package:vercy_motos/screens/facturacion/eliminar_pedidos_screen.dart' ('lib/screens/facturacion/eliminar_pedidos_screen.dart').
                fillColor: AppTheme.backgroundDark,
                           ^^^^^^^^
lib/screens/facturacion/eliminar_pedidos_screen.dart:245:28:
Error: The getter 'AppTheme' isn't defined for the type '_EliminarPedidosScreenState'.
 - '_EliminarPedidosScreenState' is from 'package:vercy_motos/screens/facturacion/eliminar_pedidos_screen.dart' ('lib/screens/facturacion/eliminar_pedidos_screen.dart').
                    color: AppTheme.textSecondary.withOpacity(0.3),
                           ^^^^^^^^
lib/screens/facturacion/eliminar_pedidos_screen.dart:251:28:
Error: The getter 'AppTheme' isn't defined for the type '_EliminarPedidosScreenState'.
 - '_EliminarPedidosScreenState' is from 'package:vercy_motos/screens/facturacion/eliminar_pedidos_screen.dart' ('lib/screens/facturacion/eliminar_pedidos_screen.dart').
                    color: AppTheme.textSecondary.withOpacity(0.3),
                           ^^^^^^^^
lib/screens/facturacion/eliminar_pedidos_screen.dart:267:39:
Error: The getter 'AppTheme' isn't defined for the type '_EliminarPedidosScreenState'.
 - '_EliminarPedidosScreenState' is from 'package:vercy_motos/screens/facturacion/eliminar_pedidos_screen.dart' ('lib/screens/facturacion/eliminar_pedidos_screen.dart').
              style: TextStyle(color: AppTheme.textSecondary),
                                      ^^^^^^^^
lib/screens/facturacion/eliminar_pedidos_screen.dart:288:12:
Error: The method 'VercySidebarLayout' isn't defined for the type '_EliminarPedidosScreenState'.
 - '_EliminarPedidosScreenState' is from 'package:vercy_motos/screens/facturacion/eliminar_pedidos_screen.dart' ('lib/screens/facturacion/eliminar_pedidos_screen.dart').
    return VercySidebarLayout(
           ^^^^^^^^^^^^^^^^^^
lib/screens/facturacion/eliminar_pedidos_screen.dart:376:16:
Error: The getter 'AppTheme' isn't defined for the type '_EliminarPedidosScreenState'.
 - '_EliminarPedidosScreenState' is from 'package:vercy_motos/screens/facturacion/eliminar_pedidos_screen.dart' ('lib/screens/facturacion/eliminar_pedidos_screen.dart').
        color: AppTheme.cardBg,
               ^^^^^^^^
lib/screens/facturacion/eliminar_pedidos_screen.dart:388:37:
Error: The getter 'AppTheme' isn't defined for the type '_EliminarPedidosScreenState'.
 - '_EliminarPedidosScreenState' is from 'package:vercy_motos/screens/facturacion/eliminar_pedidos_screen.dart' ('lib/screens/facturacion/eliminar_pedidos_screen.dart').
          Icon(Icons.search, color: AppTheme.textSecondary),
                                    ^^^^^^^^
lib/screens/facturacion/eliminar_pedidos_screen.dart:393:39:
Error: The getter 'AppTheme' isn't defined for the type '_EliminarPedidosScreenState'.
 - '_EliminarPedidosScreenState' is from 'package:vercy_motos/screens/facturacion/eliminar_pedidos_screen.dart' ('lib/screens/facturacion/eliminar_pedidos_screen.dart').
              style: TextStyle(color: AppTheme.textPrimary, fontSize: 14),
                                      ^^^^^^^^
lib/screens/facturacion/eliminar_pedidos_screen.dart:396:45:
Error: The getter 'AppTheme' isn't defined for the type '_EliminarPedidosScreenState'.
 - '_EliminarPedidosScreenState' is from 'package:vercy_motos/screens/facturacion/eliminar_pedidos_screen.dart' ('lib/screens/facturacion/eliminar_pedidos_screen.dart').
                hintStyle: TextStyle(color: AppTheme.textSecondary),
                                            ^^^^^^^^
lib/screens/facturacion/eliminar_pedidos_screen.dart:400:28:
Error: The getter 'AppTheme' isn't defined for the type '_EliminarPedidosScreenState'.
 - '_EliminarPedidosScreenState' is from 'package:vercy_motos/screens/facturacion/eliminar_pedidos_screen.dart' ('lib/screens/facturacion/eliminar_pedidos_screen.dart').
                    color: AppTheme.textMuted.withOpacity(0.3),
                           ^^^^^^^^
lib/screens/facturacion/eliminar_pedidos_screen.dart:408:28:
Error: The getter 'AppTheme' isn't defined for the type '_EliminarPedidosScreenState'.
 - '_EliminarPedidosScreenState' is from 'package:vercy_motos/screens/facturacion/eliminar_pedidos_screen.dart' ('lib/screens/facturacion/eliminar_pedidos_screen.dart').
                fillColor: AppTheme.surfaceDark,
                           ^^^^^^^^
lib/screens/facturacion/eliminar_pedidos_screen.dart:464:30:
Error: The getter 'AppTheme' isn't defined for the type '_EliminarPedidosScreenState'.
 - '_EliminarPedidosScreenState' is from 'package:vercy_motos/screens/facturacion/eliminar_pedidos_screen.dart' ('lib/screens/facturacion/eliminar_pedidos_screen.dart').
            foregroundColor: AppTheme.textPrimary,
                             ^^^^^^^^
lib/screens/facturacion/eliminar_pedidos_screen.dart:465:37:
Error: The getter 'AppTheme' isn't defined for the type '_EliminarPedidosScreenState'.
 - '_EliminarPedidosScreenState' is from 'package:vercy_motos/screens/facturacion/eliminar_pedidos_screen.dart' ('lib/screens/facturacion/eliminar_pedidos_screen.dart').
            side: BorderSide(color: AppTheme.textMuted.withOpacity(0.3)),
                                    ^^^^^^^^
lib/screens/facturacion/eliminar_pedidos_screen.dart:448:57:
Error: The getter 'id' isn't defined for the type 'Object?'.
 - 'Object' is from 'dart:core'.
                _selectedIds = _pedidosHoy.map((p) => p.id).toSet();
                                                        ^^
lib/screens/facturacion/eliminar_pedidos_screen.dart:448:61:
Error: A value of type 'Set<dynamic>' can't be assigned to a variable of type 'Set<String>'.
 - 'Set' is from 'dart:core'.
                _selectedIds = _pedidosHoy.map((p) => p.id).toSet();
                                                            ^
lib/screens/facturacion/eliminar_pedidos_screen.dart:526:39:
Error: The getter 'AppTheme' isn't defined for the type '_EliminarPedidosScreenState'.
 - '_EliminarPedidosScreenState' is from 'package:vercy_motos/screens/facturacion/eliminar_pedidos_screen.dart' ('lib/screens/facturacion/eliminar_pedidos_screen.dart').
              style: TextStyle(color: AppTheme.textSecondary),
                                      ^^^^^^^^
lib/screens/facturacion/eliminar_pedidos_screen.dart:549:39:
Error: The getter 'AppTheme' isn't defined for the type '_EliminarPedidosScreenState'.
 - '_EliminarPedidosScreenState' is from 'package:vercy_motos/screens/facturacion/eliminar_pedidos_screen.dart' ('lib/screens/facturacion/eliminar_pedidos_screen.dart').
              style: TextStyle(color: AppTheme.textSecondary, fontSize: 18),
                                      ^^^^^^^^
lib/screens/facturacion/eliminar_pedidos_screen.dart:558:16:
Error: The getter 'AppTheme' isn't defined for the type '_EliminarPedidosScreenState'.
 - '_EliminarPedidosScreenState' is from 'package:vercy_motos/screens/facturacion/eliminar_pedidos_screen.dart' ('lib/screens/facturacion/eliminar_pedidos_screen.dart').
        color: AppTheme.cardBg,
               ^^^^^^^^
lib/screens/facturacion/eliminar_pedidos_screen.dart:574:22:
Error: The getter 'AppTheme' isn't defined for the type '_EliminarPedidosScreenState'.
 - '_EliminarPedidosScreenState' is from 'package:vercy_motos/screens/facturacion/eliminar_pedidos_screen.dart' ('lib/screens/facturacion/eliminar_pedidos_screen.dart').
              color: AppTheme.surfaceDark,
                     ^^^^^^^^
lib/screens/facturacion/eliminar_pedidos_screen.dart:587:30:
Error: The getter 'AppTheme' isn't defined for the type '_EliminarPedidosScreenState'.
 - '_EliminarPedidosScreenState' is from 'package:vercy_motos/screens/facturacion/eliminar_pedidos_screen.dart' ('lib/screens/facturacion/eliminar_pedidos_screen.dart').
                      color: AppTheme.textSecondary,
                             ^^^^^^^^
lib/screens/facturacion/eliminar_pedidos_screen.dart:598:30:
Error: The getter 'AppTheme' isn't defined for the type '_EliminarPedidosScreenState'.
 - '_EliminarPedidosScreenState' is from 'package:vercy_motos/screens/facturacion/eliminar_pedidos_screen.dart' ('lib/screens/facturacion/eliminar_pedidos_screen.dart').
                      color: AppTheme.textSecondary,
                             ^^^^^^^^
lib/screens/facturacion/eliminar_pedidos_screen.dart:609:30:
Error: The getter 'AppTheme' isn't defined for the type '_EliminarPedidosScreenState'.
 - '_EliminarPedidosScreenState' is from 'package:vercy_motos/screens/facturacion/eliminar_pedidos_screen.dart' ('lib/screens/facturacion/eliminar_pedidos_screen.dart').
                      color: AppTheme.textSecondary,
                             ^^^^^^^^
lib/screens/facturacion/eliminar_pedidos_screen.dart:620:30:
Error: The getter 'AppTheme' isn't defined for the type '_EliminarPedidosScreenState'.
 - '_EliminarPedidosScreenState' is from 'package:vercy_motos/screens/facturacion/eliminar_pedidos_screen.dart' ('lib/screens/facturacion/eliminar_pedidos_screen.dart').
                      color: AppTheme.textSecondary,
                             ^^^^^^^^
lib/screens/facturacion/eliminar_pedidos_screen.dart:631:30:
Error: The getter 'AppTheme' isn't defined for the type '_EliminarPedidosScreenState'.
 - '_EliminarPedidosScreenState' is from 'package:vercy_motos/screens/facturacion/eliminar_pedidos_screen.dart' ('lib/screens/facturacion/eliminar_pedidos_screen.dart').
                      color: AppTheme.textSecondary,
                             ^^^^^^^^
lib/screens/facturacion/eliminar_pedidos_screen.dart:642:30:
Error: The getter 'AppTheme' isn't defined for the type '_EliminarPedidosScreenState'.
 - '_EliminarPedidosScreenState' is from 'package:vercy_motos/screens/facturacion/eliminar_pedidos_screen.dart' ('lib/screens/facturacion/eliminar_pedidos_screen.dart').
                      color: AppTheme.textSecondary,
                             ^^^^^^^^
lib/screens/facturacion/eliminar_pedidos_screen.dart:659:24:
Error: The getter 'AppTheme' isn't defined for the type '_EliminarPedidosScreenState'.
 - '_EliminarPedidosScreenState' is from 'package:vercy_motos/screens/facturacion/eliminar_pedidos_screen.dart' ('lib/screens/facturacion/eliminar_pedidos_screen.dart').
                color: AppTheme.textMuted.withOpacity(0.1),
                       ^^^^^^^^
lib/screens/facturacion/eliminar_pedidos_screen.dart:681:26:
Error: 'Pedido' isn't a type.
  Widget _buildPedidoRow(Pedido pedido, bool isSelected) {
                         ^^^^^^
lib/screens/facturacion/eliminar_pedidos_screen.dart:726:28:
Error: The getter 'AppTheme' isn't defined for the type '_EliminarPedidosScreenState'.
 - '_EliminarPedidosScreenState' is from 'package:vercy_motos/screens/facturacion/eliminar_pedidos_screen.dart' ('lib/screens/facturacion/eliminar_pedidos_screen.dart').
                    color: AppTheme.textPrimary,
                           ^^^^^^^^
lib/screens/facturacion/eliminar_pedidos_screen.dart:737:43:
Error: The getter 'AppTheme' isn't defined for the type '_EliminarPedidosScreenState'.
 - '_EliminarPedidosScreenState' is from 'package:vercy_motos/screens/facturacion/eliminar_pedidos_screen.dart' ('lib/screens/facturacion/eliminar_pedidos_screen.dart').
                  style: TextStyle(color: AppTheme.textPrimary, fontSize: 13),
                                          ^^^^^^^^
lib/screens/facturacion/eliminar_pedidos_screen.dart:746:43:
Error: The getter 'AppTheme' isn't defined for the type '_EliminarPedidosScreenState'.
 - '_EliminarPedidosScreenState' is from 'package:vercy_motos/screens/facturacion/eliminar_pedidos_screen.dart' ('lib/screens/facturacion/eliminar_pedidos_screen.dart').
                  style: TextStyle(color: AppTheme.textSecondary, fontSize: 13),
                                          ^^^^^^^^
lib/screens/facturacion/eliminar_pedidos_screen.dart:755:28:
Error: The getter 'AppTheme' isn't defined for the type '_EliminarPedidosScreenState'.
 - '_EliminarPedidosScreenState' is from 'package:vercy_motos/screens/facturacion/eliminar_pedidos_screen.dart' ('lib/screens/facturacion/eliminar_pedidos_screen.dart').
                    color: AppTheme.primary,
                           ^^^^^^^^
lib/screens/facturacion/eliminar_pedidos_screen.dart:770:28:
Error: The getter 'AppTheme' isn't defined for the type '_EliminarPedidosScreenState'.
 - '_EliminarPedidosScreenState' is from 'package:vercy_motos/screens/facturacion/eliminar_pedidos_screen.dart' ('lib/screens/facturacion/eliminar_pedidos_screen.dart').
                    color: AppTheme.primary.withOpacity(0.15),
                           ^^^^^^^^
lib/screens/facturacion/eliminar_pedidos_screen.dart:776:30:
Error: The getter 'AppTheme' isn't defined for the type '_EliminarPedidosScreenState'.
 - '_EliminarPedidosScreenState' is from 'package:vercy_motos/screens/facturacion/eliminar_pedidos_screen.dart' ('lib/screens/facturacion/eliminar_pedidos_screen.dart').
                      color: AppTheme.primary,
                             ^^^^^^^^
lib/screens/facturacion/eliminar_pedidos_screen.dart:790:43:
Error: The getter 'AppTheme' isn't defined for the type '_EliminarPedidosScreenState'.
 - '_EliminarPedidosScreenState' is from 'package:vercy_motos/screens/facturacion/eliminar_pedidos_screen.dart' ('lib/screens/facturacion/eliminar_pedidos_screen.dart').
                  style: TextStyle(color: AppTheme.textSecondary, fontSize: 13),
                                          ^^^^^^^^
lib/screens/admin/negocio_info_screen.dart:17:9:
Error: 'NegocioInfoService' isn't a type.
  final NegocioInfoService _negocioInfoService = NegocioInfoService();
        ^^^^^^^^^^^^^^^^^^
lib/screens/admin/negocio_info_screen.dart:17:50:
Error: Method not found: 'NegocioInfoService'.
  final NegocioInfoService _negocioInfoService = NegocioInfoService();
                                                 ^^^^^^^^^^^^^^^^^^
lib/screens/admin/negocio_info_screen.dart:50:3:
Error: 'NegocioInfo' isn't a type.
  NegocioInfo? _currentInfo;
  ^^^^^^^^^^^
lib/screens/admin/negocio_info_screen.dart:131:26:
Error: 'NegocioInfo' isn't a type.
  void _llenarFormulario(NegocioInfo info) {
                         ^^^^^^^^^^^
lib/screens/admin/negocio_info_screen.dart:223:27:
Error: The method 'NegocioInfo' isn't defined for the type '_NegocioInfoScreenState'.
 - '_NegocioInfoScreenState' is from 'package:vercy_motos/screens/admin/negocio_info_screen.dart' ('lib/screens/admin/negocio_info_screen.dart').
      final negocioInfo = NegocioInfo(
                          ^^^^^^^^^^^
lib/screens/facturacion/fe_documentos_screen.dart:24:12:
Error: The method 'VercySidebarLayout' isn't defined for the type 'FEDocumentosScreen'.
 - 'FEDocumentosScreen' is from 'package:vercy_motos/screens/facturacion/fe_documentos_screen.dart' ('lib/screens/facturacion/fe_documentos_screen.dart').
    return VercySidebarLayout(
           ^^^^^^^^^^^^^^^^^^
lib/screens/facturacion/fe_documentos_screen.dart:339:22:
Error: The getter 'MatiasService' isn't defined for the type '_EstadoAuthChipState'.
 - '_EstadoAuthChipState' is from 'package:vercy_motos/screens/facturacion/fe_documentos_screen.dart' ('lib/screens/facturacion/fe_documentos_screen.dart').
    final ok = await MatiasService.checkStatus();
                     ^^^^^^^^^^^^^
lib/screens/facturacion/fe_documentos_screen.dart:345:11:
Error: The getter 'MatiasService' isn't defined for the type '_EstadoAuthChipState'.
 - '_EstadoAuthChipState' is from 'package:vercy_motos/screens/facturacion/fe_documentos_screen.dart' ('lib/screens/facturacion/fe_documentos_screen.dart').
    await MatiasService.authenticate();
          ^^^^^^^^^^^^^
lib/screens/facturacion/fe_documentos_screen.dart:726:7:
Error: 'MatiasDocumentoResult' isn't a type.
      MatiasDocumentoResult res;
      ^^^^^^^^^^^^^^^^^^^^^
lib/screens/facturacion/fe_documentos_screen.dart:729:23:
Error: The getter 'MatiasService' isn't defined for the type '_NominaSimpleDialogState'.
 - '_NominaSimpleDialogState' is from 'package:vercy_motos/screens/facturacion/fe_documentos_screen.dart' ('lib/screens/facturacion/fe_documentos_screen.dart').
          res = await MatiasService.enviarNomina(payload, token: token);
                      ^^^^^^^^^^^^^
lib/screens/facturacion/fe_documentos_screen.dart:732:23:
Error: The getter 'MatiasService' isn't defined for the type '_NominaSimpleDialogState'.
 - '_NominaSimpleDialogState' is from 'package:vercy_motos/screens/facturacion/fe_documentos_screen.dart' ('lib/screens/facturacion/fe_documentos_screen.dart').
          res = await MatiasService.reemplazarNomina(payload, token: token);
                      ^^^^^^^^^^^^^
lib/screens/facturacion/fe_documentos_screen.dart:735:23:
Error: The getter 'MatiasService' isn't defined for the type '_NominaSimpleDialogState'.
 - '_NominaSimpleDialogState' is from 'package:vercy_motos/screens/facturacion/fe_documentos_screen.dart' ('lib/screens/facturacion/fe_documentos_screen.dart').
          res = await MatiasService.eliminarNomina(payload, token: token);
                      ^^^^^^^^^^^^^
lib/screens/facturacion/fe_documentos_screen.dart:926:7:
Error: 'Factura' isn't a type.
      Factura? facturaEncontrada;
      ^^^^^^^
lib/screens/facturacion/fe_documentos_screen.dart:923:30:
Error: The method 'FacturaService' isn't defined for the type '_BuscarFacturaParaNotaDialogState'.
 - '_BuscarFacturaParaNotaDialogState' is from 'package:vercy_motos/screens/facturacion/fe_documentos_screen.dart' ('lib/screens/facturacion/fe_documentos_screen.dart').
      final facturaService = FacturaService();
                             ^^^^^^^^^^^^^^
lib/screens/facturacion/documentos_pendientes_screen.dart:35:9:
Error: 'DocumentoService' isn't a type.
  final DocumentoService _documentoService = DocumentoService();
        ^^^^^^^^^^^^^^^^
lib/screens/facturacion/documentos_pendientes_screen.dart:35:46:
Error: Method not found: 'DocumentoService'.
  final DocumentoService _documentoService = DocumentoService();
                                             ^^^^^^^^^^^^^^^^
lib/screens/facturacion/documentos_pendientes_screen.dart:36:9:
Error: 'MatiasWebhookService' isn't a type.
  final MatiasWebhookService _webhookService = MatiasWebhookService();
        ^^^^^^^^^^^^^^^^^^^^
lib/screens/facturacion/documentos_pendientes_screen.dart:36:48:
Error: Method not found: 'MatiasWebhookService'.
  final MatiasWebhookService _webhookService = MatiasWebhookService();
                                               ^^^^^^^^^^^^^^^^^^^^
lib/screens/facturacion/documentos_pendientes_screen.dart:46:8:
Error: 'DocumentoFE' isn't a type.
  List<DocumentoFE> _documentos = [];
       ^^^^^^^^^^^
lib/screens/facturacion/documentos_pendientes_screen.dart:76:15:
Error: The method 'appLog' isn't defined for the type '_DocumentosPendientesScreenState'.
 - '_DocumentosPendientesScreenState' is from 'package:vercy_motos/screens/facturacion/documentos_pendientes_screen.dart' ('lib/screens/facturacion/documentos_pendientes_screen.dart').
              appLog('✅ WebSocket de webhooks conectado');
              ^^^^^^
lib/screens/facturacion/documentos_pendientes_screen.dart:78:15:
Error: The method 'appLog' isn't defined for the type '_DocumentosPendientesScreenState'.
 - '_DocumentosPendientesScreenState' is from 'package:vercy_motos/screens/facturacion/documentos_pendientes_screen.dart' ('lib/screens/facturacion/documentos_pendientes_screen.dart').
              appLog('⚠️ WebSocket desconectado');
              ^^^^^^
lib/screens/facturacion/documentos_pendientes_screen.dart:84:7:
Error: The method 'appLog' isn't defined for the type '_DocumentosPendientesScreenState'.
 - '_DocumentosPendientesScreenState' is from 'package:vercy_motos/screens/facturacion/documentos_pendientes_screen.dart' ('lib/screens/facturacion/documentos_pendientes_screen.dart').
      appLog('❌ Error conectando a webhooks: $e');
      ^^^^^^
lib/screens/facturacion/documentos_pendientes_screen.dart:89:28:
Error: 'MatiasWebhookEvent' isn't a type.
  void _handleWebhookEvent(MatiasWebhookEvent evento) {
                           ^^^^^^^^^^^^^^^^^^
lib/screens/facturacion/documentos_pendientes_screen.dart:96:31:
Error: 'MatiasWebhookEvent' isn't a type.
  void _procesarEventoPorTipo(MatiasWebhookEvent evento) {
                              ^^^^^^^^^^^^^^^^^^
lib/screens/facturacion/documentos_pendientes_screen.dart:99:9:
Error: The method 'appLog' isn't defined for the type '_DocumentosPendientesScreenState'.
 - '_DocumentosPendientesScreenState' is from 'package:vercy_motos/screens/facturacion/documentos_pendientes_screen.dart' ('lib/screens/facturacion/documentos_pendientes_screen.dart').
        appLog('📄 Documento creado: ${evento.data?.documentNumber}');
        ^^^^^^
lib/screens/facturacion/documentos_pendientes_screen.dart:105:9:
Error: The method 'appLog' isn't defined for the type '_DocumentosPendientesScreenState'.
 - '_DocumentosPendientesScreenState' is from 'package:vercy_motos/screens/facturacion/documentos_pendientes_screen.dart' ('lib/screens/facturacion/documentos_pendientes_screen.dart').
        appLog('✅ Documento aceptado por DIAN');
        ^^^^^^
lib/screens/facturacion/documentos_pendientes_screen.dart:113:9:
Error: The method 'appLog' isn't defined for the type '_DocumentosPendientesScreenState'.
 - '_DocumentosPendientesScreenState' is from 'package:vercy_motos/screens/facturacion/documentos_pendientes_screen.dart' ('lib/screens/facturacion/documentos_pendientes_screen.dart').
        appLog('❌ Documento rechazado');
        ^^^^^^
lib/screens/facturacion/documentos_pendientes_screen.dart:121:9:
Error: The method 'appLog' isn't defined for the type '_DocumentosPendientesScreenState'.
 - '_DocumentosPendientesScreenState' is from 'package:vercy_motos/screens/facturacion/documentos_pendientes_screen.dart' ('lib/screens/facturacion/documentos_pendientes_screen.dart').
        appLog('📧 Email enviado a: ${evento.data?.recipient}');
        ^^^^^^
lib/screens/facturacion/documentos_pendientes_screen.dart:126:9:
Error: The method 'appLog' isn't defined for the type '_DocumentosPendientesScreenState'.
 - '_DocumentosPendientesScreenState' is from 'package:vercy_motos/screens/facturacion/documentos_pendientes_screen.dart' ('lib/screens/facturacion/documentos_pendientes_screen.dart').
        appLog('💰 Pago aprobado por \$${evento.data?.amount}');
        ^^^^^^
lib/screens/facturacion/documentos_pendientes_screen.dart:133:9:
Error: The method 'appLog' isn't defined for the type '_DocumentosPendientesScreenState'.
 - '_DocumentosPendientesScreenState' is from 'package:vercy_motos/screens/facturacion/documentos_pendientes_screen.dart' ('lib/screens/facturacion/documentos_pendientes_screen.dart').
        appLog('⚠️ Pago rechazado');
        ^^^^^^
lib/screens/facturacion/documentos_pendientes_screen.dart:138:9:
Error: The method 'appLog' isn't defined for the type '_DocumentosPendientesScreenState'.
 - '_DocumentosPendientesScreenState' is from 'package:vercy_motos/screens/facturacion/documentos_pendientes_screen.dart' ('lib/screens/facturacion/documentos_pendientes_screen.dart').
        appLog('⚠️ Cuota al 80%');
        ^^^^^^
lib/screens/facturacion/documentos_pendientes_screen.dart:145:9:
Error: The method 'appLog' isn't defined for the type '_DocumentosPendientesScreenState'.
 - '_DocumentosPendientesScreenState' is from 'package:vercy_motos/screens/facturacion/documentos_pendientes_screen.dart' ('lib/screens/facturacion/documentos_pendientes_screen.dart').
        appLog('🔔 Evento recibido: ${evento.event}');
        ^^^^^^
lib/screens/facturacion/documentos_pendientes_screen.dart:173:39:
Error: The getter 'estado' isn't defined for the type 'Object?'.
 - 'Object' is from 'dart:core'.
    return _documentos.where((d) => d.estado == _filtroEstado).toList();
                                      ^^^^^^
lib/screens/facturacion/documentos_pendientes_screen.dart:184:35:
Error: 'DocumentoFE' isn't a type.
  Future<void> _facturarDocumento(DocumentoFE doc) async {
                                  ^^^^^^^^^^^
lib/screens/facturacion/documentos_pendientes_screen.dart:219:35:
Error: 'DocumentoFE' isn't a type.
  Future<void> _reenviarDocumento(DocumentoFE doc) async {
                                  ^^^^^^^^^^^
lib/screens/facturacion/documentos_pendientes_screen.dart:249:31:
Error: The getter 'MatiasService' isn't defined for the type '_DocumentosPendientesScreenState'.
 - '_DocumentosPendientesScreenState' is from 'package:vercy_motos/screens/facturacion/documentos_pendientes_screen.dart' ('lib/screens/facturacion/documentos_pendientes_screen.dart').
      final resultado = await MatiasService.reenviarDocumentoAutoIncrement(
                              ^^^^^^^^^^^^^
lib/screens/facturacion/documentos_pendientes_screen.dart:303:30:
Error: 'DocumentoFE' isn't a type.
  Future<void> _descargarPDF(DocumentoFE doc) async {
                             ^^^^^^^^^^^
lib/screens/facturacion/documentos_pendientes_screen.dart:320:9:
Error: The method 'appLog' isn't defined for the type '_DocumentosPendientesScreenState'.
 - '_DocumentosPendientesScreenState' is from 'package:vercy_motos/screens/facturacion/documentos_pendientes_screen.dart' ('lib/screens/facturacion/documentos_pendientes_screen.dart').
        appLog('✅ PDF descargado: ${bytes.length} bytes');
        ^^^^^^
lib/screens/facturacion/documentos_pendientes_screen.dart:331:29:
Error: 'DocumentoFE' isn't a type.
  Future<void> _descargarQR(DocumentoFE doc) async {
                            ^^^^^^^^^^^
lib/screens/facturacion/documentos_pendientes_screen.dart:360:30:
Error: 'DocumentoFE' isn't a type.
  Future<void> _descargarXML(DocumentoFE doc) async {
                             ^^^^^^^^^^^
lib/screens/facturacion/documentos_pendientes_screen.dart:376:9:
Error: The method 'appLog' isn't defined for the type '_DocumentosPendientesScreenState'.
 - '_DocumentosPendientesScreenState' is from 'package:vercy_motos/screens/facturacion/documentos_pendientes_screen.dart' ('lib/screens/facturacion/documentos_pendientes_screen.dart').
        appLog('✅ XML descargado: ${xml.length} chars');
        ^^^^^^
lib/screens/facturacion/documentos_pendientes_screen.dart:387:30:
Error: 'DocumentoFE' isn't a type.
  Future<void> _consultarPDF(DocumentoFE doc) async {
                             ^^^^^^^^^^^
lib/screens/facturacion/documentos_pendientes_screen.dart:434:35:
Error: 'DocumentoFE' isn't a type.
  Future<void> _reenviarPorCorreo(DocumentoFE doc) async {
                                  ^^^^^^^^^^^
lib/screens/facturacion/documentos_pendientes_screen.dart:466:33:
Error: 'DocumentoFE' isn't a type.
  String _obtenerCorreoSugerido(DocumentoFE doc) {
                                ^^^^^^^^^^^
lib/screens/facturacion/documentos_pendientes_screen.dart:529:34:
Error: 'DocumentoFE' isn't a type.
  Future<void> _crearNotaCredito(DocumentoFE doc) async {
                                 ^^^^^^^^^^^
lib/screens/facturacion/documentos_pendientes_screen.dart:549:33:
Error: 'DocumentoFE' isn't a type.
  Future<void> _crearNotaDebito(DocumentoFE doc) async {
                                ^^^^^^^^^^^
lib/screens/facturacion/documentos_pendientes_screen.dart:569:37:
Error: 'DocumentoFE' isn't a type.
  Future<void> _consultarStatusDIAN(DocumentoFE doc) async {
                                    ^^^^^^^^^^^
lib/screens/facturacion/documentos_pendientes_screen.dart:578:28:
Error: The getter 'MatiasService' isn't defined for the type '_DocumentosPendientesScreenState'.
 - '_DocumentosPendientesScreenState' is from 'package:vercy_motos/screens/facturacion/documentos_pendientes_screen.dart' ('lib/screens/facturacion/documentos_pendientes_screen.dart').
      final status = await MatiasService.consultarStatusDIAN(cufe);
                           ^^^^^^^^^^^^^
lib/screens/facturacion/documentos_pendientes_screen.dart:668:12:
Error: The method 'VercySidebarLayout' isn't defined for the type '_DocumentosPendientesScreenState'.
 - '_DocumentosPendientesScreenState' is from 'package:vercy_motos/screens/facturacion/documentos_pendientes_screen.dart' ('lib/screens/facturacion/documentos_pendientes_screen.dart').
    return VercySidebarLayout(
           ^^^^^^^^^^^^^^^^^^
lib/screens/facturacion/documentos_pendientes_screen.dart:690:56:
Error: The getter 'esPendiente' isn't defined for the type 'Object?'.
 - 'Object' is from 'dart:core'.
    final totalPendientes = _documentos.where((d) => d.esPendiente).length;
                                                       ^^^^^^^^^^^
lib/screens/facturacion/documentos_pendientes_screen.dart:691:56:
Error: The getter 'esRechazado' isn't defined for the type 'Object?'.
 - 'Object' is from 'dart:core'.
    final totalRechazados = _documentos.where((d) => d.esRechazado).length;
                                                       ^^^^^^^^^^^
lib/screens/facturacion/documentos_pendientes_screen.dart:805:36:
Error: The getter 'esRechazado' isn't defined for the type 'Object?'.
 - 'Object' is from 'dart:core'.
        _documentos.where((d) => d.esRechazado).length,
                                   ^^^^^^^^^^^
lib/screens/facturacion/documentos_pendientes_screen.dart:811:36:
Error: The getter 'esPendiente' isn't defined for the type 'Object?'.
 - 'Object' is from 'dart:core'.
        _documentos.where((d) => d.esPendiente).length,
                                   ^^^^^^^^^^^
lib/screens/facturacion/documentos_pendientes_screen.dart:817:36:
Error: The getter 'esEnviado' isn't defined for the type 'Object?'.
 - 'Object' is from 'dart:core'.
        _documentos.where((d) => d.esEnviado).length,
                                   ^^^^^^^^^
lib/screens/facturacion/documentos_pendientes_screen.dart:823:36:
Error: The getter 'esAceptado' isn't defined for the type 'Object?'.
 - 'Object' is from 'dart:core'.
        _documentos.where((d) => d.esAceptado).length,
                                   ^^^^^^^^^^
lib/screens/facturacion/documentos_pendientes_screen.dart:979:9:
Error: 'DocumentoFE' isn't a type.
  final DocumentoFE documento;
        ^^^^^^^^^^^
lib/screens/facturacion/documentos_pendientes_screen.dart:980:31:
Error: 'DocumentoFE' isn't a type.
  final Future<void> Function(DocumentoFE) onFacturar;
                              ^^^^^^^^^^^
lib/screens/facturacion/documentos_pendientes_screen.dart:981:31:
Error: 'DocumentoFE' isn't a type.
  final Future<void> Function(DocumentoFE) onReenviar;
                              ^^^^^^^^^^^
lib/screens/facturacion/documentos_pendientes_screen.dart:982:31:
Error: 'DocumentoFE' isn't a type.
  final Future<void> Function(DocumentoFE) onConsultarPDF;
                              ^^^^^^^^^^^
lib/screens/facturacion/documentos_pendientes_screen.dart:983:31:
Error: 'DocumentoFE' isn't a type.
  final Future<void> Function(DocumentoFE) onReenviarCorreo;
                              ^^^^^^^^^^^
lib/screens/facturacion/documentos_pendientes_screen.dart:984:31:
Error: 'DocumentoFE' isn't a type.
  final Future<void> Function(DocumentoFE) onDescargarPDF;
                              ^^^^^^^^^^^
lib/screens/facturacion/documentos_pendientes_screen.dart:985:31:
Error: 'DocumentoFE' isn't a type.
  final Future<void> Function(DocumentoFE) onDescargarQR;
                              ^^^^^^^^^^^
lib/screens/facturacion/documentos_pendientes_screen.dart:986:31:
Error: 'DocumentoFE' isn't a type.
  final Future<void> Function(DocumentoFE) onDescargarXML;
                              ^^^^^^^^^^^
lib/screens/facturacion/documentos_pendientes_screen.dart:987:31:
Error: 'DocumentoFE' isn't a type.
  final Future<void> Function(DocumentoFE) onConsultarStatus;
                              ^^^^^^^^^^^
lib/screens/facturacion/documentos_pendientes_screen.dart:988:31:
Error: 'DocumentoFE' isn't a type.
  final Future<void> Function(DocumentoFE) onCrearNotaCredito;
                              ^^^^^^^^^^^
lib/screens/facturacion/documentos_pendientes_screen.dart:989:31:
Error: 'DocumentoFE' isn't a type.
  final Future<void> Function(DocumentoFE) onCrearNotaDebito;
                              ^^^^^^^^^^^
lib/screens/facturacion/documentos_pendientes_screen.dart:1330:9:
Error: 'DocumentoFE' isn't a type.
  final DocumentoFE documento;
        ^^^^^^^^^^^
lib/providers/user_provider.dart:83:23:
Error: The getter 'JwtUtils' isn't defined for the type 'UserProvider'.
 - 'UserProvider' is from 'package:vercy_motos/providers/user_provider.dart' ('lib/providers/user_provider.dart').
      final payload = JwtUtils.decodeToken(token);
                      ^^^^^^^^
lib/providers/datos_cache_provider.dart:15:8:
Error: 'Producto' isn't a type.
  List<Producto>? _productos;
       ^^^^^^^^
lib/providers/datos_cache_provider.dart:16:8:
Error: 'Categoria' isn't a type.
  List<Categoria>? _categorias;
       ^^^^^^^^^
lib/providers/datos_cache_provider.dart:38:9:
Error: 'ProductoService' isn't a type.
  final ProductoService _productoService = ProductoService();
        ^^^^^^^^^^^^^^^
lib/providers/datos_cache_provider.dart:38:44:
Error: Method not found: 'ProductoService'.
  final ProductoService _productoService = ProductoService();
                                           ^^^^^^^^^^^^^^^
lib/providers/datos_cache_provider.dart:268:31:
Error: 'Producto' isn't a type.
  void agregarProductoAlCache(Producto nuevoProducto) {
                              ^^^^^^^^
lib/providers/datos_cache_provider.dart:277:34:
Error: 'Producto' isn't a type.
  void actualizarProductoEnCache(Producto productoActualizado) {
                                 ^^^^^^^^
lib/providers/datos_cache_provider.dart:280:18:
Error: The getter 'id' isn't defined for the type 'Object?'.
 - 'Object' is from 'dart:core'.
        (p) => p.id == productoActualizado.id,
                 ^^
lib/providers/datos_cache_provider.dart:285:9:
Error: The method 'appLog' isn't defined for the type 'DatosCacheProvider'.
 - 'DatosCacheProvider' is from 'package:vercy_motos/providers/datos_cache_provider.dart' ('lib/providers/datos_cache_provider.dart').
        appLog('✅ Producto actualizado en caché: ${productoActualizado.nombre}');
        ^^^^^^
lib/providers/datos_cache_provider.dart:287:9:
Error: The method 'appLog' isn't defined for the type 'DatosCacheProvider'.
 - 'DatosCacheProvider' is from 'package:vercy_motos/providers/datos_cache_provider.dart' ('lib/providers/datos_cache_provider.dart').
        appLog(
        ^^^^^^
lib/providers/datos_cache_provider.dart:297:53:
Error: The getter 'id' isn't defined for the type 'Object?'.
 - 'Object' is from 'dart:core'.
      final index = _productos!.indexWhere((p) => p.id == productoId);
                                                    ^^
lib/providers/datos_cache_provider.dart:302:9:
Error: The method 'appLog' isn't defined for the type 'DatosCacheProvider'.
 - 'DatosCacheProvider' is from 'package:vercy_motos/providers/datos_cache_provider.dart' ('lib/providers/datos_cache_provider.dart').
        appLog('✅ Producto eliminado del caché: $nombreProducto');
        ^^^^^^
lib/providers/datos_cache_provider.dart:304:9:
Error: The method 'appLog' isn't defined for the type 'DatosCacheProvider'.
 - 'DatosCacheProvider' is from 'package:vercy_motos/providers/datos_cache_provider.dart' ('lib/providers/datos_cache_provider.dart').
        appLog('⚠️ Producto no encontrado en caché para eliminar: $productoId');
        ^^^^^^
lib/providers/facturacion_draft_provider.dart:20:8:
Error: 'ItemPedido' isn't a type.
  List<ItemPedido> _items = [];
       ^^^^^^^^^^
lib/providers/facturacion_draft_provider.dart:21:3:
Error: 'Cliente' isn't a type.
  Cliente? _clienteSeleccionado;
  ^^^^^^^
lib/providers/facturacion_draft_provider.dart:111:19:
Error: 'Cliente' isn't a type.
  void setCliente(Cliente? cliente, String nombre) {
                  ^^^^^^^
lib/providers/facturacion_draft_provider.dart:186:16:
Error: 'ItemPedido' isn't a type.
  void addItem(ItemPedido item) {
               ^^^^^^^^^^
lib/providers/facturacion_draft_provider.dart:189:5:
Error: The method 'appLog' isn't defined for the type 'FacturacionDraftProvider'.
 - 'FacturacionDraftProvider' is from 'package:vercy_motos/providers/facturacion_draft_provider.dart' ('lib/providers/facturacion_draft_provider.dart').
    appLog(
    ^^^^^^
lib/providers/facturacion_draft_provider.dart:194:30:
Error: 'ItemPedido' isn't a type.
  void updateItem(int index, ItemPedido item) {
                             ^^^^^^^^^^
lib/providers/facturacion_draft_provider.dart:198:7:
Error: The method 'appLog' isn't defined for the type 'FacturacionDraftProvider'.
 - 'FacturacionDraftProvider' is from 'package:vercy_motos/providers/facturacion_draft_provider.dart' ('lib/providers/facturacion_draft_provider.dart').
      appLog('✅ Item actualizado en borrador: ${item.productoNombre}');
      ^^^^^^
lib/providers/facturacion_draft_provider.dart:207:7:
Error: The method 'appLog' isn't defined for the type 'FacturacionDraftProvider'.
 - 'FacturacionDraftProvider' is from 'package:vercy_motos/providers/facturacion_draft_provider.dart' ('lib/providers/facturacion_draft_provider.dart').
      appLog('❌ Item eliminado del borrador: ${item.productoNombre}');
      ^^^^^^
lib/providers/facturacion_draft_provider.dart:214:5:
Error: The method 'appLog' isn't defined for the type 'FacturacionDraftProvider'.
 - 'FacturacionDraftProvider' is from 'package:vercy_motos/providers/facturacion_draft_provider.dart' ('lib/providers/facturacion_draft_provider.dart').
    appLog('🗑️ Items del borrador limpiados');
    ^^^^^^
lib/providers/facturacion_draft_provider.dart:217:22:
Error: 'ItemPedido' isn't a type.
  void setItems(List<ItemPedido> items) {
                     ^^^^^^^^^^
lib/providers/facturacion_draft_provider.dart:220:5:
Error: The method 'appLog' isn't defined for the type 'FacturacionDraftProvider'.
 - 'FacturacionDraftProvider' is from 'package:vercy_motos/providers/facturacion_draft_provider.dart' ('lib/providers/facturacion_draft_provider.dart').
    appLog('📝 Borrador actualizado: ${_items.length} items');
    ^^^^^^
lib/providers/facturacion_draft_provider.dart:226:7:
Error: The method 'appLog' isn't defined for the type 'FacturacionDraftProvider'.
 - 'FacturacionDraftProvider' is from 'package:vercy_motos/providers/facturacion_draft_provider.dart' ('lib/providers/facturacion_draft_provider.dart').
      appLog('ℹ️  Sincronización automática deshabilitada');
      ^^^^^^
lib/providers/facturacion_draft_provider.dart:231:5:
Error: The method 'appLog' isn't defined for the type 'FacturacionDraftProvider'.
 - 'FacturacionDraftProvider' is from 'package:vercy_motos/providers/facturacion_draft_provider.dart' ('lib/providers/facturacion_draft_provider.dart').
    appLog('🔄 Sincronización iniciada');
    ^^^^^^
lib/providers/facturacion_draft_provider.dart:235:7:
Error: The method 'appLog' isn't defined for the type 'FacturacionDraftProvider'.
 - 'FacturacionDraftProvider' is from 'package:vercy_motos/providers/facturacion_draft_provider.dart' ('lib/providers/facturacion_draft_provider.dart').
      appLog('🔄 Tick de sincronización (no implementado)');
      ^^^^^^
lib/providers/facturacion_draft_provider.dart:241:5:
Error: The method 'appLog' isn't defined for the type 'FacturacionDraftProvider'.
 - 'FacturacionDraftProvider' is from 'package:vercy_motos/providers/facturacion_draft_provider.dart' ('lib/providers/facturacion_draft_provider.dart').
    appLog('⏸️ Sincronización detenida');
    ^^^^^^
lib/providers/facturacion_draft_provider.dart:246:5:
Error: The method 'appLog' isn't defined for the type 'FacturacionDraftProvider'.
 - 'FacturacionDraftProvider' is from 'package:vercy_motos/providers/facturacion_draft_provider.dart' ('lib/providers/facturacion_draft_provider.dart').
    appLog('🔄 Sincronización manual (no implementado)');
    ^^^^^^
lib/providers/facturacion_draft_provider.dart:282:5:
Error: The method 'appLog' isn't defined for the type 'FacturacionDraftProvider'.
 - 'FacturacionDraftProvider' is from 'package:vercy_motos/providers/facturacion_draft_provider.dart' ('lib/providers/facturacion_draft_provider.dart').
    appLog('🗑️ Borrador limpiado completamente');
    ^^^^^^
lib/screens/caja/resumen_cierre_detallado_screen.dart:30:24:
Error: The getter 'AppTheme' isn't defined for the type '_ResumenCierreDetalladoScreenState'.
 - '_ResumenCierreDetalladoScreenState' is from 'package:vercy_motos/screens/caja/resumen_cierre_detallado_screen.dart' ('lib/screens/caja/resumen_cierre_detallado_screen.dart').
  Color get primary => AppTheme.primary;
                       ^^^^^^^^
lib/screens/caja/resumen_cierre_detallado_screen.dart:31:23:
Error: The getter 'AppTheme' isn't defined for the type '_ResumenCierreDetalladoScreenState'.
 - '_ResumenCierreDetalladoScreenState' is from 'package:vercy_motos/screens/caja/resumen_cierre_detallado_screen.dart' ('lib/screens/caja/resumen_cierre_detallado_screen.dart').
  Color get bgDark => AppTheme.backgroundDark;
                      ^^^^^^^^
lib/screens/caja/resumen_cierre_detallado_screen.dart:32:23:
Error: The getter 'AppTheme' isn't defined for the type '_ResumenCierreDetalladoScreenState'.
 - '_ResumenCierreDetalladoScreenState' is from 'package:vercy_motos/screens/caja/resumen_cierre_detallado_screen.dart' ('lib/screens/caja/resumen_cierre_detallado_screen.dart').
  Color get cardBg => AppTheme.cardBg;
                      ^^^^^^^^
lib/screens/caja/resumen_cierre_detallado_screen.dart:33:25:
Error: The getter 'AppTheme' isn't defined for the type '_ResumenCierreDetalladoScreenState'.
 - '_ResumenCierreDetalladoScreenState' is from 'package:vercy_motos/screens/caja/resumen_cierre_detallado_screen.dart' ('lib/screens/caja/resumen_cierre_detallado_screen.dart').
  Color get textDark => AppTheme.textDark;
                        ^^^^^^^^
lib/screens/caja/resumen_cierre_detallado_screen.dart:34:26:
Error: The getter 'AppTheme' isn't defined for the type '_ResumenCierreDetalladoScreenState'.
 - '_ResumenCierreDetalladoScreenState' is from 'package:vercy_motos/screens/caja/resumen_cierre_detallado_screen.dart' ('lib/screens/caja/resumen_cierre_detallado_screen.dart').
  Color get textLight => AppTheme.textLight;
                         ^^^^^^^^
lib/screens/caja/resumen_cierre_detallado_screen.dart:35:23:
Error: The getter 'AppTheme' isn't defined for the type '_ResumenCierreDetalladoScreenState'.
 - '_ResumenCierreDetalladoScreenState' is from 'package:vercy_motos/screens/caja/resumen_cierre_detallado_screen.dart' ('lib/screens/caja/resumen_cierre_detallado_screen.dart').
  Color get accent => AppTheme.accent;
                      ^^^^^^^^
lib/screens/caja/resumen_cierre_detallado_screen.dart:37:9:
Error: 'ResumenCierreCompletoService' isn't a type.
  final ResumenCierreCompletoService _service = ResumenCierreCompletoService();
        ^^^^^^^^^^^^^^^^^^^^^^^^^^^^
lib/screens/caja/resumen_cierre_detallado_screen.dart:37:49:
Error: Method not found: 'ResumenCierreCompletoService'.
  final ResumenCierreCompletoService _service = ResumenCierreCompletoService();
                                                ^^^^^^^^^^^^^^^^^^^^^^^^^^^^
lib/screens/caja/resumen_cierre_detallado_screen.dart:38:9:
Error: 'PdfExportService' isn't a type.
  final PdfExportService _pdfService = PdfExportService();
        ^^^^^^^^^^^^^^^^
lib/screens/caja/resumen_cierre_detallado_screen.dart:38:40:
Error: Method not found: 'PdfExportService'.
  final PdfExportService _pdfService = PdfExportService();
                                       ^^^^^^^^^^^^^^^^
lib/screens/caja/resumen_cierre_detallado_screen.dart:41:3:
Error: 'ResumenCierreCompleto' isn't a type.
  ResumenCierreCompleto? _resumen;
  ^^^^^^^^^^^^^^^^^^^^^
lib/screens/caja/resumen_cierre_detallado_screen.dart:188:12:
Error: The getter 'PaymentCalculator' isn't defined for the type '_ResumenCierreDetalladoScreenState'.
 - '_ResumenCierreDetalladoScreenState' is from 'package:vercy_motos/screens/caja/resumen_cierre_detallado_screen.dart' ('lib/screens/caja/resumen_cierre_detallado_screen.dart').
    return PaymentCalculator.calcularTotalRealDetalle(
           ^^^^^^^^^^^^^^^^^
lib/screens/caja/resumen_cierre_detallado_screen.dart:328:28:
Error: The getter 'AppTheme' isn't defined for the type '_ResumenCierreDetalladoScreenState'.
 - '_ResumenCierreDetalladoScreenState' is from 'package:vercy_motos/screens/caja/resumen_cierre_detallado_screen.dart' ('lib/screens/caja/resumen_cierre_detallado_screen.dart').
          backgroundColor: AppTheme.success,
                           ^^^^^^^^
lib/screens/caja/resumen_cierre_detallado_screen.dart:338:28:
Error: The getter 'AppTheme' isn't defined for the type '_ResumenCierreDetalladoScreenState'.
 - '_ResumenCierreDetalladoScreenState' is from 'package:vercy_motos/screens/caja/resumen_cierre_detallado_screen.dart' ('lib/screens/caja/resumen_cierre_detallado_screen.dart').
          backgroundColor: AppTheme.error,
                           ^^^^^^^^
lib/screens/caja/resumen_cierre_detallado_screen.dart:377:40:
Error: The getter 'AppTheme' isn't defined for the type '_ResumenCierreDetalladoScreenState'.
 - '_ResumenCierreDetalladoScreenState' is from 'package:vercy_motos/screens/caja/resumen_cierre_detallado_screen.dart' ('lib/screens/caja/resumen_cierre_detallado_screen.dart').
              Icon(Icons.error, color: AppTheme.error, size: 64),
                                       ^^^^^^^^
lib/screens/caja/resumen_cierre_detallado_screen.dart:381:41:
Error: The getter 'AppTheme' isn't defined for the type '_ResumenCierreDetalladoScreenState'.
 - '_ResumenCierreDetalladoScreenState' is from 'package:vercy_motos/screens/caja/resumen_cierre_detallado_screen.dart' ('lib/screens/caja/resumen_cierre_detallado_screen.dart').
                style: TextStyle(color: AppTheme.error, fontSize: 16),
                                        ^^^^^^^^
lib/screens/caja/resumen_cierre_detallado_screen.dart:567:33:
Error: The getter 'AppTheme' isn't defined for the type '_ResumenCierreDetalladoScreenState'.
 - '_ResumenCierreDetalladoScreenState' is from 'package:vercy_motos/screens/caja/resumen_cierre_detallado_screen.dart' ('lib/screens/caja/resumen_cierre_detallado_screen.dart').
                              ? AppTheme.warning
                                ^^^^^^^^
lib/screens/caja/resumen_cierre_detallado_screen.dart:568:33:
Error: The getter 'AppTheme' isn't defined for the type '_ResumenCierreDetalladoScreenState'.
 - '_ResumenCierreDetalladoScreenState' is from 'package:vercy_motos/screens/caja/resumen_cierre_detallado_screen.dart' ('lib/screens/caja/resumen_cierre_detallado_screen.dart').
                              : AppTheme.success,
                                ^^^^^^^^
lib/screens/caja/resumen_cierre_detallado_screen.dart:586:27:
Error: The method 'formatCurrency' isn't defined for the type '_ResumenCierreDetalladoScreenState'.
 - '_ResumenCierreDetalladoScreenState' is from 'package:vercy_motos/screens/caja/resumen_cierre_detallado_screen.dart' ('lib/screens/caja/resumen_cierre_detallado_screen.dart').
                          formatCurrency(info.fondoInicial),
                          ^^^^^^^^^^^^^^
lib/screens/caja/resumen_cierre_detallado_screen.dart:606:39:
Error: The getter 'AppTheme' isn't defined for the type '_ResumenCierreDetalladoScreenState'.
 - '_ResumenCierreDetalladoScreenState' is from 'package:vercy_motos/screens/caja/resumen_cierre_detallado_screen.dart' ('lib/screens/caja/resumen_cierre_detallado_screen.dart').
                                    ? AppTheme.warning
                                      ^^^^^^^^
lib/screens/caja/resumen_cierre_detallado_screen.dart:607:39:
Error: The getter 'AppTheme' isn't defined for the type '_ResumenCierreDetalladoScreenState'.
 - '_ResumenCierreDetalladoScreenState' is from 'package:vercy_motos/screens/caja/resumen_cierre_detallado_screen.dart' ('lib/screens/caja/resumen_cierre_detallado_screen.dart').
                                    : AppTheme.success,
                                      ^^^^^^^^
lib/screens/caja/resumen_cierre_detallado_screen.dart:633:33:
Error: The method 'formatCurrency' isn't defined for the type '_ResumenCierreDetalladoScreenState'.
 - '_ResumenCierreDetalladoScreenState' is from 'package:vercy_motos/screens/caja/resumen_cierre_detallado_screen.dart' ('lib/screens/caja/resumen_cierre_detallado_screen.dart').
                                formatCurrency(info.fondoInicial),
                                ^^^^^^^^^^^^^^
lib/screens/caja/resumen_cierre_detallado_screen.dart:660:29:
Error: The method 'formatCurrency' isn't defined for the type '_ResumenCierreDetalladoScreenState'.
 - '_ResumenCierreDetalladoScreenState' is from 'package:vercy_motos/screens/caja/resumen_cierre_detallado_screen.dart' ('lib/screens/caja/resumen_cierre_detallado_screen.dart').
                            formatCurrency(entry.value),
                            ^^^^^^^^^^^^^^
lib/screens/caja/resumen_cierre_detallado_screen.dart:670:19:
Error: The method 'appLog' isn't defined for the type '_ResumenCierreDetalladoScreenState'.
 - '_ResumenCierreDetalladoScreenState' is from 'package:vercy_motos/screens/caja/resumen_cierre_detallado_screen.dart' ('lib/screens/caja/resumen_cierre_detallado_screen.dart').
                  appLog('🔍 _buildCuadreInfo - Valores para mostrar:');
                  ^^^^^^
lib/screens/caja/resumen_cierre_detallado_screen.dart:671:19:
Error: The method 'appLog' isn't defined for the type '_ResumenCierreDetalladoScreenState'.
 - '_ResumenCierreDetalladoScreenState' is from 'package:vercy_motos/screens/caja/resumen_cierre_detallado_screen.dart' ('lib/screens/caja/resumen_cierre_detallado_screen.dart').
                  appLog('   efectivoEsperado: ${info.efectivoEsperado}');
                  ^^^^^^
lib/screens/caja/resumen_cierre_detallado_screen.dart:672:19:
Error: The method 'appLog' isn't defined for the type '_ResumenCierreDetalladoScreenState'.
 - '_ResumenCierreDetalladoScreenState' is from 'package:vercy_motos/screens/caja/resumen_cierre_detallado_screen.dart' ('lib/screens/caja/resumen_cierre_detallado_screen.dart').
                  appLog('   efectivoDeclarado: ${info.efectivoDeclarado}');
                  ^^^^^^
lib/screens/caja/resumen_cierre_detallado_screen.dart:673:19:
Error: The method 'appLog' isn't defined for the type '_ResumenCierreDetalladoScreenState'.
 - '_ResumenCierreDetalladoScreenState' is from 'package:vercy_motos/screens/caja/resumen_cierre_detallado_screen.dart' ('lib/screens/caja/resumen_cierre_detallado_screen.dart').
                  appLog('   descuadre: ${info.descuadre}');
                  ^^^^^^
lib/screens/caja/resumen_cierre_detallado_screen.dart:674:19:
Error: The method 'appLog' isn't defined for the type '_ResumenCierreDetalladoScreenState'.
 - '_ResumenCierreDetalladoScreenState' is from 'package:vercy_motos/screens/caja/resumen_cierre_detallado_screen.dart' ('lib/screens/caja/resumen_cierre_detallado_screen.dart').
                  appLog(
                  ^^^^^^
lib/screens/caja/resumen_cierre_detallado_screen.dart:687:21:
Error: The method 'formatCurrency' isn't defined for the type '_ResumenCierreDetalladoScreenState'.
 - '_ResumenCierreDetalladoScreenState' is from 'package:vercy_motos/screens/caja/resumen_cierre_detallado_screen.dart' ('lib/screens/caja/resumen_cierre_detallado_screen.dart').
                    formatCurrency(info.efectivoEsperado),
                    ^^^^^^^^^^^^^^
lib/screens/caja/resumen_cierre_detallado_screen.dart:694:21:
Error: The method 'formatCurrency' isn't defined for the type '_ResumenCierreDetalladoScreenState'.
 - '_ResumenCierreDetalladoScreenState' is from 'package:vercy_motos/screens/caja/resumen_cierre_detallado_screen.dart' ('lib/screens/caja/resumen_cierre_detallado_screen.dart').
                    formatCurrency(info.efectivoDeclarado),
                    ^^^^^^^^^^^^^^
lib/screens/caja/resumen_cierre_detallado_screen.dart:739:27:
Error: The method 'formatCurrency' isn't defined for the type '_ResumenCierreDetalladoScreenState'.
 - '_ResumenCierreDetalladoScreenState' is from 'package:vercy_motos/screens/caja/resumen_cierre_detallado_screen.dart' ('lib/screens/caja/resumen_cierre_detallado_screen.dart').
                          formatCurrency(info.descuadre.abs()),
                          ^^^^^^^^^^^^^^
lib/screens/caja/resumen_cierre_detallado_screen.dart:782:27:
Error: The method 'formatCurrency' isn't defined for the type '_ResumenCierreDetalladoScreenState'.
 - '_ResumenCierreDetalladoScreenState' is from 'package:vercy_motos/screens/caja/resumen_cierre_detallado_screen.dart' ('lib/screens/caja/resumen_cierre_detallado_screen.dart').
                          formatCurrency(movimientos.fondoInicial),
                          ^^^^^^^^^^^^^^
lib/screens/caja/resumen_cierre_detallado_screen.dart:787:27:
Error: The method 'formatCurrency' isn't defined for the type '_ResumenCierreDetalladoScreenState'.
 - '_ResumenCierreDetalladoScreenState' is from 'package:vercy_motos/screens/caja/resumen_cierre_detallado_screen.dart' ('lib/screens/caja/resumen_cierre_detallado_screen.dart').
                          formatCurrency(resumen.efectivoEsperado),
                          ^^^^^^^^^^^^^^
lib/screens/caja/resumen_cierre_detallado_screen.dart:792:27:
Error: The method 'formatCurrency' isn't defined for the type '_ResumenCierreDetalladoScreenState'.
 - '_ResumenCierreDetalladoScreenState' is from 'package:vercy_motos/screens/caja/resumen_cierre_detallado_screen.dart' ('lib/screens/caja/resumen_cierre_detallado_screen.dart').
                          formatCurrency(resumen.totalVentas),
                          ^^^^^^^^^^^^^^
lib/screens/caja/resumen_cierre_detallado_screen.dart:797:27:
Error: The method 'formatCurrency' isn't defined for the type '_ResumenCierreDetalladoScreenState'.
 - '_ResumenCierreDetalladoScreenState' is from 'package:vercy_motos/screens/caja/resumen_cierre_detallado_screen.dart' ('lib/screens/caja/resumen_cierre_detallado_screen.dart').
                          formatCurrency(resumen.ventasEfectivo),
                          ^^^^^^^^^^^^^^
lib/screens/caja/resumen_cierre_detallado_screen.dart:802:27:
Error: The method 'formatCurrency' isn't defined for the type '_ResumenCierreDetalladoScreenState'.
 - '_ResumenCierreDetalladoScreenState' is from 'package:vercy_motos/screens/caja/resumen_cierre_detallado_screen.dart' ('lib/screens/caja/resumen_cierre_detallado_screen.dart').
                          formatCurrency(resumen.totalGastos),
                          ^^^^^^^^^^^^^^
lib/screens/caja/resumen_cierre_detallado_screen.dart:807:27:
Error: The method 'formatCurrency' isn't defined for the type '_ResumenCierreDetalladoScreenState'.
 - '_ResumenCierreDetalladoScreenState' is from 'package:vercy_motos/screens/caja/resumen_cierre_detallado_screen.dart' ('lib/screens/caja/resumen_cierre_detallado_screen.dart').
                          formatCurrency(resumen.gastosEfectivo),
                          ^^^^^^^^^^^^^^
lib/screens/caja/resumen_cierre_detallado_screen.dart:812:27:
Error: The method 'formatCurrency' isn't defined for the type '_ResumenCierreDetalladoScreenState'.
 - '_ResumenCierreDetalladoScreenState' is from 'package:vercy_motos/screens/caja/resumen_cierre_detallado_screen.dart' ('lib/screens/caja/resumen_cierre_detallado_screen.dart').
                          formatCurrency(resumen.totalCompras),
                          ^^^^^^^^^^^^^^
lib/screens/caja/resumen_cierre_detallado_screen.dart:817:27:
Error: The method 'formatCurrency' isn't defined for the type '_ResumenCierreDetalladoScreenState'.
 - '_ResumenCierreDetalladoScreenState' is from 'package:vercy_motos/screens/caja/resumen_cierre_detallado_screen.dart' ('lib/screens/caja/resumen_cierre_detallado_screen.dart').
                          formatCurrency(resumen.comprasEfectivo),
                          ^^^^^^^^^^^^^^
lib/screens/caja/resumen_cierre_detallado_screen.dart:831:33:
Error: The method 'formatCurrency' isn't defined for the type '_ResumenCierreDetalladoScreenState'.
 - '_ResumenCierreDetalladoScreenState' is from 'package:vercy_motos/screens/caja/resumen_cierre_detallado_screen.dart' ('lib/screens/caja/resumen_cierre_detallado_screen.dart').
                                formatCurrency(
                                ^^^^^^^^^^^^^^
lib/screens/caja/resumen_cierre_detallado_screen.dart:838:33:
Error: The method 'formatCurrency' isn't defined for the type '_ResumenCierreDetalladoScreenState'.
 - '_ResumenCierreDetalladoScreenState' is from 'package:vercy_motos/screens/caja/resumen_cierre_detallado_screen.dart' ('lib/screens/caja/resumen_cierre_detallado_screen.dart').
                                formatCurrency(resumen.efectivoEsperado),
                                ^^^^^^^^^^^^^^
lib/screens/caja/resumen_cierre_detallado_screen.dart:843:33:
Error: The method 'formatCurrency' isn't defined for the type '_ResumenCierreDetalladoScreenState'.
 - '_ResumenCierreDetalladoScreenState' is from 'package:vercy_motos/screens/caja/resumen_cierre_detallado_screen.dart' ('lib/screens/caja/resumen_cierre_detallado_screen.dart').
                                formatCurrency(resumen.totalVentas),
                                ^^^^^^^^^^^^^^
lib/screens/caja/resumen_cierre_detallado_screen.dart:848:33:
Error: The method 'formatCurrency' isn't defined for the type '_ResumenCierreDetalladoScreenState'.
 - '_ResumenCierreDetalladoScreenState' is from 'package:vercy_motos/screens/caja/resumen_cierre_detallado_screen.dart' ('lib/screens/caja/resumen_cierre_detallado_screen.dart').
                                formatCurrency(resumen.ventasEfectivo),
                                ^^^^^^^^^^^^^^
lib/screens/caja/resumen_cierre_detallado_screen.dart:861:33:
Error: The method 'formatCurrency' isn't defined for the type '_ResumenCierreDetalladoScreenState'.
 - '_ResumenCierreDetalladoScreenState' is from 'package:vercy_motos/screens/caja/resumen_cierre_detallado_screen.dart' ('lib/screens/caja/resumen_cierre_detallado_screen.dart').
                                formatCurrency(resumen.totalGastos),
                                ^^^^^^^^^^^^^^
lib/screens/caja/resumen_cierre_detallado_screen.dart:866:33:
Error: The method 'formatCurrency' isn't defined for the type '_ResumenCierreDetalladoScreenState'.
 - '_ResumenCierreDetalladoScreenState' is from 'package:vercy_motos/screens/caja/resumen_cierre_detallado_screen.dart' ('lib/screens/caja/resumen_cierre_detallado_screen.dart').
                                formatCurrency(resumen.gastosEfectivo),
                                ^^^^^^^^^^^^^^
lib/screens/caja/resumen_cierre_detallado_screen.dart:871:33:
Error: The method 'formatCurrency' isn't defined for the type '_ResumenCierreDetalladoScreenState'.
 - '_ResumenCierreDetalladoScreenState' is from 'package:vercy_motos/screens/caja/resumen_cierre_detallado_screen.dart' ('lib/screens/caja/resumen_cierre_detallado_screen.dart').
                                formatCurrency(resumen.totalCompras),
                                ^^^^^^^^^^^^^^
lib/screens/caja/resumen_cierre_detallado_screen.dart:876:33:
Error: The method 'formatCurrency' isn't defined for the type '_ResumenCierreDetalladoScreenState'.
 - '_ResumenCierreDetalladoScreenState' is from 'package:vercy_motos/screens/caja/resumen_cierre_detallado_screen.dart' ('lib/screens/caja/resumen_cierre_detallado_screen.dart').
                                formatCurrency(resumen.comprasEfectivo),
                                ^^^^^^^^^^^^^^
lib/screens/caja/resumen_cierre_detallado_screen.dart:893:27:
Error: The method 'formatCurrency' isn't defined for the type '_ResumenCierreDetalladoScreenState'.
 - '_ResumenCierreDetalladoScreenState' is from 'package:vercy_motos/screens/caja/resumen_cierre_detallado_screen.dart' ('lib/screens/caja/resumen_cierre_detallado_screen.dart').
                          formatCurrency(resumen.gastosDirectos),
                          ^^^^^^^^^^^^^^
lib/screens/caja/resumen_cierre_detallado_screen.dart:898:27:
Error: The method 'formatCurrency' isn't defined for the type '_ResumenCierreDetalladoScreenState'.
 - '_ResumenCierreDetalladoScreenState' is from 'package:vercy_motos/screens/caja/resumen_cierre_detallado_screen.dart' ('lib/screens/caja/resumen_cierre_detallado_screen.dart').
                          formatCurrency(resumen.facturasPagadasDesdeCaja),
                          ^^^^^^^^^^^^^^
lib/screens/caja/resumen_cierre_detallado_screen.dart:907:29:
Error: The method 'formatCurrency' isn't defined for the type '_ResumenCierreDetalladoScreenState'.
 - '_ResumenCierreDetalladoScreenState' is from 'package:vercy_motos/screens/caja/resumen_cierre_detallado_screen.dart' ('lib/screens/caja/resumen_cierre_detallado_screen.dart').
                            formatCurrency(resumen.gastosDirectos),
                            ^^^^^^^^^^^^^^
lib/screens/caja/resumen_cierre_detallado_screen.dart:914:29:
Error: The method 'formatCurrency' isn't defined for the type '_ResumenCierreDetalladoScreenState'.
 - '_ResumenCierreDetalladoScreenState' is from 'package:vercy_motos/screens/caja/resumen_cierre_detallado_screen.dart' ('lib/screens/caja/resumen_cierre_detallado_screen.dart').
                            formatCurrency(resumen.facturasPagadasDesdeCaja),
                            ^^^^^^^^^^^^^^
lib/screens/caja/resumen_cierre_detallado_screen.dart:925:17:
Error: The method 'formatCurrency' isn't defined for the type '_ResumenCierreDetalladoScreenState'.
 - '_ResumenCierreDetalladoScreenState' is from 'package:vercy_motos/screens/caja/resumen_cierre_detallado_screen.dart' ('lib/screens/caja/resumen_cierre_detallado_screen.dart').
                formatCurrency(resumen.utilidadBruta),
                ^^^^^^^^^^^^^^
lib/screens/caja/resumen_cierre_detallado_screen.dart:927:23:
Error: The getter 'AppTheme' isn't defined for the type '_ResumenCierreDetalladoScreenState'.
 - '_ResumenCierreDetalladoScreenState' is from 'package:vercy_motos/screens/caja/resumen_cierre_detallado_screen.dart' ('lib/screens/caja/resumen_cierre_detallado_screen.dart').
                    ? AppTheme.success
                      ^^^^^^^^
lib/screens/caja/resumen_cierre_detallado_screen.dart:928:23:
Error: The getter 'AppTheme' isn't defined for the type '_ResumenCierreDetalladoScreenState'.
 - '_ResumenCierreDetalladoScreenState' is from 'package:vercy_motos/screens/caja/resumen_cierre_detallado_screen.dart' ('lib/screens/caja/resumen_cierre_detallado_screen.dart').
                    : AppTheme.error,
                      ^^^^^^^^
lib/screens/caja/resumen_cierre_detallado_screen.dart:987:29:
Error: The method 'formatCurrency' isn't defined for the type '_ResumenCierreDetalladoScreenState'.
 - '_ResumenCierreDetalladoScreenState' is from 'package:vercy_motos/screens/caja/resumen_cierre_detallado_screen.dart' ('lib/screens/caja/resumen_cierre_detallado_screen.dart').
                            formatCurrency(entry.value),
                            ^^^^^^^^^^^^^^
lib/screens/caja/resumen_cierre_detallado_screen.dart:1026:27:
Error: The method 'formatCurrency' isn't defined for the type '_ResumenCierreDetalladoScreenState'.
 - '_ResumenCierreDetalladoScreenState' is from 'package:vercy_motos/screens/caja/resumen_cierre_detallado_screen.dart' ('lib/screens/caja/resumen_cierre_detallado_screen.dart').
                          formatCurrency(movimientos.fondoInicial),
                          ^^^^^^^^^^^^^^
lib/screens/caja/resumen_cierre_detallado_screen.dart:1031:27:
Error: The method 'formatCurrency' isn't defined for the type '_ResumenCierreDetalladoScreenState'.
 - '_ResumenCierreDetalladoScreenState' is from 'package:vercy_motos/screens/caja/resumen_cierre_detallado_screen.dart' ('lib/screens/caja/resumen_cierre_detallado_screen.dart').
                          formatCurrency(movimientos.efectivoEsperado),
                          ^^^^^^^^^^^^^^
lib/screens/caja/resumen_cierre_detallado_screen.dart:1043:27:
Error: The method 'formatCurrency' isn't defined for the type '_ResumenCierreDetalladoScreenState'.
 - '_ResumenCierreDetalladoScreenState' is from 'package:vercy_motos/screens/caja/resumen_cierre_detallado_screen.dart' ('lib/screens/caja/resumen_cierre_detallado_screen.dart').
                          formatCurrency(movimientos.totalIngresosCaja),
                          ^^^^^^^^^^^^^^
lib/screens/caja/resumen_cierre_detallado_screen.dart:1048:27:
Error: The method 'formatCurrency' isn't defined for the type '_ResumenCierreDetalladoScreenState'.
 - '_ResumenCierreDetalladoScreenState' is from 'package:vercy_motos/screens/caja/resumen_cierre_detallado_screen.dart' ('lib/screens/caja/resumen_cierre_detallado_screen.dart').
                          formatCurrency(movimientos.transferenciaEsperada),
                          ^^^^^^^^^^^^^^
lib/screens/caja/resumen_cierre_detallado_screen.dart:1077:27:
Error: The method 'formatCurrency' isn't defined for the type '_ResumenCierreDetalladoScreenState'.
 - '_ResumenCierreDetalladoScreenState' is from 'package:vercy_motos/screens/caja/resumen_cierre_detallado_screen.dart' ('lib/screens/caja/resumen_cierre_detallado_screen.dart').
                          formatCurrency(movimientos.ingresosEfectivo),
                          ^^^^^^^^^^^^^^
lib/screens/caja/resumen_cierre_detallado_screen.dart:1082:27:
Error: The method 'formatCurrency' isn't defined for the type '_ResumenCierreDetalladoScreenState'.
 - '_ResumenCierreDetalladoScreenState' is from 'package:vercy_motos/screens/caja/resumen_cierre_detallado_screen.dart' ('lib/screens/caja/resumen_cierre_detallado_screen.dart').
                          formatCurrency(movimientos.ingresosTransferencia),
                          ^^^^^^^^^^^^^^
lib/screens/caja/resumen_cierre_detallado_screen.dart:1098:27:
Error: The method 'formatCurrency' isn't defined for the type '_ResumenCierreDetalladoScreenState'.
 - '_ResumenCierreDetalladoScreenState' is from 'package:vercy_motos/screens/caja/resumen_cierre_detallado_screen.dart' ('lib/screens/caja/resumen_cierre_detallado_screen.dart').
                          formatCurrency(movimientos.ventasEfectivo),
                          ^^^^^^^^^^^^^^
lib/screens/caja/resumen_cierre_detallado_screen.dart:1103:27:
Error: The method 'formatCurrency' isn't defined for the type '_ResumenCierreDetalladoScreenState'.
 - '_ResumenCierreDetalladoScreenState' is from 'package:vercy_motos/screens/caja/resumen_cierre_detallado_screen.dart' ('lib/screens/caja/resumen_cierre_detallado_screen.dart').
                          formatCurrency(movimientos.ventasTransferencia),
                          ^^^^^^^^^^^^^^
lib/screens/caja/resumen_cierre_detallado_screen.dart:1126:27:
Error: The method 'formatCurrency' isn't defined for the type '_ResumenCierreDetalladoScreenState'.
 - '_ResumenCierreDetalladoScreenState' is from 'package:vercy_motos/screens/caja/resumen_cierre_detallado_screen.dart' ('lib/screens/caja/resumen_cierre_detallado_screen.dart').
                          formatCurrency(movimientos.gastosEfectivo),
                          ^^^^^^^^^^^^^^
lib/screens/caja/resumen_cierre_detallado_screen.dart:1131:27:
Error: The method 'formatCurrency' isn't defined for the type '_ResumenCierreDetalladoScreenState'.
 - '_ResumenCierreDetalladoScreenState' is from 'package:vercy_motos/screens/caja/resumen_cierre_detallado_screen.dart' ('lib/screens/caja/resumen_cierre_detallado_screen.dart').
                          formatCurrency(movimientos.gastosTransferencia),
                          ^^^^^^^^^^^^^^
lib/screens/caja/resumen_cierre_detallado_screen.dart:1147:27:
Error: The method 'formatCurrency' isn't defined for the type '_ResumenCierreDetalladoScreenState'.
 - '_ResumenCierreDetalladoScreenState' is from 'package:vercy_motos/screens/caja/resumen_cierre_detallado_screen.dart' ('lib/screens/caja/resumen_cierre_detallado_screen.dart').
                          formatCurrency(movimientos.comprasEfectivo),
                          ^^^^^^^^^^^^^^
lib/screens/caja/resumen_cierre_detallado_screen.dart:1152:27:
Error: The method 'formatCurrency' isn't defined for the type '_ResumenCierreDetalladoScreenState'.
 - '_ResumenCierreDetalladoScreenState' is from 'package:vercy_motos/screens/caja/resumen_cierre_detallado_screen.dart' ('lib/screens/caja/resumen_cierre_detallado_screen.dart').
                          formatCurrency(movimientos.comprasTransferencia),
                          ^^^^^^^^^^^^^^
lib/screens/caja/resumen_cierre_detallado_screen.dart:1189:23:
Error: The method 'formatCurrency' isn't defined for the type '_ResumenCierreDetalladoScreenState'.
 - '_ResumenCierreDetalladoScreenState' is from 'package:vercy_motos/screens/caja/resumen_cierre_detallado_screen.dart' ('lib/screens/caja/resumen_cierre_detallado_screen.dart').
                      formatCurrency(ventas.totalVentas),
                      ^^^^^^^^^^^^^^
lib/screens/caja/resumen_cierre_detallado_screen.dart:1225:33:
Error: The method 'formatCurrency' isn't defined for the type '_ResumenCierreDetalladoScreenState'.
 - '_ResumenCierreDetalladoScreenState' is from 'package:vercy_motos/screens/caja/resumen_cierre_detallado_screen.dart' ('lib/screens/caja/resumen_cierre_detallado_screen.dart').
                                formatCurrency(valor),
                                ^^^^^^^^^^^^^^
lib/screens/caja/resumen_cierre_detallado_screen.dart:1306:17:
Error: The method 'formatCurrency' isn't defined for the type '_ResumenCierreDetalladoScreenState'.
 - '_ResumenCierreDetalladoScreenState' is from 'package:vercy_motos/screens/caja/resumen_cierre_detallado_screen.dart' ('lib/screens/caja/resumen_cierre_detallado_screen.dart').
                formatCurrency(compras.totalComprasGenerales),
                ^^^^^^^^^^^^^^
lib/screens/caja/resumen_cierre_detallado_screen.dart:1321:17:
Error: The method 'formatCurrency' isn't defined for the type '_ResumenCierreDetalladoScreenState'.
 - '_ResumenCierreDetalladoScreenState' is from 'package:vercy_motos/screens/caja/resumen_cierre_detallado_screen.dart' ('lib/screens/caja/resumen_cierre_detallado_screen.dart').
                formatCurrency(compras.totalComprasDesdeCaja),
                ^^^^^^^^^^^^^^
lib/screens/caja/resumen_cierre_detallado_screen.dart:1336:17:
Error: The method 'formatCurrency' isn't defined for the type '_ResumenCierreDetalladoScreenState'.
 - '_ResumenCierreDetalladoScreenState' is from 'package:vercy_motos/screens/caja/resumen_cierre_detallado_screen.dart' ('lib/screens/caja/resumen_cierre_detallado_screen.dart').
                formatCurrency(compras.totalComprasNoDesdeCaja),
                ^^^^^^^^^^^^^^
lib/screens/caja/resumen_cierre_detallado_screen.dart:1358:23:
Error: The method 'formatCurrency' isn't defined for the type '_ResumenCierreDetalladoScreenState'.
 - '_ResumenCierreDetalladoScreenState' is from 'package:vercy_motos/screens/caja/resumen_cierre_detallado_screen.dart' ('lib/screens/caja/resumen_cierre_detallado_screen.dart').
                      formatCurrency(entry.value),
                      ^^^^^^^^^^^^^^
lib/screens/caja/resumen_cierre_detallado_screen.dart:1384:52:
Error: 'DetalleCompra' isn't a type.
  Widget _buildComprasDetalles(String titulo, List<DetalleCompra> compras) {
                                                   ^^^^^^^^^^^^^
lib/screens/caja/resumen_cierre_detallado_screen.dart:1413:30:
Error: The getter 'numero' isn't defined for the type 'Object?'.
 - 'Object' is from 'dart:core'.
                      compra.numero,
                             ^^^^^^
lib/screens/caja/resumen_cierre_detallado_screen.dart:1420:45:
Error: The getter 'total' isn't defined for the type 'Object?'.
 - 'Object' is from 'dart:core'.
                      formatCurrency(compra.total),
                                            ^^^^^
lib/screens/caja/resumen_cierre_detallado_screen.dart:1420:23:
Error: The method 'formatCurrency' isn't defined for the type '_ResumenCierreDetalladoScreenState'.
 - '_ResumenCierreDetalladoScreenState' is from 'package:vercy_motos/screens/caja/resumen_cierre_detallado_screen.dart' ('lib/screens/caja/resumen_cierre_detallado_screen.dart').
                      formatCurrency(compra.total),
                      ^^^^^^^^^^^^^^
lib/screens/caja/resumen_cierre_detallado_screen.dart:1430:40:
Error: The getter 'proveedor' isn't defined for the type 'Object?'.
 - 'Object' is from 'dart:core'.
                  'Proveedor: ${compra.proveedor}',
                                       ^^^^^^^^^
lib/screens/caja/resumen_cierre_detallado_screen.dart:1434:44:
Error: The getter 'medioPago' isn't defined for the type 'Object?'.
 - 'Object' is from 'dart:core'.
                  'Medio de Pago: ${compra.medioPago}',
                                           ^^^^^^^^^
lib/screens/caja/resumen_cierre_detallado_screen.dart:1438:48:
Error: The getter 'fecha' isn't defined for the type 'Object?'.
 - 'Object' is from 'dart:core'.
                  'Fecha: ${_formatDate(compra.fecha)}',
                                               ^^^^^
lib/screens/caja/resumen_cierre_detallado_screen.dart:1441:28:
Error: The getter 'observaciones' isn't defined for the type 'Object?'.
 - 'Object' is from 'dart:core'.
                if (compra.observaciones.isNotEmpty) ...[
                           ^^^^^^^^^^^^^
lib/screens/caja/resumen_cierre_detallado_screen.dart:1444:46:
Error: The getter 'observaciones' isn't defined for the type 'Object?'.
 - 'Object' is from 'dart:core'.
                    'Observaciones: ${compra.observaciones}',
                                             ^^^^^^^^^^^^^
lib/screens/caja/resumen_cierre_detallado_screen.dart:1472:23:
Error: The method 'formatCurrency' isn't defined for the type '_ResumenCierreDetalladoScreenState'.
 - '_ResumenCierreDetalladoScreenState' is from 'package:vercy_motos/screens/caja/resumen_cierre_detallado_screen.dart' ('lib/screens/caja/resumen_cierre_detallado_screen.dart').
                      formatCurrency(gastos.totalGastos),
                      ^^^^^^^^^^^^^^
lib/screens/caja/resumen_cierre_detallado_screen.dart:1493:23:
Error: The method 'formatCurrency' isn't defined for the type '_ResumenCierreDetalladoScreenState'.
 - '_ResumenCierreDetalladoScreenState' is from 'package:vercy_motos/screens/caja/resumen_cierre_detallado_screen.dart' ('lib/screens/caja/resumen_cierre_detallado_screen.dart').
                      formatCurrency(gastos.totalGastosDesdeCaja),
                      ^^^^^^^^^^^^^^
lib/screens/caja/resumen_cierre_detallado_screen.dart:1500:23:
Error: The method 'formatCurrency' isn't defined for the type '_ResumenCierreDetalladoScreenState'.
 - '_ResumenCierreDetalladoScreenState' is from 'package:vercy_motos/screens/caja/resumen_cierre_detallado_screen.dart' ('lib/screens/caja/resumen_cierre_detallado_screen.dart').
                      formatCurrency(gastos.facturasPagadasDesdeCaja),
                      ^^^^^^^^^^^^^^
lib/screens/caja/resumen_cierre_detallado_screen.dart:1510:17:
Error: The method 'formatCurrency' isn't defined for the type '_ResumenCierreDetalladoScreenState'.
 - '_ResumenCierreDetalladoScreenState' is from 'package:vercy_motos/screens/caja/resumen_cierre_detallado_screen.dart' ('lib/screens/caja/resumen_cierre_detallado_screen.dart').
                formatCurrency(gastos.totalGastosIncluyendoFacturas),
                ^^^^^^^^^^^^^^
lib/screens/caja/resumen_cierre_detallado_screen.dart:1511:29:
Error: The getter 'AppTheme' isn't defined for the type '_ResumenCierreDetalladoScreenState'.
 - '_ResumenCierreDetalladoScreenState' is from 'package:vercy_motos/screens/caja/resumen_cierre_detallado_screen.dart' ('lib/screens/caja/resumen_cierre_detallado_screen.dart').
                valueColor: AppTheme.error,
                            ^^^^^^^^
lib/screens/caja/resumen_cierre_detallado_screen.dart:1528:23:
Error: The method 'formatCurrency' isn't defined for the type '_ResumenCierreDetalladoScreenState'.
 - '_ResumenCierreDetalladoScreenState' is from 'package:vercy_motos/screens/caja/resumen_cierre_detallado_screen.dart' ('lib/screens/caja/resumen_cierre_detallado_screen.dart').
                      formatCurrency(entry.value),
                      ^^^^^^^^^^^^^^
lib/screens/caja/resumen_cierre_detallado_screen.dart:1548:23:
Error: The method 'formatCurrency' isn't defined for the type '_ResumenCierreDetalladoScreenState'.
 - '_ResumenCierreDetalladoScreenState' is from 'package:vercy_motos/screens/caja/resumen_cierre_detallado_screen.dart' ('lib/screens/caja/resumen_cierre_detallado_screen.dart').
                      formatCurrency(entry.value),
                      ^^^^^^^^^^^^^^
lib/screens/caja/resumen_cierre_detallado_screen.dart:1585:51:
Error: 'DetalleGasto' isn't a type.
  Widget _buildGastosDetalles(String titulo, List<DetalleGasto> gastos) {
                                                  ^^^^^^^^^^^^
lib/screens/caja/resumen_cierre_detallado_screen.dart:1615:31:
Error: The getter 'concepto' isn't defined for the type 'Object?'.
 - 'Object' is from 'dart:core'.
                        gasto.concepto,
                              ^^^^^^^^
lib/screens/caja/resumen_cierre_detallado_screen.dart:1623:44:
Error: The getter 'monto' isn't defined for the type 'Object?'.
 - 'Object' is from 'dart:core'.
                      formatCurrency(gasto.monto),
                                           ^^^^^
lib/screens/caja/resumen_cierre_detallado_screen.dart:1623:23:
Error: The method 'formatCurrency' isn't defined for the type '_ResumenCierreDetalladoScreenState'.
 - '_ResumenCierreDetalladoScreenState' is from 'package:vercy_motos/screens/caja/resumen_cierre_detallado_screen.dart' ('lib/screens/caja/resumen_cierre_detallado_screen.dart').
                      formatCurrency(gasto.monto),
                      ^^^^^^^^^^^^^^
lib/screens/caja/resumen_cierre_detallado_screen.dart:1625:32:
Error: The getter 'AppTheme' isn't defined for the type '_ResumenCierreDetalladoScreenState'.
 - '_ResumenCierreDetalladoScreenState' is from 'package:vercy_motos/screens/caja/resumen_cierre_detallado_screen.dart' ('lib/screens/caja/resumen_cierre_detallado_screen.dart').
                        color: AppTheme.error,
                               ^^^^^^^^
lib/screens/caja/resumen_cierre_detallado_screen.dart:1632:27:
Error: The getter 'proveedor' isn't defined for the type 'Object?'.
 - 'Object' is from 'dart:core'.
                if (gasto.proveedor != null && gasto.proveedor!.isNotEmpty)
                          ^^^^^^^^^
lib/screens/caja/resumen_cierre_detallado_screen.dart:1632:54:
Error: The getter 'proveedor' isn't defined for the type 'Object?'.
 - 'Object' is from 'dart:core'.
                if (gasto.proveedor != null && gasto.proveedor!.isNotEmpty)
                                                     ^^^^^^^^^
lib/screens/caja/resumen_cierre_detallado_screen.dart:1634:41:
Error: The getter 'proveedor' isn't defined for the type 'Object?'.
 - 'Object' is from 'dart:core'.
                    'Proveedor: ${gasto.proveedor}',
                                        ^^^^^^^^^
lib/screens/caja/resumen_cierre_detallado_screen.dart:1637:27:
Error: The getter 'formaPago' isn't defined for the type 'Object?'.
 - 'Object' is from 'dart:core'.
                if (gasto.formaPago.isNotEmpty)
                          ^^^^^^^^^
lib/screens/caja/resumen_cierre_detallado_screen.dart:1639:45:
Error: The getter 'formaPago' isn't defined for the type 'Object?'.
 - 'Object' is from 'dart:core'.
                    'Forma de Pago: ${gasto.formaPago}',
                                            ^^^^^^^^^
lib/screens/caja/resumen_cierre_detallado_screen.dart:1643:47:
Error: The getter 'fecha' isn't defined for the type 'Object?'.
 - 'Object' is from 'dart:core'.
                  'Fecha: ${_formatDate(gasto.fecha)}',
                                              ^^^^^
lib/screens/caja/resumen_cierre_detallado_screen.dart:1647:47:
Error: The getter 'pagadoDesdeCaja' isn't defined for the type 'Object?'.
 - 'Object' is from 'dart:core'.
                  'Pagado desde Caja: ${gasto.pagadoDesdeCaja ? "Sí" : "No"}',
                                              ^^^^^^^^^^^^^^^
lib/screens/caja/resumen_cierre_detallado_screen.dart:1649:34:
Error: The getter 'pagadoDesdeCaja' isn't defined for the type 'Object?'.
 - 'Object' is from 'dart:core'.
                    color: gasto.pagadoDesdeCaja ? AppTheme.error : textLight,
                                 ^^^^^^^^^^^^^^^
lib/screens/caja/resumen_cierre_detallado_screen.dart:1649:52:
Error: The getter 'AppTheme' isn't defined for the type '_ResumenCierreDetalladoScreenState'.
 - '_ResumenCierreDetalladoScreenState' is from 'package:vercy_motos/screens/caja/resumen_cierre_detallado_screen.dart' ('lib/screens/caja/resumen_cierre_detallado_screen.dart').
                    color: gasto.pagadoDesdeCaja ? AppTheme.error : textLight,
                                                   ^^^^^^^^
lib/screens/caja/resumen_cierre_detallado_screen.dart:1678:23:
Error: The method 'formatCurrency' isn't defined for the type '_ResumenCierreDetalladoScreenState'.
 - '_ResumenCierreDetalladoScreenState' is from 'package:vercy_motos/screens/caja/resumen_cierre_detallado_screen.dart' ('lib/screens/caja/resumen_cierre_detallado_screen.dart').
                      formatCurrency(movimientos.totalIngresosCaja),
                      ^^^^^^^^^^^^^^
lib/screens/caja/resumen_cierre_detallado_screen.dart:1679:35:
Error: The getter 'AppTheme' isn't defined for the type '_ResumenCierreDetalladoScreenState'.
 - '_ResumenCierreDetalladoScreenState' is from 'package:vercy_motos/screens/caja/resumen_cierre_detallado_screen.dart' ('lib/screens/caja/resumen_cierre_detallado_screen.dart').
                      valueColor: AppTheme.success,
                                  ^^^^^^^^
lib/screens/caja/resumen_cierre_detallado_screen.dart:1693:23:
Error: The method 'formatCurrency' isn't defined for the type '_ResumenCierreDetalladoScreenState'.
 - '_ResumenCierreDetalladoScreenState' is from 'package:vercy_motos/screens/caja/resumen_cierre_detallado_screen.dart' ('lib/screens/caja/resumen_cierre_detallado_screen.dart').
                      formatCurrency(movimientos.ingresosEfectivo),
                      ^^^^^^^^^^^^^^
lib/screens/caja/resumen_cierre_detallado_screen.dart:1700:23:
Error: The method 'formatCurrency' isn't defined for the type '_ResumenCierreDetalladoScreenState'.
 - '_ResumenCierreDetalladoScreenState' is from 'package:vercy_motos/screens/caja/resumen_cierre_detallado_screen.dart' ('lib/screens/caja/resumen_cierre_detallado_screen.dart').
                      formatCurrency(movimientos.ingresosTransferencia),
                      ^^^^^^^^^^^^^^
lib/screens/caja/resumen_cierre_detallado_screen.dart:1726:29:
Error: The method 'formatCurrency' isn't defined for the type '_ResumenCierreDetalladoScreenState'.
 - '_ResumenCierreDetalladoScreenState' is from 'package:vercy_motos/screens/caja/resumen_cierre_detallado_screen.dart' ('lib/screens/caja/resumen_cierre_detallado_screen.dart').
                            formatCurrency(entry.value),
                            ^^^^^^^^^^^^^^
lib/screens/caja/resumen_cierre_detallado_screen.dart:1727:41:
Error: The getter 'AppTheme' isn't defined for the type '_ResumenCierreDetalladoScreenState'.
 - '_ResumenCierreDetalladoScreenState' is from 'package:vercy_motos/screens/caja/resumen_cierre_detallado_screen.dart' ('lib/screens/caja/resumen_cierre_detallado_screen.dart').
                            valueColor: AppTheme.success,
                                        ^^^^^^^^
lib/screens/caja/resumen_cierre_detallado_screen.dart:1777:17:
Error: The getter 'PaymentCalculator' isn't defined for the type '_ResumenCierreDetalladoScreenState'.
 - '_ResumenCierreDetalladoScreenState' is from 'package:vercy_motos/screens/caja/resumen_cierre_detallado_screen.dart' ('lib/screens/caja/resumen_cierre_detallado_screen.dart').
                PaymentCalculator.calcularTotalRealDetalle(
                ^^^^^^^^^^^^^^^^^
lib/screens/caja/resumen_cierre_detallado_screen.dart:1821:27:
Error: The method 'formatCurrency' isn't defined for the type '_ResumenCierreDetalladoScreenState'.
 - '_ResumenCierreDetalladoScreenState' is from 'package:vercy_motos/screens/caja/resumen_cierre_detallado_screen.dart' ('lib/screens/caja/resumen_cierre_detallado_screen.dart').
                          formatCurrency(totalUsuario),
                          ^^^^^^^^^^^^^^
lib/screens/caja/resumen_cierre_detallado_screen.dart:1874:45:
Error: The method 'formatCurrency' isn't defined for the type '_ResumenCierreDetalladoScreenState'.
 - '_ResumenCierreDetalladoScreenState' is from 'package:vercy_motos/screens/caja/resumen_cierre_detallado_screen.dart' ('lib/screens/caja/resumen_cierre_detallado_screen.dart').
                            'Total items: ${formatCurrency(pedido.total)}',
                                            ^^^^^^^^^^^^^^
lib/screens/caja/resumen_cierre_detallado_screen.dart:1882:46:
Error: The method 'formatCurrency' isn't defined for the type '_ResumenCierreDetalladoScreenState'.
 - '_ResumenCierreDetalladoScreenState' is from 'package:vercy_motos/screens/caja/resumen_cierre_detallado_screen.dart' ('lib/screens/caja/resumen_cierre_detallado_screen.dart').
                              'Descuento: -${formatCurrency(pedido.descuento)}',
                                             ^^^^^^^^^^^^^^
lib/screens/caja/resumen_cierre_detallado_screen.dart:1884:50:
Error: The getter 'AppTheme' isn't defined for the type '_ResumenCierreDetalladoScreenState'.
 - '_ResumenCierreDetalladoScreenState' is from 'package:vercy_motos/screens/caja/resumen_cierre_detallado_screen.dart' ('lib/screens/caja/resumen_cierre_detallado_screen.dart').
                                          color: AppTheme.warning,
                                                 ^^^^^^^^
lib/screens/caja/resumen_cierre_detallado_screen.dart:1890:44:
Error: The method 'formatCurrency' isn't defined for the type '_ResumenCierreDetalladoScreenState'.
 - '_ResumenCierreDetalladoScreenState' is from 'package:vercy_motos/screens/caja/resumen_cierre_detallado_screen.dart' ('lib/screens/caja/resumen_cierre_detallado_screen.dart').
                              'Propina: +${formatCurrency(pedido.propina)}',
                                           ^^^^^^^^^^^^^^
lib/screens/caja/resumen_cierre_detallado_screen.dart:1892:50:
Error: The getter 'AppTheme' isn't defined for the type '_ResumenCierreDetalladoScreenState'.
 - '_ResumenCierreDetalladoScreenState' is from 'package:vercy_motos/screens/caja/resumen_cierre_detallado_screen.dart' ('lib/screens/caja/resumen_cierre_detallado_screen.dart').
                                          color: AppTheme.success,
                                                 ^^^^^^^^
lib/screens/caja/resumen_cierre_detallado_screen.dart:1899:53:
Error: The getter 'PaymentCalculator' isn't defined for the type '_ResumenCierreDetalladoScreenState'.
 - '_ResumenCierreDetalladoScreenState' is from 'package:vercy_motos/screens/caja/resumen_cierre_detallado_screen.dart' ('lib/screens/caja/resumen_cierre_detallado_screen.dart').
                          'PAGADO: ${formatCurrency(PaymentCalculator.calcularTotalRealDetalle(pedido.total, pedido.descuento, pedido.propina))}',
                                                    ^^^^^^^^^^^^^^^^^
lib/screens/caja/resumen_cierre_detallado_screen.dart:1899:38:
Error: The method 'formatCurrency' isn't defined for the type '_ResumenCierreDetalladoScreenState'.
 - '_ResumenCierreDetalladoScreenState' is from 'package:vercy_motos/screens/caja/resumen_cierre_detallado_screen.dart' ('lib/screens/caja/resumen_cierre_detallado_screen.dart').
                          'PAGADO: ${formatCurrency(PaymentCalculator.calcularTotalRealDetalle(pedido.total, pedido.descuento, pedido.propina))}',
                                     ^^^^^^^^^^^^^^
lib/screens/caja/resumen_cierre_detallado_screen.dart:1901:46:
Error: The getter 'AppTheme' isn't defined for the type '_ResumenCierreDetalladoScreenState'.
 - '_ResumenCierreDetalladoScreenState' is from 'package:vercy_motos/screens/caja/resumen_cierre_detallado_screen.dart' ('lib/screens/caja/resumen_cierre_detallado_screen.dart').
                                      color: AppTheme.success,
                                             ^^^^^^^^
lib/screens/caja/resumen_cierre_detallado_screen.dart:2015:39:
Error: The method 'formatCurrency' isn't defined for the type '_ResumenCierreDetalladoScreenState'.
 - '_ResumenCierreDetalladoScreenState' is from 'package:vercy_motos/screens/caja/resumen_cierre_detallado_screen.dart' ('lib/screens/caja/resumen_cierre_detallado_screen.dart').
                                      formatCurrency(entry.value),
                                      ^^^^^^^^^^^^^^
lib/screens/caja/resumen_cierre_detallado_screen.dart:2043:31:
Error: The method 'formatCurrency' isn't defined for the type '_ResumenCierreDetalladoScreenState'.
 - '_ResumenCierreDetalladoScreenState' is from 'package:vercy_motos/screens/caja/resumen_cierre_detallado_screen.dart' ('lib/screens/caja/resumen_cierre_detallado_screen.dart').
                              formatCurrency(
                              ^^^^^^^^^^^^^^
lib/screens/caja/resumen_cierre_detallado_screen.dart:2049:50:
Error: The getter 'AppTheme' isn't defined for the type '_ResumenCierreDetalladoScreenState'.
 - '_ResumenCierreDetalladoScreenState' is from 'package:vercy_motos/screens/caja/resumen_cierre_detallado_screen.dart' ('lib/screens/caja/resumen_cierre_detallado_screen.dart').
                                          color: AppTheme.success,
                                                 ^^^^^^^^
lib/screens/caja/resumen_cierre_detallado_screen.dart:2119:23:
Error: The method 'formatCurrency' isn't defined for the type '_ResumenCierreDetalladoScreenState'.
 - '_ResumenCierreDetalladoScreenState' is from 'package:vercy_motos/screens/caja/resumen_cierre_detallado_screen.dart' ('lib/screens/caja/resumen_cierre_detallado_screen.dart').
                      formatCurrency(balanceFinal),
                      ^^^^^^^^^^^^^^
lib/screens/caja/resumen_cierre_detallado_screen.dart:2122:31:
Error: The getter 'AppTheme' isn't defined for the type '_ResumenCierreDetalladoScreenState'.
 - '_ResumenCierreDetalladoScreenState' is from 'package:vercy_motos/screens/caja/resumen_cierre_detallado_screen.dart' ('lib/screens/caja/resumen_cierre_detallado_screen.dart').
                            ? AppTheme.success
                              ^^^^^^^^
lib/screens/caja/resumen_cierre_detallado_screen.dart:2123:31:
Error: The getter 'AppTheme' isn't defined for the type '_ResumenCierreDetalladoScreenState'.
 - '_ResumenCierreDetalladoScreenState' is from 'package:vercy_motos/screens/caja/resumen_cierre_detallado_screen.dart' ('lib/screens/caja/resumen_cierre_detallado_screen.dart').
                            : AppTheme.error,
                              ^^^^^^^^
lib/screens/caja/resumen_cierre_detallado_screen.dart:2134:17:
Error: The method 'formatCurrency' isn't defined for the type '_ResumenCierreDetalladoScreenState'.
 - '_ResumenCierreDetalladoScreenState' is from 'package:vercy_motos/screens/caja/resumen_cierre_detallado_screen.dart' ('lib/screens/caja/resumen_cierre_detallado_screen.dart').
                formatCurrency(
                ^^^^^^^^^^^^^^
lib/screens/caja/resumen_cierre_detallado_screen.dart:2142:26:
Error: The getter 'AppTheme' isn't defined for the type '_ResumenCierreDetalladoScreenState'.
 - '_ResumenCierreDetalladoScreenState' is from 'package:vercy_motos/screens/caja/resumen_cierre_detallado_screen.dart' ('lib/screens/caja/resumen_cierre_detallado_screen.dart').
                  color: AppTheme.success,
                         ^^^^^^^^
lib/screens/caja/resumen_cierre_detallado_screen.dart:2148:17:
Error: The method 'formatCurrency' isn't defined for the type '_ResumenCierreDetalladoScreenState'.
 - '_ResumenCierreDetalladoScreenState' is from 'package:vercy_motos/screens/caja/resumen_cierre_detallado_screen.dart' ('lib/screens/caja/resumen_cierre_detallado_screen.dart').
                formatCurrency(totalVentasCorrectas),
                ^^^^^^^^^^^^^^
lib/screens/caja/resumen_cierre_detallado_screen.dart:2149:29:
Error: The getter 'AppTheme' isn't defined for the type '_ResumenCierreDetalladoScreenState'.
 - '_ResumenCierreDetalladoScreenState' is from 'package:vercy_motos/screens/caja/resumen_cierre_detallado_screen.dart' ('lib/screens/caja/resumen_cierre_detallado_screen.dart').
                valueColor: AppTheme.success,
                            ^^^^^^^^
lib/screens/caja/resumen_cierre_detallado_screen.dart:2158:23:
Error: The method 'formatCurrency' isn't defined for the type '_ResumenCierreDetalladoScreenState'.
 - '_ResumenCierreDetalladoScreenState' is from 'package:vercy_motos/screens/caja/resumen_cierre_detallado_screen.dart' ('lib/screens/caja/resumen_cierre_detallado_screen.dart').
                      formatCurrency(
                      ^^^^^^^^^^^^^^
lib/screens/caja/resumen_cierre_detallado_screen.dart:2161:35:
Error: The getter 'AppTheme' isn't defined for the type '_ResumenCierreDetalladoScreenState'.
 - '_ResumenCierreDetalladoScreenState' is from 'package:vercy_motos/screens/caja/resumen_cierre_detallado_screen.dart' ('lib/screens/caja/resumen_cierre_detallado_screen.dart').
                      valueColor: AppTheme.success.withOpacity(0.8),
                                  ^^^^^^^^
lib/screens/caja/resumen_cierre_detallado_screen.dart:2165:23:
Error: The method 'formatCurrency' isn't defined for the type '_ResumenCierreDetalladoScreenState'.
 - '_ResumenCierreDetalladoScreenState' is from 'package:vercy_motos/screens/caja/resumen_cierre_detallado_screen.dart' ('lib/screens/caja/resumen_cierre_detallado_screen.dart').
                      formatCurrency(
                      ^^^^^^^^^^^^^^
lib/screens/caja/resumen_cierre_detallado_screen.dart:2168:35:
Error: The getter 'AppTheme' isn't defined for the type '_ResumenCierreDetalladoScreenState'.
 - '_ResumenCierreDetalladoScreenState' is from 'package:vercy_motos/screens/caja/resumen_cierre_detallado_screen.dart' ('lib/screens/caja/resumen_cierre_detallado_screen.dart').
                      valueColor: AppTheme.success.withOpacity(0.8),
                                  ^^^^^^^^
lib/screens/caja/resumen_cierre_detallado_screen.dart:2175:17:
Error: The method 'formatCurrency' isn't defined for the type '_ResumenCierreDetalladoScreenState'.
 - '_ResumenCierreDetalladoScreenState' is from 'package:vercy_motos/screens/caja/resumen_cierre_detallado_screen.dart' ('lib/screens/caja/resumen_cierre_detallado_screen.dart').
                formatCurrency(movimientos.totalIngresosCaja),
                ^^^^^^^^^^^^^^
lib/screens/caja/resumen_cierre_detallado_screen.dart:2176:29:
Error: The getter 'AppTheme' isn't defined for the type '_ResumenCierreDetalladoScreenState'.
 - '_ResumenCierreDetalladoScreenState' is from 'package:vercy_motos/screens/caja/resumen_cierre_detallado_screen.dart' ('lib/screens/caja/resumen_cierre_detallado_screen.dart').
                valueColor: AppTheme.success,
                            ^^^^^^^^
lib/screens/caja/resumen_cierre_detallado_screen.dart:2180:17:
Error: The method 'formatCurrency' isn't defined for the type '_ResumenCierreDetalladoScreenState'.
 - '_ResumenCierreDetalladoScreenState' is from 'package:vercy_motos/screens/caja/resumen_cierre_detallado_screen.dart' ('lib/screens/caja/resumen_cierre_detallado_screen.dart').
                formatCurrency(ingresosTotales),
                ^^^^^^^^^^^^^^
lib/screens/caja/resumen_cierre_detallado_screen.dart:2181:29:
Error: The getter 'AppTheme' isn't defined for the type '_ResumenCierreDetalladoScreenState'.
 - '_ResumenCierreDetalladoScreenState' is from 'package:vercy_motos/screens/caja/resumen_cierre_detallado_screen.dart' ('lib/screens/caja/resumen_cierre_detallado_screen.dart').
                valueColor: AppTheme.success,
                            ^^^^^^^^
lib/screens/caja/resumen_cierre_detallado_screen.dart:2187:26:
Error: The getter 'AppTheme' isn't defined for the type '_ResumenCierreDetalladoScreenState'.
 - '_ResumenCierreDetalladoScreenState' is from 'package:vercy_motos/screens/caja/resumen_cierre_detallado_screen.dart' ('lib/screens/caja/resumen_cierre_detallado_screen.dart').
                  color: AppTheme.error,
                         ^^^^^^^^
lib/screens/caja/resumen_cierre_detallado_screen.dart:2193:17:
Error: The method 'formatCurrency' isn't defined for the type '_ResumenCierreDetalladoScreenState'.
 - '_ResumenCierreDetalladoScreenState' is from 'package:vercy_motos/screens/caja/resumen_cierre_detallado_screen.dart' ('lib/screens/caja/resumen_cierre_detallado_screen.dart').
                formatCurrency(resumen.totalGastos),
                ^^^^^^^^^^^^^^
lib/screens/caja/resumen_cierre_detallado_screen.dart:2194:29:
Error: The getter 'AppTheme' isn't defined for the type '_ResumenCierreDetalladoScreenState'.
 - '_ResumenCierreDetalladoScreenState' is from 'package:vercy_motos/screens/caja/resumen_cierre_detallado_screen.dart' ('lib/screens/caja/resumen_cierre_detallado_screen.dart').
                valueColor: AppTheme.error,
                            ^^^^^^^^
lib/screens/caja/resumen_cierre_detallado_screen.dart:2198:17:
Error: The method 'formatCurrency' isn't defined for the type '_ResumenCierreDetalladoScreenState'.
 - '_ResumenCierreDetalladoScreenState' is from 'package:vercy_motos/screens/caja/resumen_cierre_detallado_screen.dart' ('lib/screens/caja/resumen_cierre_detallado_screen.dart').
                formatCurrency(resumen.totalCompras),
                ^^^^^^^^^^^^^^
lib/screens/caja/resumen_cierre_detallado_screen.dart:2199:29:
Error: The getter 'AppTheme' isn't defined for the type '_ResumenCierreDetalladoScreenState'.
 - '_ResumenCierreDetalladoScreenState' is from 'package:vercy_motos/screens/caja/resumen_cierre_detallado_screen.dart' ('lib/screens/caja/resumen_cierre_detallado_screen.dart').
                valueColor: AppTheme.error,
                            ^^^^^^^^
lib/screens/caja/resumen_cierre_detallado_screen.dart:2203:17:
Error: The method 'formatCurrency' isn't defined for the type '_ResumenCierreDetalladoScreenState'.
 - '_ResumenCierreDetalladoScreenState' is from 'package:vercy_motos/screens/caja/resumen_cierre_detallado_screen.dart' ('lib/screens/caja/resumen_cierre_detallado_screen.dart').
                formatCurrency(egresosTotales),
                ^^^^^^^^^^^^^^
lib/screens/caja/resumen_cierre_detallado_screen.dart:2204:29:
Error: The getter 'AppTheme' isn't defined for the type '_ResumenCierreDetalladoScreenState'.
 - '_ResumenCierreDetalladoScreenState' is from 'package:vercy_motos/screens/caja/resumen_cierre_detallado_screen.dart' ('lib/screens/caja/resumen_cierre_detallado_screen.dart').
                valueColor: AppTheme.error,
                            ^^^^^^^^
lib/screens/caja/resumen_cierre_detallado_screen.dart:2209:17:
Error: The method 'formatCurrency' isn't defined for the type '_ResumenCierreDetalladoScreenState'.
 - '_ResumenCierreDetalladoScreenState' is from 'package:vercy_motos/screens/caja/resumen_cierre_detallado_screen.dart' ('lib/screens/caja/resumen_cierre_detallado_screen.dart').
                formatCurrency(resumen.efectivoEsperado),
                ^^^^^^^^^^^^^^
lib/screens/caja/resumen_cierre_detallado_screen.dart:2214:17:
Error: The method 'formatCurrency' isn't defined for the type '_ResumenCierreDetalladoScreenState'.
 - '_ResumenCierreDetalladoScreenState' is from 'package:vercy_motos/screens/caja/resumen_cierre_detallado_screen.dart' ('lib/screens/caja/resumen_cierre_detallado_screen.dart').
                formatCurrency(resumen.utilidadBruta),
                ^^^^^^^^^^^^^^
lib/screens/caja/resumen_cierre_detallado_screen.dart:2216:23:
Error: The getter 'AppTheme' isn't defined for the type '_ResumenCierreDetalladoScreenState'.
 - '_ResumenCierreDetalladoScreenState' is from 'package:vercy_motos/screens/caja/resumen_cierre_detallado_screen.dart' ('lib/screens/caja/resumen_cierre_detallado_screen.dart').
                    ? AppTheme.success
                      ^^^^^^^^
lib/screens/caja/resumen_cierre_detallado_screen.dart:2217:23:
Error: The getter 'AppTheme' isn't defined for the type '_ResumenCierreDetalladoScreenState'.
 - '_ResumenCierreDetalladoScreenState' is from 'package:vercy_motos/screens/caja/resumen_cierre_detallado_screen.dart' ('lib/screens/caja/resumen_cierre_detallado_screen.dart').
                    : AppTheme.error,
                      ^^^^^^^^
lib/screens/caja/contador_efectivo_screen.dart:27:24:
Error: The getter 'AppTheme' isn't defined for the type '_ContadorEfectivoScreenState'.
 - '_ContadorEfectivoScreenState' is from 'package:vercy_motos/screens/caja/contador_efectivo_screen.dart' ('lib/screens/caja/contador_efectivo_screen.dart').
  Color get primary => AppTheme.primary;
                       ^^^^^^^^
lib/screens/caja/contador_efectivo_screen.dart:28:23:
Error: The getter 'AppTheme' isn't defined for the type '_ContadorEfectivoScreenState'.
 - '_ContadorEfectivoScreenState' is from 'package:vercy_motos/screens/caja/contador_efectivo_screen.dart' ('lib/screens/caja/contador_efectivo_screen.dart').
  Color get bgDark => AppTheme.backgroundDark;
                      ^^^^^^^^
lib/screens/caja/contador_efectivo_screen.dart:29:23:
Error: The getter 'AppTheme' isn't defined for the type '_ContadorEfectivoScreenState'.
 - '_ContadorEfectivoScreenState' is from 'package:vercy_motos/screens/caja/contador_efectivo_screen.dart' ('lib/screens/caja/contador_efectivo_screen.dart').
  Color get cardBg => AppTheme.cardBg;
                      ^^^^^^^^
lib/screens/caja/contador_efectivo_screen.dart:30:25:
Error: The getter 'AppTheme' isn't defined for the type '_ContadorEfectivoScreenState'.
 - '_ContadorEfectivoScreenState' is from 'package:vercy_motos/screens/caja/contador_efectivo_screen.dart' ('lib/screens/caja/contador_efectivo_screen.dart').
  Color get textDark => AppTheme.textDark;
                        ^^^^^^^^
lib/screens/caja/contador_efectivo_screen.dart:31:26:
Error: The getter 'AppTheme' isn't defined for the type '_ContadorEfectivoScreenState'.
 - '_ContadorEfectivoScreenState' is from 'package:vercy_motos/screens/caja/contador_efectivo_screen.dart' ('lib/screens/caja/contador_efectivo_screen.dart').
  Color get textLight => AppTheme.textLight;
                         ^^^^^^^^
lib/screens/caja/contador_efectivo_screen.dart:34:8:
Error: 'DenominacionEfectivo' isn't a type.
  List<DenominacionEfectivo> _denominaciones = [];
       ^^^^^^^^^^^^^^^^^^^^
lib/screens/caja/contador_efectivo_screen.dart:58:23:
Error: The getter 'ContadorEfectivo' isn't defined for the type '_ContadorEfectivoScreenState'.
 - '_ContadorEfectivoScreenState' is from 'package:vercy_motos/screens/caja/contador_efectivo_screen.dart' ('lib/screens/caja/contador_efectivo_screen.dart').
    _denominaciones = ContadorEfectivo.obtenerDenominacionesStandard();
                      ^^^^^^^^^^^^^^^^
lib/screens/caja/contador_efectivo_screen.dart:78:23:
Error: The getter 'ContadorEfectivo' isn't defined for the type '_ContadorEfectivoScreenState'.
 - '_ContadorEfectivoScreenState' is from 'package:vercy_motos/screens/caja/contador_efectivo_screen.dart' ('lib/screens/caja/contador_efectivo_screen.dart').
      final totales = ContadorEfectivo.obtenerTotalesPorTipo(_denominaciones);
                      ^^^^^^^^^^^^^^^^
lib/screens/caja/contador_efectivo_screen.dart:165:40:
Error: 'UserProvider' isn't a type.
      final userProvider = Provider.of<UserProvider>(context, listen: false);
                                       ^^^^^^^^^^^^
lib/screens/caja/contador_efectivo_screen.dart:122:10:
Error: The getter 'ExcelExportService' isn't defined for the type '_ContadorEfectivoScreenState'.
 - '_ContadorEfectivoScreenState' is from 'package:vercy_motos/screens/caja/contador_efectivo_screen.dart' ('lib/screens/caja/contador_efectivo_screen.dart').
    if (!ExcelExportService.hayDatosParaExportar(_denominaciones)) {
         ^^^^^^^^^^^^^^^^^^
lib/screens/caja/contador_efectivo_screen.dart:169:32:
Error: The getter 'ExcelExportService' isn't defined for the type '_ContadorEfectivoScreenState'.
 - '_ContadorEfectivoScreenState' is from 'package:vercy_motos/screens/caja/contador_efectivo_screen.dart' ('lib/screens/caja/contador_efectivo_screen.dart').
      String? filePath = await ExcelExportService.exportarContadorEfectivo(
                               ^^^^^^^^^^^^^^^^^^
lib/screens/caja/contador_efectivo_screen.dart:315:7:
Error: The getter 'ExcelExportService' isn't defined for the type '_ContadorEfectivoScreenState'.
 - '_ContadorEfectivoScreenState' is from 'package:vercy_motos/screens/caja/contador_efectivo_screen.dart' ('lib/screens/caja/contador_efectivo_screen.dart').
      ExcelExportService.compartirExcel(filePath).then((exito) {
      ^^^^^^^^^^^^^^^^^^
lib/screens/caja/contador_efectivo_screen.dart:328:25:
Error: The getter 'ExcelExportService' isn't defined for the type '_ContadorEfectivoScreenState'.
 - '_ContadorEfectivoScreenState' is from 'package:vercy_motos/screens/caja/contador_efectivo_screen.dart' ('lib/screens/caja/contador_efectivo_screen.dart').
                        ExcelExportService.compartirExcel(filePath),
                        ^^^^^^^^^^^^^^^^^^
lib/screens/caja/contador_efectivo_screen.dart:395:19:
Error: The getter 'ExcelExportService' isn't defined for the type '_ContadorEfectivoScreenState'.
 - '_ContadorEfectivoScreenState' is from 'package:vercy_motos/screens/caja/contador_efectivo_screen.dart' ('lib/screens/caja/contador_efectivo_screen.dart').
                  ExcelExportService.compartirExcel(filePath);
                  ^^^^^^^^^^^^^^^^^^
lib/screens/caja/contador_efectivo_screen.dart:435:24:
Error: The getter 'ExcelExportService' isn't defined for the type '_ContadorEfectivoScreenState'.
 - '_ContadorEfectivoScreenState' is from 'package:vercy_motos/screens/caja/contador_efectivo_screen.dart' ('lib/screens/caja/contador_efectivo_screen.dart').
            onPressed: ExcelExportService.hayDatosParaExportar(_denominaciones)
                       ^^^^^^^^^^^^^^^^^^
lib/screens/caja/contador_efectivo_screen.dart:499:19:
Error: The method 'formatCurrency' isn't defined for the type '_ContadorEfectivoScreenState'.
 - '_ContadorEfectivoScreenState' is from 'package:vercy_motos/screens/caja/contador_efectivo_screen.dart' ('lib/screens/caja/contador_efectivo_screen.dart').
                  formatCurrency(_totalGeneral),
                  ^^^^^^^^^^^^^^
lib/screens/caja/contador_efectivo_screen.dart:566:13:
Error: The method 'formatCurrency' isn't defined for the type '_ContadorEfectivoScreenState'.
 - '_ContadorEfectivoScreenState' is from 'package:vercy_motos/screens/caja/contador_efectivo_screen.dart' ('lib/screens/caja/contador_efectivo_screen.dart').
            formatCurrency(total),
            ^^^^^^^^^^^^^^
lib/screens/caja/contador_efectivo_screen.dart:685:25:
Error: The method 'formatCurrency' isn't defined for the type '_ContadorEfectivoScreenState'.
 - '_ContadorEfectivoScreenState' is from 'package:vercy_motos/screens/caja/contador_efectivo_screen.dart' ('lib/screens/caja/contador_efectivo_screen.dart').
                        formatCurrency(denominacion.total),
                        ^^^^^^^^^^^^^^
lib/screens/caja/contador_efectivo_screen.dart:756:23:
Error: The getter 'ExcelExportService' isn't defined for the type '_ContadorEfectivoScreenState'.
 - '_ContadorEfectivoScreenState' is from 'package:vercy_motos/screens/caja/contador_efectivo_screen.dart' ('lib/screens/caja/contador_efectivo_screen.dart').
                      ExcelExportService.hayDatosParaExportar(_denominaciones)
                      ^^^^^^^^^^^^^^^^^^
lib/screens/caja/contador_efectivo_screen.dart:787:19:
Error: The getter 'ExcelExportService' isn't defined for the type '_ContadorEfectivoScreenState'.
 - '_ContadorEfectivoScreenState' is from 'package:vercy_motos/screens/caja/contador_efectivo_screen.dart' ('lib/screens/caja/contador_efectivo_screen.dart').
                  ExcelExportService.hayDatosParaExportar(_denominaciones)
                  ^^^^^^^^^^^^^^^^^^
lib/widgets/facturizacion/documento_soporte_dialog.dart:122:27:
Error: The getter 'MatiasService' isn't defined for the type '_DocumentoSoporteDialogState'.
 - '_DocumentoSoporteDialogState' is from 'package:vercy_motos/widgets/facturizacion/documento_soporte_dialog.dart' ('lib/widgets/facturizacion/documento_soporte_dialog.dart').
        resultado = await MatiasService.ajustarDocumentoSoporte(
                          ^^^^^^^^^^^^^
lib/widgets/facturizacion/documento_soporte_dialog.dart:141:27:
Error: The getter 'MatiasService' isn't defined for the type '_DocumentoSoporteDialogState'.
 - '_DocumentoSoporteDialogState' is from 'package:vercy_motos/widgets/facturizacion/documento_soporte_dialog.dart' ('lib/widgets/facturizacion/documento_soporte_dialog.dart').
        resultado = await MatiasService.crearDocumentoSoporte(
                          ^^^^^^^^^^^^^
lib/widgets/facturizacion/nota_credito_debito_dialog.dart:133:27:
Error: The getter 'MatiasService' isn't defined for the type '_NotaCreditoDebitoDialogState'.
 - '_NotaCreditoDebitoDialogState' is from 'package:vercy_motos/widgets/facturizacion/nota_credito_debito_dialog.dart' ('lib/widgets/facturizacion/nota_credito_debito_dialog.dart').
        resultado = await MatiasService.emitirNotaCredito(
                          ^^^^^^^^^^^^^
lib/widgets/facturizacion/nota_credito_debito_dialog.dart:143:27:
Error: The getter 'MatiasService' isn't defined for the type '_NotaCreditoDebitoDialogState'.
 - '_NotaCreditoDebitoDialogState' is from 'package:vercy_motos/widgets/facturizacion/nota_credito_debito_dialog.dart' ('lib/widgets/facturizacion/nota_credito_debito_dialog.dart').
        resultado = await MatiasService.emitirNotaDebito(
                          ^^^^^^^^^^^^^
lib/services/matias/matias_service.dart:11:33:
Error: Method not found: 'EndpointsConfig'.
  static String get _base => '${EndpointsConfig().currentBaseUrl}/api/matias';
                                ^^^^^^^^^^^^^^^
lib/services/matias/matias_service.dart:23:7:
Error: Method not found: 'appLog'.
      appLog('AUTH ${res.statusCode}: ${res.body}');
      ^^^^^^
lib/services/matias/matias_service.dart:26:7:
Error: Method not found: 'appLog'.
      appLog('❌ authenticate: $e');
      ^^^^^^
lib/services/matias/matias_service.dart:43:7:
Error: Method not found: 'appLog'.
      appLog('❌ checkStatus: $e');
      ^^^^^^
lib/services/matias/matias_service.dart:290:7:
Error: Method not found: 'appLog'.
      appLog('📥 Descargando PDF: /api/facturas/$id/download-pdf');
      ^^^^^^
lib/services/matias/matias_service.dart:291:23:
Error: Method not found: 'EndpointsConfig'.
      final baseUrl = EndpointsConfig().currentBaseUrl;
                      ^^^^^^^^^^^^^^^
lib/services/matias/matias_service.dart:298:9:
Error: Method not found: 'appLog'.
        appLog('✅ PDF descargado: ${res.bodyBytes.length} bytes');
        ^^^^^^
lib/services/matias/matias_service.dart:301:9:
Error: Method not found: 'appLog'.
        appLog('❌ Error descargando PDF: ${res.statusCode}');
        ^^^^^^
lib/services/matias/matias_service.dart:305:7:
Error: Method not found: 'appLog'.
      appLog('❌ descargarPDFFactura: $e');
      ^^^^^^
lib/services/matias/matias_service.dart:315:7:
Error: Method not found: 'appLog'.
      appLog('🔍 Consultando status DIAN: $cufe');
      ^^^^^^
lib/services/matias/matias_service.dart:323:9:
Error: Method not found: 'appLog'.
        appLog('✅ Status DIAN: ${j['data']}');
        ^^^^^^
lib/services/matias/matias_service.dart:326:9:
Error: Method not found: 'appLog'.
        appLog('❌ Error consultando status: ${res.statusCode}');
        ^^^^^^
lib/services/matias/matias_service.dart:330:7:
Error: Method not found: 'appLog'.
      appLog('❌ consultarStatusDIAN: $e');
      ^^^^^^
lib/services/matias/matias_service.dart:340:7:
Error: Method not found: 'appLog'.
      appLog('🔲 Obteniendo QR: $cufe');
      ^^^^^^
lib/services/matias/matias_service.dart:347:9:
Error: Method not found: 'appLog'.
        appLog('✅ QR obtenido: ${res.bodyBytes.length} bytes');
        ^^^^^^
lib/services/matias/matias_service.dart:350:9:
Error: Method not found: 'appLog'.
        appLog('❌ Error obteniendo QR: ${res.statusCode}');
        ^^^^^^
lib/services/matias/matias_service.dart:354:7:
Error: Method not found: 'appLog'.
      appLog('❌ obtenerQRDocumento: $e');
      ^^^^^^
lib/services/matias/matias_service.dart:364:7:
Error: Method not found: 'appLog'.
      appLog('📄 Obteniendo XML: $cufe');
      ^^^^^^
lib/services/matias/matias_service.dart:371:9:
Error: Method not found: 'appLog'.
        appLog('✅ XML obtenido: ${res.body.length} chars');
        ^^^^^^
lib/services/matias/matias_service.dart:374:9:
Error: Method not found: 'appLog'.
        appLog('❌ Error obteniendo XML: ${res.statusCode}');
        ^^^^^^
lib/services/matias/matias_service.dart:378:7:
Error: Method not found: 'appLog'.
      appLog('❌ obtenerXMLDocumento: $e');
      ^^^^^^
lib/services/matias/matias_service.dart:408:7:
Error: Method not found: 'appLog'.
      appLog('📤 POST $url');
      ^^^^^^
lib/services/matias/matias_service.dart:414:7:
Error: Method not found: 'appLog'.
      appLog(
      ^^^^^^
lib/services/matias/matias_service.dart:420:7:
Error: Method not found: 'appLog'.
      appLog('❌ _postDocumento $url: $e');
      ^^^^^^
lib/services/matias/matias_service.dart:443:7:
Error: Method not found: 'appLog'.
      appLog('❌ _post $url: $e');
      ^^^^^^
lib/services/matias/matias_service.dart:454:7:
Error: Method not found: 'appLog'.
      appLog('📤 PATCH $url');
      ^^^^^^
lib/services/matias/matias_service.dart:459:7:
Error: Method not found: 'appLog'.
      appLog('📥 ${res.statusCode}: ${res.body}');
      ^^^^^^
lib/services/matias/matias_service.dart:463:7:
Error: Method not found: 'appLog'.
      appLog('❌ _patch $url: $e');
      ^^^^^^
lib/services/reportes/negocio_info_service.dart:9:9:
Error: 'ApiConfig' isn't a type.
  final ApiConfig _apiConfig = ApiConfig();
        ^^^^^^^^^
lib/services/reportes/negocio_info_service.dart:9:32:
Error: Method not found: 'ApiConfig'.
  final ApiConfig _apiConfig = ApiConfig();
                               ^^^^^^^^^
lib/services/reportes/negocio_info_service.dart:10:9:
Error: 'ImageService' isn't a type.
  final ImageService _imageService = ImageService();
        ^^^^^^^^^^^^
lib/services/reportes/negocio_info_service.dart:10:38:
Error: Method not found: 'ImageService'.
  final ImageService _imageService = ImageService();
                                     ^^^^^^^^^^^^
lib/services/reportes/negocio_info_service.dart:29:16:
Error: The getter 'NegocioInfo' isn't defined for the type 'NegocioInfoService'.
 - 'NegocioInfoService' is from 'package:vercy_motos/services/reportes/negocio_info_service.dart' ('lib/services/reportes/negocio_info_service.dart').
        return NegocioInfo.fromJson(data);
               ^^^^^^^^^^^
lib/services/reportes/negocio_info_service.dart:45:39:
Error: 'NegocioInfo' isn't a type.
  Future<NegocioInfo> saveNegocioInfo(NegocioInfo negocioInfo) async {
                                      ^^^^^^^^^^^
lib/services/reportes/negocio_info_service.dart:76:16:
Error: The getter 'NegocioInfo' isn't defined for the type 'NegocioInfoService'.
 - 'NegocioInfoService' is from 'package:vercy_motos/services/reportes/negocio_info_service.dart' ('lib/services/reportes/negocio_info_service.dart').
        return NegocioInfo.fromJson(data);
               ^^^^^^^^^^^
lib/models/facturacion/factura.dart:31:9:
Error: 'User' isn't a type.
  final User? usuario;
        ^^^^
lib/models/facturacion/factura.dart:122:5:
Error: 'User' isn't a type.
    User? usuario,
    ^^^^
lib/models/facturacion/factura.dart:293:42:
Error: Undefined name 'User'.
      usuario: json['usuario'] != null ? User.fromJson(json['usuario']) : null,
                                         ^^^^
Error: Compilation failed.
  Command: /home/sergiovelasquez/flutter/bin/cache/dart-sdk/bin/dart compile js --platform-binaries=/home/sergiovelasquez/flutter/bin/cache/flutter_web_sdk/kernel --invoker=flutter_tool -Ddart.vm.product=true -DFLUTTER_VERSION=3.41.6 -DFLUTTER_CHANNEL=stable -DFLUTTER_GIT_URL=https://github.com/flutter/flutter.git -DFLUTTER_FRAMEWORK_REVISION=db50e20168 -DFLUTTER_ENGINE_REVISION=425cfb54d0 -DFLUTTER_DART_VERSION=3.11.4 -DFLUTTER_WEB_USE_SKIA=true -DFLUTTER_WEB_USE_SKWASM=false -DFLUTTER_WEB_CANVASKIT_URL=https://www.gstatic.com/flutter-canvaskit/425cfb54d01a9472b3e81d9e76fd63a4a44cfbcb/ --native-null-assertions --no-source-maps -O4 --minify -o /home/sergiovelasquez/Documentos/flutter_app_new/.dart_tool/flutter_build/b7a72911fd920e298af9f2584024c041/app.dill --packages=/home/sergiovelasquez/Documentos/flutter_app_new/.dart_tool/package_config.json --cfe-only /home/sergiovelasquez/Documentos/flutter_app_new/.dart_tool/flutter_build/b7a72911fd920e298af9f2584024c041/main.dart
#0      RunResult.throwException (package:flutter_tools/src/base/process.dart:153:5)
#1      _DefaultProcessUtils.run (package:flutter_tools/src/base/process.dart:379:19)
<asynchronous suspension>
#2      Dart2JSTarget.build (package:flutter_tools/src/build_system/targets/web.dart:208:5)
<asynchronous suspension>
#3      _BuildInstance._invokeInternal (package:flutter_tools/src/build_system/build_system.dart:937:9)
<asynchronous suspension>
#4      Future.wait.<anonymous closure> (dart:async/future.dart:546:21)
<asynchronous suspension>
#5      _BuildInstance.invokeTarget (package:flutter_tools/src/build_system/build_system.dart:875:32)
<asynchronous suspension>
#6      Future.wait.<anonymous closure> (dart:async/future.dart:546:21)
<asynchronous suspension>
#7      _BuildInstance.invokeTarget (package:flutter_tools/src/build_system/build_system.dart:875:32)
<asynchronous suspension>
#8      FlutterBuildSystem.build (package:flutter_tools/src/build_system/build_system.dart:684:16)
<asynchronous suspension>
#9      WebBuilder.buildWeb (package:flutter_tools/src/web/compile.dart:107:34)
<asynchronous suspension>
#10     BuildWebCommand.runCommand (package:flutter_tools/src/commands/build_web.dart:300:5)
<asynchronous suspension>
#11     FlutterCommand.run.<anonymous closure> (package:flutter_tools/src/runner/flutter_command.dart:1590:27)
<asynchronous suspension>
#12     AppContext.run.<anonymous closure> (package:flutter_tools/src/base/context.dart:154:19)
<asynchronous suspension>
#13     CommandRunner.runCommand (package:args/command_runner.dart:212:13)
<asynchronous suspension>
#14     FlutterCommandRunner.runCommand.<anonymous closure> (package:flutter_tools/src/runner/flutter_command_runner.dart:496:9)
<asynchronous suspension>
#15     AppContext.run.<anonymous closure> (package:flutter_tools/src/base/context.dart:154:19)
<asynchronous suspension>
#16     FlutterCommandRunner.runCommand (package:flutter_tools/src/runner/flutter_command_runner.dart:431:5)
<asynchronous suspension>
#17     FlutterCommandRunner.run.<anonymous closure> (package:flutter_tools/src/runner/flutter_command_runner.dart:307:33)
<asynchronous suspension>
#18     run.<anonymous closure>.<anonymous closure> (package:flutter_tools/runner.dart:104:11)
<asynchronous suspension>
#19     AppContext.run.<anonymous closure> (package:flutter_tools/src/base/context.dart:154:19)
<asynchronous suspension>
#20     main (package:flutter_tools/executable.dart:103:3)
<asynchronous suspension>

Compiling lib/main.dart for the Web...                             55,2s
Error: Failed to compile application for the Web.
